--------------------
./configure --build=i686-linux --host=mipsel-openwrt-linux --prefix=/opt/bba/HC220/bba_3_0_platform/platform/build/../../platform/apps/public/zlib-1.2.11/install --shared
Sun May 16 10:14:24 UTC 2021
unknown option: --build=i686-linux
./configure --help for help
** ./configure aborting.
--------------------


--------------------
./configure --host=mipsel-openwrt-linux --prefix=/opt/bba/HC220/bba_3_0_platform/platform/build/../../platform/apps/public/zlib-1.2.11/install --shared
Sun May 16 10:14:42 UTC 2021
unknown option: --host=mipsel-openwrt-linux
./configure --help for help
** ./configure aborting.
--------------------


--------------------
./configure --prefix=/opt/bba/HC220/bba_3_0_platform/platform/build/../../platform/apps/public/zlib-1.2.11/install --shared
Sun May 16 10:14:52 UTC 2021
=== ztest30145.c ===
extern int getchar();
int hello() {return getchar();}
===
mipsel-openwrt-linux-uclibc-gcc -c ztest30145.c
... using gcc

Checking for obsessive-compulsive compiler options...
=== ztest30145.c ===
int foo() { return 0; }
===
mipsel-openwrt-linux-uclibc-gcc -c -O3 ztest30145.c

Checking for shared library support...
=== ztest30145.c ===
extern int getchar();
int hello() {return getchar();}
===
mipsel-openwrt-linux-uclibc-gcc -w -c -O3 -fPIC ztest30145.c
mipsel-openwrt-linux-uclibc-gcc -shared -Wl,-soname,libz.so.1,--version-script,zlib.map -O3 -fPIC -o ztest30145.so ztest30145.o
Building shared library libz.so.1.2.11 with mipsel-openwrt-linux-uclibc-gcc.

=== ztest30145.c ===
#include <stdio.h>
#include <stdlib.h>
size_t dummy = 0;
===
mipsel-openwrt-linux-uclibc-gcc -c -O3 ztest30145.c
Checking for size_t... Yes.


=== ztest30145.c ===
#include <sys/types.h>
off64_t dummy = 0;
===
mipsel-openwrt-linux-uclibc-gcc -c -O3 -D_LARGEFILE64_SOURCE=1 ztest30145.c
Checking for off64_t... Yes.
Checking for fseeko... Yes.

=== ztest30145.c ===
#include <string.h>
#include <errno.h>
int main() { return strlen(strerror(errno)); }
===
mipsel-openwrt-linux-uclibc-gcc -O3 -D_LARGEFILE64_SOURCE=1 -o ztest30145 ztest30145.c
Checking for strerror... Yes.

=== ztest30145.c ===
#include <unistd.h>
int main() { return 0; }
===
mipsel-openwrt-linux-uclibc-gcc -c -O3 -D_LARGEFILE64_SOURCE=1 ztest30145.c
Checking for unistd.h... Yes.

=== ztest30145.c ===
#include <stdarg.h>
int main() { return 0; }
===
mipsel-openwrt-linux-uclibc-gcc -c -O3 -D_LARGEFILE64_SOURCE=1 ztest30145.c
Checking for stdarg.h... Yes.

=== ztest30145.c ===
#include <stdio.h>
#include <stdarg.h>
#include "zconf.h"
int main()
{
#ifndef STDC
  choke me
#endif
  return 0;
}
===
mipsel-openwrt-linux-uclibc-gcc -c -O3 -D_LARGEFILE64_SOURCE=1 ztest30145.c
Checking whether to use vs[n]printf() or s[n]printf()... using vs[n]printf().

=== ztest30145.c ===
#include <stdio.h>
#include <stdarg.h>
int mytest(const char *fmt, ...)
{
  char buf[20];
  va_list ap;
  va_start(ap, fmt);
  vsnprintf(buf, sizeof(buf), fmt, ap);
  va_end(ap);
  return 0;
}
int main()
{
  return (mytest("Hello%d\n", 1));
}
===
mipsel-openwrt-linux-uclibc-gcc -O3 -D_LARGEFILE64_SOURCE=1 -o ztest30145 ztest30145.c
Checking for vsnprintf() in stdio.h... Yes.

=== ztest30145.c ===
#include <stdio.h>
#include <stdarg.h>
int mytest(const char *fmt, ...)
{
  int n;
  char buf[20];
  va_list ap;
  va_start(ap, fmt);
  n = vsnprintf(buf, sizeof(buf), fmt, ap);
  va_end(ap);
  return n;
}
int main()
{
  return (mytest("Hello%d\n", 1));
}
===
mipsel-openwrt-linux-uclibc-gcc -c -O3 -D_LARGEFILE64_SOURCE=1 ztest30145.c
Checking for return value of vsnprintf()... Yes.

=== ztest30145.c ===
#define ZLIB_INTERNAL __attribute__((visibility ("hidden")))
int ZLIB_INTERNAL foo;
int main()
{
  return 0;
}
===
mipsel-openwrt-linux-uclibc-gcc -c -O3 -D_LARGEFILE64_SOURCE=1 ztest30145.c
Checking for attribute(visibility) support... Yes.

ALL = static shared all64
AR = mipsel-openwrt-linux-uclibc-ar
ARFLAGS = rc
CC = mipsel-openwrt-linux-uclibc-gcc
CFLAGS = -O3 -D_LARGEFILE64_SOURCE=1 -DHAVE_HIDDEN
CPP = mipsel-openwrt-linux-uclibc-gcc -E
EXE =
LDCONFIG = ldconfig
LDFLAGS =
LDSHARED = mipsel-openwrt-linux-uclibc-gcc -shared -Wl,-soname,libz.so.1,--version-script,zlib.map
LDSHAREDLIBC = -lc
OBJC = $(OBJZ) $(OBJG)
PIC_OBJC = $(PIC_OBJZ) $(PIC_OBJG)
RANLIB = mipsel-openwrt-linux-uclibc-ranlib
SFLAGS = -O3 -fPIC -D_LARGEFILE64_SOURCE=1 -DHAVE_HIDDEN
SHAREDLIB = libz.so
SHAREDLIBM = libz.so.1
SHAREDLIBV = libz.so.1.2.11
STATICLIB = libz.a
TEST = all teststatic testshared test64
VER = 1.2.11
Z_U4 =
SRCDIR =
exec_prefix = ${prefix}
includedir = ${prefix}/include
libdir = ${exec_prefix}/lib
mandir = ${prefix}/share/man
prefix = /opt/bba/HC220/bba_3_0_platform/platform/build/../../platform/apps/public/zlib-1.2.11/install
sharedlibdir = ${libdir}
uname = Linux
--------------------


--------------------
./configure --prefix=/opt/bba/HC220/bba_3_0_platform/platform/build/../../platform/apps/public/zlib-1.2.11/install --shared
Sun May 16 10:18:02 UTC 2021
=== ztest30431.c ===
extern int getchar();
int hello() {return getchar();}
===
mipsel-openwrt-linux-uclibc-gcc -c ztest30431.c
... using gcc

Checking for obsessive-compulsive compiler options...
=== ztest30431.c ===
int foo() { return 0; }
===
mipsel-openwrt-linux-uclibc-gcc -c -O3 ztest30431.c

Checking for shared library support...
=== ztest30431.c ===
extern int getchar();
int hello() {return getchar();}
===
mipsel-openwrt-linux-uclibc-gcc -w -c -O3 -fPIC ztest30431.c
mipsel-openwrt-linux-uclibc-gcc -shared -Wl,-soname,libz.so.1,--version-script,zlib.map -O3 -fPIC -o ztest30431.so ztest30431.o
Building shared library libz.so.1.2.11 with mipsel-openwrt-linux-uclibc-gcc.

=== ztest30431.c ===
#include <stdio.h>
#include <stdlib.h>
size_t dummy = 0;
===
mipsel-openwrt-linux-uclibc-gcc -c -O3 ztest30431.c
Checking for size_t... Yes.


=== ztest30431.c ===
#include <sys/types.h>
off64_t dummy = 0;
===
mipsel-openwrt-linux-uclibc-gcc -c -O3 -D_LARGEFILE64_SOURCE=1 ztest30431.c
Checking for off64_t... Yes.
Checking for fseeko... Yes.

=== ztest30431.c ===
#include <string.h>
#include <errno.h>
int main() { return strlen(strerror(errno)); }
===
mipsel-openwrt-linux-uclibc-gcc -O3 -D_LARGEFILE64_SOURCE=1 -o ztest30431 ztest30431.c
Checking for strerror... Yes.

=== ztest30431.c ===
#include <unistd.h>
int main() { return 0; }
===
mipsel-openwrt-linux-uclibc-gcc -c -O3 -D_LARGEFILE64_SOURCE=1 ztest30431.c
Checking for unistd.h... Yes.

=== ztest30431.c ===
#include <stdarg.h>
int main() { return 0; }
===
mipsel-openwrt-linux-uclibc-gcc -c -O3 -D_LARGEFILE64_SOURCE=1 ztest30431.c
Checking for stdarg.h... Yes.

=== ztest30431.c ===
#include <stdio.h>
#include <stdarg.h>
#include "zconf.h"
int main()
{
#ifndef STDC
  choke me
#endif
  return 0;
}
===
mipsel-openwrt-linux-uclibc-gcc -c -O3 -D_LARGEFILE64_SOURCE=1 ztest30431.c
Checking whether to use vs[n]printf() or s[n]printf()... using vs[n]printf().

=== ztest30431.c ===
#include <stdio.h>
#include <stdarg.h>
int mytest(const char *fmt, ...)
{
  char buf[20];
  va_list ap;
  va_start(ap, fmt);
  vsnprintf(buf, sizeof(buf), fmt, ap);
  va_end(ap);
  return 0;
}
int main()
{
  return (mytest("Hello%d\n", 1));
}
===
mipsel-openwrt-linux-uclibc-gcc -O3 -D_LARGEFILE64_SOURCE=1 -o ztest30431 ztest30431.c
Checking for vsnprintf() in stdio.h... Yes.

=== ztest30431.c ===
#include <stdio.h>
#include <stdarg.h>
int mytest(const char *fmt, ...)
{
  int n;
  char buf[20];
  va_list ap;
  va_start(ap, fmt);
  n = vsnprintf(buf, sizeof(buf), fmt, ap);
  va_end(ap);
  return n;
}
int main()
{
  return (mytest("Hello%d\n", 1));
}
===
mipsel-openwrt-linux-uclibc-gcc -c -O3 -D_LARGEFILE64_SOURCE=1 ztest30431.c
Checking for return value of vsnprintf()... Yes.

=== ztest30431.c ===
#define ZLIB_INTERNAL __attribute__((visibility ("hidden")))
int ZLIB_INTERNAL foo;
int main()
{
  return 0;
}
===
mipsel-openwrt-linux-uclibc-gcc -c -O3 -D_LARGEFILE64_SOURCE=1 ztest30431.c
Checking for attribute(visibility) support... Yes.

ALL = static shared all64
AR = mipsel-openwrt-linux-uclibc-ar
ARFLAGS = rc
CC = mipsel-openwrt-linux-uclibc-gcc
CFLAGS = -O3 -D_LARGEFILE64_SOURCE=1 -DHAVE_HIDDEN
CPP = mipsel-openwrt-linux-uclibc-gcc -E
EXE =
LDCONFIG = ldconfig
LDFLAGS =
LDSHARED = mipsel-openwrt-linux-uclibc-gcc -shared -Wl,-soname,libz.so.1,--version-script,zlib.map
LDSHAREDLIBC = -lc
OBJC = $(OBJZ) $(OBJG)
PIC_OBJC = $(PIC_OBJZ) $(PIC_OBJG)
RANLIB = mipsel-openwrt-linux-uclibc-ranlib
SFLAGS = -O3 -fPIC -D_LARGEFILE64_SOURCE=1 -DHAVE_HIDDEN
SHAREDLIB = libz.so
SHAREDLIBM = libz.so.1
SHAREDLIBV = libz.so.1.2.11
STATICLIB = libz.a
TEST = all teststatic testshared test64
VER = 1.2.11
Z_U4 =
SRCDIR =
exec_prefix = ${prefix}
includedir = ${prefix}/include
libdir = ${exec_prefix}/lib
mandir = ${prefix}/share/man
prefix = /opt/bba/HC220/bba_3_0_platform/platform/build/../../platform/apps/public/zlib-1.2.11/install
sharedlibdir = ${libdir}
uname = Linux
--------------------


--------------------
./configure --prefix=/opt/bba/HC220/bba_3_0_platform/platform/build/../../platform/apps/public/zlib-1.2.11/install --shared
Sun May 16 10:18:37 UTC 2021
=== ztest31017.c ===
extern int getchar();
int hello() {return getchar();}
===
mipsel-openwrt-linux-uclibc-gcc -c ztest31017.c
... using gcc

Checking for obsessive-compulsive compiler options...
=== ztest31017.c ===
int foo() { return 0; }
===
mipsel-openwrt-linux-uclibc-gcc -c -O3 ztest31017.c

Checking for shared library support...
=== ztest31017.c ===
extern int getchar();
int hello() {return getchar();}
===
mipsel-openwrt-linux-uclibc-gcc -w -c -O3 -fPIC ztest31017.c
mipsel-openwrt-linux-uclibc-gcc -shared -Wl,-soname,libz.so.1,--version-script,zlib.map -O3 -fPIC -o ztest31017.so ztest31017.o
Building shared library libz.so.1.2.11 with mipsel-openwrt-linux-uclibc-gcc.

=== ztest31017.c ===
#include <stdio.h>
#include <stdlib.h>
size_t dummy = 0;
===
mipsel-openwrt-linux-uclibc-gcc -c -O3 ztest31017.c
Checking for size_t... Yes.


=== ztest31017.c ===
#include <sys/types.h>
off64_t dummy = 0;
===
mipsel-openwrt-linux-uclibc-gcc -c -O3 -D_LARGEFILE64_SOURCE=1 ztest31017.c
Checking for off64_t... Yes.
Checking for fseeko... Yes.

=== ztest31017.c ===
#include <string.h>
#include <errno.h>
int main() { return strlen(strerror(errno)); }
===
mipsel-openwrt-linux-uclibc-gcc -O3 -D_LARGEFILE64_SOURCE=1 -o ztest31017 ztest31017.c
Checking for strerror... Yes.

=== ztest31017.c ===
#include <unistd.h>
int main() { return 0; }
===
mipsel-openwrt-linux-uclibc-gcc -c -O3 -D_LARGEFILE64_SOURCE=1 ztest31017.c
Checking for unistd.h... Yes.

=== ztest31017.c ===
#include <stdarg.h>
int main() { return 0; }
===
mipsel-openwrt-linux-uclibc-gcc -c -O3 -D_LARGEFILE64_SOURCE=1 ztest31017.c
Checking for stdarg.h... Yes.

=== ztest31017.c ===
#include <stdio.h>
#include <stdarg.h>
#include "zconf.h"
int main()
{
#ifndef STDC
  choke me
#endif
  return 0;
}
===
mipsel-openwrt-linux-uclibc-gcc -c -O3 -D_LARGEFILE64_SOURCE=1 ztest31017.c
Checking whether to use vs[n]printf() or s[n]printf()... using vs[n]printf().

=== ztest31017.c ===
#include <stdio.h>
#include <stdarg.h>
int mytest(const char *fmt, ...)
{
  char buf[20];
  va_list ap;
  va_start(ap, fmt);
  vsnprintf(buf, sizeof(buf), fmt, ap);
  va_end(ap);
  return 0;
}
int main()
{
  return (mytest("Hello%d\n", 1));
}
===
mipsel-openwrt-linux-uclibc-gcc -O3 -D_LARGEFILE64_SOURCE=1 -o ztest31017 ztest31017.c
Checking for vsnprintf() in stdio.h... Yes.

=== ztest31017.c ===
#include <stdio.h>
#include <stdarg.h>
int mytest(const char *fmt, ...)
{
  int n;
  char buf[20];
  va_list ap;
  va_start(ap, fmt);
  n = vsnprintf(buf, sizeof(buf), fmt, ap);
  va_end(ap);
  return n;
}
int main()
{
  return (mytest("Hello%d\n", 1));
}
===
mipsel-openwrt-linux-uclibc-gcc -c -O3 -D_LARGEFILE64_SOURCE=1 ztest31017.c
Checking for return value of vsnprintf()... Yes.

=== ztest31017.c ===
#define ZLIB_INTERNAL __attribute__((visibility ("hidden")))
int ZLIB_INTERNAL foo;
int main()
{
  return 0;
}
===
mipsel-openwrt-linux-uclibc-gcc -c -O3 -D_LARGEFILE64_SOURCE=1 ztest31017.c
Checking for attribute(visibility) support... Yes.

ALL = static shared all64
AR = mipsel-openwrt-linux-uclibc-ar
ARFLAGS = rc
CC = mipsel-openwrt-linux-uclibc-gcc
CFLAGS = -O3 -D_LARGEFILE64_SOURCE=1 -DHAVE_HIDDEN
CPP = mipsel-openwrt-linux-uclibc-gcc -E
EXE =
LDCONFIG = ldconfig
LDFLAGS =
LDSHARED = mipsel-openwrt-linux-uclibc-gcc -shared -Wl,-soname,libz.so.1,--version-script,zlib.map
LDSHAREDLIBC = -lc
OBJC = $(OBJZ) $(OBJG)
PIC_OBJC = $(PIC_OBJZ) $(PIC_OBJG)
RANLIB = mipsel-openwrt-linux-uclibc-ranlib
SFLAGS = -O3 -fPIC -D_LARGEFILE64_SOURCE=1 -DHAVE_HIDDEN
SHAREDLIB = libz.so
SHAREDLIBM = libz.so.1
SHAREDLIBV = libz.so.1.2.11
STATICLIB = libz.a
TEST = all teststatic testshared test64
VER = 1.2.11
Z_U4 =
SRCDIR =
exec_prefix = ${prefix}
includedir = ${prefix}/include
libdir = ${exec_prefix}/lib
mandir = ${prefix}/share/man
prefix = /opt/bba/HC220/bba_3_0_platform/platform/build/../../platform/apps/public/zlib-1.2.11/install
sharedlibdir = ${libdir}
uname = Linux
--------------------


--------------------
./configure --prefix=/opt/bba/HC220/bba_3_0_platform/platform/build/../../platform/apps/public/zlib-1.2.11/install --shared
Sun May 16 13:21:47 UTC 2021
=== ztest30168.c ===
extern int getchar();
int hello() {return getchar();}
===
mipsel-openwrt-linux-uclibc-gcc -c ztest30168.c
... using gcc

Checking for obsessive-compulsive compiler options...
=== ztest30168.c ===
int foo() { return 0; }
===
mipsel-openwrt-linux-uclibc-gcc -c -O3 ztest30168.c

Checking for shared library support...
=== ztest30168.c ===
extern int getchar();
int hello() {return getchar();}
===
mipsel-openwrt-linux-uclibc-gcc -w -c -O3 -fPIC ztest30168.c
mipsel-openwrt-linux-uclibc-gcc -shared -Wl,-soname,libz.so.1,--version-script,zlib.map -O3 -fPIC -o ztest30168.so ztest30168.o
Building shared library libz.so.1.2.11 with mipsel-openwrt-linux-uclibc-gcc.

=== ztest30168.c ===
#include <stdio.h>
#include <stdlib.h>
size_t dummy = 0;
===
mipsel-openwrt-linux-uclibc-gcc -c -O3 ztest30168.c
Checking for size_t... Yes.


=== ztest30168.c ===
#include <sys/types.h>
off64_t dummy = 0;
===
mipsel-openwrt-linux-uclibc-gcc -c -O3 -D_LARGEFILE64_SOURCE=1 ztest30168.c
Checking for off64_t... Yes.
Checking for fseeko... Yes.

=== ztest30168.c ===
#include <string.h>
#include <errno.h>
int main() { return strlen(strerror(errno)); }
===
mipsel-openwrt-linux-uclibc-gcc -O3 -D_LARGEFILE64_SOURCE=1 -o ztest30168 ztest30168.c
Checking for strerror... Yes.

=== ztest30168.c ===
#include <unistd.h>
int main() { return 0; }
===
mipsel-openwrt-linux-uclibc-gcc -c -O3 -D_LARGEFILE64_SOURCE=1 ztest30168.c
Checking for unistd.h... Yes.

=== ztest30168.c ===
#include <stdarg.h>
int main() { return 0; }
===
mipsel-openwrt-linux-uclibc-gcc -c -O3 -D_LARGEFILE64_SOURCE=1 ztest30168.c
Checking for stdarg.h... Yes.

=== ztest30168.c ===
#include <stdio.h>
#include <stdarg.h>
#include "zconf.h"
int main()
{
#ifndef STDC
  choke me
#endif
  return 0;
}
===
mipsel-openwrt-linux-uclibc-gcc -c -O3 -D_LARGEFILE64_SOURCE=1 ztest30168.c
Checking whether to use vs[n]printf() or s[n]printf()... using vs[n]printf().

=== ztest30168.c ===
#include <stdio.h>
#include <stdarg.h>
int mytest(const char *fmt, ...)
{
  char buf[20];
  va_list ap;
  va_start(ap, fmt);
  vsnprintf(buf, sizeof(buf), fmt, ap);
  va_end(ap);
  return 0;
}
int main()
{
  return (mytest("Hello%d\n", 1));
}
===
mipsel-openwrt-linux-uclibc-gcc -O3 -D_LARGEFILE64_SOURCE=1 -o ztest30168 ztest30168.c
Checking for vsnprintf() in stdio.h... Yes.

=== ztest30168.c ===
#include <stdio.h>
#include <stdarg.h>
int mytest(const char *fmt, ...)
{
  int n;
  char buf[20];
  va_list ap;
  va_start(ap, fmt);
  n = vsnprintf(buf, sizeof(buf), fmt, ap);
  va_end(ap);
  return n;
}
int main()
{
  return (mytest("Hello%d\n", 1));
}
===
mipsel-openwrt-linux-uclibc-gcc -c -O3 -D_LARGEFILE64_SOURCE=1 ztest30168.c
Checking for return value of vsnprintf()... Yes.

=== ztest30168.c ===
#define ZLIB_INTERNAL __attribute__((visibility ("hidden")))
int ZLIB_INTERNAL foo;
int main()
{
  return 0;
}
===
mipsel-openwrt-linux-uclibc-gcc -c -O3 -D_LARGEFILE64_SOURCE=1 ztest30168.c
Checking for attribute(visibility) support... Yes.

ALL = static shared all64
AR = mipsel-openwrt-linux-uclibc-ar
ARFLAGS = rc
CC = mipsel-openwrt-linux-uclibc-gcc
CFLAGS = -O3 -D_LARGEFILE64_SOURCE=1 -DHAVE_HIDDEN
CPP = mipsel-openwrt-linux-uclibc-gcc -E
EXE =
LDCONFIG = ldconfig
LDFLAGS =
LDSHARED = mipsel-openwrt-linux-uclibc-gcc -shared -Wl,-soname,libz.so.1,--version-script,zlib.map
LDSHAREDLIBC = -lc
OBJC = $(OBJZ) $(OBJG)
PIC_OBJC = $(PIC_OBJZ) $(PIC_OBJG)
RANLIB = mipsel-openwrt-linux-uclibc-ranlib
SFLAGS = -O3 -fPIC -D_LARGEFILE64_SOURCE=1 -DHAVE_HIDDEN
SHAREDLIB = libz.so
SHAREDLIBM = libz.so.1
SHAREDLIBV = libz.so.1.2.11
STATICLIB = libz.a
TEST = all teststatic testshared test64
VER = 1.2.11
Z_U4 =
SRCDIR =
exec_prefix = ${prefix}
includedir = ${prefix}/include
libdir = ${exec_prefix}/lib
mandir = ${prefix}/share/man
prefix = /opt/bba/HC220/bba_3_0_platform/platform/build/../../platform/apps/public/zlib-1.2.11/install
sharedlibdir = ${libdir}
uname = Linux
--------------------


--------------------
./configure --prefix=/opt/bba/HC220/bba_3_0_platform/platform/build/../../platform/apps/public/zlib-1.2.11/install --shared
Sun May 16 13:48:48 UTC 2021
=== ztest15096.c ===
extern int getchar();
int hello() {return getchar();}
===
mipsel-openwrt-linux-uclibc-gcc -c ztest15096.c
... using gcc

Checking for obsessive-compulsive compiler options...
=== ztest15096.c ===
int foo() { return 0; }
===
mipsel-openwrt-linux-uclibc-gcc -c -O3 ztest15096.c

Checking for shared library support...
=== ztest15096.c ===
extern int getchar();
int hello() {return getchar();}
===
mipsel-openwrt-linux-uclibc-gcc -w -c -O3 -fPIC ztest15096.c
mipsel-openwrt-linux-uclibc-gcc -shared -Wl,-soname,libz.so.1,--version-script,zlib.map -O3 -fPIC -o ztest15096.so ztest15096.o
Building shared library libz.so.1.2.11 with mipsel-openwrt-linux-uclibc-gcc.

=== ztest15096.c ===
#include <stdio.h>
#include <stdlib.h>
size_t dummy = 0;
===
mipsel-openwrt-linux-uclibc-gcc -c -O3 ztest15096.c
Checking for size_t... Yes.


=== ztest15096.c ===
#include <sys/types.h>
off64_t dummy = 0;
===
mipsel-openwrt-linux-uclibc-gcc -c -O3 -D_LARGEFILE64_SOURCE=1 ztest15096.c
Checking for off64_t... Yes.
Checking for fseeko... Yes.

=== ztest15096.c ===
#include <string.h>
#include <errno.h>
int main() { return strlen(strerror(errno)); }
===
mipsel-openwrt-linux-uclibc-gcc -O3 -D_LARGEFILE64_SOURCE=1 -o ztest15096 ztest15096.c
Checking for strerror... Yes.

=== ztest15096.c ===
#include <unistd.h>
int main() { return 0; }
===
mipsel-openwrt-linux-uclibc-gcc -c -O3 -D_LARGEFILE64_SOURCE=1 ztest15096.c
Checking for unistd.h... Yes.

=== ztest15096.c ===
#include <stdarg.h>
int main() { return 0; }
===
mipsel-openwrt-linux-uclibc-gcc -c -O3 -D_LARGEFILE64_SOURCE=1 ztest15096.c
Checking for stdarg.h... Yes.

=== ztest15096.c ===
#include <stdio.h>
#include <stdarg.h>
#include "zconf.h"
int main()
{
#ifndef STDC
  choke me
#endif
  return 0;
}
===
mipsel-openwrt-linux-uclibc-gcc -c -O3 -D_LARGEFILE64_SOURCE=1 ztest15096.c
Checking whether to use vs[n]printf() or s[n]printf()... using vs[n]printf().

=== ztest15096.c ===
#include <stdio.h>
#include <stdarg.h>
int mytest(const char *fmt, ...)
{
  char buf[20];
  va_list ap;
  va_start(ap, fmt);
  vsnprintf(buf, sizeof(buf), fmt, ap);
  va_end(ap);
  return 0;
}
int main()
{
  return (mytest("Hello%d\n", 1));
}
===
mipsel-openwrt-linux-uclibc-gcc -O3 -D_LARGEFILE64_SOURCE=1 -o ztest15096 ztest15096.c
Checking for vsnprintf() in stdio.h... Yes.

=== ztest15096.c ===
#include <stdio.h>
#include <stdarg.h>
int mytest(const char *fmt, ...)
{
  int n;
  char buf[20];
  va_list ap;
  va_start(ap, fmt);
  n = vsnprintf(buf, sizeof(buf), fmt, ap);
  va_end(ap);
  return n;
}
int main()
{
  return (mytest("Hello%d\n", 1));
}
===
mipsel-openwrt-linux-uclibc-gcc -c -O3 -D_LARGEFILE64_SOURCE=1 ztest15096.c
Checking for return value of vsnprintf()... Yes.

=== ztest15096.c ===
#define ZLIB_INTERNAL __attribute__((visibility ("hidden")))
int ZLIB_INTERNAL foo;
int main()
{
  return 0;
}
===
mipsel-openwrt-linux-uclibc-gcc -c -O3 -D_LARGEFILE64_SOURCE=1 ztest15096.c
Checking for attribute(visibility) support... Yes.

ALL = static shared all64
AR = mipsel-openwrt-linux-uclibc-ar
ARFLAGS = rc
CC = mipsel-openwrt-linux-uclibc-gcc
CFLAGS = -O3 -D_LARGEFILE64_SOURCE=1 -DHAVE_HIDDEN
CPP = mipsel-openwrt-linux-uclibc-gcc -E
EXE =
LDCONFIG = ldconfig
LDFLAGS =
LDSHARED = mipsel-openwrt-linux-uclibc-gcc -shared -Wl,-soname,libz.so.1,--version-script,zlib.map
LDSHAREDLIBC = -lc
OBJC = $(OBJZ) $(OBJG)
PIC_OBJC = $(PIC_OBJZ) $(PIC_OBJG)
RANLIB = mipsel-openwrt-linux-uclibc-ranlib
SFLAGS = -O3 -fPIC -D_LARGEFILE64_SOURCE=1 -DHAVE_HIDDEN
SHAREDLIB = libz.so
SHAREDLIBM = libz.so.1
SHAREDLIBV = libz.so.1.2.11
STATICLIB = libz.a
TEST = all teststatic testshared test64
VER = 1.2.11
Z_U4 =
SRCDIR =
exec_prefix = ${prefix}
includedir = ${prefix}/include
libdir = ${exec_prefix}/lib
mandir = ${prefix}/share/man
prefix = /opt/bba/HC220/bba_3_0_platform/platform/build/../../platform/apps/public/zlib-1.2.11/install
sharedlibdir = ${libdir}
uname = Linux
--------------------


--------------------
./configure --prefix=/opt/bba/HC220/bba_3_0_platform/platform/build/../../platform/apps/public/zlib-1.2.11/install --shared
Mon May 17 01:36:25 UTC 2021
=== ztest26302.c ===
extern int getchar();
int hello() {return getchar();}
===
mipsel-openwrt-linux-uclibc-gcc -c ztest26302.c
... using gcc

Checking for obsessive-compulsive compiler options...
=== ztest26302.c ===
int foo() { return 0; }
===
mipsel-openwrt-linux-uclibc-gcc -c -O3 ztest26302.c

Checking for shared library support...
=== ztest26302.c ===
extern int getchar();
int hello() {return getchar();}
===
mipsel-openwrt-linux-uclibc-gcc -w -c -O3 -fPIC ztest26302.c
mipsel-openwrt-linux-uclibc-gcc -shared -Wl,-soname,libz.so.1,--version-script,zlib.map -O3 -fPIC -o ztest26302.so ztest26302.o
Building shared library libz.so.1.2.11 with mipsel-openwrt-linux-uclibc-gcc.

=== ztest26302.c ===
#include <stdio.h>
#include <stdlib.h>
size_t dummy = 0;
===
mipsel-openwrt-linux-uclibc-gcc -c -O3 ztest26302.c
Checking for size_t... Yes.


=== ztest26302.c ===
#include <sys/types.h>
off64_t dummy = 0;
===
mipsel-openwrt-linux-uclibc-gcc -c -O3 -D_LARGEFILE64_SOURCE=1 ztest26302.c
Checking for off64_t... Yes.
Checking for fseeko... Yes.

=== ztest26302.c ===
#include <string.h>
#include <errno.h>
int main() { return strlen(strerror(errno)); }
===
mipsel-openwrt-linux-uclibc-gcc -O3 -D_LARGEFILE64_SOURCE=1 -o ztest26302 ztest26302.c
Checking for strerror... Yes.

=== ztest26302.c ===
#include <unistd.h>
int main() { return 0; }
===
mipsel-openwrt-linux-uclibc-gcc -c -O3 -D_LARGEFILE64_SOURCE=1 ztest26302.c
Checking for unistd.h... Yes.

=== ztest26302.c ===
#include <stdarg.h>
int main() { return 0; }
===
mipsel-openwrt-linux-uclibc-gcc -c -O3 -D_LARGEFILE64_SOURCE=1 ztest26302.c
Checking for stdarg.h... Yes.

=== ztest26302.c ===
#include <stdio.h>
#include <stdarg.h>
#include "zconf.h"
int main()
{
#ifndef STDC
  choke me
#endif
  return 0;
}
===
mipsel-openwrt-linux-uclibc-gcc -c -O3 -D_LARGEFILE64_SOURCE=1 ztest26302.c
Checking whether to use vs[n]printf() or s[n]printf()... using vs[n]printf().

=== ztest26302.c ===
#include <stdio.h>
#include <stdarg.h>
int mytest(const char *fmt, ...)
{
  char buf[20];
  va_list ap;
  va_start(ap, fmt);
  vsnprintf(buf, sizeof(buf), fmt, ap);
  va_end(ap);
  return 0;
}
int main()
{
  return (mytest("Hello%d\n", 1));
}
===
mipsel-openwrt-linux-uclibc-gcc -O3 -D_LARGEFILE64_SOURCE=1 -o ztest26302 ztest26302.c
Checking for vsnprintf() in stdio.h... Yes.

=== ztest26302.c ===
#include <stdio.h>
#include <stdarg.h>
int mytest(const char *fmt, ...)
{
  int n;
  char buf[20];
  va_list ap;
  va_start(ap, fmt);
  n = vsnprintf(buf, sizeof(buf), fmt, ap);
  va_end(ap);
  return n;
}
int main()
{
  return (mytest("Hello%d\n", 1));
}
===
mipsel-openwrt-linux-uclibc-gcc -c -O3 -D_LARGEFILE64_SOURCE=1 ztest26302.c
Checking for return value of vsnprintf()... Yes.

=== ztest26302.c ===
#define ZLIB_INTERNAL __attribute__((visibility ("hidden")))
int ZLIB_INTERNAL foo;
int main()
{
  return 0;
}
===
mipsel-openwrt-linux-uclibc-gcc -c -O3 -D_LARGEFILE64_SOURCE=1 ztest26302.c
Checking for attribute(visibility) support... Yes.

ALL = static shared all64
AR = mipsel-openwrt-linux-uclibc-ar
ARFLAGS = rc
CC = mipsel-openwrt-linux-uclibc-gcc
CFLAGS = -O3 -D_LARGEFILE64_SOURCE=1 -DHAVE_HIDDEN
CPP = mipsel-openwrt-linux-uclibc-gcc -E
EXE =
LDCONFIG = ldconfig
LDFLAGS =
LDSHARED = mipsel-openwrt-linux-uclibc-gcc -shared -Wl,-soname,libz.so.1,--version-script,zlib.map
LDSHAREDLIBC = -lc
OBJC = $(OBJZ) $(OBJG)
PIC_OBJC = $(PIC_OBJZ) $(PIC_OBJG)
RANLIB = mipsel-openwrt-linux-uclibc-ranlib
SFLAGS = -O3 -fPIC -D_LARGEFILE64_SOURCE=1 -DHAVE_HIDDEN
SHAREDLIB = libz.so
SHAREDLIBM = libz.so.1
SHAREDLIBV = libz.so.1.2.11
STATICLIB = libz.a
TEST = all teststatic testshared test64
VER = 1.2.11
Z_U4 =
SRCDIR =
exec_prefix = ${prefix}
includedir = ${prefix}/include
libdir = ${exec_prefix}/lib
mandir = ${prefix}/share/man
prefix = /opt/bba/HC220/bba_3_0_platform/platform/build/../../platform/apps/public/zlib-1.2.11/install
sharedlibdir = ${libdir}
uname = Linux
--------------------


