This file contains any messages produced by compilers while
running configure, to aid debugging if configure makes a mistake.

It was created by cfginterfaces configure 1.0, which was
generated by GNU Autoconf 2.69.  Invocation command line was

  $ ./configure 

## --------- ##
## Platform. ##
## --------- ##

hostname = test-H81M-S2PH
uname -m = x86_64
uname -r = 4.4.0-31-generic
uname -s = Linux
uname -v = #50~14.04.1-Ubuntu SMP Wed Jul 13 01:07:32 UTC 2016

/usr/bin/uname -p = unknown
/bin/uname -X     = unknown

/bin/arch              = unknown
/usr/bin/arch -k       = unknown
/usr/convex/getsysinfo = unknown
/usr/bin/hostinfo      = unknown
/bin/machine           = unknown
/usr/bin/oslevel       = unknown
/bin/universe          = unknown

PATH: /usr/local/sbin
PATH: /usr/local/bin
PATH: /usr/sbin
PATH: /usr/bin
PATH: /sbin
PATH: /bin
PATH: /usr/games
PATH: /usr/local/games


## ----------- ##
## Core tests. ##
## ----------- ##

configure:2326: checking for gcc
configure:2353: result: /usr/bin/gcc
configure:2582: checking for C compiler version
configure:2591: /usr/bin/gcc --version >&5
gcc (Ubuntu 4.8.4-2ubuntu1~14.04.3) 4.8.4
Copyright (C) 2013 Free Software Foundation, Inc.
This is free software; see the source for copying conditions.  There is NO
warranty; not even for MERCHANTABILITY or FITNESS FOR A PARTICULAR PURPOSE.

configure:2602: $? = 0
configure:2591: /usr/bin/gcc -v >&5
Using built-in specs.
COLLECT_GCC=/usr/bin/gcc
COLLECT_LTO_WRAPPER=/usr/lib/gcc/x86_64-linux-gnu/4.8/lto-wrapper
Target: x86_64-linux-gnu
Configured with: ../src/configure -v --with-pkgversion='Ubuntu 4.8.4-2ubuntu1~14.04.3' --with-bugurl=file:///usr/share/doc/gcc-4.8/README.Bugs --enable-languages=c,c++,java,go,d,fortran,objc,obj-c++ --prefix=/usr --program-suffix=-4.8 --enable-shared --enable-linker-build-id --libexecdir=/usr/lib --without-included-gettext --enable-threads=posix --with-gxx-include-dir=/usr/include/c++/4.8 --libdir=/usr/lib --enable-nls --with-sysroot=/ --enable-clocale=gnu --enable-libstdcxx-debug --enable-libstdcxx-time=yes --enable-gnu-unique-object --disable-libmudflap --enable-plugin --with-system-zlib --disable-browser-plugin --enable-java-awt=gtk --enable-gtk-cairo --with-java-home=/usr/lib/jvm/java-1.5.0-gcj-4.8-amd64/jre --enable-java-home --with-jvm-root-dir=/usr/lib/jvm/java-1.5.0-gcj-4.8-amd64 --with-jvm-jar-dir=/usr/lib/jvm-exports/java-1.5.0-gcj-4.8-amd64 --with-arch-directory=amd64 --with-ecj-jar=/usr/share/java/eclipse-ecj.jar --enable-objc-gc --enable-multiarch --disable-werror --with-arch-32=i686 --with-abi=m64 --with-multilib-list=m32,m64,mx32 --with-tune=generic --enable-checking=release --build=x86_64-linux-gnu --host=x86_64-linux-gnu --target=x86_64-linux-gnu
Thread model: posix
gcc version 4.8.4 (Ubuntu 4.8.4-2ubuntu1~14.04.3) 
configure:2602: $? = 0
configure:2591: /usr/bin/gcc -V >&5
gcc: error: unrecognized command line option '-V'
gcc: fatal error: no input files
compilation terminated.
configure:2602: $? = 4
configure:2591: /usr/bin/gcc -qversion >&5
gcc: error: unrecognized command line option '-qversion'
gcc: fatal error: no input files
compilation terminated.
configure:2602: $? = 4
configure:2622: checking whether the C compiler works
configure:2644: /usr/bin/gcc  -O3   conftest.c  >&5
configure:2648: $? = 0
configure:2696: result: yes
configure:2699: checking for C compiler default output file name
configure:2701: result: a.out
configure:2707: checking for suffix of executables
configure:2714: /usr/bin/gcc -o conftest  -O3   conftest.c  >&5
configure:2718: $? = 0
configure:2740: result: 
configure:2762: checking whether we are cross compiling
configure:2770: /usr/bin/gcc -o conftest  -O3   conftest.c  >&5
configure:2774: $? = 0
configure:2781: ./conftest
configure:2785: $? = 0
configure:2800: result: no
configure:2805: checking for suffix of object files
configure:2827: /usr/bin/gcc -c  -O3  conftest.c >&5
configure:2831: $? = 0
configure:2852: result: o
configure:2856: checking whether we are using the GNU C compiler
configure:2875: /usr/bin/gcc -c  -O3  conftest.c >&5
configure:2875: $? = 0
configure:2884: result: yes
configure:2893: checking whether /usr/bin/gcc accepts -g
configure:2913: /usr/bin/gcc -c -g  conftest.c >&5
configure:2913: $? = 0
configure:2954: result: yes
configure:2971: checking for /usr/bin/gcc option to accept ISO C89
configure:3034: /usr/bin/gcc  -c  -O3  conftest.c >&5
configure:3034: $? = 0
configure:3047: result: none needed
configure:3110: checking for a BSD-compatible install
configure:3178: result: /usr/bin/install -c
configure:3191: checking for ip
configure:3207: found /sbin/ip
configure:3219: result: yes
configure:3233: checking for dhcpcd
configure:3261: result: no
configure:3272: checking for dhclient
configure:3288: found /sbin/dhclient
configure:3300: result: yes
configure:3323: checking for avahi-daemon
configure:3339: found /usr/sbin/avahi-daemon
configure:3351: result: yes
configure:3368: checking for avahi-autoipd
configure:3384: found /usr/sbin/avahi-autoipd
configure:3396: result: yes
configure:3412: checking for /etc/redhat-release
configure:3425: result: no
configure:3434: checking for /etc/SuSE-release
configure:3447: result: no
configure:3455: checking for /etc/debian_version
configure:3468: result: yes
configure:3530: checking build system type
configure:3544: result: x86_64-unknown-linux-gnu
configure:3564: checking host system type
configure:3577: result: x86_64-unknown-linux-gnu
configure:3618: checking how to print strings
configure:3645: result: printf
configure:3666: checking for a sed that does not truncate output
configure:3730: result: /bin/sed
configure:3748: checking for grep that handles long lines and -e
configure:3806: result: /bin/grep
configure:3811: checking for egrep
configure:3873: result: /bin/grep -E
configure:3878: checking for fgrep
configure:3940: result: /bin/grep -F
configure:3975: checking for ld used by /usr/bin/gcc
configure:4042: result: /usr/bin/ld
configure:4049: checking if the linker (/usr/bin/ld) is GNU ld
configure:4064: result: yes
configure:4076: checking for BSD- or MS-compatible name lister (nm)
configure:4125: result: /usr/bin/nm -B
configure:4255: checking the name lister (/usr/bin/nm -B) interface
configure:4262: /usr/bin/gcc -c  -O3 -Wno-unused-result  conftest.c >&5
configure:4265: /usr/bin/nm -B "conftest.o"
configure:4268: output
0000000000000000 B some_variable
configure:4275: result: BSD nm
configure:4278: checking whether ln -s works
configure:4282: result: yes
configure:4290: checking the maximum length of command line arguments
configure:4420: result: 1572864
configure:4437: checking whether the shell understands some XSI constructs
configure:4447: result: yes
configure:4451: checking whether the shell understands "+="
configure:4457: result: yes
configure:4492: checking how to convert x86_64-unknown-linux-gnu file names to x86_64-unknown-linux-gnu format
configure:4532: result: func_convert_file_noop
configure:4539: checking how to convert x86_64-unknown-linux-gnu file names to toolchain format
configure:4559: result: func_convert_file_noop
configure:4566: checking for /usr/bin/ld option to reload object files
configure:4573: result: -r
configure:4647: checking for objdump
configure:4663: found /usr/bin/objdump
configure:4674: result: objdump
configure:4706: checking how to recognize dependent libraries
configure:4908: result: pass_all
configure:4993: checking for dlltool
configure:5023: result: no
configure:5053: checking how to associate runtime and link libraries
configure:5080: result: printf %s\n
configure:5141: checking for ar
configure:5157: found /usr/bin/ar
configure:5168: result: ar
configure:5205: checking for archiver @FILE support
configure:5222: /usr/bin/gcc -c  -O3 -Wno-unused-result  conftest.c >&5
configure:5222: $? = 0
configure:5225: ar cru libconftest.a @conftest.lst >&5
configure:5228: $? = 0
configure:5233: ar cru libconftest.a @conftest.lst >&5
ar: conftest.o: No such file or directory
configure:5236: $? = 1
configure:5248: result: @
configure:5306: checking for strip
configure:5322: found /usr/bin/strip
configure:5333: result: strip
configure:5405: checking for ranlib
configure:5421: found /usr/bin/ranlib
configure:5432: result: ranlib
configure:5509: checking for gawk
configure:5525: found /usr/bin/gawk
configure:5536: result: gawk
configure:5576: checking command to parse /usr/bin/nm -B output from /usr/bin/gcc object
configure:5696: /usr/bin/gcc -c  -O3 -Wno-unused-result  conftest.c >&5
configure:5699: $? = 0
configure:5703: /usr/bin/nm -B conftest.o \| sed -n -e 's/^.*[ ]\([ABCDGIRSTW][ABCDGIRSTW]*\)[ ][ ]*\([_A-Za-z][_A-Za-z0-9]*\)$/\1 \2 \2/p' | sed '/ __gnu_lto/d' \> conftest.nm
configure:5706: $? = 0
configure:5772: /usr/bin/gcc -o conftest  -O3 -Wno-unused-result   conftest.c conftstm.o >&5
configure:5775: $? = 0
configure:5813: result: ok
configure:5850: checking for sysroot
configure:5880: result: no
configure:5957: /usr/bin/gcc -c  -O3 -Wno-unused-result  conftest.c >&5
configure:5960: $? = 0
configure:6136: checking for mt
configure:6152: found /bin/mt
configure:6163: result: mt
configure:6186: checking if mt is a manifest tool
configure:6192: mt '-?'
configure:6200: result: no
configure:6842: checking how to run the C preprocessor
configure:6873: /usr/bin/gcc -E  conftest.c
configure:6873: $? = 0
configure:6887: /usr/bin/gcc -E  conftest.c
conftest.c:9:28: fatal error: ac_nonexistent.h: No such file or directory
 #include <ac_nonexistent.h>
                            ^
compilation terminated.
configure:6887: $? = 1
configure: failed program was:
| /* confdefs.h */
| #define PACKAGE_NAME "cfginterfaces"
| #define PACKAGE_TARNAME "cfginterfaces"
| #define PACKAGE_VERSION "1.0"
| #define PACKAGE_STRING "cfginterfaces 1.0"
| #define PACKAGE_BUGREPORT ""
| #define PACKAGE_URL ""
| /* end confdefs.h.  */
| #include <ac_nonexistent.h>
configure:6912: result: /usr/bin/gcc -E
configure:6932: /usr/bin/gcc -E  conftest.c
configure:6932: $? = 0
configure:6946: /usr/bin/gcc -E  conftest.c
conftest.c:9:28: fatal error: ac_nonexistent.h: No such file or directory
 #include <ac_nonexistent.h>
                            ^
compilation terminated.
configure:6946: $? = 1
configure: failed program was:
| /* confdefs.h */
| #define PACKAGE_NAME "cfginterfaces"
| #define PACKAGE_TARNAME "cfginterfaces"
| #define PACKAGE_VERSION "1.0"
| #define PACKAGE_STRING "cfginterfaces 1.0"
| #define PACKAGE_BUGREPORT ""
| #define PACKAGE_URL ""
| /* end confdefs.h.  */
| #include <ac_nonexistent.h>
configure:6975: checking for ANSI C header files
configure:6995: /usr/bin/gcc -c  -O3 -Wno-unused-result  conftest.c >&5
configure:6995: $? = 0
configure:7068: /usr/bin/gcc -o conftest  -O3 -Wno-unused-result   conftest.c  >&5
configure:7068: $? = 0
configure:7068: ./conftest
configure:7068: $? = 0
configure:7079: result: yes
configure:7092: checking for sys/types.h
configure:7092: /usr/bin/gcc -c  -O3 -Wno-unused-result  conftest.c >&5
configure:7092: $? = 0
configure:7092: result: yes
configure:7092: checking for sys/stat.h
configure:7092: /usr/bin/gcc -c  -O3 -Wno-unused-result  conftest.c >&5
configure:7092: $? = 0
configure:7092: result: yes
configure:7092: checking for stdlib.h
configure:7092: /usr/bin/gcc -c  -O3 -Wno-unused-result  conftest.c >&5
configure:7092: $? = 0
configure:7092: result: yes
configure:7092: checking for string.h
configure:7092: /usr/bin/gcc -c  -O3 -Wno-unused-result  conftest.c >&5
configure:7092: $? = 0
configure:7092: result: yes
configure:7092: checking for memory.h
configure:7092: /usr/bin/gcc -c  -O3 -Wno-unused-result  conftest.c >&5
configure:7092: $? = 0
configure:7092: result: yes
configure:7092: checking for strings.h
configure:7092: /usr/bin/gcc -c  -O3 -Wno-unused-result  conftest.c >&5
configure:7092: $? = 0
configure:7092: result: yes
configure:7092: checking for inttypes.h
configure:7092: /usr/bin/gcc -c  -O3 -Wno-unused-result  conftest.c >&5
configure:7092: $? = 0
configure:7092: result: yes
configure:7092: checking for stdint.h
configure:7092: /usr/bin/gcc -c  -O3 -Wno-unused-result  conftest.c >&5
configure:7092: $? = 0
configure:7092: result: yes
configure:7092: checking for unistd.h
configure:7092: /usr/bin/gcc -c  -O3 -Wno-unused-result  conftest.c >&5
configure:7092: $? = 0
configure:7092: result: yes
configure:7106: checking for dlfcn.h
configure:7106: /usr/bin/gcc -c  -O3 -Wno-unused-result  conftest.c >&5
configure:7106: $? = 0
configure:7106: result: yes
configure:7312: checking for objdir
configure:7327: result: .libs
configure:7594: checking if /usr/bin/gcc supports -fno-rtti -fno-exceptions
configure:7612: /usr/bin/gcc -c  -O3 -Wno-unused-result  -fno-rtti -fno-exceptions conftest.c >&5
cc1: warning: command line option '-fno-rtti' is valid for C++/ObjC++ but not for C [enabled by default]
configure:7616: $? = 0
configure:7629: result: no
configure:7956: checking for /usr/bin/gcc option to produce PIC
configure:7963: result: -fPIC -DPIC
configure:7971: checking if /usr/bin/gcc PIC flag -fPIC -DPIC works
configure:7989: /usr/bin/gcc -c  -O3 -Wno-unused-result  -fPIC -DPIC -DPIC conftest.c >&5
configure:7993: $? = 0
configure:8006: result: yes
configure:8035: checking if /usr/bin/gcc static flag -static works
configure:8063: result: yes
configure:8078: checking if /usr/bin/gcc supports -c -o file.o
configure:8099: /usr/bin/gcc -c  -O3 -Wno-unused-result  -o out/conftest2.o conftest.c >&5
configure:8103: $? = 0
configure:8125: result: yes
configure:8133: checking if /usr/bin/gcc supports -c -o file.o
configure:8180: result: yes
configure:8213: checking whether the /usr/bin/gcc linker (/usr/bin/ld -m elf_x86_64) supports shared libraries
configure:9366: result: yes
configure:9403: checking whether -lc should be explicitly linked in
configure:9411: /usr/bin/gcc -c  -O3 -Wno-unused-result  conftest.c >&5
configure:9414: $? = 0
configure:9429: /usr/bin/gcc -shared  -fPIC -DPIC conftest.o  -v -Wl,-soname -Wl,conftest -o conftest 2\>\&1 \| /bin/grep  -lc  \>/dev/null 2\>\&1
configure:9432: $? = 0
configure:9446: result: no
configure:9606: checking dynamic linker characteristics
configure:10117: /usr/bin/gcc -o conftest  -O3 -Wno-unused-result   -Wl,-rpath -Wl,/foo conftest.c  >&5
configure:10117: $? = 0
configure:10339: result: GNU/Linux ld.so
configure:10446: checking how to hardcode library paths into programs
configure:10471: result: immediate
configure:11011: checking whether stripping libraries is possible
configure:11016: result: yes
configure:11051: checking if libtool supports shared libraries
configure:11053: result: yes
configure:11056: checking whether to build shared libraries
configure:11077: result: yes
configure:11080: checking whether to build static libraries
configure:11084: result: yes
configure:11129: checking for netopeer-manager
configure:11162: result: no
configure:11226: checking for pkg-config
configure:11244: found /usr/bin/pkg-config
configure:11256: result: /usr/bin/pkg-config
configure:11281: checking pkg-config is at least version 0.9.0
configure:11284: result: yes
configure:11294: checking for LIBNETCONF
configure:11301: $PKG_CONFIG --exists --print-errors "libnetconf"
configure:11304: $? = 0
configure:11318: $PKG_CONFIG --exists --print-errors "libnetconf"
configure:11321: $? = 0
configure:11379: result: yes
configure:11383: checking for library containing ncds_apply_rpc2all
configure:11414: /usr/bin/gcc -o conftest  -O3 -Wno-unused-result   conftest.c  >&5
/tmp/ccrHva5g.o: In function `main':
conftest.c:(.text.startup+0x7): undefined reference to `ncds_apply_rpc2all'
collect2: error: ld returned 1 exit status
configure:11414: $? = 1
configure: failed program was:
| /* confdefs.h */
| #define PACKAGE_NAME "cfginterfaces"
| #define PACKAGE_TARNAME "cfginterfaces"
| #define PACKAGE_VERSION "1.0"
| #define PACKAGE_STRING "cfginterfaces 1.0"
| #define PACKAGE_BUGREPORT ""
| #define PACKAGE_URL ""
| #define STDC_HEADERS 1
| #define HAVE_SYS_TYPES_H 1
| #define HAVE_SYS_STAT_H 1
| #define HAVE_STDLIB_H 1
| #define HAVE_STRING_H 1
| #define HAVE_MEMORY_H 1
| #define HAVE_STRINGS_H 1
| #define HAVE_INTTYPES_H 1
| #define HAVE_STDINT_H 1
| #define HAVE_UNISTD_H 1
| #define HAVE_DLFCN_H 1
| #define LT_OBJDIR ".libs/"
| /* end confdefs.h.  */
| 
| /* Override any GCC internal prototype to avoid an error.
|    Use char because int might match the return type of a GCC
|    builtin and then its argument prototype would still apply.  */
| #ifdef __cplusplus
| extern "C"
| #endif
| char ncds_apply_rpc2all ();
| int
| main ()
| {
| return ncds_apply_rpc2all ();
|   ;
|   return 0;
| }
configure:11414: /usr/bin/gcc -o conftest  -O3 -Wno-unused-result   conftest.c -lnetconf   >&5
configure:11414: $? = 0
configure:11431: result: -lnetconf
configure:11448: checking for xml2-config
configure:11464: found /usr/bin/xml2-config
configure:11476: result: yes
configure:11487: checking for main in -lxml2
configure:11506: /usr/bin/gcc -o conftest  -O3 -Wno-unused-result   conftest.c -lxml2  -lnetconf  >&5
configure:11506: $? = 0
configure:11515: result: yes
configure:11529: checking for stdlib.h
configure:11529: result: yes
configure:11529: checking libnetconf.h usability
configure:11529: /usr/bin/gcc -c -I/usr/include/libxml2  -O3 -Wno-unused-result  conftest.c >&5
configure:11529: $? = 0
configure:11529: result: yes
configure:11529: checking libnetconf.h presence
configure:11529: /usr/bin/gcc -E  conftest.c
configure:11529: $? = 0
configure:11529: result: yes
configure:11529: checking for libnetconf.h
configure:11529: result: yes
configure:11715: creating ./config.status

## ---------------------- ##
## Running config.status. ##
## ---------------------- ##

This file was extended by cfginterfaces config.status 1.0, which was
generated by GNU Autoconf 2.69.  Invocation command line was

  CONFIG_FILES    = 
  CONFIG_HEADERS  = 
  CONFIG_LINKS    = 
  CONFIG_COMMANDS = 
  $ ./config.status 

on test-H81M-S2PH

config.status:994: creating Makefile
config.status:994: creating config.h
config.status:994: creating cfginterfaces.c
config.status:994: creating model/ietf-interfaces-config.rng
config.status:1160: executing libtool commands
configure:13654: 
configure:13656: 	NOTE: If the network-manager service is running, it may
configure:13658: 	interfere with this module interface configuration.
configure:13660: 	For more details, check the README file.
configure:13662: 

## ---------------- ##
## Cache variables. ##
## ---------------- ##

ac_cv_build=x86_64-unknown-linux-gnu
ac_cv_c_compiler_gnu=yes
ac_cv_env_CC_set=set
ac_cv_env_CC_value=/usr/bin/gcc
ac_cv_env_CFLAGS_set=
ac_cv_env_CFLAGS_value=
ac_cv_env_CPPFLAGS_set=
ac_cv_env_CPPFLAGS_value=
ac_cv_env_CPP_set=
ac_cv_env_CPP_value=
ac_cv_env_LDFLAGS_set=
ac_cv_env_LDFLAGS_value=
ac_cv_env_LIBNETCONF_CFLAGS_set=
ac_cv_env_LIBNETCONF_CFLAGS_value=
ac_cv_env_LIBNETCONF_LIBS_set=
ac_cv_env_LIBNETCONF_LIBS_value=
ac_cv_env_LIBS_set=
ac_cv_env_LIBS_value=
ac_cv_env_PKG_CONFIG_LIBDIR_set=
ac_cv_env_PKG_CONFIG_LIBDIR_value=
ac_cv_env_PKG_CONFIG_PATH_set=
ac_cv_env_PKG_CONFIG_PATH_value=
ac_cv_env_PKG_CONFIG_set=
ac_cv_env_PKG_CONFIG_value=
ac_cv_env_build_alias_set=
ac_cv_env_build_alias_value=
ac_cv_env_host_alias_set=
ac_cv_env_host_alias_value=
ac_cv_env_target_alias_set=
ac_cv_env_target_alias_value=
ac_cv_file__etc_SuSE_release=no
ac_cv_file__etc_debian_version=yes
ac_cv_file__etc_redhat_release=no
ac_cv_header_dlfcn_h=yes
ac_cv_header_inttypes_h=yes
ac_cv_header_libnetconf_h=yes
ac_cv_header_memory_h=yes
ac_cv_header_stdc=yes
ac_cv_header_stdint_h=yes
ac_cv_header_stdlib_h=yes
ac_cv_header_string_h=yes
ac_cv_header_strings_h=yes
ac_cv_header_sys_stat_h=yes
ac_cv_header_sys_types_h=yes
ac_cv_header_unistd_h=yes
ac_cv_host=x86_64-unknown-linux-gnu
ac_cv_lib_xml2_main=yes
ac_cv_objext=o
ac_cv_path_EGREP='/bin/grep -E'
ac_cv_path_FGREP='/bin/grep -F'
ac_cv_path_GREP=/bin/grep
ac_cv_path_SED=/bin/sed
ac_cv_path_ac_pt_PKG_CONFIG=/usr/bin/pkg-config
ac_cv_path_install='/usr/bin/install -c'
ac_cv_prog_AVAHI_AUTOIPD=yes
ac_cv_prog_AVAHI_DAEMON=yes
ac_cv_prog_AWK=gawk
ac_cv_prog_CPP='/usr/bin/gcc -E'
ac_cv_prog_DHCLIENT=yes
ac_cv_prog_DHCPCD=no
ac_cv_prog_IP=yes
ac_cv_prog_XML2_CONFIG=yes
ac_cv_prog_ac_ct_AR=ar
ac_cv_prog_ac_ct_CC=/usr/bin/gcc
ac_cv_prog_ac_ct_MANIFEST_TOOL=mt
ac_cv_prog_ac_ct_OBJDUMP=objdump
ac_cv_prog_ac_ct_RANLIB=ranlib
ac_cv_prog_ac_ct_STRIP=strip
ac_cv_prog_cc_c89=
ac_cv_prog_cc_g=yes
ac_cv_search_ncds_apply_rpc2all=-lnetconf
lt_cv_ar_at_file=@
lt_cv_archive_cmds_need_lc=no
lt_cv_deplibs_check_method=pass_all
lt_cv_file_magic_cmd='$MAGIC_CMD'
lt_cv_file_magic_test_file=
lt_cv_ld_reload_flag=-r
lt_cv_nm_interface='BSD nm'
lt_cv_objdir=.libs
lt_cv_path_LD=/usr/bin/ld
lt_cv_path_NM='/usr/bin/nm -B'
lt_cv_path_mainfest_tool=no
lt_cv_prog_compiler_c_o=yes
lt_cv_prog_compiler_pic='-fPIC -DPIC'
lt_cv_prog_compiler_pic_works=yes
lt_cv_prog_compiler_rtti_exceptions=no
lt_cv_prog_compiler_static_works=yes
lt_cv_prog_gnu_ld=yes
lt_cv_sharedlib_from_linklib_cmd='printf %s\n'
lt_cv_shlibpath_overrides_runpath=no
lt_cv_sys_global_symbol_pipe='sed -n -e '\''s/^.*[	 ]\([ABCDGIRSTW][ABCDGIRSTW]*\)[	 ][	 ]*\([_A-Za-z][_A-Za-z0-9]*\)$/\1 \2 \2/p'\'' | sed '\''/ __gnu_lto/d'\'''
lt_cv_sys_global_symbol_to_c_name_address='sed -n -e '\''s/^: \([^ ]*\)[ ]*$/  {\"\1\", (void *) 0},/p'\'' -e '\''s/^[ABCDGIRSTW]* \([^ ]*\) \([^ ]*\)$/  {"\2", (void *) \&\2},/p'\'''
lt_cv_sys_global_symbol_to_c_name_address_lib_prefix='sed -n -e '\''s/^: \([^ ]*\)[ ]*$/  {\"\1\", (void *) 0},/p'\'' -e '\''s/^[ABCDGIRSTW]* \([^ ]*\) \(lib[^ ]*\)$/  {"\2", (void *) \&\2},/p'\'' -e '\''s/^[ABCDGIRSTW]* \([^ ]*\) \([^ ]*\)$/  {"lib\2", (void *) \&\2},/p'\'''
lt_cv_sys_global_symbol_to_cdecl='sed -n -e '\''s/^T .* \(.*\)$/extern int \1();/p'\'' -e '\''s/^[ABCDGIRSTW]* .* \(.*\)$/extern char \1;/p'\'''
lt_cv_sys_max_cmd_len=1572864
lt_cv_to_host_file_cmd=func_convert_file_noop
lt_cv_to_tool_file_cmd=func_convert_file_noop
pkg_cv_LIBNETCONF_CFLAGS='-I/usr/local/include  '
pkg_cv_LIBNETCONF_LIBS='-L/usr/local/lib -lnetconf  '

## ----------------- ##
## Output variables. ##
## ----------------- ##

		{.path = "/etc/network/interfaces", .func = cfginterfaces_file_change_cb}'
AR='ar'
AVAHI_AUTOIPD='AVAHI_AUTOIPD'
AVAHI_DAEMON='AVAHI_DAEMON'
AWK='gawk'
CB_CODE='{.path = "/etc/sysctl.conf", .func = cfginterfaces_file_change_cb},
CC='/usr/bin/gcc'
CFLAGS='-I/usr/include/libxml2  -O3 -Wno-unused-result'
COUNT='2'
CPP='/usr/bin/gcc -E'
CPPFLAGS=''
DEFS='-DPACKAGE_NAME=\"cfginterfaces\" -DPACKAGE_TARNAME=\"cfginterfaces\" -DPACKAGE_VERSION=\"1.0\" -DPACKAGE_STRING=\"cfginterfaces\ 1.0\" -DPACKAGE_BUGREPORT=\"\" -DPACKAGE_URL=\"\" -DSTDC_HEADERS=1 -DHAVE_SYS_TYPES_H=1 -DHAVE_SYS_STAT_H=1 -DHAVE_STDLIB_H=1 -DHAVE_STRING_H=1 -DHAVE_MEMORY_H=1 -DHAVE_STRINGS_H=1 -DHAVE_INTTYPES_H=1 -DHAVE_STDINT_H=1 -DHAVE_UNISTD_H=1 -DHAVE_DLFCN_H=1 -DLT_OBJDIR=\".libs/\" -DHAVE_STDLIB_H=1 -DHAVE_LIBNETCONF_H=1'
DHCLIENT='yes'
DHCPCD='no'
DHCP_CLIENT_RELEASE='dhclient -r'
DHCP_CLIENT_RENEW='dhclient'
DISTRO='DEBIAN'
DLLTOOL='false'
DSYMUTIL=''
DUMPBIN=''
ECHO_C=''
ECHO_N='-n'
ECHO_T=''
EGREP='/bin/grep -E'
EXEEXT=''
FGREP='/bin/grep -F'
GREP='/bin/grep'
IFCFG_FILES='/etc/network/interfaces'
IFCFG_SCRIPTS=''
INSTALL_DATA='${INSTALL} -m 644'
INSTALL_PROGRAM='${INSTALL}'
INSTALL_SCRIPT='${INSTALL}'
IP='yes'
LD='/usr/bin/ld -m elf_x86_64'
LDFLAGS=''
LIBNETCONF_CFLAGS='-I/usr/local/include  '
LIBNETCONF_DATADIR='/usr/local/share'
LIBNETCONF_LIBS='-L/usr/local/lib -lnetconf  '
LIBOBJS=''
LIBS='-lxml2 -lnetconf '
LIBTOOL='$(SHELL) $(top_builddir)/libtool'
LIPO=''
LN_S='ln -s'
LTLIBOBJS=''
MANIFEST_TOOL=':'
NETOPEER_DIR='${prefix}/etc/netopeer/'
NETOPEER_MANAGER=''
NM='/usr/bin/nm -B'
NMEDIT=''
OBJDUMP='objdump'
OBJEXT='o'
OTOOL64=''
OTOOL=''
PACKAGE_BUGREPORT=''
PACKAGE_NAME='cfginterfaces'
PACKAGE_STRING='cfginterfaces 1.0'
PACKAGE_TARNAME='cfginterfaces'
PACKAGE_URL=''
PACKAGE_VERSION='1.0'
PATH_SEPARATOR=':'
PKG_CONFIG='/usr/bin/pkg-config'
PKG_CONFIG_LIBDIR=''
PKG_CONFIG_PATH='/usr/local/lib/pkgconfig:'
PROJECTNAME='cfginterfaces'
RANLIB='ranlib'
SED='/bin/sed'
SHELL='/bin/bash'
STRIP='strip'
SYSCTL_CONF='/etc/sysctl.conf'
XML2_CONFIG='yes'
ac_ct_AR='ar'
ac_ct_CC='/usr/bin/gcc'
ac_ct_DUMPBIN=''
bindir='${exec_prefix}/bin'
build='x86_64-unknown-linux-gnu'
build_alias=''
build_cpu='x86_64'
build_os='linux-gnu'
build_vendor='unknown'
datadir='${datarootdir}'
datarootdir='${prefix}/share'
docdir='${datarootdir}/doc/${PACKAGE_TARNAME}'
dvidir='${docdir}'
exec_prefix='${prefix}'
host='x86_64-unknown-linux-gnu'
host_alias=''
host_cpu='x86_64'
host_os='linux-gnu'
host_vendor='unknown'
htmldir='${docdir}'
includedir='${prefix}/include'
infodir='${datarootdir}/info'
libdir='${exec_prefix}/lib'
libexecdir='${exec_prefix}/libexec'
libtool='./libtool'
localedir='${datarootdir}/locale'
localstatedir='${prefix}/var'
mandir='${datarootdir}/man'
oldincludedir='/usr/include'
pdfdir='${docdir}'
prefix='/usr/local'
program_transform_name='s,x,x,'
psdir='${docdir}'
sbindir='${exec_prefix}/sbin'
sharedstatedir='${prefix}/com'
sysconfdir='${prefix}/etc'
target_alias=''

## ----------- ##
## confdefs.h. ##
## ----------- ##

/* confdefs.h */
#define PACKAGE_NAME "cfginterfaces"
#define PACKAGE_TARNAME "cfginterfaces"
#define PACKAGE_VERSION "1.0"
#define PACKAGE_STRING "cfginterfaces 1.0"
#define PACKAGE_BUGREPORT ""
#define PACKAGE_URL ""
#define STDC_HEADERS 1
#define HAVE_SYS_TYPES_H 1
#define HAVE_SYS_STAT_H 1
#define HAVE_STDLIB_H 1
#define HAVE_STRING_H 1
#define HAVE_MEMORY_H 1
#define HAVE_STRINGS_H 1
#define HAVE_INTTYPES_H 1
#define HAVE_STDINT_H 1
#define HAVE_UNISTD_H 1
#define HAVE_DLFCN_H 1
#define LT_OBJDIR ".libs/"
#define HAVE_STDLIB_H 1
#define HAVE_LIBNETCONF_H 1

configure: exit 0
