This file contains any messages produced by compilers while
running configure, to aid debugging if configure makes a mistake.

It was created by alsa-utils configure 1.2.3, which was
generated by GNU Autoconf 2.69.  Invocation command line was

  $ ./configure CFLAGS=-I/proj/mtk08176/git_test/7523_0918_0301/tclinux_phoenix/apps/public/alsa-lib-1.2.3.2/include LDFLAGS=-L/proj/mtk08176/git_test/7523_0918_0301/tclinux_phoenix/apps/public/alsa-lib-1.2.3.2/target/lib/ --host=arm-linux CC=arm-linux-cc --disable-topology --disable-alsamixer

## --------- ##
## Platform. ##
## --------- ##

hostname = mbjsbblt38
uname -m = x86_64
uname -r = 4.19.0-041900-generic
uname -s = Linux
uname -v = #201810221809 SMP Mon Oct 22 22:11:45 UTC 2018

/usr/bin/uname -p = unknown
/bin/uname -X     = unknown

/bin/arch              = unknown
/usr/bin/arch -k       = unknown
/usr/convex/getsysinfo = unknown
/usr/bin/hostinfo      = unknown
/bin/machine           = unknown
/usr/bin/oslevel       = unknown
/bin/universe          = unknown

PATH: /opt/trendchip/buildroot-gcc493_glibc222_arm32_32bServer/usr/bin/
PATH: /mtkeda/dsptk-md32/8.1.0.27-64
PATH: /mtkeda/dsptk-md32/8.1.0.27-64/System
PATH: /mtkeda/dsptk-md32/8.1.0.27-64/Md32
PATH: /mtkeda/IPDesigner/common/bin
PATH: /mtkeda/IPDesigner/12R1.35-64/retargetable-12R1/bin/LNa64bin
PATH: /mtkeda/IPDesigner/12R1.35-64/retargetable-12R1/bin
PATH: /mtkoss/android_sdk/5.1/x86_64/platform-tools
PATH: /opt/trendchip/mips-linux-3.4.6/bin
PATH: /opt/trendchip/mips-linux-uclibc/usr/bin
PATH: /opt/CodeSourcery/mips-4.2/bin
PATH: /site/mtkeda/LSF/10.econet/10.1/linux3.10-glibc2.17-x86_64/etc
PATH: /site/mtkeda/LSF/10.econet/10.1/linux3.10-glibc2.17-x86_64/bin
PATH: /mtkeda/perforce/linux26x86_64_2018.3
PATH: /mtkeda/perforce/linux26x86_64_2018.3/p4v/bin
PATH: /mtkeda/ado/bin/ubuntu
PATH: /mtkoss/arm-2010q1/bin
PATH: /mtkeda/CI/MtkCheckStyle
PATH: /mtkeda/CI/MtkCheckStyle/MtkCheckStyle
PATH: /mtkeda/IT/bin
PATH: /site/mtkeda/LSF/10.MBJ/10.1/linux3.10-glibc2.17-x86_64/etc
PATH: /site/mtkeda/LSF/10.MBJ/10.1/linux3.10-glibc2.17-x86_64/bin
PATH: /usr/local/sbin
PATH: /usr/local/bin
PATH: /usr/sbin
PATH: /usr/bin
PATH: /bin
PATH: /usr/games
PATH: /usr/local/games
PATH: /snap/bin
PATH: /mtkeda/IT/bin
PATH: /mtkeda/IT/sbin
PATH: /mtkeda/CI/MtkCheckStyle
PATH: /mtkeda/CI/MtkCheckStyle/MtkCheckStyle
PATH: /mtkeda/apb
PATH: /mtkeda/CI/MtkCheckStyle
PATH: /mtkeda/Utility/LM_daemon/Synopsys/11.6/Linux/amd64/bin
PATH: /proj/mtk08176/bin


## ----------- ##
## Core tests. ##
## ----------- ##

configure:2394: checking for a BSD-compatible install
configure:2462: result: /usr/bin/install -c
configure:2473: checking whether build environment is sane
configure:2528: result: yes
configure:2587: checking for arm-linux-strip
configure:2614: result: arm-buildroot-linux-gnueabi-strip
configure:2679: checking for a thread-safe mkdir -p
configure:2718: result: /bin/mkdir -p
configure:2725: checking for gawk
configure:2741: found /opt/trendchip/buildroot-gcc493_glibc222_arm32_32bServer/usr/bin//gawk
configure:2752: result: gawk
configure:2763: checking whether make sets $(MAKE)
configure:2785: result: yes
configure:2814: checking whether make supports nested variables
configure:2831: result: yes
configure:2959: checking whether to enable maintainer-specific portions of Makefiles
configure:2968: result: yes
configure:2982: checking for a sed that does not truncate output
configure:3046: result: /bin/sed
configure:3052: checking whether NLS is requested
configure:3061: result: yes
configure:3101: checking for msgfmt
configure: trying /usr/bin/msgfmt...
0 translated messages.
configure:3133: result: /usr/bin/msgfmt
configure:3142: checking for gmsgfmt
configure:3173: result: /usr/bin/msgfmt
configure:3223: checking for xgettext
configure: trying /usr/bin/xgettext...
/usr/bin/xgettext: warning: file '/dev/null' extension '' is unknown; will try C
configure:3255: result: /usr/bin/xgettext
configure:3300: checking for msgmerge
configure: trying /usr/bin/msgmerge...
configure:3331: result: /usr/bin/msgmerge
configure:3376: checking for style of include used by make
configure:3404: result: GNU
configure:3435: checking for arm-linux-gcc
configure:3462: result: arm-linux-cc
configure:3731: checking for C compiler version
configure:3740: arm-linux-cc --version >&5
arm-linux-cc (Buildroot 2015.08.1-g6a3c3ed-dirty) 4.9.3
Copyright (C) 2015 Free Software Foundation, Inc.
This is free software; see the source for copying conditions.  There is NO
warranty; not even for MERCHANTABILITY or FITNESS FOR A PARTICULAR PURPOSE.

ERROR: ld.so: object 'libfakeroot-sysv.so' from LD_PRELOAD cannot be preloaded (wrong ELF class: ELFCLASS64): ignored.
configure:3751: $? = 0
configure:3740: arm-linux-cc -v >&5
ERROR: ld.so: object 'libfakeroot-sysv.so' from LD_PRELOAD cannot be preloaded (wrong ELF class: ELFCLASS64): ignored.
Using built-in specs.
COLLECT_GCC=arm-linux-cc
COLLECT_LTO_WRAPPER=/mtkeda/bbn/trendchip/buildroot-gcc493_glibc222_arm32_32bServer/usr/libexec/gcc/arm-buildroot-linux-gnueabi/4.9.3/lto-wrapper
Target: arm-buildroot-linux-gnueabi
Configured with: ./configure --prefix=/mtkeda/bbn/trendchip/buildroot-gcc493_glibc222_arm32_32bServer/usr --sysconfdir=/mtkeda/bbn/trendchip/buildroot-gcc493_glibc222_arm32_32bServer/etc --enable-static --target=arm-buildroot-linux-gnueabi --with-sysroot=/mtkeda/bbn/trendchip/buildroot-gcc493_glibc222_arm32_32bServer/usr/arm-buildroot-linux-gnueabi/sysroot --disable-__cxa_atexit --with-gnu-ld --disable-libssp --disable-multilib --with-gmp=/mtkeda/bbn/trendchip/buildroot-gcc493_glibc222_arm32_32bServer/usr --with-mpfr=/mtkeda/bbn/trendchip/buildroot-gcc493_glibc222_arm32_32bServer/usr --with-pkgversion='Buildroot 2015.08.1-g6a3c3ed-dirty' --with-bugurl=http://bugs.buildroot.net/ --disable-libquadmath --enable-tls --enable-plugins --enable-lto --disable-libmudflap --enable-threads --with-mpc=/mtkeda/bbn/trendchip/buildroot-gcc493_glibc222_arm32_32bServer/usr --without-isl --without-cloog --with-float=soft --disable-decimal-float --with-abi=aapcs-linux --with-cpu=cortex-a5 --with-float=soft --with-mode=arm --enable-languages=c,c++ --enable-poison-system-directories --with-build-time-tools=/mtkeda/bbn/trendchip/buildroot-gcc493_glibc222_arm32_32bServer/usr/arm-buildroot-linux-gnueabi/bin --enable-shared --disable-libgomp --without-fp
Thread model: posix
gcc version 4.9.3 (Buildroot 2015.08.1-g6a3c3ed-dirty) 
configure:3751: $? = 0
configure:3740: arm-linux-cc -V >&5
ERROR: ld.so: object 'libfakeroot-sysv.so' from LD_PRELOAD cannot be preloaded (wrong ELF class: ELFCLASS64): ignored.
arm-linux-cc: error: unrecognized command line option '-V'
arm-linux-cc: fatal error: no input files
compilation terminated.
configure:3751: $? = 1
configure:3740: arm-linux-cc -qversion >&5
ERROR: ld.so: object 'libfakeroot-sysv.so' from LD_PRELOAD cannot be preloaded (wrong ELF class: ELFCLASS64): ignored.
arm-linux-cc: error: unrecognized command line option '-qversion'
arm-linux-cc: fatal error: no input files
compilation terminated.
configure:3751: $? = 1
configure:3771: checking whether the C compiler works
configure:3793: arm-linux-cc -I/proj/mtk08176/git_test/7523_0918_0301/tclinux_phoenix/apps/public/alsa-lib-1.2.3.2/include  -L/proj/mtk08176/git_test/7523_0918_0301/tclinux_phoenix/apps/public/alsa-lib-1.2.3.2/target/lib/ conftest.c  >&5
ERROR: ld.so: object 'libfakeroot-sysv.so' from LD_PRELOAD cannot be preloaded (wrong ELF class: ELFCLASS64): ignored.
ERROR: ld.so: object 'libfakeroot-sysv.so' from LD_PRELOAD cannot be preloaded (wrong ELF class: ELFCLASS64): ignored.
ERROR: ld.so: object 'libfakeroot-sysv.so' from LD_PRELOAD cannot be preloaded (wrong ELF class: ELFCLASS64): ignored.
ERROR: ld.so: object 'libfakeroot-sysv.so' from LD_PRELOAD cannot be preloaded (wrong ELF class: ELFCLASS64): ignored.
ERROR: ld.so: object 'libfakeroot-sysv.so' from LD_PRELOAD cannot be preloaded (wrong ELF class: ELFCLASS64): ignored.
configure:3797: $? = 0
configure:3845: result: yes
configure:3848: checking for C compiler default output file name
configure:3850: result: a.out
configure:3856: checking for suffix of executables
configure:3863: arm-linux-cc -o conftest -I/proj/mtk08176/git_test/7523_0918_0301/tclinux_phoenix/apps/public/alsa-lib-1.2.3.2/include  -L/proj/mtk08176/git_test/7523_0918_0301/tclinux_phoenix/apps/public/alsa-lib-1.2.3.2/target/lib/ conftest.c  >&5
ERROR: ld.so: object 'libfakeroot-sysv.so' from LD_PRELOAD cannot be preloaded (wrong ELF class: ELFCLASS64): ignored.
ERROR: ld.so: object 'libfakeroot-sysv.so' from LD_PRELOAD cannot be preloaded (wrong ELF class: ELFCLASS64): ignored.
ERROR: ld.so: object 'libfakeroot-sysv.so' from LD_PRELOAD cannot be preloaded (wrong ELF class: ELFCLASS64): ignored.
ERROR: ld.so: object 'libfakeroot-sysv.so' from LD_PRELOAD cannot be preloaded (wrong ELF class: ELFCLASS64): ignored.
ERROR: ld.so: object 'libfakeroot-sysv.so' from LD_PRELOAD cannot be preloaded (wrong ELF class: ELFCLASS64): ignored.
configure:3867: $? = 0
configure:3889: result: 
configure:3911: checking whether we are cross compiling
configure:3919: arm-linux-cc -o conftest -I/proj/mtk08176/git_test/7523_0918_0301/tclinux_phoenix/apps/public/alsa-lib-1.2.3.2/include  -L/proj/mtk08176/git_test/7523_0918_0301/tclinux_phoenix/apps/public/alsa-lib-1.2.3.2/target/lib/ conftest.c  >&5
ERROR: ld.so: object 'libfakeroot-sysv.so' from LD_PRELOAD cannot be preloaded (wrong ELF class: ELFCLASS64): ignored.
ERROR: ld.so: object 'libfakeroot-sysv.so' from LD_PRELOAD cannot be preloaded (wrong ELF class: ELFCLASS64): ignored.
ERROR: ld.so: object 'libfakeroot-sysv.so' from LD_PRELOAD cannot be preloaded (wrong ELF class: ELFCLASS64): ignored.
ERROR: ld.so: object 'libfakeroot-sysv.so' from LD_PRELOAD cannot be preloaded (wrong ELF class: ELFCLASS64): ignored.
ERROR: ld.so: object 'libfakeroot-sysv.so' from LD_PRELOAD cannot be preloaded (wrong ELF class: ELFCLASS64): ignored.
configure:3923: $? = 0
configure:3930: ./conftest
./configure: line 3932: ./conftest: cannot execute binary file: Exec format error
configure:3934: $? = 126
configure:3949: result: yes
configure:3954: checking for suffix of object files
configure:3976: arm-linux-cc -c -I/proj/mtk08176/git_test/7523_0918_0301/tclinux_phoenix/apps/public/alsa-lib-1.2.3.2/include  conftest.c >&5
ERROR: ld.so: object 'libfakeroot-sysv.so' from LD_PRELOAD cannot be preloaded (wrong ELF class: ELFCLASS64): ignored.
ERROR: ld.so: object 'libfakeroot-sysv.so' from LD_PRELOAD cannot be preloaded (wrong ELF class: ELFCLASS64): ignored.
ERROR: ld.so: object 'libfakeroot-sysv.so' from LD_PRELOAD cannot be preloaded (wrong ELF class: ELFCLASS64): ignored.
configure:3980: $? = 0
configure:4001: result: o
configure:4005: checking whether we are using the GNU C compiler
configure:4024: arm-linux-cc -c -I/proj/mtk08176/git_test/7523_0918_0301/tclinux_phoenix/apps/public/alsa-lib-1.2.3.2/include  conftest.c >&5
ERROR: ld.so: object 'libfakeroot-sysv.so' from LD_PRELOAD cannot be preloaded (wrong ELF class: ELFCLASS64): ignored.
ERROR: ld.so: object 'libfakeroot-sysv.so' from LD_PRELOAD cannot be preloaded (wrong ELF class: ELFCLASS64): ignored.
ERROR: ld.so: object 'libfakeroot-sysv.so' from LD_PRELOAD cannot be preloaded (wrong ELF class: ELFCLASS64): ignored.
configure:4024: $? = 0
configure:4033: result: yes
configure:4042: checking whether arm-linux-cc accepts -g
configure:4062: arm-linux-cc -c -g  conftest.c >&5
ERROR: ld.so: object 'libfakeroot-sysv.so' from LD_PRELOAD cannot be preloaded (wrong ELF class: ELFCLASS64): ignored.
ERROR: ld.so: object 'libfakeroot-sysv.so' from LD_PRELOAD cannot be preloaded (wrong ELF class: ELFCLASS64): ignored.
ERROR: ld.so: object 'libfakeroot-sysv.so' from LD_PRELOAD cannot be preloaded (wrong ELF class: ELFCLASS64): ignored.
configure:4062: $? = 0
configure: failed program was:
| /* confdefs.h */
| #define PACKAGE_NAME "alsa-utils"
| #define PACKAGE_TARNAME "alsa-utils"
| #define PACKAGE_VERSION "1.2.3"
| #define PACKAGE_STRING "alsa-utils 1.2.3"
| #define PACKAGE_BUGREPORT ""
| #define PACKAGE_URL ""
| #define PACKAGE "alsa-utils"
| #define VERSION "1.2.3"
| /* end confdefs.h.  */
| 
| int
| main ()
| {
| 
|   ;
|   return 0;
| }
configure:4077: arm-linux-cc -c   conftest.c >&5
ERROR: ld.so: object 'libfakeroot-sysv.so' from LD_PRELOAD cannot be preloaded (wrong ELF class: ELFCLASS64): ignored.
ERROR: ld.so: object 'libfakeroot-sysv.so' from LD_PRELOAD cannot be preloaded (wrong ELF class: ELFCLASS64): ignored.
ERROR: ld.so: object 'libfakeroot-sysv.so' from LD_PRELOAD cannot be preloaded (wrong ELF class: ELFCLASS64): ignored.
configure:4077: $? = 0
configure: failed program was:
| /* confdefs.h */
| #define PACKAGE_NAME "alsa-utils"
| #define PACKAGE_TARNAME "alsa-utils"
| #define PACKAGE_VERSION "1.2.3"
| #define PACKAGE_STRING "alsa-utils 1.2.3"
| #define PACKAGE_BUGREPORT ""
| #define PACKAGE_URL ""
| #define PACKAGE "alsa-utils"
| #define VERSION "1.2.3"
| /* end confdefs.h.  */
| 
| int
| main ()
| {
| 
|   ;
|   return 0;
| }
configure:4093: arm-linux-cc -c -g  conftest.c >&5
ERROR: ld.so: object 'libfakeroot-sysv.so' from LD_PRELOAD cannot be preloaded (wrong ELF class: ELFCLASS64): ignored.
ERROR: ld.so: object 'libfakeroot-sysv.so' from LD_PRELOAD cannot be preloaded (wrong ELF class: ELFCLASS64): ignored.
ERROR: ld.so: object 'libfakeroot-sysv.so' from LD_PRELOAD cannot be preloaded (wrong ELF class: ELFCLASS64): ignored.
configure:4093: $? = 0
configure:4103: result: yes
configure:4120: checking for arm-linux-cc option to accept ISO C89
configure:4183: arm-linux-cc  -c -I/proj/mtk08176/git_test/7523_0918_0301/tclinux_phoenix/apps/public/alsa-lib-1.2.3.2/include  conftest.c >&5
ERROR: ld.so: object 'libfakeroot-sysv.so' from LD_PRELOAD cannot be preloaded (wrong ELF class: ELFCLASS64): ignored.
ERROR: ld.so: object 'libfakeroot-sysv.so' from LD_PRELOAD cannot be preloaded (wrong ELF class: ELFCLASS64): ignored.
ERROR: ld.so: object 'libfakeroot-sysv.so' from LD_PRELOAD cannot be preloaded (wrong ELF class: ELFCLASS64): ignored.
configure:4183: $? = 0
configure:4196: result: none needed
configure:4221: checking whether arm-linux-cc understands -c and -o together
configure:4243: arm-linux-cc -c conftest.c -o conftest2.o
ERROR: ld.so: object 'libfakeroot-sysv.so' from LD_PRELOAD cannot be preloaded (wrong ELF class: ELFCLASS64): ignored.
ERROR: ld.so: object 'libfakeroot-sysv.so' from LD_PRELOAD cannot be preloaded (wrong ELF class: ELFCLASS64): ignored.
ERROR: ld.so: object 'libfakeroot-sysv.so' from LD_PRELOAD cannot be preloaded (wrong ELF class: ELFCLASS64): ignored.
configure:4246: $? = 0
configure:4243: arm-linux-cc -c conftest.c -o conftest2.o
ERROR: ld.so: object 'libfakeroot-sysv.so' from LD_PRELOAD cannot be preloaded (wrong ELF class: ELFCLASS64): ignored.
ERROR: ld.so: object 'libfakeroot-sysv.so' from LD_PRELOAD cannot be preloaded (wrong ELF class: ELFCLASS64): ignored.
ERROR: ld.so: object 'libfakeroot-sysv.so' from LD_PRELOAD cannot be preloaded (wrong ELF class: ELFCLASS64): ignored.
configure:4246: $? = 0
configure:4258: result: yes
configure:4277: checking dependency style of arm-linux-cc
configure:4388: result: gcc3
configure:4407: checking build system type
configure:4421: result: x86_64-pc-linux-gnu
configure:4441: checking host system type
configure:4454: result: arm-unknown-linux-gnu
configure:4499: checking for ld used by arm-linux-cc
ERROR: ld.so: object 'libfakeroot-sysv.so' from LD_PRELOAD cannot be preloaded (wrong ELF class: ELFCLASS64): ignored.
configure:4566: result: arm-buildroot-linux-gnueabi-ld
configure:4573: checking if the linker (arm-buildroot-linux-gnueabi-ld) is GNU ld
configure:4588: result: yes
configure:4595: checking for shared library run path origin
configure:4608: result: done
configure:4633: checking how to run the C preprocessor
configure:4664: arm-linux-cc -E  conftest.c
ERROR: ld.so: object 'libfakeroot-sysv.so' from LD_PRELOAD cannot be preloaded (wrong ELF class: ELFCLASS64): ignored.
ERROR: ld.so: object 'libfakeroot-sysv.so' from LD_PRELOAD cannot be preloaded (wrong ELF class: ELFCLASS64): ignored.
configure:4664: $? = 0
configure:4678: arm-linux-cc -E  conftest.c
ERROR: ld.so: object 'libfakeroot-sysv.so' from LD_PRELOAD cannot be preloaded (wrong ELF class: ELFCLASS64): ignored.
ERROR: ld.so: object 'libfakeroot-sysv.so' from LD_PRELOAD cannot be preloaded (wrong ELF class: ELFCLASS64): ignored.
conftest.c:11:28: fatal error: ac_nonexistent.h: No such file or directory
 #include <ac_nonexistent.h>
                            ^
compilation terminated.
configure:4678: $? = 1
configure: failed program was:
| /* confdefs.h */
| #define PACKAGE_NAME "alsa-utils"
| #define PACKAGE_TARNAME "alsa-utils"
| #define PACKAGE_VERSION "1.2.3"
| #define PACKAGE_STRING "alsa-utils 1.2.3"
| #define PACKAGE_BUGREPORT ""
| #define PACKAGE_URL ""
| #define PACKAGE "alsa-utils"
| #define VERSION "1.2.3"
| /* end confdefs.h.  */
| #include <ac_nonexistent.h>
configure:4703: result: arm-linux-cc -E
configure:4723: arm-linux-cc -E  conftest.c
ERROR: ld.so: object 'libfakeroot-sysv.so' from LD_PRELOAD cannot be preloaded (wrong ELF class: ELFCLASS64): ignored.
ERROR: ld.so: object 'libfakeroot-sysv.so' from LD_PRELOAD cannot be preloaded (wrong ELF class: ELFCLASS64): ignored.
configure:4723: $? = 0
configure:4737: arm-linux-cc -E  conftest.c
ERROR: ld.so: object 'libfakeroot-sysv.so' from LD_PRELOAD cannot be preloaded (wrong ELF class: ELFCLASS64): ignored.
ERROR: ld.so: object 'libfakeroot-sysv.so' from LD_PRELOAD cannot be preloaded (wrong ELF class: ELFCLASS64): ignored.
conftest.c:11:28: fatal error: ac_nonexistent.h: No such file or directory
 #include <ac_nonexistent.h>
                            ^
compilation terminated.
configure:4737: $? = 1
configure: failed program was:
| /* confdefs.h */
| #define PACKAGE_NAME "alsa-utils"
| #define PACKAGE_TARNAME "alsa-utils"
| #define PACKAGE_VERSION "1.2.3"
| #define PACKAGE_STRING "alsa-utils 1.2.3"
| #define PACKAGE_BUGREPORT ""
| #define PACKAGE_URL ""
| #define PACKAGE "alsa-utils"
| #define VERSION "1.2.3"
| /* end confdefs.h.  */
| #include <ac_nonexistent.h>
configure:4766: checking for grep that handles long lines and -e
configure:4824: result: /bin/grep
configure:4829: checking for egrep
configure:4891: result: /bin/grep -E
configure:5449: checking for CFPreferencesCopyAppValue
configure:5467: arm-linux-cc -o conftest -I/proj/mtk08176/git_test/7523_0918_0301/tclinux_phoenix/apps/public/alsa-lib-1.2.3.2/include  -L/proj/mtk08176/git_test/7523_0918_0301/tclinux_phoenix/apps/public/alsa-lib-1.2.3.2/target/lib/ conftest.c  -Wl,-framework -Wl,CoreFoundation >&5
ERROR: ld.so: object 'libfakeroot-sysv.so' from LD_PRELOAD cannot be preloaded (wrong ELF class: ELFCLASS64): ignored.
ERROR: ld.so: object 'libfakeroot-sysv.so' from LD_PRELOAD cannot be preloaded (wrong ELF class: ELFCLASS64): ignored.
conftest.c:11:42: fatal error: CoreFoundation/CFPreferences.h: No such file or directory
 #include <CoreFoundation/CFPreferences.h>
                                          ^
compilation terminated.
configure:5467: $? = 1
configure: failed program was:
| /* confdefs.h */
| #define PACKAGE_NAME "alsa-utils"
| #define PACKAGE_TARNAME "alsa-utils"
| #define PACKAGE_VERSION "1.2.3"
| #define PACKAGE_STRING "alsa-utils 1.2.3"
| #define PACKAGE_BUGREPORT ""
| #define PACKAGE_URL ""
| #define PACKAGE "alsa-utils"
| #define VERSION "1.2.3"
| /* end confdefs.h.  */
| #include <CoreFoundation/CFPreferences.h>
| int
| main ()
| {
| CFPreferencesCopyAppValue(NULL, NULL)
|   ;
|   return 0;
| }
configure:5476: result: no
configure:5483: checking for CFLocaleCopyCurrent
configure:5501: arm-linux-cc -o conftest -I/proj/mtk08176/git_test/7523_0918_0301/tclinux_phoenix/apps/public/alsa-lib-1.2.3.2/include  -L/proj/mtk08176/git_test/7523_0918_0301/tclinux_phoenix/apps/public/alsa-lib-1.2.3.2/target/lib/ conftest.c  -Wl,-framework -Wl,CoreFoundation >&5
ERROR: ld.so: object 'libfakeroot-sysv.so' from LD_PRELOAD cannot be preloaded (wrong ELF class: ELFCLASS64): ignored.
ERROR: ld.so: object 'libfakeroot-sysv.so' from LD_PRELOAD cannot be preloaded (wrong ELF class: ELFCLASS64): ignored.
conftest.c:11:37: fatal error: CoreFoundation/CFLocale.h: No such file or directory
 #include <CoreFoundation/CFLocale.h>
                                     ^
compilation terminated.
configure:5501: $? = 1
configure: failed program was:
| /* confdefs.h */
| #define PACKAGE_NAME "alsa-utils"
| #define PACKAGE_TARNAME "alsa-utils"
| #define PACKAGE_VERSION "1.2.3"
| #define PACKAGE_STRING "alsa-utils 1.2.3"
| #define PACKAGE_BUGREPORT ""
| #define PACKAGE_URL ""
| #define PACKAGE "alsa-utils"
| #define VERSION "1.2.3"
| /* end confdefs.h.  */
| #include <CoreFoundation/CFLocale.h>
| int
| main ()
| {
| CFLocaleCopyCurrent();
|   ;
|   return 0;
| }
configure:5510: result: no
configure:5559: checking for GNU gettext in libc
configure:5588: arm-linux-cc -o conftest -I/proj/mtk08176/git_test/7523_0918_0301/tclinux_phoenix/apps/public/alsa-lib-1.2.3.2/include  -L/proj/mtk08176/git_test/7523_0918_0301/tclinux_phoenix/apps/public/alsa-lib-1.2.3.2/target/lib/ conftest.c  >&5
ERROR: ld.so: object 'libfakeroot-sysv.so' from LD_PRELOAD cannot be preloaded (wrong ELF class: ELFCLASS64): ignored.
ERROR: ld.so: object 'libfakeroot-sysv.so' from LD_PRELOAD cannot be preloaded (wrong ELF class: ELFCLASS64): ignored.
ERROR: ld.so: object 'libfakeroot-sysv.so' from LD_PRELOAD cannot be preloaded (wrong ELF class: ELFCLASS64): ignored.
ERROR: ld.so: object 'libfakeroot-sysv.so' from LD_PRELOAD cannot be preloaded (wrong ELF class: ELFCLASS64): ignored.
ERROR: ld.so: object 'libfakeroot-sysv.so' from LD_PRELOAD cannot be preloaded (wrong ELF class: ELFCLASS64): ignored.
configure:5588: $? = 0
configure:5597: result: yes
configure:6444: checking whether to use NLS
configure:6446: result: yes
configure:6449: checking where the gettext function comes from
configure:6460: result: libc
configure:6528: checking for arm-linux-gcc
configure:6555: result: arm-linux-cc
configure:6824: checking for C compiler version
configure:6833: arm-linux-cc --version >&5
arm-linux-cc (Buildroot 2015.08.1-g6a3c3ed-dirty) 4.9.3
Copyright (C) 2015 Free Software Foundation, Inc.
This is free software; see the source for copying conditions.  There is NO
warranty; not even for MERCHANTABILITY or FITNESS FOR A PARTICULAR PURPOSE.

ERROR: ld.so: object 'libfakeroot-sysv.so' from LD_PRELOAD cannot be preloaded (wrong ELF class: ELFCLASS64): ignored.
configure:6844: $? = 0
configure:6833: arm-linux-cc -v >&5
ERROR: ld.so: object 'libfakeroot-sysv.so' from LD_PRELOAD cannot be preloaded (wrong ELF class: ELFCLASS64): ignored.
Using built-in specs.
COLLECT_GCC=arm-linux-cc
COLLECT_LTO_WRAPPER=/mtkeda/bbn/trendchip/buildroot-gcc493_glibc222_arm32_32bServer/usr/libexec/gcc/arm-buildroot-linux-gnueabi/4.9.3/lto-wrapper
Target: arm-buildroot-linux-gnueabi
Configured with: ./configure --prefix=/mtkeda/bbn/trendchip/buildroot-gcc493_glibc222_arm32_32bServer/usr --sysconfdir=/mtkeda/bbn/trendchip/buildroot-gcc493_glibc222_arm32_32bServer/etc --enable-static --target=arm-buildroot-linux-gnueabi --with-sysroot=/mtkeda/bbn/trendchip/buildroot-gcc493_glibc222_arm32_32bServer/usr/arm-buildroot-linux-gnueabi/sysroot --disable-__cxa_atexit --with-gnu-ld --disable-libssp --disable-multilib --with-gmp=/mtkeda/bbn/trendchip/buildroot-gcc493_glibc222_arm32_32bServer/usr --with-mpfr=/mtkeda/bbn/trendchip/buildroot-gcc493_glibc222_arm32_32bServer/usr --with-pkgversion='Buildroot 2015.08.1-g6a3c3ed-dirty' --with-bugurl=http://bugs.buildroot.net/ --disable-libquadmath --enable-tls --enable-plugins --enable-lto --disable-libmudflap --enable-threads --with-mpc=/mtkeda/bbn/trendchip/buildroot-gcc493_glibc222_arm32_32bServer/usr --without-isl --without-cloog --with-float=soft --disable-decimal-float --with-abi=aapcs-linux --with-cpu=cortex-a5 --with-float=soft --with-mode=arm --enable-languages=c,c++ --enable-poison-system-directories --with-build-time-tools=/mtkeda/bbn/trendchip/buildroot-gcc493_glibc222_arm32_32bServer/usr/arm-buildroot-linux-gnueabi/bin --enable-shared --disable-libgomp --without-fp
Thread model: posix
gcc version 4.9.3 (Buildroot 2015.08.1-g6a3c3ed-dirty) 
configure:6844: $? = 0
configure:6833: arm-linux-cc -V >&5
ERROR: ld.so: object 'libfakeroot-sysv.so' from LD_PRELOAD cannot be preloaded (wrong ELF class: ELFCLASS64): ignored.
arm-linux-cc: error: unrecognized command line option '-V'
arm-linux-cc: fatal error: no input files
compilation terminated.
configure:6844: $? = 1
configure:6833: arm-linux-cc -qversion >&5
ERROR: ld.so: object 'libfakeroot-sysv.so' from LD_PRELOAD cannot be preloaded (wrong ELF class: ELFCLASS64): ignored.
arm-linux-cc: error: unrecognized command line option '-qversion'
arm-linux-cc: fatal error: no input files
compilation terminated.
configure:6844: $? = 1
configure:6848: checking whether we are using the GNU C compiler
configure:6876: result: yes
configure:6885: checking whether arm-linux-cc accepts -g
configure:6946: result: yes
configure:6963: checking for arm-linux-cc option to accept ISO C89
configure:7039: result: none needed
configure:7064: checking whether arm-linux-cc understands -c and -o together
configure:7101: result: yes
configure:7120: checking dependency style of arm-linux-cc
configure:7231: result: gcc3
configure:7248: checking whether ln -s works
configure:7252: result: yes
configure:7259: checking for a sed that does not truncate output
configure:7323: result: /bin/sed
configure:7339: checking for arm-linux-pkg-config
configure:7372: result: no
configure:7382: checking for pkg-config
configure:7400: found /opt/trendchip/buildroot-gcc493_glibc222_arm32_32bServer/usr/bin//pkg-config
configure:7412: result: /opt/trendchip/buildroot-gcc493_glibc222_arm32_32bServer/usr/bin//pkg-config
configure:7424: WARNING: using cross tools not prefixed with host triplet
configure:7437: checking pkg-config is at least version 0.9.0
configure:7440: result: yes
configure:7479: checking for ALSA CFLAGS
configure:7485: result: 
configure:7488: checking for ALSA LDFLAGS
configure:7497: result:  -lasound -lm -ldl -lpthread
configure:7502: checking for libasound headers version >= 1.0.27
configure:7564: arm-linux-cc -c -I/proj/mtk08176/git_test/7523_0918_0301/tclinux_phoenix/apps/public/alsa-lib-1.2.3.2/include  conftest.c >&5
ERROR: ld.so: object 'libfakeroot-sysv.so' from LD_PRELOAD cannot be preloaded (wrong ELF class: ELFCLASS64): ignored.
ERROR: ld.so: object 'libfakeroot-sysv.so' from LD_PRELOAD cannot be preloaded (wrong ELF class: ELFCLASS64): ignored.
ERROR: ld.so: object 'libfakeroot-sysv.so' from LD_PRELOAD cannot be preloaded (wrong ELF class: ELFCLASS64): ignored.
configure:7564: $? = 0
configure:7565: result: found.
configure:7584: checking for snd_ctl_open in -lasound
configure:7609: arm-linux-cc -o conftest -I/proj/mtk08176/git_test/7523_0918_0301/tclinux_phoenix/apps/public/alsa-lib-1.2.3.2/include  -L/proj/mtk08176/git_test/7523_0918_0301/tclinux_phoenix/apps/public/alsa-lib-1.2.3.2/target/lib/ conftest.c -lasound   -lasound -lm -ldl -lpthread  >&5
ERROR: ld.so: object 'libfakeroot-sysv.so' from LD_PRELOAD cannot be preloaded (wrong ELF class: ELFCLASS64): ignored.
ERROR: ld.so: object 'libfakeroot-sysv.so' from LD_PRELOAD cannot be preloaded (wrong ELF class: ELFCLASS64): ignored.
ERROR: ld.so: object 'libfakeroot-sysv.so' from LD_PRELOAD cannot be preloaded (wrong ELF class: ELFCLASS64): ignored.
ERROR: ld.so: object 'libfakeroot-sysv.so' from LD_PRELOAD cannot be preloaded (wrong ELF class: ELFCLASS64): ignored.
ERROR: ld.so: object 'libfakeroot-sysv.so' from LD_PRELOAD cannot be preloaded (wrong ELF class: ELFCLASS64): ignored.
configure:7609: $? = 0
configure:7618: result: yes
configure:7654: checking for snd_ctl_elem_add_enumerated
configure:7654: arm-linux-cc -o conftest -I/proj/mtk08176/git_test/7523_0918_0301/tclinux_phoenix/apps/public/alsa-lib-1.2.3.2/include  -L/proj/mtk08176/git_test/7523_0918_0301/tclinux_phoenix/apps/public/alsa-lib-1.2.3.2/target/lib/ conftest.c -lasound -lm -ldl -lpthread >&5
ERROR: ld.so: object 'libfakeroot-sysv.so' from LD_PRELOAD cannot be preloaded (wrong ELF class: ELFCLASS64): ignored.
ERROR: ld.so: object 'libfakeroot-sysv.so' from LD_PRELOAD cannot be preloaded (wrong ELF class: ELFCLASS64): ignored.
ERROR: ld.so: object 'libfakeroot-sysv.so' from LD_PRELOAD cannot be preloaded (wrong ELF class: ELFCLASS64): ignored.
ERROR: ld.so: object 'libfakeroot-sysv.so' from LD_PRELOAD cannot be preloaded (wrong ELF class: ELFCLASS64): ignored.
ERROR: ld.so: object 'libfakeroot-sysv.so' from LD_PRELOAD cannot be preloaded (wrong ELF class: ELFCLASS64): ignored.
configure:7654: $? = 0
configure:7654: result: yes
configure:7665: checking for alsa/pcm.h
configure:7665: arm-linux-cc -c -I/proj/mtk08176/git_test/7523_0918_0301/tclinux_phoenix/apps/public/alsa-lib-1.2.3.2/include  conftest.c >&5
ERROR: ld.so: object 'libfakeroot-sysv.so' from LD_PRELOAD cannot be preloaded (wrong ELF class: ELFCLASS64): ignored.
ERROR: ld.so: object 'libfakeroot-sysv.so' from LD_PRELOAD cannot be preloaded (wrong ELF class: ELFCLASS64): ignored.
ERROR: ld.so: object 'libfakeroot-sysv.so' from LD_PRELOAD cannot be preloaded (wrong ELF class: ELFCLASS64): ignored.
configure:7665: $? = 0
configure:7665: result: yes
configure:7680: checking for alsa/mixer.h
configure:7680: arm-linux-cc -c -I/proj/mtk08176/git_test/7523_0918_0301/tclinux_phoenix/apps/public/alsa-lib-1.2.3.2/include  conftest.c >&5
ERROR: ld.so: object 'libfakeroot-sysv.so' from LD_PRELOAD cannot be preloaded (wrong ELF class: ELFCLASS64): ignored.
ERROR: ld.so: object 'libfakeroot-sysv.so' from LD_PRELOAD cannot be preloaded (wrong ELF class: ELFCLASS64): ignored.
ERROR: ld.so: object 'libfakeroot-sysv.so' from LD_PRELOAD cannot be preloaded (wrong ELF class: ELFCLASS64): ignored.
configure:7680: $? = 0
configure:7680: result: yes
configure:7695: checking for alsa/rawmidi.h
configure:7695: arm-linux-cc -c -I/proj/mtk08176/git_test/7523_0918_0301/tclinux_phoenix/apps/public/alsa-lib-1.2.3.2/include  conftest.c >&5
ERROR: ld.so: object 'libfakeroot-sysv.so' from LD_PRELOAD cannot be preloaded (wrong ELF class: ELFCLASS64): ignored.
ERROR: ld.so: object 'libfakeroot-sysv.so' from LD_PRELOAD cannot be preloaded (wrong ELF class: ELFCLASS64): ignored.
ERROR: ld.so: object 'libfakeroot-sysv.so' from LD_PRELOAD cannot be preloaded (wrong ELF class: ELFCLASS64): ignored.
configure:7695: $? = 0
configure:7695: result: yes
configure:7710: checking for alsa/seq.h
configure:7710: arm-linux-cc -c -I/proj/mtk08176/git_test/7523_0918_0301/tclinux_phoenix/apps/public/alsa-lib-1.2.3.2/include  conftest.c >&5
ERROR: ld.so: object 'libfakeroot-sysv.so' from LD_PRELOAD cannot be preloaded (wrong ELF class: ELFCLASS64): ignored.
ERROR: ld.so: object 'libfakeroot-sysv.so' from LD_PRELOAD cannot be preloaded (wrong ELF class: ELFCLASS64): ignored.
ERROR: ld.so: object 'libfakeroot-sysv.so' from LD_PRELOAD cannot be preloaded (wrong ELF class: ELFCLASS64): ignored.
configure:7710: $? = 0
configure:7710: result: yes
configure:7725: checking for alsa/use-case.h
configure:7725: arm-linux-cc -c -I/proj/mtk08176/git_test/7523_0918_0301/tclinux_phoenix/apps/public/alsa-lib-1.2.3.2/include  conftest.c >&5
ERROR: ld.so: object 'libfakeroot-sysv.so' from LD_PRELOAD cannot be preloaded (wrong ELF class: ELFCLASS64): ignored.
ERROR: ld.so: object 'libfakeroot-sysv.so' from LD_PRELOAD cannot be preloaded (wrong ELF class: ELFCLASS64): ignored.
ERROR: ld.so: object 'libfakeroot-sysv.so' from LD_PRELOAD cannot be preloaded (wrong ELF class: ELFCLASS64): ignored.
configure:7725: $? = 0
configure:7725: result: yes
configure:7740: checking for alsa/topology.h
configure:7740: arm-linux-cc -c -I/proj/mtk08176/git_test/7523_0918_0301/tclinux_phoenix/apps/public/alsa-lib-1.2.3.2/include  conftest.c >&5
ERROR: ld.so: object 'libfakeroot-sysv.so' from LD_PRELOAD cannot be preloaded (wrong ELF class: ELFCLASS64): ignored.
ERROR: ld.so: object 'libfakeroot-sysv.so' from LD_PRELOAD cannot be preloaded (wrong ELF class: ELFCLASS64): ignored.
ERROR: ld.so: object 'libfakeroot-sysv.so' from LD_PRELOAD cannot be preloaded (wrong ELF class: ELFCLASS64): ignored.
configure:7740: $? = 0
configure:7740: result: yes
configure:7755: checking for samplerate.h
configure:7755: arm-linux-cc -c -I/proj/mtk08176/git_test/7523_0918_0301/tclinux_phoenix/apps/public/alsa-lib-1.2.3.2/include  conftest.c >&5
ERROR: ld.so: object 'libfakeroot-sysv.so' from LD_PRELOAD cannot be preloaded (wrong ELF class: ELFCLASS64): ignored.
ERROR: ld.so: object 'libfakeroot-sysv.so' from LD_PRELOAD cannot be preloaded (wrong ELF class: ELFCLASS64): ignored.
conftest.c:21:24: fatal error: samplerate.h: No such file or directory
 #include <samplerate.h>
                        ^
compilation terminated.
configure:7755: $? = 1
configure: failed program was:
| /* confdefs.h */
| #define PACKAGE_NAME "alsa-utils"
| #define PACKAGE_TARNAME "alsa-utils"
| #define PACKAGE_VERSION "1.2.3"
| #define PACKAGE_STRING "alsa-utils 1.2.3"
| #define PACKAGE_BUGREPORT ""
| #define PACKAGE_URL ""
| #define PACKAGE "alsa-utils"
| #define VERSION "1.2.3"
| #define ENABLE_NLS 1
| #define HAVE_GETTEXT 1
| #define HAVE_DCGETTEXT 1
| #define HAVE_LIBASOUND 1
| #define HAVE_ALSA_PCM_H 1
| #define HAVE_ALSA_MIXER_H 1
| #define HAVE_ALSA_RAWMIDI_H 1
| #define HAVE_ALSA_SEQ_H 1
| #define HAVE_ALSA_USE_CASE_H 1
| #define HAVE_ALSA_TOPOLOGY_H 1
| /* end confdefs.h.  */
| #include <samplerate.h>
| 
| #include <samplerate.h>
configure:7755: result: no
configure:7769: checking for snd_seq_client_info_get_card in -lasound
configure:7794: arm-linux-cc -o conftest -I/proj/mtk08176/git_test/7523_0918_0301/tclinux_phoenix/apps/public/alsa-lib-1.2.3.2/include  -L/proj/mtk08176/git_test/7523_0918_0301/tclinux_phoenix/apps/public/alsa-lib-1.2.3.2/target/lib/ conftest.c -lasound  -lasound -lm -ldl -lpthread >&5
ERROR: ld.so: object 'libfakeroot-sysv.so' from LD_PRELOAD cannot be preloaded (wrong ELF class: ELFCLASS64): ignored.
ERROR: ld.so: object 'libfakeroot-sysv.so' from LD_PRELOAD cannot be preloaded (wrong ELF class: ELFCLASS64): ignored.
ERROR: ld.so: object 'libfakeroot-sysv.so' from LD_PRELOAD cannot be preloaded (wrong ELF class: ELFCLASS64): ignored.
ERROR: ld.so: object 'libfakeroot-sysv.so' from LD_PRELOAD cannot be preloaded (wrong ELF class: ELFCLASS64): ignored.
ERROR: ld.so: object 'libfakeroot-sysv.so' from LD_PRELOAD cannot be preloaded (wrong ELF class: ELFCLASS64): ignored.
configure:7794: $? = 0
configure:7803: result: yes
configure:7814: checking for snd_seq_client_info_get_pid in -lasound
configure:7839: arm-linux-cc -o conftest -I/proj/mtk08176/git_test/7523_0918_0301/tclinux_phoenix/apps/public/alsa-lib-1.2.3.2/include  -L/proj/mtk08176/git_test/7523_0918_0301/tclinux_phoenix/apps/public/alsa-lib-1.2.3.2/target/lib/ conftest.c -lasound  -lasound -lm -ldl -lpthread >&5
ERROR: ld.so: object 'libfakeroot-sysv.so' from LD_PRELOAD cannot be preloaded (wrong ELF class: ELFCLASS64): ignored.
ERROR: ld.so: object 'libfakeroot-sysv.so' from LD_PRELOAD cannot be preloaded (wrong ELF class: ELFCLASS64): ignored.
ERROR: ld.so: object 'libfakeroot-sysv.so' from LD_PRELOAD cannot be preloaded (wrong ELF class: ELFCLASS64): ignored.
ERROR: ld.so: object 'libfakeroot-sysv.so' from LD_PRELOAD cannot be preloaded (wrong ELF class: ELFCLASS64): ignored.
ERROR: ld.so: object 'libfakeroot-sysv.so' from LD_PRELOAD cannot be preloaded (wrong ELF class: ELFCLASS64): ignored.
configure:7839: $? = 0
configure:7848: result: yes
configure:7859: checking for snd_tplg_save in -latopology
configure:7884: arm-linux-cc -o conftest -I/proj/mtk08176/git_test/7523_0918_0301/tclinux_phoenix/apps/public/alsa-lib-1.2.3.2/include  -L/proj/mtk08176/git_test/7523_0918_0301/tclinux_phoenix/apps/public/alsa-lib-1.2.3.2/target/lib/ conftest.c -latopology  -lasound -lm -ldl -lpthread >&5
ERROR: ld.so: object 'libfakeroot-sysv.so' from LD_PRELOAD cannot be preloaded (wrong ELF class: ELFCLASS64): ignored.
ERROR: ld.so: object 'libfakeroot-sysv.so' from LD_PRELOAD cannot be preloaded (wrong ELF class: ELFCLASS64): ignored.
ERROR: ld.so: object 'libfakeroot-sysv.so' from LD_PRELOAD cannot be preloaded (wrong ELF class: ELFCLASS64): ignored.
ERROR: ld.so: object 'libfakeroot-sysv.so' from LD_PRELOAD cannot be preloaded (wrong ELF class: ELFCLASS64): ignored.
ERROR: ld.so: object 'libfakeroot-sysv.so' from LD_PRELOAD cannot be preloaded (wrong ELF class: ELFCLASS64): ignored.
configure:7884: $? = 0
configure:7893: result: yes
configure:7909: checking for ffado_streaming_init in -lffado
configure:7934: arm-linux-cc -o conftest -I/proj/mtk08176/git_test/7523_0918_0301/tclinux_phoenix/apps/public/alsa-lib-1.2.3.2/include  -L/proj/mtk08176/git_test/7523_0918_0301/tclinux_phoenix/apps/public/alsa-lib-1.2.3.2/target/lib/ conftest.c -lffado  -lasound -lm -ldl -lpthread >&5
ERROR: ld.so: object 'libfakeroot-sysv.so' from LD_PRELOAD cannot be preloaded (wrong ELF class: ELFCLASS64): ignored.
ERROR: ld.so: object 'libfakeroot-sysv.so' from LD_PRELOAD cannot be preloaded (wrong ELF class: ELFCLASS64): ignored.
ERROR: ld.so: object 'libfakeroot-sysv.so' from LD_PRELOAD cannot be preloaded (wrong ELF class: ELFCLASS64): ignored.
ERROR: ld.so: object 'libfakeroot-sysv.so' from LD_PRELOAD cannot be preloaded (wrong ELF class: ELFCLASS64): ignored.
ERROR: ld.so: object 'libfakeroot-sysv.so' from LD_PRELOAD cannot be preloaded (wrong ELF class: ELFCLASS64): ignored.
/mtkeda/bbn/trendchip/buildroot-gcc493_glibc222_arm32_32bServer/usr/lib/gcc/arm-buildroot-linux-gnueabi/4.9.3/../../../../arm-buildroot-linux-gnueabi/bin/ld: cannot find -lffado
collect2: error: ld returned 1 exit status
configure:7934: $? = 1
configure: failed program was:
| /* confdefs.h */
| #define PACKAGE_NAME "alsa-utils"
| #define PACKAGE_TARNAME "alsa-utils"
| #define PACKAGE_VERSION "1.2.3"
| #define PACKAGE_STRING "alsa-utils 1.2.3"
| #define PACKAGE_BUGREPORT ""
| #define PACKAGE_URL ""
| #define PACKAGE "alsa-utils"
| #define VERSION "1.2.3"
| #define ENABLE_NLS 1
| #define HAVE_GETTEXT 1
| #define HAVE_DCGETTEXT 1
| #define HAVE_LIBASOUND 1
| #define HAVE_ALSA_PCM_H 1
| #define HAVE_ALSA_MIXER_H 1
| #define HAVE_ALSA_RAWMIDI_H 1
| #define HAVE_ALSA_SEQ_H 1
| #define HAVE_ALSA_USE_CASE_H 1
| #define HAVE_ALSA_TOPOLOGY_H 1
| #define HAVE_SEQ_CLIENT_INFO_GET_CARD 1
| #define HAVE_SEQ_CLIENT_INFO_GET_PID 1
| /* end confdefs.h.  */
| 
| /* Override any GCC internal prototype to avoid an error.
|    Use char because int might match the return type of a GCC
|    builtin and then its argument prototype would still apply.  */
| #ifdef __cplusplus
| extern "C"
| #endif
| char ffado_streaming_init ();
| int
| main ()
| {
| return ffado_streaming_init ();
|   ;
|   return 0;
| }
configure:7943: result: no
configure:8067: checking for fftwf_malloc in -lfftw3f
configure:8092: arm-linux-cc -o conftest -I/proj/mtk08176/git_test/7523_0918_0301/tclinux_phoenix/apps/public/alsa-lib-1.2.3.2/include  -L/proj/mtk08176/git_test/7523_0918_0301/tclinux_phoenix/apps/public/alsa-lib-1.2.3.2/target/lib/ conftest.c -lfftw3f  -lasound -lm -ldl -lpthread >&5
ERROR: ld.so: object 'libfakeroot-sysv.so' from LD_PRELOAD cannot be preloaded (wrong ELF class: ELFCLASS64): ignored.
ERROR: ld.so: object 'libfakeroot-sysv.so' from LD_PRELOAD cannot be preloaded (wrong ELF class: ELFCLASS64): ignored.
ERROR: ld.so: object 'libfakeroot-sysv.so' from LD_PRELOAD cannot be preloaded (wrong ELF class: ELFCLASS64): ignored.
ERROR: ld.so: object 'libfakeroot-sysv.so' from LD_PRELOAD cannot be preloaded (wrong ELF class: ELFCLASS64): ignored.
ERROR: ld.so: object 'libfakeroot-sysv.so' from LD_PRELOAD cannot be preloaded (wrong ELF class: ELFCLASS64): ignored.
/mtkeda/bbn/trendchip/buildroot-gcc493_glibc222_arm32_32bServer/usr/lib/gcc/arm-buildroot-linux-gnueabi/4.9.3/../../../../arm-buildroot-linux-gnueabi/bin/ld: cannot find -lfftw3f
collect2: error: ld returned 1 exit status
configure:8092: $? = 1
configure: failed program was:
| /* confdefs.h */
| #define PACKAGE_NAME "alsa-utils"
| #define PACKAGE_TARNAME "alsa-utils"
| #define PACKAGE_VERSION "1.2.3"
| #define PACKAGE_STRING "alsa-utils 1.2.3"
| #define PACKAGE_BUGREPORT ""
| #define PACKAGE_URL ""
| #define PACKAGE "alsa-utils"
| #define VERSION "1.2.3"
| #define ENABLE_NLS 1
| #define HAVE_GETTEXT 1
| #define HAVE_DCGETTEXT 1
| #define HAVE_LIBASOUND 1
| #define HAVE_ALSA_PCM_H 1
| #define HAVE_ALSA_MIXER_H 1
| #define HAVE_ALSA_RAWMIDI_H 1
| #define HAVE_ALSA_SEQ_H 1
| #define HAVE_ALSA_USE_CASE_H 1
| #define HAVE_ALSA_TOPOLOGY_H 1
| #define HAVE_SEQ_CLIENT_INFO_GET_CARD 1
| #define HAVE_SEQ_CLIENT_INFO_GET_PID 1
| /* end confdefs.h.  */
| 
| /* Override any GCC internal prototype to avoid an error.
|    Use char because int might match the return type of a GCC
|    builtin and then its argument prototype would still apply.  */
| #ifdef __cplusplus
| extern "C"
| #endif
| char fftwf_malloc ();
| int
| main ()
| {
| return fftwf_malloc ();
|   ;
|   return 0;
| }
configure:8101: result: no
configure:8165: checking for sqrtf in -lm
configure:8190: arm-linux-cc -o conftest -I/proj/mtk08176/git_test/7523_0918_0301/tclinux_phoenix/apps/public/alsa-lib-1.2.3.2/include  -L/proj/mtk08176/git_test/7523_0918_0301/tclinux_phoenix/apps/public/alsa-lib-1.2.3.2/target/lib/ conftest.c -lm  -lasound -lm -ldl -lpthread >&5
ERROR: ld.so: object 'libfakeroot-sysv.so' from LD_PRELOAD cannot be preloaded (wrong ELF class: ELFCLASS64): ignored.
ERROR: ld.so: object 'libfakeroot-sysv.so' from LD_PRELOAD cannot be preloaded (wrong ELF class: ELFCLASS64): ignored.
conftest.c:30:6: warning: conflicting types for built-in function 'sqrtf'
 char sqrtf ();
      ^
ERROR: ld.so: object 'libfakeroot-sysv.so' from LD_PRELOAD cannot be preloaded (wrong ELF class: ELFCLASS64): ignored.
ERROR: ld.so: object 'libfakeroot-sysv.so' from LD_PRELOAD cannot be preloaded (wrong ELF class: ELFCLASS64): ignored.
ERROR: ld.so: object 'libfakeroot-sysv.so' from LD_PRELOAD cannot be preloaded (wrong ELF class: ELFCLASS64): ignored.
configure:8190: $? = 0
configure:8199: result: yes
configure:8212: checking for pthread_create in -lpthread
configure:8237: arm-linux-cc -o conftest -I/proj/mtk08176/git_test/7523_0918_0301/tclinux_phoenix/apps/public/alsa-lib-1.2.3.2/include  -L/proj/mtk08176/git_test/7523_0918_0301/tclinux_phoenix/apps/public/alsa-lib-1.2.3.2/target/lib/ conftest.c -lpthread  -lm -lasound -lm -ldl -lpthread >&5
ERROR: ld.so: object 'libfakeroot-sysv.so' from LD_PRELOAD cannot be preloaded (wrong ELF class: ELFCLASS64): ignored.
ERROR: ld.so: object 'libfakeroot-sysv.so' from LD_PRELOAD cannot be preloaded (wrong ELF class: ELFCLASS64): ignored.
ERROR: ld.so: object 'libfakeroot-sysv.so' from LD_PRELOAD cannot be preloaded (wrong ELF class: ELFCLASS64): ignored.
ERROR: ld.so: object 'libfakeroot-sysv.so' from LD_PRELOAD cannot be preloaded (wrong ELF class: ELFCLASS64): ignored.
ERROR: ld.so: object 'libfakeroot-sysv.so' from LD_PRELOAD cannot be preloaded (wrong ELF class: ELFCLASS64): ignored.
configure:8237: $? = 0
configure:8246: result: yes
configure:8287: checking for librt
configure:8298: checking for clock_gettime in -lrt
configure:8323: arm-linux-cc -o conftest -I/proj/mtk08176/git_test/7523_0918_0301/tclinux_phoenix/apps/public/alsa-lib-1.2.3.2/include  -L/proj/mtk08176/git_test/7523_0918_0301/tclinux_phoenix/apps/public/alsa-lib-1.2.3.2/target/lib/ conftest.c -lrt  -lasound -lm -ldl -lpthread >&5
ERROR: ld.so: object 'libfakeroot-sysv.so' from LD_PRELOAD cannot be preloaded (wrong ELF class: ELFCLASS64): ignored.
ERROR: ld.so: object 'libfakeroot-sysv.so' from LD_PRELOAD cannot be preloaded (wrong ELF class: ELFCLASS64): ignored.
ERROR: ld.so: object 'libfakeroot-sysv.so' from LD_PRELOAD cannot be preloaded (wrong ELF class: ELFCLASS64): ignored.
ERROR: ld.so: object 'libfakeroot-sysv.so' from LD_PRELOAD cannot be preloaded (wrong ELF class: ELFCLASS64): ignored.
ERROR: ld.so: object 'libfakeroot-sysv.so' from LD_PRELOAD cannot be preloaded (wrong ELF class: ELFCLASS64): ignored.
configure:8323: $? = 0
configure:8332: result: yes
configure:8429: checking for xmlto
configure:8445: found /usr/bin/xmlto
configure:8456: result: yes
configure:8485: checking for rst2man
configure:8501: found /usr/bin/rst2man
configure:8512: result: yes
configure:8545: checking for ANSI C header files
configure:8565: arm-linux-cc -c -I/proj/mtk08176/git_test/7523_0918_0301/tclinux_phoenix/apps/public/alsa-lib-1.2.3.2/include  conftest.c >&5
ERROR: ld.so: object 'libfakeroot-sysv.so' from LD_PRELOAD cannot be preloaded (wrong ELF class: ELFCLASS64): ignored.
ERROR: ld.so: object 'libfakeroot-sysv.so' from LD_PRELOAD cannot be preloaded (wrong ELF class: ELFCLASS64): ignored.
ERROR: ld.so: object 'libfakeroot-sysv.so' from LD_PRELOAD cannot be preloaded (wrong ELF class: ELFCLASS64): ignored.
configure:8565: $? = 0
ERROR: ld.so: object 'libfakeroot-sysv.so' from LD_PRELOAD cannot be preloaded (wrong ELF class: ELFCLASS64): ignored.
ERROR: ld.so: object 'libfakeroot-sysv.so' from LD_PRELOAD cannot be preloaded (wrong ELF class: ELFCLASS64): ignored.
ERROR: ld.so: object 'libfakeroot-sysv.so' from LD_PRELOAD cannot be preloaded (wrong ELF class: ELFCLASS64): ignored.
ERROR: ld.so: object 'libfakeroot-sysv.so' from LD_PRELOAD cannot be preloaded (wrong ELF class: ELFCLASS64): ignored.
configure:8649: result: yes
configure:9527: checking for an ANSI C-conforming const
configure:9593: arm-linux-cc -c -I/proj/mtk08176/git_test/7523_0918_0301/tclinux_phoenix/apps/public/alsa-lib-1.2.3.2/include  conftest.c >&5
ERROR: ld.so: object 'libfakeroot-sysv.so' from LD_PRELOAD cannot be preloaded (wrong ELF class: ELFCLASS64): ignored.
ERROR: ld.so: object 'libfakeroot-sysv.so' from LD_PRELOAD cannot be preloaded (wrong ELF class: ELFCLASS64): ignored.
ERROR: ld.so: object 'libfakeroot-sysv.so' from LD_PRELOAD cannot be preloaded (wrong ELF class: ELFCLASS64): ignored.
configure:9593: $? = 0
configure:9600: result: yes
configure:9608: checking for inline
configure:9624: arm-linux-cc -c -I/proj/mtk08176/git_test/7523_0918_0301/tclinux_phoenix/apps/public/alsa-lib-1.2.3.2/include  conftest.c >&5
ERROR: ld.so: object 'libfakeroot-sysv.so' from LD_PRELOAD cannot be preloaded (wrong ELF class: ELFCLASS64): ignored.
ERROR: ld.so: object 'libfakeroot-sysv.so' from LD_PRELOAD cannot be preloaded (wrong ELF class: ELFCLASS64): ignored.
ERROR: ld.so: object 'libfakeroot-sysv.so' from LD_PRELOAD cannot be preloaded (wrong ELF class: ELFCLASS64): ignored.
configure:9624: $? = 0
configure:9632: result: inline
configure:9650: checking whether time.h and sys/time.h may both be included
configure:9670: arm-linux-cc -c -I/proj/mtk08176/git_test/7523_0918_0301/tclinux_phoenix/apps/public/alsa-lib-1.2.3.2/include  conftest.c >&5
ERROR: ld.so: object 'libfakeroot-sysv.so' from LD_PRELOAD cannot be preloaded (wrong ELF class: ELFCLASS64): ignored.
ERROR: ld.so: object 'libfakeroot-sysv.so' from LD_PRELOAD cannot be preloaded (wrong ELF class: ELFCLASS64): ignored.
ERROR: ld.so: object 'libfakeroot-sysv.so' from LD_PRELOAD cannot be preloaded (wrong ELF class: ELFCLASS64): ignored.
configure:9670: $? = 0
configure:9677: result: yes
configure:9687: checking whether arm-linux-cc needs -traditional
ERROR: ld.so: object 'libfakeroot-sysv.so' from LD_PRELOAD cannot be preloaded (wrong ELF class: ELFCLASS64): ignored.
ERROR: ld.so: object 'libfakeroot-sysv.so' from LD_PRELOAD cannot be preloaded (wrong ELF class: ELFCLASS64): ignored.
ERROR: ld.so: object 'libfakeroot-sysv.so' from LD_PRELOAD cannot be preloaded (wrong ELF class: ELFCLASS64): ignored.
ERROR: ld.so: object 'libfakeroot-sysv.so' from LD_PRELOAD cannot be preloaded (wrong ELF class: ELFCLASS64): ignored.
configure:9721: result: no
configure:9736: checking for special C compiler options needed for large files
configure:9781: result: no
configure:9787: checking for _FILE_OFFSET_BITS value needed for large files
configure:9812: arm-linux-cc -c -I/proj/mtk08176/git_test/7523_0918_0301/tclinux_phoenix/apps/public/alsa-lib-1.2.3.2/include  conftest.c >&5
ERROR: ld.so: object 'libfakeroot-sysv.so' from LD_PRELOAD cannot be preloaded (wrong ELF class: ELFCLASS64): ignored.
ERROR: ld.so: object 'libfakeroot-sysv.so' from LD_PRELOAD cannot be preloaded (wrong ELF class: ELFCLASS64): ignored.
conftest.c:37:7: error: size of array 'off_t_is_large' is negative
   int off_t_is_large[(LARGE_OFF_T % 2147483629 == 721
       ^
configure:9812: $? = 1
configure: failed program was:
| /* confdefs.h */
| #define PACKAGE_NAME "alsa-utils"
| #define PACKAGE_TARNAME "alsa-utils"
| #define PACKAGE_VERSION "1.2.3"
| #define PACKAGE_STRING "alsa-utils 1.2.3"
| #define PACKAGE_BUGREPORT ""
| #define PACKAGE_URL ""
| #define PACKAGE "alsa-utils"
| #define VERSION "1.2.3"
| #define ENABLE_NLS 1
| #define HAVE_GETTEXT 1
| #define HAVE_DCGETTEXT 1
| #define HAVE_LIBASOUND 1
| #define HAVE_ALSA_PCM_H 1
| #define HAVE_ALSA_MIXER_H 1
| #define HAVE_ALSA_RAWMIDI_H 1
| #define HAVE_ALSA_SEQ_H 1
| #define HAVE_ALSA_USE_CASE_H 1
| #define HAVE_ALSA_TOPOLOGY_H 1
| #define HAVE_SEQ_CLIENT_INFO_GET_CARD 1
| #define HAVE_SEQ_CLIENT_INFO_GET_PID 1
| #define HAVE_LIBM 1
| #define HAVE_LIBPTHREAD 1
| #define HAVE_LIBRT 1
| #define HAVE_CLOCK_GETTIME 1
| #define STDC_HEADERS 1
| #define SOUNDSDIR "/usr/share/sounds/alsa"
| #define DATADIR "/usr/share/alsa"
| #define TIME_WITH_SYS_TIME 1
| /* end confdefs.h.  */
| #include <sys/types.h>
|  /* Check that off_t can represent 2**63 - 1 correctly.
|     We can't simply define LARGE_OFF_T to be 9223372036854775807,
|     since some C++ compilers masquerading as C compilers
|     incorrectly reject 9223372036854775807.  */
| #define LARGE_OFF_T ((((off_t) 1 << 31) << 31) - 1 + (((off_t) 1 << 31) << 31))
|   int off_t_is_large[(LARGE_OFF_T % 2147483629 == 721
| 		       && LARGE_OFF_T % 2147483647 == 1)
| 		      ? 1 : -1];
| int
| main ()
| {
| 
|   ;
|   return 0;
| }
configure:9836: arm-linux-cc -c -I/proj/mtk08176/git_test/7523_0918_0301/tclinux_phoenix/apps/public/alsa-lib-1.2.3.2/include  conftest.c >&5
ERROR: ld.so: object 'libfakeroot-sysv.so' from LD_PRELOAD cannot be preloaded (wrong ELF class: ELFCLASS64): ignored.
ERROR: ld.so: object 'libfakeroot-sysv.so' from LD_PRELOAD cannot be preloaded (wrong ELF class: ELFCLASS64): ignored.
ERROR: ld.so: object 'libfakeroot-sysv.so' from LD_PRELOAD cannot be preloaded (wrong ELF class: ELFCLASS64): ignored.
configure:9836: $? = 0
configure:9844: result: 64
configure:9951: checking for SYSTEMD
configure:9958: $PKG_CONFIG --exists --print-errors "systemd >= 18"
ERROR: ld.so: object 'libfakeroot-sysv.so' from LD_PRELOAD cannot be preloaded (wrong ELF class: ELFCLASS64): ignored.
Package systemd was not found in the pkg-config search path.
Perhaps you should add the directory containing `systemd.pc'
to the PKG_CONFIG_PATH environment variable
No package 'systemd' found
configure:9961: $? = 1
configure:9975: $PKG_CONFIG --exists --print-errors "systemd >= 18"
ERROR: ld.so: object 'libfakeroot-sysv.so' from LD_PRELOAD cannot be preloaded (wrong ELF class: ELFCLASS64): ignored.
Package systemd was not found in the pkg-config search path.
Perhaps you should add the directory containing `systemd.pc'
to the PKG_CONFIG_PATH environment variable
No package 'systemd' found
configure:9978: $? = 1
configure:9992: result: no
ERROR: ld.so: object 'libfakeroot-sysv.so' from LD_PRELOAD cannot be preloaded (wrong ELF class: ELFCLASS64): ignored.
Package systemd was not found in the pkg-config search path.
Perhaps you should add the directory containing `systemd.pc'
to the PKG_CONFIG_PATH environment variable
No package 'systemd' found
configure:10193: checking that generated files are newer than configure
configure:10199: result: done
configure:10298: creating ./config.status

## ---------------------- ##
## Running config.status. ##
## ---------------------- ##

This file was extended by alsa-utils config.status 1.2.3, which was
generated by GNU Autoconf 2.69.  Invocation command line was

  CONFIG_FILES    = 
  CONFIG_HEADERS  = 
  CONFIG_LINKS    = 
  CONFIG_COMMANDS = 
  $ ./config.status 

on mbjsbblt38

config.status:1002: creating Makefile
config.status:1002: creating alsactl/Makefile
config.status:1002: creating alsactl/init/Makefile
config.status:1002: creating alsamixer/Makefile
config.status:1002: creating amidi/Makefile
config.status:1002: creating amixer/Makefile
config.status:1002: creating m4/Makefile
config.status:1002: creating po/Makefile.in
config.status:1002: creating alsaconf/alsaconf
config.status:1002: creating alsaconf/Makefile
config.status:1002: creating alsaconf/po/Makefile
config.status:1110: WARNING:  'alsaconf/po/Makefile.in' seems to ignore the --datarootdir setting
config.status:1002: creating alsaucm/Makefile
config.status:1002: creating topology/Makefile
config.status:1002: creating bat/Makefile
config.status:1002: creating bat/tests/Makefile
config.status:1002: creating bat/tests/asound_state/Makefile
config.status:1002: creating aplay/Makefile
config.status:1002: creating include/Makefile
config.status:1002: creating iecset/Makefile
config.status:1002: creating utils/Makefile
config.status:1002: creating utils/alsa-utils.spec
config.status:1002: creating seq/Makefile
config.status:1002: creating seq/aconnect/Makefile
config.status:1002: creating seq/aplaymidi/Makefile
config.status:1002: creating seq/aseqdump/Makefile
config.status:1002: creating seq/aseqnet/Makefile
config.status:1002: creating speaker-test/Makefile
config.status:1002: creating speaker-test/samples/Makefile
config.status:1002: creating alsaloop/Makefile
config.status:1002: creating alsa-info/Makefile
config.status:1002: creating axfer/Makefile
config.status:1002: creating axfer/test/Makefile
config.status:1002: creating include/aconfig.h
config.status:1183: include/aconfig.h is unchanged
config.status:1231: executing po-directories commands
config.status:1231: executing depfiles commands
configure:11763: WARNING: unrecognized options: --disable-topology

## ---------------- ##
## Cache variables. ##
## ---------------- ##

ac_cv_build=x86_64-pc-linux-gnu
ac_cv_c_compiler_gnu=yes
ac_cv_c_const=yes
ac_cv_c_inline=inline
ac_cv_env_CC_set=set
ac_cv_env_CC_value=arm-linux-cc
ac_cv_env_CFLAGS_set=set
ac_cv_env_CFLAGS_value=-I/proj/mtk08176/git_test/7523_0918_0301/tclinux_phoenix/apps/public/alsa-lib-1.2.3.2/include
ac_cv_env_CPPFLAGS_set=
ac_cv_env_CPPFLAGS_value=
ac_cv_env_CPP_set=
ac_cv_env_CPP_value=
ac_cv_env_LDFLAGS_set=set
ac_cv_env_LDFLAGS_value=-L/proj/mtk08176/git_test/7523_0918_0301/tclinux_phoenix/apps/public/alsa-lib-1.2.3.2/target/lib/
ac_cv_env_LIBS_set=
ac_cv_env_LIBS_value=
ac_cv_env_NCURSESW_CFLAGS_set=
ac_cv_env_NCURSESW_CFLAGS_value=
ac_cv_env_NCURSESW_LIBS_set=
ac_cv_env_NCURSESW_LIBS_value=
ac_cv_env_NCURSES_CFLAGS_set=
ac_cv_env_NCURSES_CFLAGS_value=
ac_cv_env_NCURSES_LIBS_set=
ac_cv_env_NCURSES_LIBS_value=
ac_cv_env_PKG_CONFIG_LIBDIR_set=
ac_cv_env_PKG_CONFIG_LIBDIR_value=
ac_cv_env_PKG_CONFIG_PATH_set=
ac_cv_env_PKG_CONFIG_PATH_value=
ac_cv_env_PKG_CONFIG_set=
ac_cv_env_PKG_CONFIG_value=
ac_cv_env_SYSTEMD_CFLAGS_set=
ac_cv_env_SYSTEMD_CFLAGS_value=
ac_cv_env_SYSTEMD_LIBS_set=
ac_cv_env_SYSTEMD_LIBS_value=
ac_cv_env_build_alias_set=
ac_cv_env_build_alias_value=
ac_cv_env_host_alias_set=set
ac_cv_env_host_alias_value=arm-linux
ac_cv_env_target_alias_set=
ac_cv_env_target_alias_value=
ac_cv_func_snd_ctl_elem_add_enumerated=yes
ac_cv_header_alsa_mixer_h=yes
ac_cv_header_alsa_pcm_h=yes
ac_cv_header_alsa_rawmidi_h=yes
ac_cv_header_alsa_seq_h=yes
ac_cv_header_alsa_topology_h=yes
ac_cv_header_alsa_use_case_h=yes
ac_cv_header_samplerate_h=no
ac_cv_header_stdc=yes
ac_cv_header_time=yes
ac_cv_host=arm-unknown-linux-gnu
ac_cv_lib_asound_snd_ctl_open=yes
ac_cv_lib_asound_snd_seq_client_info_get_card=yes
ac_cv_lib_asound_snd_seq_client_info_get_pid=yes
ac_cv_lib_atopology_snd_tplg_save=yes
ac_cv_lib_ffado_ffado_streaming_init=no
ac_cv_lib_fftw3f_fftwf_malloc=no
ac_cv_lib_m_sqrtf=yes
ac_cv_lib_pthread_pthread_create=yes
ac_cv_lib_rt_clock_gettime=yes
ac_cv_objext=o
ac_cv_path_EGREP='/bin/grep -E'
ac_cv_path_GMSGFMT=/usr/bin/msgfmt
ac_cv_path_GREP=/bin/grep
ac_cv_path_MSGFMT=/usr/bin/msgfmt
ac_cv_path_MSGMERGE=/usr/bin/msgmerge
ac_cv_path_SED=/bin/sed
ac_cv_path_XGETTEXT=/usr/bin/xgettext
ac_cv_path_ac_pt_PKG_CONFIG=/opt/trendchip/buildroot-gcc493_glibc222_arm32_32bServer/usr/bin//pkg-config
ac_cv_path_install='/usr/bin/install -c'
ac_cv_path_mkdir=/bin/mkdir
ac_cv_prog_AWK=gawk
ac_cv_prog_CC=arm-linux-cc
ac_cv_prog_CPP='arm-linux-cc -E'
ac_cv_prog_STRIP=arm-buildroot-linux-gnueabi-strip
ac_cv_prog_cc_c89=
ac_cv_prog_cc_g=yes
ac_cv_prog_gcc_traditional=no
ac_cv_prog_make_make_set=yes
ac_cv_prog_rst2man_available=yes
ac_cv_prog_xmlto_available=yes
ac_cv_sys_file_offset_bits=64
ac_cv_sys_largefile_CC=no
acl_cv_hardcode_direct=no
acl_cv_hardcode_libdir_flag_spec='${wl}-rpath ${wl}$libdir'
acl_cv_hardcode_libdir_separator=
acl_cv_hardcode_minus_L=no
acl_cv_libext=a
acl_cv_libname_spec='lib$name'
acl_cv_library_names_spec='$libname$shrext'
acl_cv_path_LD=arm-buildroot-linux-gnueabi-ld
acl_cv_prog_gnu_ld=yes
acl_cv_rpath=done
acl_cv_shlibext=so
acl_cv_wl=-Wl,
am_cv_CC_dependencies_compiler_type=gcc3
am_cv_make_support_nested_variables=yes
am_cv_prog_cc_c_o=yes
gt_cv_func_CFLocaleCopyCurrent=no
gt_cv_func_CFPreferencesCopyAppValue=no
gt_cv_func_gnugettext1_libc=yes

## ----------------- ##
## Output variables. ##
## ----------------- ##

ACLOCAL='${SHELL} /proj/mtk08176/git_test/7523_0918_0301/tclinux_phoenix/apps/public/alsa-utils-1.2.3/missing aclocal-1.14'
ALSACONF_FALSE='#'
ALSACONF_TRUE=''
ALSACTL_DAEMONSWITCH='/etc/alsa/state-daemon.conf'
ALSACTL_PIDFILE_DIR='/var/run'
ALSALOOP_FALSE='#'
ALSALOOP_TRUE=''
ALSAMIXER_FALSE=''
ALSAMIXER_TRUE='#'
ALSA_CFLAGS=''
ALSA_LIBS=' -lasound -lm -ldl -lpthread'
AMDEPBACKSLASH='\'
AMDEP_FALSE='#'
AMDEP_TRUE=''
AMTAR='$${TAR-tar}'
AM_BACKSLASH='\'
AM_DEFAULT_V='$(AM_DEFAULT_VERBOSITY)'
AM_DEFAULT_VERBOSITY='1'
AM_V='$(V)'
ASOUND_LOCK_DIR='/var/lock'
ASOUND_STATE_DIR='/var/lib/alsa'
AUTOCONF='${SHELL} /proj/mtk08176/git_test/7523_0918_0301/tclinux_phoenix/apps/public/alsa-utils-1.2.3/missing autoconf'
AUTOHEADER='${SHELL} /proj/mtk08176/git_test/7523_0918_0301/tclinux_phoenix/apps/public/alsa-utils-1.2.3/missing autoheader'
AUTOMAKE='${SHELL} /proj/mtk08176/git_test/7523_0918_0301/tclinux_phoenix/apps/public/alsa-utils-1.2.3/missing automake-1.14'
AWK='gawk'
BAT_FALSE='#'
BAT_TRUE=''
CC='arm-linux-cc'
CCDEPMODE='depmode=gcc3'
CFLAGS='-I/proj/mtk08176/git_test/7523_0918_0301/tclinux_phoenix/apps/public/alsa-lib-1.2.3.2/include'
CPP='arm-linux-cc -E'
CPPFLAGS=''
CURSESINC=''
CURSESLIB=''
CURSES_CFLAGS=''
CYGPATH_W='echo'
DEFS='-DHAVE_CONFIG_H'
DEPDIR='.deps'
ECHO_C=''
ECHO_N='-n'
ECHO_T=''
EGREP='/bin/grep -E'
EXEEXT=''
FFTW_CFLAGS='-I/proj/mtk08176/git_test/7523_0918_0301/tclinux_phoenix/apps/public/alsa-lib-1.2.3.2/include'
FFTW_INC=''
FFTW_LIB='-lpthread -lm -lasound -lm -ldl -lpthread'
GETTEXT_MACRO_VERSION='0.19'
GMSGFMT='/usr/bin/msgfmt'
GMSGFMT_015='/usr/bin/msgfmt'
GREP='/bin/grep'
HAVE_FFADO_FALSE=''
HAVE_FFADO_TRUE='#'
HAVE_LIBFFTW3_FALSE=''
HAVE_LIBFFTW3_TRUE='#'
HAVE_LIBTINYALSA_FALSE=''
HAVE_LIBTINYALSA_TRUE='#'
HAVE_MIXER_FALSE='#'
HAVE_MIXER_TRUE=''
HAVE_PCM_FALSE='#'
HAVE_PCM_TRUE=''
HAVE_RAWMIDI_FALSE='#'
HAVE_RAWMIDI_TRUE=''
HAVE_SAMPLERATE_FALSE=''
HAVE_SAMPLERATE_TRUE='#'
HAVE_SEQ_FALSE='#'
HAVE_SEQ_TRUE=''
HAVE_SYSTEMD_FALSE=''
HAVE_SYSTEMD_TRUE='#'
HAVE_TOPOLOGY_FALSE=''
HAVE_TOPOLOGY_TRUE='#'
HAVE_UCM_FALSE='#'
HAVE_UCM_TRUE=''
INSTALL_DATA='${INSTALL} -m 644'
INSTALL_PROGRAM='${INSTALL}'
INSTALL_SCRIPT='${INSTALL}'
INSTALL_STRIP_PROGRAM='$(install_sh) -c -s'
INTLLIBS=''
INTL_MACOSX_LIBS=''
LDFLAGS='-L/proj/mtk08176/git_test/7523_0918_0301/tclinux_phoenix/apps/public/alsa-lib-1.2.3.2/target/lib/'
LIBICONV='-liconv'
LIBINTL=''
LIBOBJS=''
LIBRT='-lrt'
LIBS='-lasound -lm -ldl -lpthread'
LN_S='ln -s'
LTLIBICONV='-liconv'
LTLIBINTL=''
LTLIBOBJS=''
MAINT=''
MAINTAINER_MODE_FALSE='#'
MAINTAINER_MODE_TRUE=''
MAKEINFO='${SHELL} /proj/mtk08176/git_test/7523_0918_0301/tclinux_phoenix/apps/public/alsa-utils-1.2.3/missing makeinfo'
MKDIR_P='/bin/mkdir -p'
MSGFMT='/usr/bin/msgfmt'
MSGFMT_015='/usr/bin/msgfmt'
MSGMERGE='/usr/bin/msgmerge'
NCURSESW_CFLAGS=''
NCURSESW_LIBS=''
NCURSES_CFLAGS=''
NCURSES_LIBS=''
OBJEXT='o'
PACKAGE='alsa-utils'
PACKAGE_BUGREPORT=''
PACKAGE_NAME='alsa-utils'
PACKAGE_STRING='alsa-utils 1.2.3'
PACKAGE_TARNAME='alsa-utils'
PACKAGE_URL=''
PACKAGE_VERSION='1.2.3'
PATH_SEPARATOR=':'
PKG_CONFIG='/opt/trendchip/buildroot-gcc493_glibc222_arm32_32bServer/usr/bin//pkg-config'
PKG_CONFIG_LIBDIR=''
PKG_CONFIG_PATH=''
POSUB='po'
SED='/bin/sed'
SET_MAKE=''
SHELL='/bin/sh'
SND_UTIL_MAJOR='1'
SND_UTIL_MINOR='2'
SND_UTIL_SUBMINOR='3'
SND_UTIL_VERSION='1.2.3'
STRIP='arm-buildroot-linux-gnueabi-strip'
SYSTEMD_CFLAGS=''
SYSTEMD_LIBS=''
TESTSOUND='/usr/share/test.wav'
USE_NLS='yes'
USE_RST2MAN_FALSE='#'
USE_RST2MAN_TRUE=''
USE_XMLTO_FALSE='#'
USE_XMLTO_TRUE=''
VERSION='1.2.3'
XGETTEXT='/usr/bin/xgettext'
XGETTEXT_015='/usr/bin/xgettext'
XGETTEXT_EXTRA_OPTIONS=''
ac_ct_CC=''
am__EXEEXT_FALSE=''
am__EXEEXT_TRUE='#'
am__fastdepCC_FALSE='#'
am__fastdepCC_TRUE=''
am__include='include'
am__isrc=''
am__leading_dot='.'
am__nodep='_no'
am__quote=''
am__tar='$${TAR-tar} chof - "$$tardir"'
am__untar='$${TAR-tar} xf -'
bindir='${exec_prefix}/bin'
build='x86_64-pc-linux-gnu'
build_alias=''
build_cpu='x86_64'
build_os='linux-gnu'
build_vendor='pc'
datadir='${datarootdir}'
datarootdir='${prefix}/share'
docdir='${datarootdir}/doc/${PACKAGE_TARNAME}'
dvidir='${docdir}'
exec_prefix='${prefix}'
host='arm-unknown-linux-gnu'
host_alias='arm-linux'
host_cpu='arm'
host_os='linux-gnu'
host_vendor='unknown'
htmldir='${docdir}'
includedir='${prefix}/include'
infodir='${datarootdir}/info'
install_sh='${SHELL} /proj/mtk08176/git_test/7523_0918_0301/tclinux_phoenix/apps/public/alsa-utils-1.2.3/install-sh'
libdir='${exec_prefix}/lib'
libexecdir='${exec_prefix}/libexec'
localedir='${datarootdir}/locale'
localstatedir='${prefix}/var'
mandir='${datarootdir}/man'
mkdir_p='$(MKDIR_P)'
mydatadir='/usr/share/alsa'
ncurses5_config=''
ncursesw5_config=''
oldincludedir='/usr/include'
pdfdir='${docdir}'
prefix='/usr'
program_transform_name='s,x,x,'
psdir='${docdir}'
rst2man_available='yes'
runstatedir='${localstatedir}/run'
sbindir='${exec_prefix}/sbin'
sharedstatedir='${prefix}/com'
sysconfdir='${prefix}/etc'
systemdsystemunitdir=''
target_alias=''
udevrulesdir='/lib/udev/rules.d'
xmlto_available='yes'

## ----------- ##
## confdefs.h. ##
## ----------- ##

/* confdefs.h */
#define PACKAGE_NAME "alsa-utils"
#define PACKAGE_TARNAME "alsa-utils"
#define PACKAGE_VERSION "1.2.3"
#define PACKAGE_STRING "alsa-utils 1.2.3"
#define PACKAGE_BUGREPORT ""
#define PACKAGE_URL ""
#define PACKAGE "alsa-utils"
#define VERSION "1.2.3"
#define ENABLE_NLS 1
#define HAVE_GETTEXT 1
#define HAVE_DCGETTEXT 1
#define HAVE_LIBASOUND 1
#define HAVE_ALSA_PCM_H 1
#define HAVE_ALSA_MIXER_H 1
#define HAVE_ALSA_RAWMIDI_H 1
#define HAVE_ALSA_SEQ_H 1
#define HAVE_ALSA_USE_CASE_H 1
#define HAVE_ALSA_TOPOLOGY_H 1
#define HAVE_SEQ_CLIENT_INFO_GET_CARD 1
#define HAVE_SEQ_CLIENT_INFO_GET_PID 1
#define HAVE_LIBM 1
#define HAVE_LIBPTHREAD 1
#define HAVE_LIBRT 1
#define HAVE_CLOCK_GETTIME 1
#define STDC_HEADERS 1
#define SOUNDSDIR "/usr/share/sounds/alsa"
#define DATADIR "/usr/share/alsa"
#define TIME_WITH_SYS_TIME 1
#define _FILE_OFFSET_BITS 64
#define VERSION "1.2.3"

configure: exit 0
