This file contains any messages produced by compilers while
running configure, to aid debugging if configure makes a mistake.

It was created by alsa-lib configure 1.2.3.2, which was
generated by GNU Autoconf 2.69.  Invocation command line was

  $ ./configure --host=arm-linux CC=arm-linux-cc --prefix=/proj/mtk08176/git_test/7523_0918_0301/tclinux_phoenix/apps/public/alsa-lib-1.2.3.2/target

## --------- ##
## Platform. ##
## --------- ##

hostname = mbjsbblt38
uname -m = x86_64
uname -r = 4.19.0-041900-generic
uname -s = Linux
uname -v = #201810221809 SMP Mon Oct 22 22:11:45 UTC 2018

/usr/bin/uname -p = unknown
/bin/uname -X     = unknown

/bin/arch              = unknown
/usr/bin/arch -k       = unknown
/usr/convex/getsysinfo = unknown
/usr/bin/hostinfo      = unknown
/bin/machine           = unknown
/usr/bin/oslevel       = unknown
/bin/universe          = unknown

PATH: /opt/trendchip/buildroot-gcc493_glibc222_arm32_32bServer/usr/bin/
PATH: /mtkeda/dsptk-md32/8.1.0.27-64
PATH: /mtkeda/dsptk-md32/8.1.0.27-64/System
PATH: /mtkeda/dsptk-md32/8.1.0.27-64/Md32
PATH: /mtkeda/IPDesigner/common/bin
PATH: /mtkeda/IPDesigner/12R1.35-64/retargetable-12R1/bin/LNa64bin
PATH: /mtkeda/IPDesigner/12R1.35-64/retargetable-12R1/bin
PATH: /mtkoss/android_sdk/5.1/x86_64/platform-tools
PATH: /opt/trendchip/mips-linux-3.4.6/bin
PATH: /opt/trendchip/mips-linux-uclibc/usr/bin
PATH: /opt/CodeSourcery/mips-4.2/bin
PATH: /site/mtkeda/LSF/10.econet/10.1/linux3.10-glibc2.17-x86_64/etc
PATH: /site/mtkeda/LSF/10.econet/10.1/linux3.10-glibc2.17-x86_64/bin
PATH: /mtkeda/perforce/linux26x86_64_2018.3
PATH: /mtkeda/perforce/linux26x86_64_2018.3/p4v/bin
PATH: /mtkeda/ado/bin/ubuntu
PATH: /mtkoss/arm-2010q1/bin
PATH: /mtkeda/CI/MtkCheckStyle
PATH: /mtkeda/CI/MtkCheckStyle/MtkCheckStyle
PATH: /mtkeda/IT/bin
PATH: /site/mtkeda/LSF/10.MBJ/10.1/linux3.10-glibc2.17-x86_64/etc
PATH: /site/mtkeda/LSF/10.MBJ/10.1/linux3.10-glibc2.17-x86_64/bin
PATH: /usr/local/sbin
PATH: /usr/local/bin
PATH: /usr/sbin
PATH: /usr/bin
PATH: /bin
PATH: /usr/games
PATH: /usr/local/games
PATH: /snap/bin
PATH: /mtkeda/IT/bin
PATH: /mtkeda/IT/sbin
PATH: /mtkeda/CI/MtkCheckStyle
PATH: /mtkeda/CI/MtkCheckStyle/MtkCheckStyle
PATH: /mtkeda/apb
PATH: /mtkeda/CI/MtkCheckStyle
PATH: /mtkeda/Utility/LM_daemon/Synopsys/11.6/Linux/amd64/bin
PATH: /proj/mtk08176/bin


## ----------- ##
## Core tests. ##
## ----------- ##

configure:2499: checking build system type
configure:2513: result: x86_64-pc-linux-gnu
configure:2533: checking host system type
configure:2546: result: arm-unknown-linux-gnu
configure:2582: checking for a BSD-compatible install
configure:2650: result: /usr/bin/install -c
configure:2661: checking whether build environment is sane
configure:2716: result: yes
configure:2775: checking for arm-linux-strip
configure:2802: result: arm-buildroot-linux-gnueabi-strip
configure:2867: checking for a thread-safe mkdir -p
configure:2906: result: /bin/mkdir -p
configure:2913: checking for gawk
configure:2929: found /opt/trendchip/buildroot-gcc493_glibc222_arm32_32bServer/usr/bin//gawk
configure:2940: result: gawk
configure:2951: checking whether make sets $(MAKE)
configure:2973: result: yes
configure:3002: checking whether make supports nested variables
configure:3019: result: yes
configure:3156: checking whether to enable maintainer-specific portions of Makefiles
configure:3165: result: yes
configure:3191: checking whether make supports nested variables
configure:3208: result: yes
configure:3231: checking for arm-linux-gcc
configure:3258: result: arm-linux-cc
configure:3527: checking for C compiler version
configure:3536: arm-linux-cc --version >&5
arm-linux-cc (Buildroot 2015.08.1-g6a3c3ed-dirty) 4.9.3
Copyright (C) 2015 Free Software Foundation, Inc.
This is free software; see the source for copying conditions.  There is NO
warranty; not even for MERCHANTABILITY or FITNESS FOR A PARTICULAR PURPOSE.

ERROR: ld.so: object 'libfakeroot-sysv.so' from LD_PRELOAD cannot be preloaded (wrong ELF class: ELFCLASS64): ignored.
configure:3547: $? = 0
configure:3536: arm-linux-cc -v >&5
ERROR: ld.so: object 'libfakeroot-sysv.so' from LD_PRELOAD cannot be preloaded (wrong ELF class: ELFCLASS64): ignored.
Using built-in specs.
COLLECT_GCC=arm-linux-cc
COLLECT_LTO_WRAPPER=/mtkeda/bbn/trendchip/buildroot-gcc493_glibc222_arm32_32bServer/usr/libexec/gcc/arm-buildroot-linux-gnueabi/4.9.3/lto-wrapper
Target: arm-buildroot-linux-gnueabi
Configured with: ./configure --prefix=/mtkeda/bbn/trendchip/buildroot-gcc493_glibc222_arm32_32bServer/usr --sysconfdir=/mtkeda/bbn/trendchip/buildroot-gcc493_glibc222_arm32_32bServer/etc --enable-static --target=arm-buildroot-linux-gnueabi --with-sysroot=/mtkeda/bbn/trendchip/buildroot-gcc493_glibc222_arm32_32bServer/usr/arm-buildroot-linux-gnueabi/sysroot --disable-__cxa_atexit --with-gnu-ld --disable-libssp --disable-multilib --with-gmp=/mtkeda/bbn/trendchip/buildroot-gcc493_glibc222_arm32_32bServer/usr --with-mpfr=/mtkeda/bbn/trendchip/buildroot-gcc493_glibc222_arm32_32bServer/usr --with-pkgversion='Buildroot 2015.08.1-g6a3c3ed-dirty' --with-bugurl=http://bugs.buildroot.net/ --disable-libquadmath --enable-tls --enable-plugins --enable-lto --disable-libmudflap --enable-threads --with-mpc=/mtkeda/bbn/trendchip/buildroot-gcc493_glibc222_arm32_32bServer/usr --without-isl --without-cloog --with-float=soft --disable-decimal-float --with-abi=aapcs-linux --with-cpu=cortex-a5 --with-float=soft --with-mode=arm --enable-languages=c,c++ --enable-poison-system-directories --with-build-time-tools=/mtkeda/bbn/trendchip/buildroot-gcc493_glibc222_arm32_32bServer/usr/arm-buildroot-linux-gnueabi/bin --enable-shared --disable-libgomp --without-fp
Thread model: posix
gcc version 4.9.3 (Buildroot 2015.08.1-g6a3c3ed-dirty) 
configure:3547: $? = 0
configure:3536: arm-linux-cc -V >&5
ERROR: ld.so: object 'libfakeroot-sysv.so' from LD_PRELOAD cannot be preloaded (wrong ELF class: ELFCLASS64): ignored.
arm-linux-cc: error: unrecognized command line option '-V'
arm-linux-cc: fatal error: no input files
compilation terminated.
configure:3547: $? = 1
configure:3536: arm-linux-cc -qversion >&5
ERROR: ld.so: object 'libfakeroot-sysv.so' from LD_PRELOAD cannot be preloaded (wrong ELF class: ELFCLASS64): ignored.
arm-linux-cc: error: unrecognized command line option '-qversion'
arm-linux-cc: fatal error: no input files
compilation terminated.
configure:3547: $? = 1
configure:3567: checking whether the C compiler works
configure:3589: arm-linux-cc    conftest.c  >&5
ERROR: ld.so: object 'libfakeroot-sysv.so' from LD_PRELOAD cannot be preloaded (wrong ELF class: ELFCLASS64): ignored.
ERROR: ld.so: object 'libfakeroot-sysv.so' from LD_PRELOAD cannot be preloaded (wrong ELF class: ELFCLASS64): ignored.
ERROR: ld.so: object 'libfakeroot-sysv.so' from LD_PRELOAD cannot be preloaded (wrong ELF class: ELFCLASS64): ignored.
ERROR: ld.so: object 'libfakeroot-sysv.so' from LD_PRELOAD cannot be preloaded (wrong ELF class: ELFCLASS64): ignored.
ERROR: ld.so: object 'libfakeroot-sysv.so' from LD_PRELOAD cannot be preloaded (wrong ELF class: ELFCLASS64): ignored.
configure:3593: $? = 0
configure:3641: result: yes
configure:3644: checking for C compiler default output file name
configure:3646: result: a.out
configure:3652: checking for suffix of executables
configure:3659: arm-linux-cc -o conftest    conftest.c  >&5
ERROR: ld.so: object 'libfakeroot-sysv.so' from LD_PRELOAD cannot be preloaded (wrong ELF class: ELFCLASS64): ignored.
ERROR: ld.so: object 'libfakeroot-sysv.so' from LD_PRELOAD cannot be preloaded (wrong ELF class: ELFCLASS64): ignored.
ERROR: ld.so: object 'libfakeroot-sysv.so' from LD_PRELOAD cannot be preloaded (wrong ELF class: ELFCLASS64): ignored.
ERROR: ld.so: object 'libfakeroot-sysv.so' from LD_PRELOAD cannot be preloaded (wrong ELF class: ELFCLASS64): ignored.
ERROR: ld.so: object 'libfakeroot-sysv.so' from LD_PRELOAD cannot be preloaded (wrong ELF class: ELFCLASS64): ignored.
configure:3663: $? = 0
configure:3685: result: 
configure:3707: checking whether we are cross compiling
configure:3715: arm-linux-cc -o conftest    conftest.c  >&5
ERROR: ld.so: object 'libfakeroot-sysv.so' from LD_PRELOAD cannot be preloaded (wrong ELF class: ELFCLASS64): ignored.
ERROR: ld.so: object 'libfakeroot-sysv.so' from LD_PRELOAD cannot be preloaded (wrong ELF class: ELFCLASS64): ignored.
ERROR: ld.so: object 'libfakeroot-sysv.so' from LD_PRELOAD cannot be preloaded (wrong ELF class: ELFCLASS64): ignored.
ERROR: ld.so: object 'libfakeroot-sysv.so' from LD_PRELOAD cannot be preloaded (wrong ELF class: ELFCLASS64): ignored.
ERROR: ld.so: object 'libfakeroot-sysv.so' from LD_PRELOAD cannot be preloaded (wrong ELF class: ELFCLASS64): ignored.
configure:3719: $? = 0
configure:3726: ./conftest
./configure: line 3728: ./conftest: cannot execute binary file: Exec format error
configure:3730: $? = 126
configure:3745: result: yes
configure:3750: checking for suffix of object files
configure:3772: arm-linux-cc -c   conftest.c >&5
ERROR: ld.so: object 'libfakeroot-sysv.so' from LD_PRELOAD cannot be preloaded (wrong ELF class: ELFCLASS64): ignored.
ERROR: ld.so: object 'libfakeroot-sysv.so' from LD_PRELOAD cannot be preloaded (wrong ELF class: ELFCLASS64): ignored.
ERROR: ld.so: object 'libfakeroot-sysv.so' from LD_PRELOAD cannot be preloaded (wrong ELF class: ELFCLASS64): ignored.
configure:3776: $? = 0
configure:3797: result: o
configure:3801: checking whether we are using the GNU C compiler
configure:3820: arm-linux-cc -c   conftest.c >&5
ERROR: ld.so: object 'libfakeroot-sysv.so' from LD_PRELOAD cannot be preloaded (wrong ELF class: ELFCLASS64): ignored.
ERROR: ld.so: object 'libfakeroot-sysv.so' from LD_PRELOAD cannot be preloaded (wrong ELF class: ELFCLASS64): ignored.
ERROR: ld.so: object 'libfakeroot-sysv.so' from LD_PRELOAD cannot be preloaded (wrong ELF class: ELFCLASS64): ignored.
configure:3820: $? = 0
configure:3829: result: yes
configure:3838: checking whether arm-linux-cc accepts -g
configure:3858: arm-linux-cc -c -g  conftest.c >&5
ERROR: ld.so: object 'libfakeroot-sysv.so' from LD_PRELOAD cannot be preloaded (wrong ELF class: ELFCLASS64): ignored.
ERROR: ld.so: object 'libfakeroot-sysv.so' from LD_PRELOAD cannot be preloaded (wrong ELF class: ELFCLASS64): ignored.
ERROR: ld.so: object 'libfakeroot-sysv.so' from LD_PRELOAD cannot be preloaded (wrong ELF class: ELFCLASS64): ignored.
configure:3858: $? = 0
configure: failed program was:
| /* confdefs.h */
| #define PACKAGE_NAME "alsa-lib"
| #define PACKAGE_TARNAME "alsa-lib"
| #define PACKAGE_VERSION "1.2.3.2"
| #define PACKAGE_STRING "alsa-lib 1.2.3.2"
| #define PACKAGE_BUGREPORT ""
| #define PACKAGE_URL ""
| #define PACKAGE "alsa-lib"
| #define VERSION "1.2.3.2"
| /* end confdefs.h.  */
| 
| int
| main ()
| {
| 
|   ;
|   return 0;
| }
configure:3873: arm-linux-cc -c   conftest.c >&5
ERROR: ld.so: object 'libfakeroot-sysv.so' from LD_PRELOAD cannot be preloaded (wrong ELF class: ELFCLASS64): ignored.
ERROR: ld.so: object 'libfakeroot-sysv.so' from LD_PRELOAD cannot be preloaded (wrong ELF class: ELFCLASS64): ignored.
ERROR: ld.so: object 'libfakeroot-sysv.so' from LD_PRELOAD cannot be preloaded (wrong ELF class: ELFCLASS64): ignored.
configure:3873: $? = 0
configure: failed program was:
| /* confdefs.h */
| #define PACKAGE_NAME "alsa-lib"
| #define PACKAGE_TARNAME "alsa-lib"
| #define PACKAGE_VERSION "1.2.3.2"
| #define PACKAGE_STRING "alsa-lib 1.2.3.2"
| #define PACKAGE_BUGREPORT ""
| #define PACKAGE_URL ""
| #define PACKAGE "alsa-lib"
| #define VERSION "1.2.3.2"
| /* end confdefs.h.  */
| 
| int
| main ()
| {
| 
|   ;
|   return 0;
| }
configure:3889: arm-linux-cc -c -g  conftest.c >&5
ERROR: ld.so: object 'libfakeroot-sysv.so' from LD_PRELOAD cannot be preloaded (wrong ELF class: ELFCLASS64): ignored.
ERROR: ld.so: object 'libfakeroot-sysv.so' from LD_PRELOAD cannot be preloaded (wrong ELF class: ELFCLASS64): ignored.
ERROR: ld.so: object 'libfakeroot-sysv.so' from LD_PRELOAD cannot be preloaded (wrong ELF class: ELFCLASS64): ignored.
configure:3889: $? = 0
configure:3899: result: yes
configure:3916: checking for arm-linux-cc option to accept ISO C89
configure:3979: arm-linux-cc  -c -g -O2  conftest.c >&5
ERROR: ld.so: object 'libfakeroot-sysv.so' from LD_PRELOAD cannot be preloaded (wrong ELF class: ELFCLASS64): ignored.
ERROR: ld.so: object 'libfakeroot-sysv.so' from LD_PRELOAD cannot be preloaded (wrong ELF class: ELFCLASS64): ignored.
ERROR: ld.so: object 'libfakeroot-sysv.so' from LD_PRELOAD cannot be preloaded (wrong ELF class: ELFCLASS64): ignored.
configure:3979: $? = 0
configure:3992: result: none needed
configure:4017: checking whether arm-linux-cc understands -c and -o together
configure:4039: arm-linux-cc -c conftest.c -o conftest2.o
ERROR: ld.so: object 'libfakeroot-sysv.so' from LD_PRELOAD cannot be preloaded (wrong ELF class: ELFCLASS64): ignored.
ERROR: ld.so: object 'libfakeroot-sysv.so' from LD_PRELOAD cannot be preloaded (wrong ELF class: ELFCLASS64): ignored.
ERROR: ld.so: object 'libfakeroot-sysv.so' from LD_PRELOAD cannot be preloaded (wrong ELF class: ELFCLASS64): ignored.
configure:4042: $? = 0
configure:4039: arm-linux-cc -c conftest.c -o conftest2.o
ERROR: ld.so: object 'libfakeroot-sysv.so' from LD_PRELOAD cannot be preloaded (wrong ELF class: ELFCLASS64): ignored.
ERROR: ld.so: object 'libfakeroot-sysv.so' from LD_PRELOAD cannot be preloaded (wrong ELF class: ELFCLASS64): ignored.
ERROR: ld.so: object 'libfakeroot-sysv.so' from LD_PRELOAD cannot be preloaded (wrong ELF class: ELFCLASS64): ignored.
configure:4042: $? = 0
configure:4054: result: yes
configure:4082: checking for style of include used by make
configure:4110: result: GNU
configure:4136: checking dependency style of arm-linux-cc
configure:4247: result: gcc3
configure:4267: checking how to run the C preprocessor
configure:4298: arm-linux-cc -E  conftest.c
ERROR: ld.so: object 'libfakeroot-sysv.so' from LD_PRELOAD cannot be preloaded (wrong ELF class: ELFCLASS64): ignored.
ERROR: ld.so: object 'libfakeroot-sysv.so' from LD_PRELOAD cannot be preloaded (wrong ELF class: ELFCLASS64): ignored.
configure:4298: $? = 0
configure:4312: arm-linux-cc -E  conftest.c
ERROR: ld.so: object 'libfakeroot-sysv.so' from LD_PRELOAD cannot be preloaded (wrong ELF class: ELFCLASS64): ignored.
ERROR: ld.so: object 'libfakeroot-sysv.so' from LD_PRELOAD cannot be preloaded (wrong ELF class: ELFCLASS64): ignored.
conftest.c:11:28: fatal error: ac_nonexistent.h: No such file or directory
 #include <ac_nonexistent.h>
                            ^
compilation terminated.
configure:4312: $? = 1
configure: failed program was:
| /* confdefs.h */
| #define PACKAGE_NAME "alsa-lib"
| #define PACKAGE_TARNAME "alsa-lib"
| #define PACKAGE_VERSION "1.2.3.2"
| #define PACKAGE_STRING "alsa-lib 1.2.3.2"
| #define PACKAGE_BUGREPORT ""
| #define PACKAGE_URL ""
| #define PACKAGE "alsa-lib"
| #define VERSION "1.2.3.2"
| /* end confdefs.h.  */
| #include <ac_nonexistent.h>
configure:4337: result: arm-linux-cc -E
configure:4357: arm-linux-cc -E  conftest.c
ERROR: ld.so: object 'libfakeroot-sysv.so' from LD_PRELOAD cannot be preloaded (wrong ELF class: ELFCLASS64): ignored.
ERROR: ld.so: object 'libfakeroot-sysv.so' from LD_PRELOAD cannot be preloaded (wrong ELF class: ELFCLASS64): ignored.
configure:4357: $? = 0
configure:4371: arm-linux-cc -E  conftest.c
ERROR: ld.so: object 'libfakeroot-sysv.so' from LD_PRELOAD cannot be preloaded (wrong ELF class: ELFCLASS64): ignored.
ERROR: ld.so: object 'libfakeroot-sysv.so' from LD_PRELOAD cannot be preloaded (wrong ELF class: ELFCLASS64): ignored.
conftest.c:11:28: fatal error: ac_nonexistent.h: No such file or directory
 #include <ac_nonexistent.h>
                            ^
compilation terminated.
configure:4371: $? = 1
configure: failed program was:
| /* confdefs.h */
| #define PACKAGE_NAME "alsa-lib"
| #define PACKAGE_TARNAME "alsa-lib"
| #define PACKAGE_VERSION "1.2.3.2"
| #define PACKAGE_STRING "alsa-lib 1.2.3.2"
| #define PACKAGE_BUGREPORT ""
| #define PACKAGE_URL ""
| #define PACKAGE "alsa-lib"
| #define VERSION "1.2.3.2"
| /* end confdefs.h.  */
| #include <ac_nonexistent.h>
configure:4401: checking for grep that handles long lines and -e
configure:4459: result: /bin/grep
configure:4464: checking for egrep
configure:4526: result: /bin/grep -E
configure:4531: checking for ANSI C header files
configure:4551: arm-linux-cc -c -g -O2  conftest.c >&5
ERROR: ld.so: object 'libfakeroot-sysv.so' from LD_PRELOAD cannot be preloaded (wrong ELF class: ELFCLASS64): ignored.
ERROR: ld.so: object 'libfakeroot-sysv.so' from LD_PRELOAD cannot be preloaded (wrong ELF class: ELFCLASS64): ignored.
ERROR: ld.so: object 'libfakeroot-sysv.so' from LD_PRELOAD cannot be preloaded (wrong ELF class: ELFCLASS64): ignored.
configure:4551: $? = 0
ERROR: ld.so: object 'libfakeroot-sysv.so' from LD_PRELOAD cannot be preloaded (wrong ELF class: ELFCLASS64): ignored.
ERROR: ld.so: object 'libfakeroot-sysv.so' from LD_PRELOAD cannot be preloaded (wrong ELF class: ELFCLASS64): ignored.
ERROR: ld.so: object 'libfakeroot-sysv.so' from LD_PRELOAD cannot be preloaded (wrong ELF class: ELFCLASS64): ignored.
ERROR: ld.so: object 'libfakeroot-sysv.so' from LD_PRELOAD cannot be preloaded (wrong ELF class: ELFCLASS64): ignored.
configure:4635: result: yes
configure:4648: checking for sys/types.h
configure:4648: arm-linux-cc -c -g -O2  conftest.c >&5
ERROR: ld.so: object 'libfakeroot-sysv.so' from LD_PRELOAD cannot be preloaded (wrong ELF class: ELFCLASS64): ignored.
ERROR: ld.so: object 'libfakeroot-sysv.so' from LD_PRELOAD cannot be preloaded (wrong ELF class: ELFCLASS64): ignored.
ERROR: ld.so: object 'libfakeroot-sysv.so' from LD_PRELOAD cannot be preloaded (wrong ELF class: ELFCLASS64): ignored.
configure:4648: $? = 0
configure:4648: result: yes
configure:4648: checking for sys/stat.h
configure:4648: arm-linux-cc -c -g -O2  conftest.c >&5
ERROR: ld.so: object 'libfakeroot-sysv.so' from LD_PRELOAD cannot be preloaded (wrong ELF class: ELFCLASS64): ignored.
ERROR: ld.so: object 'libfakeroot-sysv.so' from LD_PRELOAD cannot be preloaded (wrong ELF class: ELFCLASS64): ignored.
ERROR: ld.so: object 'libfakeroot-sysv.so' from LD_PRELOAD cannot be preloaded (wrong ELF class: ELFCLASS64): ignored.
configure:4648: $? = 0
configure:4648: result: yes
configure:4648: checking for stdlib.h
configure:4648: arm-linux-cc -c -g -O2  conftest.c >&5
ERROR: ld.so: object 'libfakeroot-sysv.so' from LD_PRELOAD cannot be preloaded (wrong ELF class: ELFCLASS64): ignored.
ERROR: ld.so: object 'libfakeroot-sysv.so' from LD_PRELOAD cannot be preloaded (wrong ELF class: ELFCLASS64): ignored.
ERROR: ld.so: object 'libfakeroot-sysv.so' from LD_PRELOAD cannot be preloaded (wrong ELF class: ELFCLASS64): ignored.
configure:4648: $? = 0
configure:4648: result: yes
configure:4648: checking for string.h
configure:4648: arm-linux-cc -c -g -O2  conftest.c >&5
ERROR: ld.so: object 'libfakeroot-sysv.so' from LD_PRELOAD cannot be preloaded (wrong ELF class: ELFCLASS64): ignored.
ERROR: ld.so: object 'libfakeroot-sysv.so' from LD_PRELOAD cannot be preloaded (wrong ELF class: ELFCLASS64): ignored.
ERROR: ld.so: object 'libfakeroot-sysv.so' from LD_PRELOAD cannot be preloaded (wrong ELF class: ELFCLASS64): ignored.
configure:4648: $? = 0
configure:4648: result: yes
configure:4648: checking for memory.h
configure:4648: arm-linux-cc -c -g -O2  conftest.c >&5
ERROR: ld.so: object 'libfakeroot-sysv.so' from LD_PRELOAD cannot be preloaded (wrong ELF class: ELFCLASS64): ignored.
ERROR: ld.so: object 'libfakeroot-sysv.so' from LD_PRELOAD cannot be preloaded (wrong ELF class: ELFCLASS64): ignored.
ERROR: ld.so: object 'libfakeroot-sysv.so' from LD_PRELOAD cannot be preloaded (wrong ELF class: ELFCLASS64): ignored.
configure:4648: $? = 0
configure:4648: result: yes
configure:4648: checking for strings.h
configure:4648: arm-linux-cc -c -g -O2  conftest.c >&5
ERROR: ld.so: object 'libfakeroot-sysv.so' from LD_PRELOAD cannot be preloaded (wrong ELF class: ELFCLASS64): ignored.
ERROR: ld.so: object 'libfakeroot-sysv.so' from LD_PRELOAD cannot be preloaded (wrong ELF class: ELFCLASS64): ignored.
ERROR: ld.so: object 'libfakeroot-sysv.so' from LD_PRELOAD cannot be preloaded (wrong ELF class: ELFCLASS64): ignored.
configure:4648: $? = 0
configure:4648: result: yes
configure:4648: checking for inttypes.h
configure:4648: arm-linux-cc -c -g -O2  conftest.c >&5
ERROR: ld.so: object 'libfakeroot-sysv.so' from LD_PRELOAD cannot be preloaded (wrong ELF class: ELFCLASS64): ignored.
ERROR: ld.so: object 'libfakeroot-sysv.so' from LD_PRELOAD cannot be preloaded (wrong ELF class: ELFCLASS64): ignored.
ERROR: ld.so: object 'libfakeroot-sysv.so' from LD_PRELOAD cannot be preloaded (wrong ELF class: ELFCLASS64): ignored.
configure:4648: $? = 0
configure:4648: result: yes
configure:4648: checking for stdint.h
configure:4648: arm-linux-cc -c -g -O2  conftest.c >&5
ERROR: ld.so: object 'libfakeroot-sysv.so' from LD_PRELOAD cannot be preloaded (wrong ELF class: ELFCLASS64): ignored.
ERROR: ld.so: object 'libfakeroot-sysv.so' from LD_PRELOAD cannot be preloaded (wrong ELF class: ELFCLASS64): ignored.
ERROR: ld.so: object 'libfakeroot-sysv.so' from LD_PRELOAD cannot be preloaded (wrong ELF class: ELFCLASS64): ignored.
configure:4648: $? = 0
configure:4648: result: yes
configure:4648: checking for unistd.h
configure:4648: arm-linux-cc -c -g -O2  conftest.c >&5
ERROR: ld.so: object 'libfakeroot-sysv.so' from LD_PRELOAD cannot be preloaded (wrong ELF class: ELFCLASS64): ignored.
ERROR: ld.so: object 'libfakeroot-sysv.so' from LD_PRELOAD cannot be preloaded (wrong ELF class: ELFCLASS64): ignored.
ERROR: ld.so: object 'libfakeroot-sysv.so' from LD_PRELOAD cannot be preloaded (wrong ELF class: ELFCLASS64): ignored.
configure:4648: $? = 0
configure:4648: result: yes
configure:4661: checking minix/config.h usability
configure:4661: arm-linux-cc -c -g -O2  conftest.c >&5
ERROR: ld.so: object 'libfakeroot-sysv.so' from LD_PRELOAD cannot be preloaded (wrong ELF class: ELFCLASS64): ignored.
ERROR: ld.so: object 'libfakeroot-sysv.so' from LD_PRELOAD cannot be preloaded (wrong ELF class: ELFCLASS64): ignored.
conftest.c:54:26: fatal error: minix/config.h: No such file or directory
 #include <minix/config.h>
                          ^
compilation terminated.
configure:4661: $? = 1
configure: failed program was:
| /* confdefs.h */
| #define PACKAGE_NAME "alsa-lib"
| #define PACKAGE_TARNAME "alsa-lib"
| #define PACKAGE_VERSION "1.2.3.2"
| #define PACKAGE_STRING "alsa-lib 1.2.3.2"
| #define PACKAGE_BUGREPORT ""
| #define PACKAGE_URL ""
| #define PACKAGE "alsa-lib"
| #define VERSION "1.2.3.2"
| #define STDC_HEADERS 1
| #define HAVE_SYS_TYPES_H 1
| #define HAVE_SYS_STAT_H 1
| #define HAVE_STDLIB_H 1
| #define HAVE_STRING_H 1
| #define HAVE_MEMORY_H 1
| #define HAVE_STRINGS_H 1
| #define HAVE_INTTYPES_H 1
| #define HAVE_STDINT_H 1
| #define HAVE_UNISTD_H 1
| /* end confdefs.h.  */
| #include <stdio.h>
| #ifdef HAVE_SYS_TYPES_H
| # include <sys/types.h>
| #endif
| #ifdef HAVE_SYS_STAT_H
| # include <sys/stat.h>
| #endif
| #ifdef STDC_HEADERS
| # include <stdlib.h>
| # include <stddef.h>
| #else
| # ifdef HAVE_STDLIB_H
| #  include <stdlib.h>
| # endif
| #endif
| #ifdef HAVE_STRING_H
| # if !defined STDC_HEADERS && defined HAVE_MEMORY_H
| #  include <memory.h>
| # endif
| # include <string.h>
| #endif
| #ifdef HAVE_STRINGS_H
| # include <strings.h>
| #endif
| #ifdef HAVE_INTTYPES_H
| # include <inttypes.h>
| #endif
| #ifdef HAVE_STDINT_H
| # include <stdint.h>
| #endif
| #ifdef HAVE_UNISTD_H
| # include <unistd.h>
| #endif
| #include <minix/config.h>
configure:4661: result: no
configure:4661: checking minix/config.h presence
configure:4661: arm-linux-cc -E  conftest.c
ERROR: ld.so: object 'libfakeroot-sysv.so' from LD_PRELOAD cannot be preloaded (wrong ELF class: ELFCLASS64): ignored.
ERROR: ld.so: object 'libfakeroot-sysv.so' from LD_PRELOAD cannot be preloaded (wrong ELF class: ELFCLASS64): ignored.
conftest.c:21:26: fatal error: minix/config.h: No such file or directory
 #include <minix/config.h>
                          ^
compilation terminated.
configure:4661: $? = 1
configure: failed program was:
| /* confdefs.h */
| #define PACKAGE_NAME "alsa-lib"
| #define PACKAGE_TARNAME "alsa-lib"
| #define PACKAGE_VERSION "1.2.3.2"
| #define PACKAGE_STRING "alsa-lib 1.2.3.2"
| #define PACKAGE_BUGREPORT ""
| #define PACKAGE_URL ""
| #define PACKAGE "alsa-lib"
| #define VERSION "1.2.3.2"
| #define STDC_HEADERS 1
| #define HAVE_SYS_TYPES_H 1
| #define HAVE_SYS_STAT_H 1
| #define HAVE_STDLIB_H 1
| #define HAVE_STRING_H 1
| #define HAVE_MEMORY_H 1
| #define HAVE_STRINGS_H 1
| #define HAVE_INTTYPES_H 1
| #define HAVE_STDINT_H 1
| #define HAVE_UNISTD_H 1
| /* end confdefs.h.  */
| #include <minix/config.h>
configure:4661: result: no
configure:4661: checking for minix/config.h
configure:4661: result: no
configure:4682: checking whether it is safe to define __EXTENSIONS__
configure:4700: arm-linux-cc -c -g -O2  conftest.c >&5
ERROR: ld.so: object 'libfakeroot-sysv.so' from LD_PRELOAD cannot be preloaded (wrong ELF class: ELFCLASS64): ignored.
ERROR: ld.so: object 'libfakeroot-sysv.so' from LD_PRELOAD cannot be preloaded (wrong ELF class: ELFCLASS64): ignored.
ERROR: ld.so: object 'libfakeroot-sysv.so' from LD_PRELOAD cannot be preloaded (wrong ELF class: ELFCLASS64): ignored.
configure:4700: $? = 0
configure:4707: result: yes
configure:4722: checking whether ln -s works
configure:4726: result: yes
configure:4814: checking how to print strings
configure:4841: result: printf
configure:4862: checking for a sed that does not truncate output
configure:4926: result: /bin/sed
configure:4944: checking for fgrep
configure:5006: result: /bin/grep -F
configure:5041: checking for ld used by arm-linux-cc
ERROR: ld.so: object 'libfakeroot-sysv.so' from LD_PRELOAD cannot be preloaded (wrong ELF class: ELFCLASS64): ignored.
configure:5108: result: arm-buildroot-linux-gnueabi-ld
configure:5115: checking if the linker (arm-buildroot-linux-gnueabi-ld) is GNU ld
configure:5130: result: yes
configure:5142: checking for BSD- or MS-compatible name lister (nm)
configure:5196: result: /opt/trendchip/buildroot-gcc493_glibc222_arm32_32bServer/usr/bin//arm-linux-nm
configure:5326: checking the name lister (/opt/trendchip/buildroot-gcc493_glibc222_arm32_32bServer/usr/bin//arm-linux-nm) interface
configure:5333: arm-linux-cc -c -g -O2  conftest.c >&5
ERROR: ld.so: object 'libfakeroot-sysv.so' from LD_PRELOAD cannot be preloaded (wrong ELF class: ELFCLASS64): ignored.
ERROR: ld.so: object 'libfakeroot-sysv.so' from LD_PRELOAD cannot be preloaded (wrong ELF class: ELFCLASS64): ignored.
ERROR: ld.so: object 'libfakeroot-sysv.so' from LD_PRELOAD cannot be preloaded (wrong ELF class: ELFCLASS64): ignored.
configure:5336: /opt/trendchip/buildroot-gcc493_glibc222_arm32_32bServer/usr/bin//arm-linux-nm "conftest.o"
ERROR: ld.so: object 'libfakeroot-sysv.so' from LD_PRELOAD cannot be preloaded (wrong ELF class: ELFCLASS64): ignored.
configure:5339: output
00000000 B some_variable
configure:5346: result: BSD nm
configure:5350: checking the maximum length of command line arguments
configure:5481: result: 1572864
configure:5529: checking how to convert x86_64-pc-linux-gnu file names to arm-unknown-linux-gnu format
configure:5569: result: func_convert_file_noop
configure:5576: checking how to convert x86_64-pc-linux-gnu file names to toolchain format
configure:5596: result: func_convert_file_noop
configure:5603: checking for arm-buildroot-linux-gnueabi-ld option to reload object files
configure:5610: result: -r
configure:5644: checking for arm-linux-objdump
configure:5660: found /opt/trendchip/buildroot-gcc493_glibc222_arm32_32bServer/usr/bin//arm-linux-objdump
configure:5671: result: arm-linux-objdump
configure:5743: checking how to recognize dependent libraries
configure:5943: result: pass_all
configure:5988: checking for arm-linux-dlltool
configure:6018: result: no
configure:6028: checking for dlltool
configure:6058: result: no
configure:6088: checking how to associate runtime and link libraries
configure:6115: result: printf %s\n
configure:6131: checking for arm-linux-ar
configure:6158: result: arm-buildroot-linux-gnueabi-ar
configure:6239: checking for archiver @FILE support
configure:6256: arm-linux-cc -c -g -O2  conftest.c >&5
ERROR: ld.so: object 'libfakeroot-sysv.so' from LD_PRELOAD cannot be preloaded (wrong ELF class: ELFCLASS64): ignored.
ERROR: ld.so: object 'libfakeroot-sysv.so' from LD_PRELOAD cannot be preloaded (wrong ELF class: ELFCLASS64): ignored.
ERROR: ld.so: object 'libfakeroot-sysv.so' from LD_PRELOAD cannot be preloaded (wrong ELF class: ELFCLASS64): ignored.
configure:6256: $? = 0
configure:6259: arm-buildroot-linux-gnueabi-ar cru libconftest.a @conftest.lst >&5
ERROR: ld.so: object 'libfakeroot-sysv.so' from LD_PRELOAD cannot be preloaded (wrong ELF class: ELFCLASS64): ignored.
configure:6262: $? = 0
configure:6267: arm-buildroot-linux-gnueabi-ar cru libconftest.a @conftest.lst >&5
ERROR: ld.so: object 'libfakeroot-sysv.so' from LD_PRELOAD cannot be preloaded (wrong ELF class: ELFCLASS64): ignored.
arm-buildroot-linux-gnueabi-ar: conftest.o: No such file or directory
configure:6270: $? = 1
configure:6282: result: @
configure:6300: checking for arm-linux-strip
configure:6327: result: arm-buildroot-linux-gnueabi-strip
configure:6399: checking for arm-linux-ranlib
configure:6426: result: arm-buildroot-linux-gnueabi-ranlib
configure:6568: checking command to parse /opt/trendchip/buildroot-gcc493_glibc222_arm32_32bServer/usr/bin//arm-linux-nm output from arm-linux-cc object
configure:6721: arm-linux-cc -c -g -O2  conftest.c >&5
ERROR: ld.so: object 'libfakeroot-sysv.so' from LD_PRELOAD cannot be preloaded (wrong ELF class: ELFCLASS64): ignored.
ERROR: ld.so: object 'libfakeroot-sysv.so' from LD_PRELOAD cannot be preloaded (wrong ELF class: ELFCLASS64): ignored.
ERROR: ld.so: object 'libfakeroot-sysv.so' from LD_PRELOAD cannot be preloaded (wrong ELF class: ELFCLASS64): ignored.
configure:6724: $? = 0
configure:6728: /opt/trendchip/buildroot-gcc493_glibc222_arm32_32bServer/usr/bin//arm-linux-nm conftest.o \| sed -n -e 's/^.*[ ]\([ABCDGIRSTW][ABCDGIRSTW]*\)[ ][ ]*\([_A-Za-z][_A-Za-z0-9]*\)$/\1 \2 \2/p' | sed '/ __gnu_lto/d' \> conftest.nm
ERROR: ld.so: object 'libfakeroot-sysv.so' from LD_PRELOAD cannot be preloaded (wrong ELF class: ELFCLASS64): ignored.
configure:6731: $? = 0
configure:6797: arm-linux-cc -o conftest -g -O2   conftest.c conftstm.o >&5
ERROR: ld.so: object 'libfakeroot-sysv.so' from LD_PRELOAD cannot be preloaded (wrong ELF class: ELFCLASS64): ignored.
ERROR: ld.so: object 'libfakeroot-sysv.so' from LD_PRELOAD cannot be preloaded (wrong ELF class: ELFCLASS64): ignored.
ERROR: ld.so: object 'libfakeroot-sysv.so' from LD_PRELOAD cannot be preloaded (wrong ELF class: ELFCLASS64): ignored.
ERROR: ld.so: object 'libfakeroot-sysv.so' from LD_PRELOAD cannot be preloaded (wrong ELF class: ELFCLASS64): ignored.
ERROR: ld.so: object 'libfakeroot-sysv.so' from LD_PRELOAD cannot be preloaded (wrong ELF class: ELFCLASS64): ignored.
configure:6800: $? = 0
configure:6838: result: ok
configure:6885: checking for sysroot
configure:6915: result: no
configure:6922: checking for a working dd
configure:6960: result: /bin/dd
configure:6964: checking how to truncate binary pipes
configure:6979: result: /bin/dd bs=4096 count=1
configure:7268: checking for arm-linux-mt
configure:7298: result: no
configure:7308: checking for mt
configure:7324: found /bin/mt
configure:7335: result: mt
configure:7347: WARNING: using cross tools not prefixed with host triplet
configure:7358: checking if mt is a manifest tool
configure:7364: mt '-?'
configure:7372: result: no
configure:8046: checking for dlfcn.h
configure:8046: arm-linux-cc -c -g -O2  conftest.c >&5
ERROR: ld.so: object 'libfakeroot-sysv.so' from LD_PRELOAD cannot be preloaded (wrong ELF class: ELFCLASS64): ignored.
ERROR: ld.so: object 'libfakeroot-sysv.so' from LD_PRELOAD cannot be preloaded (wrong ELF class: ELFCLASS64): ignored.
ERROR: ld.so: object 'libfakeroot-sysv.so' from LD_PRELOAD cannot be preloaded (wrong ELF class: ELFCLASS64): ignored.
configure:8046: $? = 0
configure:8046: result: yes
configure:8270: checking for objdir
configure:8285: result: .libs
configure:8549: checking if arm-linux-cc supports -fno-rtti -fno-exceptions
configure:8567: arm-linux-cc -c -g -O2  -fno-rtti -fno-exceptions conftest.c >&5
ERROR: ld.so: object 'libfakeroot-sysv.so' from LD_PRELOAD cannot be preloaded (wrong ELF class: ELFCLASS64): ignored.
ERROR: ld.so: object 'libfakeroot-sysv.so' from LD_PRELOAD cannot be preloaded (wrong ELF class: ELFCLASS64): ignored.
cc1: warning: command line option '-fno-rtti' is valid for C++/ObjC++ but not for C
ERROR: ld.so: object 'libfakeroot-sysv.so' from LD_PRELOAD cannot be preloaded (wrong ELF class: ELFCLASS64): ignored.
configure:8571: $? = 0
configure:8584: result: no
configure:8942: checking for arm-linux-cc option to produce PIC
configure:8949: result: -fPIC -DPIC
configure:8957: checking if arm-linux-cc PIC flag -fPIC -DPIC works
configure:8975: arm-linux-cc -c -g -O2  -fPIC -DPIC -DPIC conftest.c >&5
ERROR: ld.so: object 'libfakeroot-sysv.so' from LD_PRELOAD cannot be preloaded (wrong ELF class: ELFCLASS64): ignored.
ERROR: ld.so: object 'libfakeroot-sysv.so' from LD_PRELOAD cannot be preloaded (wrong ELF class: ELFCLASS64): ignored.
ERROR: ld.so: object 'libfakeroot-sysv.so' from LD_PRELOAD cannot be preloaded (wrong ELF class: ELFCLASS64): ignored.
configure:8979: $? = 0
configure:8992: result: yes
configure:9021: checking if arm-linux-cc static flag -static works
ERROR: ld.so: object 'libfakeroot-sysv.so' from LD_PRELOAD cannot be preloaded (wrong ELF class: ELFCLASS64): ignored.
ERROR: ld.so: object 'libfakeroot-sysv.so' from LD_PRELOAD cannot be preloaded (wrong ELF class: ELFCLASS64): ignored.
ERROR: ld.so: object 'libfakeroot-sysv.so' from LD_PRELOAD cannot be preloaded (wrong ELF class: ELFCLASS64): ignored.
ERROR: ld.so: object 'libfakeroot-sysv.so' from LD_PRELOAD cannot be preloaded (wrong ELF class: ELFCLASS64): ignored.
ERROR: ld.so: object 'libfakeroot-sysv.so' from LD_PRELOAD cannot be preloaded (wrong ELF class: ELFCLASS64): ignored.
configure:9049: result: yes
configure:9064: checking if arm-linux-cc supports -c -o file.o
configure:9085: arm-linux-cc -c -g -O2  -o out/conftest2.o conftest.c >&5
ERROR: ld.so: object 'libfakeroot-sysv.so' from LD_PRELOAD cannot be preloaded (wrong ELF class: ELFCLASS64): ignored.
ERROR: ld.so: object 'libfakeroot-sysv.so' from LD_PRELOAD cannot be preloaded (wrong ELF class: ELFCLASS64): ignored.
ERROR: ld.so: object 'libfakeroot-sysv.so' from LD_PRELOAD cannot be preloaded (wrong ELF class: ELFCLASS64): ignored.
configure:9089: $? = 0
configure:9111: result: yes
configure:9119: checking if arm-linux-cc supports -c -o file.o
configure:9166: result: yes
configure:9199: checking whether the arm-linux-cc linker (arm-buildroot-linux-gnueabi-ld) supports shared libraries
configure:10458: result: yes
configure:10495: checking whether -lc should be explicitly linked in
configure:10503: arm-linux-cc -c -g -O2  conftest.c >&5
ERROR: ld.so: object 'libfakeroot-sysv.so' from LD_PRELOAD cannot be preloaded (wrong ELF class: ELFCLASS64): ignored.
ERROR: ld.so: object 'libfakeroot-sysv.so' from LD_PRELOAD cannot be preloaded (wrong ELF class: ELFCLASS64): ignored.
ERROR: ld.so: object 'libfakeroot-sysv.so' from LD_PRELOAD cannot be preloaded (wrong ELF class: ELFCLASS64): ignored.
configure:10506: $? = 0
configure:10521: arm-linux-cc -shared  -fPIC -DPIC conftest.o  -v -Wl,-soname -Wl,conftest -o conftest 2\>\&1 \| /bin/grep  -lc  \>/dev/null 2\>\&1
configure:10524: $? = 0
configure:10538: result: no
configure:10698: checking dynamic linker characteristics
configure:11279: arm-linux-cc -o conftest -g -O2   -Wl,-rpath -Wl,/foo conftest.c  >&5
ERROR: ld.so: object 'libfakeroot-sysv.so' from LD_PRELOAD cannot be preloaded (wrong ELF class: ELFCLASS64): ignored.
ERROR: ld.so: object 'libfakeroot-sysv.so' from LD_PRELOAD cannot be preloaded (wrong ELF class: ELFCLASS64): ignored.
ERROR: ld.so: object 'libfakeroot-sysv.so' from LD_PRELOAD cannot be preloaded (wrong ELF class: ELFCLASS64): ignored.
ERROR: ld.so: object 'libfakeroot-sysv.so' from LD_PRELOAD cannot be preloaded (wrong ELF class: ELFCLASS64): ignored.
ERROR: ld.so: object 'libfakeroot-sysv.so' from LD_PRELOAD cannot be preloaded (wrong ELF class: ELFCLASS64): ignored.
configure:11279: $? = 0
configure:11519: result: GNU/Linux ld.so
configure:11641: checking how to hardcode library paths into programs
configure:11666: result: immediate
configure:11768: checking for shl_load
configure:11768: arm-linux-cc -o conftest -g -O2   conftest.c  >&5
ERROR: ld.so: object 'libfakeroot-sysv.so' from LD_PRELOAD cannot be preloaded (wrong ELF class: ELFCLASS64): ignored.
ERROR: ld.so: object 'libfakeroot-sysv.so' from LD_PRELOAD cannot be preloaded (wrong ELF class: ELFCLASS64): ignored.
ERROR: ld.so: object 'libfakeroot-sysv.so' from LD_PRELOAD cannot be preloaded (wrong ELF class: ELFCLASS64): ignored.
ERROR: ld.so: object 'libfakeroot-sysv.so' from LD_PRELOAD cannot be preloaded (wrong ELF class: ELFCLASS64): ignored.
ERROR: ld.so: object 'libfakeroot-sysv.so' from LD_PRELOAD cannot be preloaded (wrong ELF class: ELFCLASS64): ignored.
/tmp/ccueglcA.o: In function `main':
/proj/mtk08176/git_test/7523_0918_0301/tclinux_phoenix/apps/public/alsa-lib-1.2.3.2/conftest.c:62: undefined reference to `shl_load'
collect2: error: ld returned 1 exit status
configure:11768: $? = 1
configure: failed program was:
| /* confdefs.h */
| #define PACKAGE_NAME "alsa-lib"
| #define PACKAGE_TARNAME "alsa-lib"
| #define PACKAGE_VERSION "1.2.3.2"
| #define PACKAGE_STRING "alsa-lib 1.2.3.2"
| #define PACKAGE_BUGREPORT ""
| #define PACKAGE_URL ""
| #define PACKAGE "alsa-lib"
| #define VERSION "1.2.3.2"
| #define STDC_HEADERS 1
| #define HAVE_SYS_TYPES_H 1
| #define HAVE_SYS_STAT_H 1
| #define HAVE_STDLIB_H 1
| #define HAVE_STRING_H 1
| #define HAVE_MEMORY_H 1
| #define HAVE_STRINGS_H 1
| #define HAVE_INTTYPES_H 1
| #define HAVE_STDINT_H 1
| #define HAVE_UNISTD_H 1
| #define __EXTENSIONS__ 1
| #define _ALL_SOURCE 1
| #define _GNU_SOURCE 1
| #define _POSIX_PTHREAD_SEMANTICS 1
| #define _TANDEM_SOURCE 1
| #define HAVE_DLFCN_H 1
| #define LT_OBJDIR ".libs/"
| /* end confdefs.h.  */
| /* Define shl_load to an innocuous variant, in case <limits.h> declares shl_load.
|    For example, HP-UX 11i <limits.h> declares gettimeofday.  */
| #define shl_load innocuous_shl_load
| 
| /* System header to define __stub macros and hopefully few prototypes,
|     which can conflict with char shl_load (); below.
|     Prefer <limits.h> to <assert.h> if __STDC__ is defined, since
|     <limits.h> exists even on freestanding compilers.  */
| 
| #ifdef __STDC__
| # include <limits.h>
| #else
| # include <assert.h>
| #endif
| 
| #undef shl_load
| 
| /* Override any GCC internal prototype to avoid an error.
|    Use char because int might match the return type of a GCC
|    builtin and then its argument prototype would still apply.  */
| #ifdef __cplusplus
| extern "C"
| #endif
| char shl_load ();
| /* The GNU C library defines this for functions which it implements
|     to always fail with ENOSYS.  Some functions are actually named
|     something starting with __ and the normal name is an alias.  */
| #if defined __stub_shl_load || defined __stub___shl_load
| choke me
| #endif
| 
| int
| main ()
| {
| return shl_load ();
|   ;
|   return 0;
| }
configure:11768: result: no
configure:11772: checking for shl_load in -ldld
configure:11797: arm-linux-cc -o conftest -g -O2   conftest.c -ldld   >&5
ERROR: ld.so: object 'libfakeroot-sysv.so' from LD_PRELOAD cannot be preloaded (wrong ELF class: ELFCLASS64): ignored.
ERROR: ld.so: object 'libfakeroot-sysv.so' from LD_PRELOAD cannot be preloaded (wrong ELF class: ELFCLASS64): ignored.
ERROR: ld.so: object 'libfakeroot-sysv.so' from LD_PRELOAD cannot be preloaded (wrong ELF class: ELFCLASS64): ignored.
ERROR: ld.so: object 'libfakeroot-sysv.so' from LD_PRELOAD cannot be preloaded (wrong ELF class: ELFCLASS64): ignored.
ERROR: ld.so: object 'libfakeroot-sysv.so' from LD_PRELOAD cannot be preloaded (wrong ELF class: ELFCLASS64): ignored.
/mtkeda/bbn/trendchip/buildroot-gcc493_glibc222_arm32_32bServer/usr/lib/gcc/arm-buildroot-linux-gnueabi/4.9.3/../../../../arm-buildroot-linux-gnueabi/bin/ld: cannot find -ldld
collect2: error: ld returned 1 exit status
configure:11797: $? = 1
configure: failed program was:
| /* confdefs.h */
| #define PACKAGE_NAME "alsa-lib"
| #define PACKAGE_TARNAME "alsa-lib"
| #define PACKAGE_VERSION "1.2.3.2"
| #define PACKAGE_STRING "alsa-lib 1.2.3.2"
| #define PACKAGE_BUGREPORT ""
| #define PACKAGE_URL ""
| #define PACKAGE "alsa-lib"
| #define VERSION "1.2.3.2"
| #define STDC_HEADERS 1
| #define HAVE_SYS_TYPES_H 1
| #define HAVE_SYS_STAT_H 1
| #define HAVE_STDLIB_H 1
| #define HAVE_STRING_H 1
| #define HAVE_MEMORY_H 1
| #define HAVE_STRINGS_H 1
| #define HAVE_INTTYPES_H 1
| #define HAVE_STDINT_H 1
| #define HAVE_UNISTD_H 1
| #define __EXTENSIONS__ 1
| #define _ALL_SOURCE 1
| #define _GNU_SOURCE 1
| #define _POSIX_PTHREAD_SEMANTICS 1
| #define _TANDEM_SOURCE 1
| #define HAVE_DLFCN_H 1
| #define LT_OBJDIR ".libs/"
| /* end confdefs.h.  */
| 
| /* Override any GCC internal prototype to avoid an error.
|    Use char because int might match the return type of a GCC
|    builtin and then its argument prototype would still apply.  */
| #ifdef __cplusplus
| extern "C"
| #endif
| char shl_load ();
| int
| main ()
| {
| return shl_load ();
|   ;
|   return 0;
| }
configure:11806: result: no
configure:11811: checking for dlopen
configure:11811: arm-linux-cc -o conftest -g -O2   conftest.c  >&5
ERROR: ld.so: object 'libfakeroot-sysv.so' from LD_PRELOAD cannot be preloaded (wrong ELF class: ELFCLASS64): ignored.
ERROR: ld.so: object 'libfakeroot-sysv.so' from LD_PRELOAD cannot be preloaded (wrong ELF class: ELFCLASS64): ignored.
ERROR: ld.so: object 'libfakeroot-sysv.so' from LD_PRELOAD cannot be preloaded (wrong ELF class: ELFCLASS64): ignored.
ERROR: ld.so: object 'libfakeroot-sysv.so' from LD_PRELOAD cannot be preloaded (wrong ELF class: ELFCLASS64): ignored.
ERROR: ld.so: object 'libfakeroot-sysv.so' from LD_PRELOAD cannot be preloaded (wrong ELF class: ELFCLASS64): ignored.
/tmp/ccOOy34k.o: In function `main':
/proj/mtk08176/git_test/7523_0918_0301/tclinux_phoenix/apps/public/alsa-lib-1.2.3.2/conftest.c:62: undefined reference to `dlopen'
collect2: error: ld returned 1 exit status
configure:11811: $? = 1
configure: failed program was:
| /* confdefs.h */
| #define PACKAGE_NAME "alsa-lib"
| #define PACKAGE_TARNAME "alsa-lib"
| #define PACKAGE_VERSION "1.2.3.2"
| #define PACKAGE_STRING "alsa-lib 1.2.3.2"
| #define PACKAGE_BUGREPORT ""
| #define PACKAGE_URL ""
| #define PACKAGE "alsa-lib"
| #define VERSION "1.2.3.2"
| #define STDC_HEADERS 1
| #define HAVE_SYS_TYPES_H 1
| #define HAVE_SYS_STAT_H 1
| #define HAVE_STDLIB_H 1
| #define HAVE_STRING_H 1
| #define HAVE_MEMORY_H 1
| #define HAVE_STRINGS_H 1
| #define HAVE_INTTYPES_H 1
| #define HAVE_STDINT_H 1
| #define HAVE_UNISTD_H 1
| #define __EXTENSIONS__ 1
| #define _ALL_SOURCE 1
| #define _GNU_SOURCE 1
| #define _POSIX_PTHREAD_SEMANTICS 1
| #define _TANDEM_SOURCE 1
| #define HAVE_DLFCN_H 1
| #define LT_OBJDIR ".libs/"
| /* end confdefs.h.  */
| /* Define dlopen to an innocuous variant, in case <limits.h> declares dlopen.
|    For example, HP-UX 11i <limits.h> declares gettimeofday.  */
| #define dlopen innocuous_dlopen
| 
| /* System header to define __stub macros and hopefully few prototypes,
|     which can conflict with char dlopen (); below.
|     Prefer <limits.h> to <assert.h> if __STDC__ is defined, since
|     <limits.h> exists even on freestanding compilers.  */
| 
| #ifdef __STDC__
| # include <limits.h>
| #else
| # include <assert.h>
| #endif
| 
| #undef dlopen
| 
| /* Override any GCC internal prototype to avoid an error.
|    Use char because int might match the return type of a GCC
|    builtin and then its argument prototype would still apply.  */
| #ifdef __cplusplus
| extern "C"
| #endif
| char dlopen ();
| /* The GNU C library defines this for functions which it implements
|     to always fail with ENOSYS.  Some functions are actually named
|     something starting with __ and the normal name is an alias.  */
| #if defined __stub_dlopen || defined __stub___dlopen
| choke me
| #endif
| 
| int
| main ()
| {
| return dlopen ();
|   ;
|   return 0;
| }
configure:11811: result: no
configure:11815: checking for dlopen in -ldl
configure:11840: arm-linux-cc -o conftest -g -O2   conftest.c -ldl   >&5
ERROR: ld.so: object 'libfakeroot-sysv.so' from LD_PRELOAD cannot be preloaded (wrong ELF class: ELFCLASS64): ignored.
ERROR: ld.so: object 'libfakeroot-sysv.so' from LD_PRELOAD cannot be preloaded (wrong ELF class: ELFCLASS64): ignored.
ERROR: ld.so: object 'libfakeroot-sysv.so' from LD_PRELOAD cannot be preloaded (wrong ELF class: ELFCLASS64): ignored.
ERROR: ld.so: object 'libfakeroot-sysv.so' from LD_PRELOAD cannot be preloaded (wrong ELF class: ELFCLASS64): ignored.
ERROR: ld.so: object 'libfakeroot-sysv.so' from LD_PRELOAD cannot be preloaded (wrong ELF class: ELFCLASS64): ignored.
configure:11840: $? = 0
configure:11849: result: yes
configure:11968: checking whether a program can dlopen itself
configure:12069: result: cross
configure:12214: checking whether stripping libraries is possible
configure:12219: result: yes
configure:12254: checking if libtool supports shared libraries
configure:12256: result: yes
configure:12259: checking whether to build shared libraries
configure:12284: result: yes
configure:12287: checking whether to build static libraries
configure:12291: result: no
configure:12341: checking if arm-linux-cc supports -Wl,--no-undefined flag
configure:12352: arm-linux-cc -o conftest -g -O2   -Wl,--no-undefined conftest.c  >&5
ERROR: ld.so: object 'libfakeroot-sysv.so' from LD_PRELOAD cannot be preloaded (wrong ELF class: ELFCLASS64): ignored.
ERROR: ld.so: object 'libfakeroot-sysv.so' from LD_PRELOAD cannot be preloaded (wrong ELF class: ELFCLASS64): ignored.
ERROR: ld.so: object 'libfakeroot-sysv.so' from LD_PRELOAD cannot be preloaded (wrong ELF class: ELFCLASS64): ignored.
ERROR: ld.so: object 'libfakeroot-sysv.so' from LD_PRELOAD cannot be preloaded (wrong ELF class: ELFCLASS64): ignored.
ERROR: ld.so: object 'libfakeroot-sysv.so' from LD_PRELOAD cannot be preloaded (wrong ELF class: ELFCLASS64): ignored.
configure:12352: $? = 0
configure:12363: result: yes
configure:12341: checking if arm-linux-cc supports -Wl,-z,defs flag
configure:12352: arm-linux-cc -o conftest -g -O2   -Wl,-z,defs conftest.c  >&5
ERROR: ld.so: object 'libfakeroot-sysv.so' from LD_PRELOAD cannot be preloaded (wrong ELF class: ELFCLASS64): ignored.
ERROR: ld.so: object 'libfakeroot-sysv.so' from LD_PRELOAD cannot be preloaded (wrong ELF class: ELFCLASS64): ignored.
ERROR: ld.so: object 'libfakeroot-sysv.so' from LD_PRELOAD cannot be preloaded (wrong ELF class: ELFCLASS64): ignored.
ERROR: ld.so: object 'libfakeroot-sysv.so' from LD_PRELOAD cannot be preloaded (wrong ELF class: ELFCLASS64): ignored.
ERROR: ld.so: object 'libfakeroot-sysv.so' from LD_PRELOAD cannot be preloaded (wrong ELF class: ELFCLASS64): ignored.
configure:12352: $? = 0
configure:12363: result: yes
configure:12378: checking for ANSI C header files
configure:12482: result: yes
configure:12493: checking for an ANSI C-conforming const
configure:12559: arm-linux-cc -c -g -O2  conftest.c >&5
ERROR: ld.so: object 'libfakeroot-sysv.so' from LD_PRELOAD cannot be preloaded (wrong ELF class: ELFCLASS64): ignored.
ERROR: ld.so: object 'libfakeroot-sysv.so' from LD_PRELOAD cannot be preloaded (wrong ELF class: ELFCLASS64): ignored.
ERROR: ld.so: object 'libfakeroot-sysv.so' from LD_PRELOAD cannot be preloaded (wrong ELF class: ELFCLASS64): ignored.
configure:12559: $? = 0
configure:12566: result: yes
configure:12574: checking for inline
configure:12590: arm-linux-cc -c -g -O2  conftest.c >&5
ERROR: ld.so: object 'libfakeroot-sysv.so' from LD_PRELOAD cannot be preloaded (wrong ELF class: ELFCLASS64): ignored.
ERROR: ld.so: object 'libfakeroot-sysv.so' from LD_PRELOAD cannot be preloaded (wrong ELF class: ELFCLASS64): ignored.
ERROR: ld.so: object 'libfakeroot-sysv.so' from LD_PRELOAD cannot be preloaded (wrong ELF class: ELFCLASS64): ignored.
configure:12590: $? = 0
configure:12598: result: inline
configure:12616: checking whether time.h and sys/time.h may both be included
configure:12636: arm-linux-cc -c -g -O2  conftest.c >&5
ERROR: ld.so: object 'libfakeroot-sysv.so' from LD_PRELOAD cannot be preloaded (wrong ELF class: ELFCLASS64): ignored.
ERROR: ld.so: object 'libfakeroot-sysv.so' from LD_PRELOAD cannot be preloaded (wrong ELF class: ELFCLASS64): ignored.
ERROR: ld.so: object 'libfakeroot-sysv.so' from LD_PRELOAD cannot be preloaded (wrong ELF class: ELFCLASS64): ignored.
configure:12636: $? = 0
configure:12643: result: yes
configure:12653: checking whether arm-linux-cc needs -traditional
ERROR: ld.so: object 'libfakeroot-sysv.so' from LD_PRELOAD cannot be preloaded (wrong ELF class: ELFCLASS64): ignored.
ERROR: ld.so: object 'libfakeroot-sysv.so' from LD_PRELOAD cannot be preloaded (wrong ELF class: ELFCLASS64): ignored.
ERROR: ld.so: object 'libfakeroot-sysv.so' from LD_PRELOAD cannot be preloaded (wrong ELF class: ELFCLASS64): ignored.
ERROR: ld.so: object 'libfakeroot-sysv.so' from LD_PRELOAD cannot be preloaded (wrong ELF class: ELFCLASS64): ignored.
configure:12687: result: no
configure:12696: checking for uselocale
configure:12696: arm-linux-cc -o conftest -g -O2   conftest.c  >&5
ERROR: ld.so: object 'libfakeroot-sysv.so' from LD_PRELOAD cannot be preloaded (wrong ELF class: ELFCLASS64): ignored.
ERROR: ld.so: object 'libfakeroot-sysv.so' from LD_PRELOAD cannot be preloaded (wrong ELF class: ELFCLASS64): ignored.
ERROR: ld.so: object 'libfakeroot-sysv.so' from LD_PRELOAD cannot be preloaded (wrong ELF class: ELFCLASS64): ignored.
ERROR: ld.so: object 'libfakeroot-sysv.so' from LD_PRELOAD cannot be preloaded (wrong ELF class: ELFCLASS64): ignored.
ERROR: ld.so: object 'libfakeroot-sysv.so' from LD_PRELOAD cannot be preloaded (wrong ELF class: ELFCLASS64): ignored.
configure:12696: $? = 0
configure:12696: result: yes
configure:12707: checking for library version
configure:12732: result: major 1 minor 2 subminor 3 extrastr  extraver 1000000
configure:12823: checking for versioned symbols
configure:12850: result: yes
configure:12869: checking for symbolic-functions
configure:12888: result: no
configure:12900: checking for custom symbol prefixes
configure:12913: result: 
configure:12916: checking for debug
configure:12927: result: yes
configure:12938: checking for debug assert
configure:12954: result: no
configure:12959: checking for tmpdir
configure:12969: result: /tmp
configure:12977: checking for softfloat
configure:12995: result: no
configure:13004: checking for libdl
configure:13016: checking for dlsym in -ldl
configure:13041: arm-linux-cc -o conftest -g -O2   conftest.c -ldl   >&5
ERROR: ld.so: object 'libfakeroot-sysv.so' from LD_PRELOAD cannot be preloaded (wrong ELF class: ELFCLASS64): ignored.
ERROR: ld.so: object 'libfakeroot-sysv.so' from LD_PRELOAD cannot be preloaded (wrong ELF class: ELFCLASS64): ignored.
ERROR: ld.so: object 'libfakeroot-sysv.so' from LD_PRELOAD cannot be preloaded (wrong ELF class: ELFCLASS64): ignored.
ERROR: ld.so: object 'libfakeroot-sysv.so' from LD_PRELOAD cannot be preloaded (wrong ELF class: ELFCLASS64): ignored.
ERROR: ld.so: object 'libfakeroot-sysv.so' from LD_PRELOAD cannot be preloaded (wrong ELF class: ELFCLASS64): ignored.
configure:13041: $? = 0
configure:13050: result: yes
configure:13075: checking for pthread
configure:13086: checking for pthread_join in -lpthread
configure:13111: arm-linux-cc -o conftest -g -O2   conftest.c -lpthread   >&5
ERROR: ld.so: object 'libfakeroot-sysv.so' from LD_PRELOAD cannot be preloaded (wrong ELF class: ELFCLASS64): ignored.
ERROR: ld.so: object 'libfakeroot-sysv.so' from LD_PRELOAD cannot be preloaded (wrong ELF class: ELFCLASS64): ignored.
ERROR: ld.so: object 'libfakeroot-sysv.so' from LD_PRELOAD cannot be preloaded (wrong ELF class: ELFCLASS64): ignored.
ERROR: ld.so: object 'libfakeroot-sysv.so' from LD_PRELOAD cannot be preloaded (wrong ELF class: ELFCLASS64): ignored.
ERROR: ld.so: object 'libfakeroot-sysv.so' from LD_PRELOAD cannot be preloaded (wrong ELF class: ELFCLASS64): ignored.
configure:13111: $? = 0
configure:13120: result: yes
configure:13138: checking whether PTHREAD_MUTEX_RECURSIVE is declared
configure:13138: arm-linux-cc -c -g -O2  conftest.c >&5
ERROR: ld.so: object 'libfakeroot-sysv.so' from LD_PRELOAD cannot be preloaded (wrong ELF class: ELFCLASS64): ignored.
ERROR: ld.so: object 'libfakeroot-sysv.so' from LD_PRELOAD cannot be preloaded (wrong ELF class: ELFCLASS64): ignored.
ERROR: ld.so: object 'libfakeroot-sysv.so' from LD_PRELOAD cannot be preloaded (wrong ELF class: ELFCLASS64): ignored.
configure:13138: $? = 0
configure:13138: result: yes
configure:13148: checking for __thread
configure:13163: arm-linux-cc -o conftest -g -O2   conftest.c  >&5
ERROR: ld.so: object 'libfakeroot-sysv.so' from LD_PRELOAD cannot be preloaded (wrong ELF class: ELFCLASS64): ignored.
ERROR: ld.so: object 'libfakeroot-sysv.so' from LD_PRELOAD cannot be preloaded (wrong ELF class: ELFCLASS64): ignored.
ERROR: ld.so: object 'libfakeroot-sysv.so' from LD_PRELOAD cannot be preloaded (wrong ELF class: ELFCLASS64): ignored.
ERROR: ld.so: object 'libfakeroot-sysv.so' from LD_PRELOAD cannot be preloaded (wrong ELF class: ELFCLASS64): ignored.
ERROR: ld.so: object 'libfakeroot-sysv.so' from LD_PRELOAD cannot be preloaded (wrong ELF class: ELFCLASS64): ignored.
configure:13163: $? = 0
configure:13167: result: yes
configure:13176: checking for librt
configure:13187: checking for clock_gettime in -lrt
configure:13212: arm-linux-cc -o conftest -g -O2   conftest.c -lrt   >&5
ERROR: ld.so: object 'libfakeroot-sysv.so' from LD_PRELOAD cannot be preloaded (wrong ELF class: ELFCLASS64): ignored.
ERROR: ld.so: object 'libfakeroot-sysv.so' from LD_PRELOAD cannot be preloaded (wrong ELF class: ELFCLASS64): ignored.
ERROR: ld.so: object 'libfakeroot-sysv.so' from LD_PRELOAD cannot be preloaded (wrong ELF class: ELFCLASS64): ignored.
ERROR: ld.so: object 'libfakeroot-sysv.so' from LD_PRELOAD cannot be preloaded (wrong ELF class: ELFCLASS64): ignored.
ERROR: ld.so: object 'libfakeroot-sysv.so' from LD_PRELOAD cannot be preloaded (wrong ELF class: ELFCLASS64): ignored.
configure:13212: $? = 0
configure:13221: result: yes
configure:13243: checking for use of wordexp
configure:13269: result: no
configure:13276: checking endian.h usability
configure:13276: arm-linux-cc -c -g -O2  conftest.c >&5
ERROR: ld.so: object 'libfakeroot-sysv.so' from LD_PRELOAD cannot be preloaded (wrong ELF class: ELFCLASS64): ignored.
ERROR: ld.so: object 'libfakeroot-sysv.so' from LD_PRELOAD cannot be preloaded (wrong ELF class: ELFCLASS64): ignored.
ERROR: ld.so: object 'libfakeroot-sysv.so' from LD_PRELOAD cannot be preloaded (wrong ELF class: ELFCLASS64): ignored.
configure:13276: $? = 0
configure:13276: result: yes
configure:13276: checking endian.h presence
configure:13276: arm-linux-cc -E  conftest.c
ERROR: ld.so: object 'libfakeroot-sysv.so' from LD_PRELOAD cannot be preloaded (wrong ELF class: ELFCLASS64): ignored.
ERROR: ld.so: object 'libfakeroot-sysv.so' from LD_PRELOAD cannot be preloaded (wrong ELF class: ELFCLASS64): ignored.
configure:13276: $? = 0
configure:13276: result: yes
configure:13276: checking for endian.h
configure:13276: result: yes
configure:13276: checking sys/endian.h usability
configure:13276: arm-linux-cc -c -g -O2  conftest.c >&5
ERROR: ld.so: object 'libfakeroot-sysv.so' from LD_PRELOAD cannot be preloaded (wrong ELF class: ELFCLASS64): ignored.
ERROR: ld.so: object 'libfakeroot-sysv.so' from LD_PRELOAD cannot be preloaded (wrong ELF class: ELFCLASS64): ignored.
conftest.c:78:24: fatal error: sys/endian.h: No such file or directory
 #include <sys/endian.h>
                        ^
compilation terminated.
configure:13276: $? = 1
configure: failed program was:
| /* confdefs.h */
| #define PACKAGE_NAME "alsa-lib"
| #define PACKAGE_TARNAME "alsa-lib"
| #define PACKAGE_VERSION "1.2.3.2"
| #define PACKAGE_STRING "alsa-lib 1.2.3.2"
| #define PACKAGE_BUGREPORT ""
| #define PACKAGE_URL ""
| #define PACKAGE "alsa-lib"
| #define VERSION "1.2.3.2"
| #define STDC_HEADERS 1
| #define HAVE_SYS_TYPES_H 1
| #define HAVE_SYS_STAT_H 1
| #define HAVE_STDLIB_H 1
| #define HAVE_STRING_H 1
| #define HAVE_MEMORY_H 1
| #define HAVE_STRINGS_H 1
| #define HAVE_INTTYPES_H 1
| #define HAVE_STDINT_H 1
| #define HAVE_UNISTD_H 1
| #define __EXTENSIONS__ 1
| #define _ALL_SOURCE 1
| #define _GNU_SOURCE 1
| #define _POSIX_PTHREAD_SEMANTICS 1
| #define _TANDEM_SOURCE 1
| #define HAVE_DLFCN_H 1
| #define LT_OBJDIR ".libs/"
| #define STDC_HEADERS 1
| #define TIME_WITH_SYS_TIME 1
| #define HAVE_USELOCALE 1
| #define VERSION "1.2.3.2"
| #define ALSA_CONFIG_DIR "/proj/mtk08176/git_test/7523_0918_0301/tclinux_phoenix/apps/public/alsa-lib-1.2.3.2/target/share/alsa"
| #define ALSA_PLUGIN_DIR "/proj/mtk08176/git_test/7523_0918_0301/tclinux_phoenix/apps/public/alsa-lib-1.2.3.2/target/lib/alsa-lib"
| #define ALSA_PKGCONF_DIR "/proj/mtk08176/git_test/7523_0918_0301/tclinux_phoenix/apps/public/alsa-lib-1.2.3.2/target/lib/pkgconfig"
| #define VERSIONED_SYMBOLS /**/
| #define __SYMBOL_PREFIX ""
| #define TMPDIR "/tmp"
| #define HAVE_LIBDL 1
| #define HAVE_LIBPTHREAD 1
| #define HAVE_PTHREAD_MUTEX_RECURSIVE /**/
| #define HAVE___THREAD 1
| #define HAVE_LIBRT 1
| #define HAVE_CLOCK_GETTIME 1
| #define HAVE_ENDIAN_H 1
| /* end confdefs.h.  */
| #include <stdio.h>
| #ifdef HAVE_SYS_TYPES_H
| # include <sys/types.h>
| #endif
| #ifdef HAVE_SYS_STAT_H
| # include <sys/stat.h>
| #endif
| #ifdef STDC_HEADERS
| # include <stdlib.h>
| # include <stddef.h>
| #else
| # ifdef HAVE_STDLIB_H
| #  include <stdlib.h>
| # endif
| #endif
| #ifdef HAVE_STRING_H
| # if !defined STDC_HEADERS && defined HAVE_MEMORY_H
| #  include <memory.h>
| # endif
| # include <string.h>
| #endif
| #ifdef HAVE_STRINGS_H
| # include <strings.h>
| #endif
| #ifdef HAVE_INTTYPES_H
| # include <inttypes.h>
| #endif
| #ifdef HAVE_STDINT_H
| # include <stdint.h>
| #endif
| #ifdef HAVE_UNISTD_H
| # include <unistd.h>
| #endif
| #include <sys/endian.h>
configure:13276: result: no
configure:13276: checking sys/endian.h presence
configure:13276: arm-linux-cc -E  conftest.c
ERROR: ld.so: object 'libfakeroot-sysv.so' from LD_PRELOAD cannot be preloaded (wrong ELF class: ELFCLASS64): ignored.
ERROR: ld.so: object 'libfakeroot-sysv.so' from LD_PRELOAD cannot be preloaded (wrong ELF class: ELFCLASS64): ignored.
conftest.c:45:24: fatal error: sys/endian.h: No such file or directory
 #include <sys/endian.h>
                        ^
compilation terminated.
configure:13276: $? = 1
configure: failed program was:
| /* confdefs.h */
| #define PACKAGE_NAME "alsa-lib"
| #define PACKAGE_TARNAME "alsa-lib"
| #define PACKAGE_VERSION "1.2.3.2"
| #define PACKAGE_STRING "alsa-lib 1.2.3.2"
| #define PACKAGE_BUGREPORT ""
| #define PACKAGE_URL ""
| #define PACKAGE "alsa-lib"
| #define VERSION "1.2.3.2"
| #define STDC_HEADERS 1
| #define HAVE_SYS_TYPES_H 1
| #define HAVE_SYS_STAT_H 1
| #define HAVE_STDLIB_H 1
| #define HAVE_STRING_H 1
| #define HAVE_MEMORY_H 1
| #define HAVE_STRINGS_H 1
| #define HAVE_INTTYPES_H 1
| #define HAVE_STDINT_H 1
| #define HAVE_UNISTD_H 1
| #define __EXTENSIONS__ 1
| #define _ALL_SOURCE 1
| #define _GNU_SOURCE 1
| #define _POSIX_PTHREAD_SEMANTICS 1
| #define _TANDEM_SOURCE 1
| #define HAVE_DLFCN_H 1
| #define LT_OBJDIR ".libs/"
| #define STDC_HEADERS 1
| #define TIME_WITH_SYS_TIME 1
| #define HAVE_USELOCALE 1
| #define VERSION "1.2.3.2"
| #define ALSA_CONFIG_DIR "/proj/mtk08176/git_test/7523_0918_0301/tclinux_phoenix/apps/public/alsa-lib-1.2.3.2/target/share/alsa"
| #define ALSA_PLUGIN_DIR "/proj/mtk08176/git_test/7523_0918_0301/tclinux_phoenix/apps/public/alsa-lib-1.2.3.2/target/lib/alsa-lib"
| #define ALSA_PKGCONF_DIR "/proj/mtk08176/git_test/7523_0918_0301/tclinux_phoenix/apps/public/alsa-lib-1.2.3.2/target/lib/pkgconfig"
| #define VERSIONED_SYMBOLS /**/
| #define __SYMBOL_PREFIX ""
| #define TMPDIR "/tmp"
| #define HAVE_LIBDL 1
| #define HAVE_LIBPTHREAD 1
| #define HAVE_PTHREAD_MUTEX_RECURSIVE /**/
| #define HAVE___THREAD 1
| #define HAVE_LIBRT 1
| #define HAVE_CLOCK_GETTIME 1
| #define HAVE_ENDIAN_H 1
| /* end confdefs.h.  */
| #include <sys/endian.h>
configure:13276: result: no
configure:13276: checking for sys/endian.h
configure:13276: result: no
configure:13276: checking sys/shm.h usability
configure:13276: arm-linux-cc -c -g -O2  conftest.c >&5
ERROR: ld.so: object 'libfakeroot-sysv.so' from LD_PRELOAD cannot be preloaded (wrong ELF class: ELFCLASS64): ignored.
ERROR: ld.so: object 'libfakeroot-sysv.so' from LD_PRELOAD cannot be preloaded (wrong ELF class: ELFCLASS64): ignored.
ERROR: ld.so: object 'libfakeroot-sysv.so' from LD_PRELOAD cannot be preloaded (wrong ELF class: ELFCLASS64): ignored.
configure:13276: $? = 0
configure:13276: result: yes
configure:13276: checking sys/shm.h presence
configure:13276: arm-linux-cc -E  conftest.c
ERROR: ld.so: object 'libfakeroot-sysv.so' from LD_PRELOAD cannot be preloaded (wrong ELF class: ELFCLASS64): ignored.
ERROR: ld.so: object 'libfakeroot-sysv.so' from LD_PRELOAD cannot be preloaded (wrong ELF class: ELFCLASS64): ignored.
configure:13276: $? = 0
configure:13276: result: yes
configure:13276: checking for sys/shm.h
configure:13276: result: yes
configure:13287: checking for resmgr support
configure:13296: result: no
configure:13351: checking for aload* support
configure:13360: result: yes
configure:13368: checking for ALSA device file directory
configure:13386: result: /dev/snd/
configure:13389: checking for aload* device file directory
configure:13407: result: /dev/
configure:13694: checking whether GCC supports builtin atomic intrinsics
configure:13712: arm-linux-cc -o conftest -g -O2   conftest.c  >&5
ERROR: ld.so: object 'libfakeroot-sysv.so' from LD_PRELOAD cannot be preloaded (wrong ELF class: ELFCLASS64): ignored.
ERROR: ld.so: object 'libfakeroot-sysv.so' from LD_PRELOAD cannot be preloaded (wrong ELF class: ELFCLASS64): ignored.
ERROR: ld.so: object 'libfakeroot-sysv.so' from LD_PRELOAD cannot be preloaded (wrong ELF class: ELFCLASS64): ignored.
ERROR: ld.so: object 'libfakeroot-sysv.so' from LD_PRELOAD cannot be preloaded (wrong ELF class: ELFCLASS64): ignored.
ERROR: ld.so: object 'libfakeroot-sysv.so' from LD_PRELOAD cannot be preloaded (wrong ELF class: ELFCLASS64): ignored.
configure:13712: $? = 0
configure:13720: result: yes
configure:13735: arm-linux-cc -o conftest -g -O2   conftest.c  >&5
ERROR: ld.so: object 'libfakeroot-sysv.so' from LD_PRELOAD cannot be preloaded (wrong ELF class: ELFCLASS64): ignored.
ERROR: ld.so: object 'libfakeroot-sysv.so' from LD_PRELOAD cannot be preloaded (wrong ELF class: ELFCLASS64): ignored.
conftest.c: In function 'main':
conftest.c:60:1: error: unknown register name 'mm0' in 'asm'
 __asm__ volatile ("" : : : "mm0");
 ^
configure:13735: $? = 1
configure: failed program was:
| /* confdefs.h */
| #define PACKAGE_NAME "alsa-lib"
| #define PACKAGE_TARNAME "alsa-lib"
| #define PACKAGE_VERSION "1.2.3.2"
| #define PACKAGE_STRING "alsa-lib 1.2.3.2"
| #define PACKAGE_BUGREPORT ""
| #define PACKAGE_URL ""
| #define PACKAGE "alsa-lib"
| #define VERSION "1.2.3.2"
| #define STDC_HEADERS 1
| #define HAVE_SYS_TYPES_H 1
| #define HAVE_SYS_STAT_H 1
| #define HAVE_STDLIB_H 1
| #define HAVE_STRING_H 1
| #define HAVE_MEMORY_H 1
| #define HAVE_STRINGS_H 1
| #define HAVE_INTTYPES_H 1
| #define HAVE_STDINT_H 1
| #define HAVE_UNISTD_H 1
| #define __EXTENSIONS__ 1
| #define _ALL_SOURCE 1
| #define _GNU_SOURCE 1
| #define _POSIX_PTHREAD_SEMANTICS 1
| #define _TANDEM_SOURCE 1
| #define HAVE_DLFCN_H 1
| #define LT_OBJDIR ".libs/"
| #define STDC_HEADERS 1
| #define TIME_WITH_SYS_TIME 1
| #define HAVE_USELOCALE 1
| #define VERSION "1.2.3.2"
| #define ALSA_CONFIG_DIR "/proj/mtk08176/git_test/7523_0918_0301/tclinux_phoenix/apps/public/alsa-lib-1.2.3.2/target/share/alsa"
| #define ALSA_PLUGIN_DIR "/proj/mtk08176/git_test/7523_0918_0301/tclinux_phoenix/apps/public/alsa-lib-1.2.3.2/target/lib/alsa-lib"
| #define ALSA_PKGCONF_DIR "/proj/mtk08176/git_test/7523_0918_0301/tclinux_phoenix/apps/public/alsa-lib-1.2.3.2/target/lib/pkgconfig"
| #define VERSIONED_SYMBOLS /**/
| #define __SYMBOL_PREFIX ""
| #define TMPDIR "/tmp"
| #define HAVE_LIBDL 1
| #define HAVE_LIBPTHREAD 1
| #define HAVE_PTHREAD_MUTEX_RECURSIVE /**/
| #define HAVE___THREAD 1
| #define HAVE_LIBRT 1
| #define HAVE_CLOCK_GETTIME 1
| #define HAVE_ENDIAN_H 1
| #define HAVE_SYS_SHM_H 1
| #define SUPPORT_ALOAD "1"
| #define ALSA_DEVICE_DIRECTORY "/dev/snd/"
| #define ALOAD_DEVICE_DIRECTORY "/dev/"
| #define BUILD_MIXER "1"
| #define BUILD_PCM "1"
| #define BUILD_RAWMIDI "1"
| #define BUILD_HWDEP "1"
| #define BUILD_SEQ "1"
| #define BUILD_UCM "1"
| #define BUILD_TOPOLOGY "1"
| /* end confdefs.h.  */
| 
| int
| main ()
| {
| __asm__ volatile ("" : : : "mm0");
|   ;
|   return 0;
| }
configure:14130: checking for max number of cards
configure:14140: result: 32
configure:14155: checking for thread-safe API functions
configure:14165: result: yes
configure:14293: checking that generated files are newer than configure
configure:14299: result: done
configure:14510: creating ./config.status

## ---------------------- ##
## Running config.status. ##
## ---------------------- ##

This file was extended by alsa-lib config.status 1.2.3.2, which was
generated by GNU Autoconf 2.69.  Invocation command line was

  CONFIG_FILES    = 
  CONFIG_HEADERS  = 
  CONFIG_LINKS    = 
  CONFIG_COMMANDS = 
  $ ./config.status 

on mbjsbblt38

config.status:1268: creating Makefile
config.status:1268: creating doc/Makefile
config.status:1268: creating doc/pictures/Makefile
config.status:1268: creating doc/doxygen.cfg
config.status:1268: creating include/Makefile
config.status:1268: creating include/sound/Makefile
config.status:1268: creating include/sound/uapi/Makefile
config.status:1268: creating src/Versions
config.status:1268: creating src/Makefile
config.status:1268: creating src/control/Makefile
config.status:1268: creating src/mixer/Makefile
config.status:1268: creating src/pcm/Makefile
config.status:1268: creating src/pcm/scopes/Makefile
config.status:1268: creating src/rawmidi/Makefile
config.status:1268: creating src/timer/Makefile
config.status:1268: creating src/hwdep/Makefile
config.status:1268: creating src/seq/Makefile
config.status:1268: creating src/ucm/Makefile
config.status:1268: creating src/alisp/Makefile
config.status:1268: creating src/topology/Makefile
config.status:1268: creating src/conf/Makefile
config.status:1268: creating src/conf/cards/Makefile
config.status:1268: creating src/conf/pcm/Makefile
config.status:1268: creating modules/Makefile
config.status:1268: creating modules/mixer/Makefile
config.status:1268: creating modules/mixer/simple/Makefile
config.status:1268: creating alsalisp/Makefile
config.status:1268: creating aserver/Makefile
config.status:1268: creating test/Makefile
config.status:1268: creating test/lsb/Makefile
config.status:1268: creating utils/Makefile
config.status:1268: creating utils/alsa-lib.spec
config.status:1268: creating utils/alsa.pc
config.status:1268: creating utils/alsa-topology.pc
config.status:1268: creating include/config.h
config.status:1449: include/config.h is unchanged
config.status:1497: executing depfiles commands
config.status:1497: executing libtool commands

## ---------------- ##
## Cache variables. ##
## ---------------- ##

ac_cv_build=x86_64-pc-linux-gnu
ac_cv_c_compiler_gnu=yes
ac_cv_c_const=yes
ac_cv_c_inline=inline
ac_cv_env_CC_set=set
ac_cv_env_CC_value=arm-linux-cc
ac_cv_env_CFLAGS_set=
ac_cv_env_CFLAGS_value=
ac_cv_env_CPPFLAGS_set=
ac_cv_env_CPPFLAGS_value=
ac_cv_env_CPP_set=
ac_cv_env_CPP_value=
ac_cv_env_LDFLAGS_set=
ac_cv_env_LDFLAGS_value=
ac_cv_env_LIBS_set=
ac_cv_env_LIBS_value=
ac_cv_env_LT_SYS_LIBRARY_PATH_set=
ac_cv_env_LT_SYS_LIBRARY_PATH_value=
ac_cv_env_build_alias_set=
ac_cv_env_build_alias_value=
ac_cv_env_host_alias_set=set
ac_cv_env_host_alias_value=arm-linux
ac_cv_env_target_alias_set=
ac_cv_env_target_alias_value=
ac_cv_func_dlopen=no
ac_cv_func_shl_load=no
ac_cv_func_uselocale=yes
ac_cv_have_decl_PTHREAD_MUTEX_RECURSIVE=yes
ac_cv_header_dlfcn_h=yes
ac_cv_header_endian_h=yes
ac_cv_header_inttypes_h=yes
ac_cv_header_memory_h=yes
ac_cv_header_minix_config_h=no
ac_cv_header_stdc=yes
ac_cv_header_stdint_h=yes
ac_cv_header_stdlib_h=yes
ac_cv_header_string_h=yes
ac_cv_header_strings_h=yes
ac_cv_header_sys_endian_h=no
ac_cv_header_sys_shm_h=yes
ac_cv_header_sys_stat_h=yes
ac_cv_header_sys_types_h=yes
ac_cv_header_time=yes
ac_cv_header_unistd_h=yes
ac_cv_host=arm-unknown-linux-gnu
ac_cv_lib_dl_dlopen=yes
ac_cv_lib_dl_dlsym=yes
ac_cv_lib_dld_shl_load=no
ac_cv_lib_pthread_pthread_join=yes
ac_cv_lib_rt_clock_gettime=yes
ac_cv_objext=o
ac_cv_path_EGREP='/bin/grep -E'
ac_cv_path_FGREP='/bin/grep -F'
ac_cv_path_GREP=/bin/grep
ac_cv_path_SED=/bin/sed
ac_cv_path_install='/usr/bin/install -c'
ac_cv_path_lt_DD=/bin/dd
ac_cv_path_mkdir=/bin/mkdir
ac_cv_prog_AR=arm-buildroot-linux-gnueabi-ar
ac_cv_prog_AWK=gawk
ac_cv_prog_CC=arm-linux-cc
ac_cv_prog_CPP='arm-linux-cc -E'
ac_cv_prog_OBJDUMP=arm-linux-objdump
ac_cv_prog_RANLIB=arm-buildroot-linux-gnueabi-ranlib
ac_cv_prog_STRIP=arm-buildroot-linux-gnueabi-strip
ac_cv_prog_ac_ct_MANIFEST_TOOL=mt
ac_cv_prog_cc_c89=
ac_cv_prog_cc_g=yes
ac_cv_prog_gcc_traditional=no
ac_cv_prog_make_make_set=yes
ac_cv_safe_to_define___extensions__=yes
am_cv_CC_dependencies_compiler_type=gcc3
am_cv_make_support_nested_variables=yes
am_cv_prog_cc_c_o=yes
cc_cv_ldflags__Wl___no_undefined=yes
cc_cv_ldflags__Wl__z_defs=yes
lt_cv_ar_at_file=@
lt_cv_archive_cmds_need_lc=no
lt_cv_deplibs_check_method=pass_all
lt_cv_dlopen=dlopen
lt_cv_dlopen_libs=-ldl
lt_cv_dlopen_self=cross
lt_cv_file_magic_cmd='$MAGIC_CMD'
lt_cv_file_magic_test_file=
lt_cv_ld_reload_flag=-r
lt_cv_nm_interface='BSD nm'
lt_cv_objdir=.libs
lt_cv_path_LD=arm-buildroot-linux-gnueabi-ld
lt_cv_path_NM=/opt/trendchip/buildroot-gcc493_glibc222_arm32_32bServer/usr/bin//arm-linux-nm
lt_cv_path_mainfest_tool=no
lt_cv_prog_compiler_c_o=yes
lt_cv_prog_compiler_pic='-fPIC -DPIC'
lt_cv_prog_compiler_pic_works=yes
lt_cv_prog_compiler_rtti_exceptions=no
lt_cv_prog_compiler_static_works=yes
lt_cv_prog_gnu_ld=yes
lt_cv_sharedlib_from_linklib_cmd='printf %s\n'
lt_cv_shlibpath_overrides_runpath=no
lt_cv_sys_global_symbol_pipe='sed -n -e '\''s/^.*[	 ]\([ABCDGIRSTW][ABCDGIRSTW]*\)[	 ][	 ]*\([_A-Za-z][_A-Za-z0-9]*\)$/\1 \2 \2/p'\'' | sed '\''/ __gnu_lto/d'\'''
lt_cv_sys_global_symbol_to_c_name_address='sed -n -e '\''s/^: \(.*\) .*$/  {"\1", (void *) 0},/p'\'' -e '\''s/^[ABCDGIRSTW][ABCDGIRSTW]* .* \(.*\)$/  {"\1", (void *) \&\1},/p'\'''
lt_cv_sys_global_symbol_to_c_name_address_lib_prefix='sed -n -e '\''s/^: \(.*\) .*$/  {"\1", (void *) 0},/p'\'' -e '\''s/^[ABCDGIRSTW][ABCDGIRSTW]* .* \(lib.*\)$/  {"\1", (void *) \&\1},/p'\'' -e '\''s/^[ABCDGIRSTW][ABCDGIRSTW]* .* \(.*\)$/  {"lib\1", (void *) \&\1},/p'\'''
lt_cv_sys_global_symbol_to_cdecl='sed -n -e '\''s/^T .* \(.*\)$/extern int \1();/p'\'' -e '\''s/^[ABCDGIRSTW][ABCDGIRSTW]* .* \(.*\)$/extern char \1;/p'\'''
lt_cv_sys_global_symbol_to_import=
lt_cv_sys_max_cmd_len=1572864
lt_cv_to_host_file_cmd=func_convert_file_noop
lt_cv_to_tool_file_cmd=func_convert_file_noop
lt_cv_truncate_bin='/bin/dd bs=4096 count=1'

## ----------------- ##
## Output variables. ##
## ----------------- ##

ACLOCAL='${SHELL} /proj/mtk08176/git_test/7523_0918_0301/tclinux_phoenix/apps/public/alsa-lib-1.2.3.2/missing aclocal-1.14'
ALSA_CONFIG_DIR='/proj/mtk08176/git_test/7523_0918_0301/tclinux_phoenix/apps/public/alsa-lib-1.2.3.2/target/share/alsa'
ALSA_DEPLIBS='-lm -ldl -lpthread -lrt'
ALSA_PKGCONF_DIR='/proj/mtk08176/git_test/7523_0918_0301/tclinux_phoenix/apps/public/alsa-lib-1.2.3.2/target/lib/pkgconfig'
ALSA_PLUGIN_DIR='/proj/mtk08176/git_test/7523_0918_0301/tclinux_phoenix/apps/public/alsa-lib-1.2.3.2/target/lib/alsa-lib'
AMDEPBACKSLASH='\'
AMDEP_FALSE='#'
AMDEP_TRUE=''
AMTAR='$${TAR-tar}'
AM_BACKSLASH='\'
AM_DEFAULT_V='$(AM_DEFAULT_VERBOSITY)'
AM_DEFAULT_VERBOSITY='0'
AM_V='$(V)'
AR='arm-buildroot-linux-gnueabi-ar'
AUTOCONF='${SHELL} /proj/mtk08176/git_test/7523_0918_0301/tclinux_phoenix/apps/public/alsa-lib-1.2.3.2/missing autoconf'
AUTOHEADER='${SHELL} /proj/mtk08176/git_test/7523_0918_0301/tclinux_phoenix/apps/public/alsa-lib-1.2.3.2/missing autoheader'
AUTOMAKE='${SHELL} /proj/mtk08176/git_test/7523_0918_0301/tclinux_phoenix/apps/public/alsa-lib-1.2.3.2/missing automake-1.14'
AWK='gawk'
BUILD_ALISP_FALSE=''
BUILD_ALISP_TRUE='#'
BUILD_CTL_PLUGIN_EXT_FALSE='#'
BUILD_CTL_PLUGIN_EXT_TRUE=''
BUILD_CTL_PLUGIN_FALSE='#'
BUILD_CTL_PLUGIN_SHM_FALSE='#'
BUILD_CTL_PLUGIN_SHM_TRUE=''
BUILD_CTL_PLUGIN_TRUE=''
BUILD_HWDEP_FALSE='#'
BUILD_HWDEP_TRUE=''
BUILD_MIXER_FALSE='#'
BUILD_MIXER_MODULES_FALSE=''
BUILD_MIXER_MODULES_TRUE='#'
BUILD_MIXER_PYMODULES_FALSE=''
BUILD_MIXER_PYMODULES_TRUE='#'
BUILD_MIXER_TRUE=''
BUILD_MODULES_FALSE='#'
BUILD_MODULES_TRUE=''
BUILD_PCM_FALSE='#'
BUILD_PCM_PLUGIN_ADPCM_FALSE='#'
BUILD_PCM_PLUGIN_ADPCM_TRUE=''
BUILD_PCM_PLUGIN_ALAW_FALSE='#'
BUILD_PCM_PLUGIN_ALAW_TRUE=''
BUILD_PCM_PLUGIN_ASYM_FALSE='#'
BUILD_PCM_PLUGIN_ASYM_TRUE=''
BUILD_PCM_PLUGIN_COPY_FALSE='#'
BUILD_PCM_PLUGIN_COPY_TRUE=''
BUILD_PCM_PLUGIN_DMIX_FALSE='#'
BUILD_PCM_PLUGIN_DMIX_TRUE=''
BUILD_PCM_PLUGIN_DSHARE_FALSE='#'
BUILD_PCM_PLUGIN_DSHARE_TRUE=''
BUILD_PCM_PLUGIN_DSNOOP_FALSE='#'
BUILD_PCM_PLUGIN_DSNOOP_TRUE=''
BUILD_PCM_PLUGIN_EMPTY_FALSE='#'
BUILD_PCM_PLUGIN_EMPTY_TRUE=''
BUILD_PCM_PLUGIN_EXTPLUG_FALSE='#'
BUILD_PCM_PLUGIN_EXTPLUG_TRUE=''
BUILD_PCM_PLUGIN_FALSE='#'
BUILD_PCM_PLUGIN_FILE_FALSE='#'
BUILD_PCM_PLUGIN_FILE_TRUE=''
BUILD_PCM_PLUGIN_HOOKS_FALSE='#'
BUILD_PCM_PLUGIN_HOOKS_TRUE=''
BUILD_PCM_PLUGIN_IEC958_FALSE='#'
BUILD_PCM_PLUGIN_IEC958_TRUE=''
BUILD_PCM_PLUGIN_IOPLUG_FALSE='#'
BUILD_PCM_PLUGIN_IOPLUG_TRUE=''
BUILD_PCM_PLUGIN_LADSPA_FALSE='#'
BUILD_PCM_PLUGIN_LADSPA_TRUE=''
BUILD_PCM_PLUGIN_LFLOAT_FALSE='#'
BUILD_PCM_PLUGIN_LFLOAT_TRUE=''
BUILD_PCM_PLUGIN_LINEAR_FALSE='#'
BUILD_PCM_PLUGIN_LINEAR_TRUE=''
BUILD_PCM_PLUGIN_METER_FALSE='#'
BUILD_PCM_PLUGIN_METER_TRUE=''
BUILD_PCM_PLUGIN_MMAP_EMUL_FALSE='#'
BUILD_PCM_PLUGIN_MMAP_EMUL_TRUE=''
BUILD_PCM_PLUGIN_MULAW_FALSE='#'
BUILD_PCM_PLUGIN_MULAW_TRUE=''
BUILD_PCM_PLUGIN_MULTI_FALSE='#'
BUILD_PCM_PLUGIN_MULTI_TRUE=''
BUILD_PCM_PLUGIN_NULL_FALSE='#'
BUILD_PCM_PLUGIN_NULL_TRUE=''
BUILD_PCM_PLUGIN_PLUG_FALSE='#'
BUILD_PCM_PLUGIN_PLUG_TRUE=''
BUILD_PCM_PLUGIN_RATE_FALSE='#'
BUILD_PCM_PLUGIN_RATE_TRUE=''
BUILD_PCM_PLUGIN_ROUTE_FALSE='#'
BUILD_PCM_PLUGIN_ROUTE_TRUE=''
BUILD_PCM_PLUGIN_SHARE_FALSE='#'
BUILD_PCM_PLUGIN_SHARE_TRUE=''
BUILD_PCM_PLUGIN_SHM_FALSE='#'
BUILD_PCM_PLUGIN_SHM_TRUE=''
BUILD_PCM_PLUGIN_SOFTVOL_FALSE='#'
BUILD_PCM_PLUGIN_SOFTVOL_TRUE=''
BUILD_PCM_PLUGIN_TRUE=''
BUILD_PCM_TRUE=''
BUILD_RAWMIDI_FALSE='#'
BUILD_RAWMIDI_TRUE=''
BUILD_SEQ_FALSE='#'
BUILD_SEQ_TRUE=''
BUILD_TOPOLOGY_FALSE='#'
BUILD_TOPOLOGY_TRUE=''
BUILD_UCM_FALSE='#'
BUILD_UCM_TRUE=''
CC='arm-linux-cc'
CCDEPMODE='depmode=gcc3'
CFLAGS='-g -O2'
CPP='arm-linux-cc -E'
CPPFLAGS=''
CYGPATH_W='echo'
DEFS='-DHAVE_CONFIG_H'
DEPDIR='.deps'
DLLTOOL='false'
DSYMUTIL=''
DUMPBIN=''
ECHO_C=''
ECHO_N='-n'
ECHO_T=''
EGREP='/bin/grep -E'
EXEEXT=''
FGREP='/bin/grep -F'
GREP='/bin/grep'
INSTALL_DATA='${INSTALL} -m 644'
INSTALL_M4_FALSE='#'
INSTALL_M4_TRUE=''
INSTALL_PROGRAM='${INSTALL}'
INSTALL_SCRIPT='${INSTALL}'
INSTALL_STRIP_PROGRAM='$(install_sh) -c -s'
KEEP_OLD_SYMBOLS_FALSE='#'
KEEP_OLD_SYMBOLS_TRUE=''
LD='arm-buildroot-linux-gnueabi-ld'
LDFLAGS=''
LDFLAGS_NOUNDEFINED='-Wl,-z,defs'
LIBOBJS=''
LIBS=''
LIBTOOL='$(SHELL) $(top_builddir)/libtool'
LIBTOOL_VERSION_INFO='2:0:0'
LIPO=''
LN_S='ln -s'
LTLIBOBJS=''
LT_SYS_LIBRARY_PATH=''
MAINT=''
MAINTAINER_MODE_FALSE='#'
MAINTAINER_MODE_TRUE=''
MAKEINFO='${SHELL} /proj/mtk08176/git_test/7523_0918_0301/tclinux_phoenix/apps/public/alsa-lib-1.2.3.2/missing makeinfo'
MANIFEST_TOOL=':'
MKDIR_P='/bin/mkdir -p'
NM='/opt/trendchip/buildroot-gcc493_glibc222_arm32_32bServer/usr/bin//arm-linux-nm'
NMEDIT=''
OBJDUMP='arm-linux-objdump'
OBJEXT='o'
OTOOL64=''
OTOOL=''
PACKAGE='alsa-lib'
PACKAGE_BUGREPORT=''
PACKAGE_NAME='alsa-lib'
PACKAGE_STRING='alsa-lib 1.2.3.2'
PACKAGE_TARNAME='alsa-lib'
PACKAGE_URL=''
PACKAGE_VERSION='1.2.3.2'
PATH_SEPARATOR=':'
PYTHON_INCLUDES=''
PYTHON_LIBS=''
RANLIB='arm-buildroot-linux-gnueabi-ranlib'
SED='/bin/sed'
SET_MAKE=''
SHELL='/bin/sh'
SND_LIB_EXTRAVER='1000000'
SND_LIB_MAJOR='1'
SND_LIB_MINOR='2'
SND_LIB_SUBMINOR='3'
SND_LIB_VERSION='1.2.3.2'
STRIP='arm-buildroot-linux-gnueabi-strip'
SYMBOLIC_FUNCTIONS_FALSE=''
SYMBOLIC_FUNCTIONS_TRUE='#'
SYMBOL_PREFIX=''
VERSION='1.2.3.2'
VERSIONED_SYMBOLS_FALSE='#'
VERSIONED_SYMBOLS_TRUE=''
ac_ct_AR=''
ac_ct_CC=''
ac_ct_DUMPBIN=''
am__EXEEXT_FALSE=''
am__EXEEXT_TRUE='#'
am__fastdepCC_FALSE='#'
am__fastdepCC_TRUE=''
am__include='include'
am__isrc=''
am__leading_dot='.'
am__nodep='_no'
am__quote=''
am__tar='$${TAR-tar} chof - "$$tardir"'
am__untar='$${TAR-tar} xf -'
bindir='${exec_prefix}/bin'
build='x86_64-pc-linux-gnu'
build_alias=''
build_cpu='x86_64'
build_os='linux-gnu'
build_vendor='pc'
datadir='${datarootdir}'
datarootdir='${prefix}/share'
docdir='${datarootdir}/doc/${PACKAGE_TARNAME}'
dvidir='${docdir}'
exec_prefix='/proj/mtk08176/git_test/7523_0918_0301/tclinux_phoenix/apps/public/alsa-lib-1.2.3.2/target'
host='arm-unknown-linux-gnu'
host_alias='arm-linux'
host_cpu='arm'
host_os='linux-gnu'
host_vendor='unknown'
htmldir='${docdir}'
includedir='${prefix}/include'
infodir='${datarootdir}/info'
install_sh='${SHELL} /proj/mtk08176/git_test/7523_0918_0301/tclinux_phoenix/apps/public/alsa-lib-1.2.3.2/install-sh'
libdir='${exec_prefix}/lib'
libexecdir='${exec_prefix}/libexec'
localedir='${datarootdir}/locale'
localstatedir='${prefix}/var'
mandir='${datarootdir}/man'
mkdir_p='$(MKDIR_P)'
oldincludedir='/usr/include'
pdfdir='${docdir}'
prefix='/proj/mtk08176/git_test/7523_0918_0301/tclinux_phoenix/apps/public/alsa-lib-1.2.3.2/target'
program_transform_name='s,x,x,'
psdir='${docdir}'
runstatedir='${localstatedir}/run'
sbindir='${exec_prefix}/sbin'
sharedstatedir='${prefix}/com'
sysconfdir='${prefix}/etc'
target_alias=''

## ----------- ##
## confdefs.h. ##
## ----------- ##

/* confdefs.h */
#define PACKAGE_NAME "alsa-lib"
#define PACKAGE_TARNAME "alsa-lib"
#define PACKAGE_VERSION "1.2.3.2"
#define PACKAGE_STRING "alsa-lib 1.2.3.2"
#define PACKAGE_BUGREPORT ""
#define PACKAGE_URL ""
#define PACKAGE "alsa-lib"
#define VERSION "1.2.3.2"
#define STDC_HEADERS 1
#define HAVE_SYS_TYPES_H 1
#define HAVE_SYS_STAT_H 1
#define HAVE_STDLIB_H 1
#define HAVE_STRING_H 1
#define HAVE_MEMORY_H 1
#define HAVE_STRINGS_H 1
#define HAVE_INTTYPES_H 1
#define HAVE_STDINT_H 1
#define HAVE_UNISTD_H 1
#define __EXTENSIONS__ 1
#define _ALL_SOURCE 1
#define _GNU_SOURCE 1
#define _POSIX_PTHREAD_SEMANTICS 1
#define _TANDEM_SOURCE 1
#define HAVE_DLFCN_H 1
#define LT_OBJDIR ".libs/"
#define STDC_HEADERS 1
#define TIME_WITH_SYS_TIME 1
#define HAVE_USELOCALE 1
#define VERSION "1.2.3.2"
#define ALSA_CONFIG_DIR "/proj/mtk08176/git_test/7523_0918_0301/tclinux_phoenix/apps/public/alsa-lib-1.2.3.2/target/share/alsa"
#define ALSA_PLUGIN_DIR "/proj/mtk08176/git_test/7523_0918_0301/tclinux_phoenix/apps/public/alsa-lib-1.2.3.2/target/lib/alsa-lib"
#define ALSA_PKGCONF_DIR "/proj/mtk08176/git_test/7523_0918_0301/tclinux_phoenix/apps/public/alsa-lib-1.2.3.2/target/lib/pkgconfig"
#define VERSIONED_SYMBOLS /**/
#define __SYMBOL_PREFIX ""
#define TMPDIR "/tmp"
#define HAVE_LIBDL 1
#define HAVE_LIBPTHREAD 1
#define HAVE_PTHREAD_MUTEX_RECURSIVE /**/
#define HAVE___THREAD 1
#define HAVE_LIBRT 1
#define HAVE_CLOCK_GETTIME 1
#define HAVE_ENDIAN_H 1
#define HAVE_SYS_SHM_H 1
#define SUPPORT_ALOAD "1"
#define ALSA_DEVICE_DIRECTORY "/dev/snd/"
#define ALOAD_DEVICE_DIRECTORY "/dev/"
#define BUILD_MIXER "1"
#define BUILD_PCM "1"
#define BUILD_RAWMIDI "1"
#define BUILD_HWDEP "1"
#define BUILD_SEQ "1"
#define BUILD_UCM "1"
#define BUILD_TOPOLOGY "1"
#define BUILD_PCM_PLUGIN_RATE "1"
#define BUILD_PCM_PLUGIN_ROUTE "1"
#define BUILD_PCM_PLUGIN_LFLOAT "1"
#define BUILD_PCM_PLUGIN_ADPCM "1"
#define BUILD_PCM_PLUGIN_MULAW "1"
#define BUILD_PCM_PLUGIN_ALAW "1"
#define BUILD_PCM_PLUGIN_MMAP_EMUL "1"
#define SND_MAX_CARDS 32
#define THREAD_SAFE_API "1"

configure: exit 0
