This file contains any messages produced by compilers while
running configure, to aid debugging if configure makes a mistake.

It was created by bridge-utils configure 1.5, which was
generated by GNU Autoconf 2.59.  Invocation command line was

  $ ./configure 

## --------- ##
## Platform. ##
## --------- ##

hostname = mbjsbblt06
uname -m = i686
uname -r = 2.6.9-89.ELsmp
uname -s = Linux
uname -v = #1 SMP Mon Apr 20 10:34:33 EDT 2009

/usr/bin/uname -p = unknown
/bin/uname -X     = unknown

/bin/arch              = i686
/usr/bin/arch -k       = unknown
/usr/convex/getsysinfo = unknown
hostinfo               = unknown
/bin/machine           = unknown
/usr/bin/oslevel       = unknown
/bin/universe          = unknown

PATH: /mtktools/LSF/8/8.0/linux2.6-glibc2.3-x86/etc
PATH: /mtktools/LSF/8/8.0/linux2.6-glibc2.3-x86/bin
PATH: /mtkoss/android_sdk/5.1/x86_64/platform-tools
PATH: /mtkeda/ado/bin/rhel-4.8-i686
PATH: /opt/trendchip/mips-linux-3.4.6/bin
PATH: /opt/trendchip/mips-linux-uclibc/usr/bin
PATH: /opt/CodeSourcery/mips-4.2/bin
PATH: /mtkeda/perforce/linux26x86_2010.2
PATH: /mtkeda/perforce/linux26x86_2010.2/p4v/bin
PATH: /mtkeda/perforce/linux26x86_2014.1
PATH: /mtkeda/perforce/linux26x86_2014.1/p4v/bin
PATH: /mtkoss/lzop/1.03-rhel-4.8/i686
PATH: /mtkoss/cmake/2.8.3-linux/i686/bin
PATH: /mtkoss/ccache/3.1.4-rhel-4.8/i686/bin
PATH: /mtkoss/gcc/3.4.6/i686/bin
PATH: /mtkoss/python/2.6/i686/bin
PATH: /mtkoss/jdk/1.6.0_02/bin
PATH: /mtkeda/perforce/linux26x86_2010.2
PATH: /mtkeda/perforce/linux26x86_2010.2/p4v/bin
PATH: /mtkeda/perforce/linux26x86_2014.1
PATH: /mtkeda/perforce/linux26x86_2014.1/p4v/bin
PATH: /mtkeda/LSF/7.04/7.0/linux2.6-glibc2.3-x86/etc
PATH: /mtkeda/LSF/7.04/7.0/linux2.6-glibc2.3-x86/bin
PATH: /usr/lib/qt-3.3/bin
PATH: /usr/kerberos/bin
PATH: /usr/local/bin
PATH: /bin
PATH: /usr/bin
PATH: /usr/X11R6/bin
PATH: /mtkeda/ado/bin/rhel-4.8-i686
PATH: /mtkeda/IT/bin
PATH: /mtkeda/IT/sbin
PATH: /mtkeda/CI/MtkCheckStyle
PATH: /mtkeda/CI/MtkCheckStyle/MtkCheckStyle
PATH: /mtkeda/apb
PATH: /mtkeda/CI/MtkCheckStyle
PATH: /mtkeda/Utility/LM_daemon/Synopsys/11.6/Linux/amd64/bin
PATH: /proj/mtk13196/bin


## ----------- ##
## Core tests. ##
## ----------- ##

configure:1361: checking for gcc
configure:1377: found /mtkoss/gcc/3.4.6/i686/bin/gcc
configure:1387: result: gcc
configure:1631: checking for C compiler version
configure:1634: gcc --version </dev/null >&5
gcc (GCC) 3.4.6
Copyright (C) 2006 Free Software Foundation, Inc.
This is free software; see the source for copying conditions.  There is NO
warranty; not even for MERCHANTABILITY or FITNESS FOR A PARTICULAR PURPOSE.

configure:1637: $? = 0
configure:1639: gcc -v </dev/null >&5
Reading specs from /mtkoss/gcc/3.4.6/i686/lib/gcc/i686-pc-linux-gnu/3.4.6/specs
Configured with: ./configure --prefix=/mtkoss/gcc/3.4.6/i686
Thread model: posix
gcc version 3.4.6
configure:1642: $? = 0
configure:1644: gcc -V </dev/null >&5
gcc: `-V' option must have argument
configure:1647: $? = 1
configure:1670: checking for C compiler default output file name
configure:1673: gcc    conftest.c  >&5
configure:1676: $? = 0
configure:1722: result: a.out
configure:1727: checking whether the C compiler works
configure:1733: ./a.out
configure:1736: $? = 0
configure:1753: result: yes
configure:1760: checking whether we are cross compiling
configure:1762: result: no
configure:1765: checking for suffix of executables
configure:1767: gcc -o conftest    conftest.c  >&5
configure:1770: $? = 0
configure:1795: result: 
configure:1801: checking for suffix of object files
configure:1822: gcc -c   conftest.c >&5
configure:1825: $? = 0
configure:1847: result: o
configure:1851: checking whether we are using the GNU C compiler
configure:1875: gcc -c   conftest.c >&5
configure:1881: $? = 0
configure:1885: test -z 
			 || test ! -s conftest.err
configure:1888: $? = 0
configure:1891: test -s conftest.o
configure:1894: $? = 0
configure:1907: result: yes
configure:1913: checking whether gcc accepts -g
configure:1934: gcc -c -g  conftest.c >&5
configure:1940: $? = 0
configure:1944: test -z 
			 || test ! -s conftest.err
configure:1947: $? = 0
configure:1950: test -s conftest.o
configure:1953: $? = 0
configure:1964: result: yes
configure:1981: checking for gcc option to accept ANSI C
configure:2051: gcc  -c -g -O2  conftest.c >&5
configure:2057: $? = 0
configure:2061: test -z 
			 || test ! -s conftest.err
configure:2064: $? = 0
configure:2067: test -s conftest.o
configure:2070: $? = 0
configure:2088: result: none needed
configure:2106: gcc -c -g -O2  conftest.c >&5
conftest.c:2: error: syntax error before "me"
configure:2112: $? = 1
configure: failed program was:
| #ifndef __cplusplus
|   choke me
| #endif
configure:2283: checking for a BSD-compatible install
configure:2338: result: /usr/bin/install -c
configure:2390: checking for ranlib
configure:2406: found /usr/bin/ranlib
configure:2417: result: ranlib
configure:2436: checking how to run the C preprocessor
configure:2471: gcc -E  conftest.c
configure:2477: $? = 0
configure:2509: gcc -E  conftest.c
conftest.c:9:28: ac_nonexistent.h: No such file or directory
configure:2515: $? = 1
configure: failed program was:
| /* confdefs.h.  */
| 
| #define PACKAGE_NAME "bridge-utils"
| #define PACKAGE_TARNAME "bridge-utils"
| #define PACKAGE_VERSION "1.5"
| #define PACKAGE_STRING "bridge-utils 1.5"
| #define PACKAGE_BUGREPORT ""
| /* end confdefs.h.  */
| #include <ac_nonexistent.h>
configure:2554: result: gcc -E
configure:2578: gcc -E  conftest.c
configure:2584: $? = 0
configure:2616: gcc -E  conftest.c
conftest.c:9:28: ac_nonexistent.h: No such file or directory
configure:2622: $? = 1
configure: failed program was:
| /* confdefs.h.  */
| 
| #define PACKAGE_NAME "bridge-utils"
| #define PACKAGE_TARNAME "bridge-utils"
| #define PACKAGE_VERSION "1.5"
| #define PACKAGE_STRING "bridge-utils 1.5"
| #define PACKAGE_BUGREPORT ""
| /* end confdefs.h.  */
| #include <ac_nonexistent.h>
configure:2666: checking for egrep
configure:2676: result: grep -E
configure:2681: checking for ANSI C header files
configure:2706: gcc -c -g -O2  conftest.c >&5
configure:2712: $? = 0
configure:2716: test -z 
			 || test ! -s conftest.err
configure:2719: $? = 0
configure:2722: test -s conftest.o
configure:2725: $? = 0
configure:2814: gcc -o conftest -g -O2   conftest.c  >&5
configure:2817: $? = 0
configure:2819: ./conftest
configure:2822: $? = 0
configure:2837: result: yes
configure:2861: checking for sys/types.h
configure:2877: gcc -c -g -O2  conftest.c >&5
configure:2883: $? = 0
configure:2887: test -z 
			 || test ! -s conftest.err
configure:2890: $? = 0
configure:2893: test -s conftest.o
configure:2896: $? = 0
configure:2907: result: yes
configure:2861: checking for sys/stat.h
configure:2877: gcc -c -g -O2  conftest.c >&5
configure:2883: $? = 0
configure:2887: test -z 
			 || test ! -s conftest.err
configure:2890: $? = 0
configure:2893: test -s conftest.o
configure:2896: $? = 0
configure:2907: result: yes
configure:2861: checking for stdlib.h
configure:2877: gcc -c -g -O2  conftest.c >&5
configure:2883: $? = 0
configure:2887: test -z 
			 || test ! -s conftest.err
configure:2890: $? = 0
configure:2893: test -s conftest.o
configure:2896: $? = 0
configure:2907: result: yes
configure:2861: checking for string.h
configure:2877: gcc -c -g -O2  conftest.c >&5
configure:2883: $? = 0
configure:2887: test -z 
			 || test ! -s conftest.err
configure:2890: $? = 0
configure:2893: test -s conftest.o
configure:2896: $? = 0
configure:2907: result: yes
configure:2861: checking for memory.h
configure:2877: gcc -c -g -O2  conftest.c >&5
configure:2883: $? = 0
configure:2887: test -z 
			 || test ! -s conftest.err
configure:2890: $? = 0
configure:2893: test -s conftest.o
configure:2896: $? = 0
configure:2907: result: yes
configure:2861: checking for strings.h
configure:2877: gcc -c -g -O2  conftest.c >&5
configure:2883: $? = 0
configure:2887: test -z 
			 || test ! -s conftest.err
configure:2890: $? = 0
configure:2893: test -s conftest.o
configure:2896: $? = 0
configure:2907: result: yes
configure:2861: checking for inttypes.h
configure:2877: gcc -c -g -O2  conftest.c >&5
configure:2883: $? = 0
configure:2887: test -z 
			 || test ! -s conftest.err
configure:2890: $? = 0
configure:2893: test -s conftest.o
configure:2896: $? = 0
configure:2907: result: yes
configure:2861: checking for stdint.h
configure:2877: gcc -c -g -O2  conftest.c >&5
configure:2883: $? = 0
configure:2887: test -z 
			 || test ! -s conftest.err
configure:2890: $? = 0
configure:2893: test -s conftest.o
configure:2896: $? = 0
configure:2907: result: yes
configure:2861: checking for unistd.h
configure:2877: gcc -c -g -O2  conftest.c >&5
configure:2883: $? = 0
configure:2887: test -z 
			 || test ! -s conftest.err
configure:2890: $? = 0
configure:2893: test -s conftest.o
configure:2896: $? = 0
configure:2907: result: yes
configure:2934: checking sys/ioctl.h usability
configure:2946: gcc -c -g -O2  conftest.c >&5
configure:2952: $? = 0
configure:2956: test -z 
			 || test ! -s conftest.err
configure:2959: $? = 0
configure:2962: test -s conftest.o
configure:2965: $? = 0
configure:2975: result: yes
configure:2979: checking sys/ioctl.h presence
configure:2989: gcc -E  conftest.c
configure:2995: $? = 0
configure:3015: result: yes
configure:3050: checking for sys/ioctl.h
configure:3057: result: yes
configure:2934: checking sys/time.h usability
configure:2946: gcc -c -g -O2  conftest.c >&5
configure:2952: $? = 0
configure:2956: test -z 
			 || test ! -s conftest.err
configure:2959: $? = 0
configure:2962: test -s conftest.o
configure:2965: $? = 0
configure:2975: result: yes
configure:2979: checking sys/time.h presence
configure:2989: gcc -E  conftest.c
configure:2995: $? = 0
configure:3015: result: yes
configure:3050: checking for sys/time.h
configure:3057: result: yes
configure:3071: checking for an ANSI C-conforming const
configure:3138: gcc -c -g -O2  conftest.c >&5
configure:3144: $? = 0
configure:3148: test -z 
			 || test ! -s conftest.err
configure:3151: $? = 0
configure:3154: test -s conftest.o
configure:3157: $? = 0
configure:3168: result: yes
configure:3178: checking whether time.h and sys/time.h may both be included
configure:3203: gcc -c -g -O2  conftest.c >&5
configure:3209: $? = 0
configure:3213: test -z 
			 || test ! -s conftest.err
configure:3216: $? = 0
configure:3219: test -s conftest.o
configure:3222: $? = 0
configure:3233: result: yes
configure:3251: checking for gethostname
configure:3308: gcc -o conftest -g -O2   conftest.c  >&5
configure:3314: $? = 0
configure:3318: test -z 
			 || test ! -s conftest.err
configure:3321: $? = 0
configure:3324: test -s conftest
configure:3327: $? = 0
configure:3339: result: yes
configure:3251: checking for socket
configure:3308: gcc -o conftest -g -O2   conftest.c  >&5
configure:3314: $? = 0
configure:3318: test -z 
			 || test ! -s conftest.err
configure:3321: $? = 0
configure:3324: test -s conftest
configure:3327: $? = 0
configure:3339: result: yes
configure:3251: checking for strdup
configure:3308: gcc -o conftest -g -O2   conftest.c  >&5
conftest.c:48: warning: conflicting types for built-in function 'strdup'
configure:3314: $? = 0
configure:3318: test -z 
			 || test ! -s conftest.err
configure:3321: $? = 0
configure:3324: test -s conftest
configure:3327: $? = 0
configure:3339: result: yes
configure:3251: checking for uname
configure:3308: gcc -o conftest -g -O2   conftest.c  >&5
configure:3314: $? = 0
configure:3318: test -z 
			 || test ! -s conftest.err
configure:3321: $? = 0
configure:3324: test -s conftest
configure:3327: $? = 0
configure:3339: result: yes
configure:3354: checking for if_nametoindex
configure:3411: gcc -o conftest -g -O2   conftest.c  >&5
configure:3417: $? = 0
configure:3421: test -z 
			 || test ! -s conftest.err
configure:3424: $? = 0
configure:3427: test -s conftest
configure:3430: $? = 0
configure:3442: result: yes
configure:3354: checking for if_indextoname
configure:3411: gcc -o conftest -g -O2   conftest.c  >&5
configure:3417: $? = 0
configure:3421: test -z 
			 || test ! -s conftest.err
configure:3424: $? = 0
configure:3427: test -s conftest
configure:3430: $? = 0
configure:3442: result: yes
configure:3551: creating ./config.status

## ---------------------- ##
## Running config.status. ##
## ---------------------- ##

This file was extended by bridge-utils config.status 1.5, which was
generated by GNU Autoconf 2.59.  Invocation command line was

  CONFIG_FILES    = 
  CONFIG_HEADERS  = 
  CONFIG_LINKS    = 
  CONFIG_COMMANDS = 
  $ ./config.status 

on mbjsbblt06

config.status:656: creating doc/Makefile
config.status:656: creating libbridge/Makefile
config.status:656: creating brctl/Makefile
config.status:656: creating Makefile
config.status:656: creating bridge-utils.spec
config.status:760: creating libbridge/config.h

## ---------------- ##
## Cache variables. ##
## ---------------- ##

ac_cv_c_compiler_gnu=yes
ac_cv_c_const=yes
ac_cv_env_CC_set=
ac_cv_env_CC_value=
ac_cv_env_CFLAGS_set=
ac_cv_env_CFLAGS_value=
ac_cv_env_CPPFLAGS_set=
ac_cv_env_CPPFLAGS_value=
ac_cv_env_CPP_set=
ac_cv_env_CPP_value=
ac_cv_env_LDFLAGS_set=
ac_cv_env_LDFLAGS_value=
ac_cv_env_build_alias_set=
ac_cv_env_build_alias_value=
ac_cv_env_host_alias_set=
ac_cv_env_host_alias_value=
ac_cv_env_target_alias_set=
ac_cv_env_target_alias_value=
ac_cv_exeext=
ac_cv_func_gethostname=yes
ac_cv_func_if_indextoname=yes
ac_cv_func_if_nametoindex=yes
ac_cv_func_socket=yes
ac_cv_func_strdup=yes
ac_cv_func_uname=yes
ac_cv_header_inttypes_h=yes
ac_cv_header_memory_h=yes
ac_cv_header_stdc=yes
ac_cv_header_stdint_h=yes
ac_cv_header_stdlib_h=yes
ac_cv_header_string_h=yes
ac_cv_header_strings_h=yes
ac_cv_header_sys_ioctl_h=yes
ac_cv_header_sys_stat_h=yes
ac_cv_header_sys_time_h=yes
ac_cv_header_sys_types_h=yes
ac_cv_header_time=yes
ac_cv_header_unistd_h=yes
ac_cv_objext=o
ac_cv_path_install='/usr/bin/install -c'
ac_cv_prog_CPP='gcc -E'
ac_cv_prog_ac_ct_CC=gcc
ac_cv_prog_ac_ct_RANLIB=ranlib
ac_cv_prog_cc_g=yes
ac_cv_prog_cc_stdc=
ac_cv_prog_egrep='grep -E'

## ----------------- ##
## Output variables. ##
## ----------------- ##

CC='gcc'
CFLAGS='-g -O2'
CPP='gcc -E'
CPPFLAGS=''
DEFS='-DHAVE_CONFIG_H'
ECHO_C=''
ECHO_N='-n'
ECHO_T=''
EGREP='grep -E'
EXEEXT=''
INSTALL_DATA='${INSTALL} -m 644'
INSTALL_PROGRAM='${INSTALL}'
INSTALL_SCRIPT='${INSTALL}'
KERNEL_HEADERS='/usr/src/linux/include'
LDFLAGS=''
LIBOBJS=''
LIBS=''
LTLIBOBJS=''
OBJEXT='o'
PACKAGE_BUGREPORT=''
PACKAGE_NAME='bridge-utils'
PACKAGE_STRING='bridge-utils 1.5'
PACKAGE_TARNAME='bridge-utils'
PACKAGE_VERSION='1.5'
PATH_SEPARATOR=':'
RANLIB='ranlib'
SHELL='/bin/sh'
ac_ct_CC='gcc'
ac_ct_RANLIB='ranlib'
bindir='${exec_prefix}/bin'
build_alias=''
datadir='${prefix}/share'
exec_prefix='${prefix}'
host_alias=''
includedir='${prefix}/include'
infodir='${prefix}/info'
libdir='${exec_prefix}/lib'
libexecdir='${exec_prefix}/libexec'
localstatedir='${prefix}/var'
mandir='${prefix}/man'
oldincludedir='/usr/include'
prefix='/usr/local'
program_transform_name='s,x,x,'
sbindir='${exec_prefix}/sbin'
sharedstatedir='${prefix}/com'
sysconfdir='${prefix}/etc'
target_alias=''

## ----------- ##
## confdefs.h. ##
## ----------- ##

#define HAVE_GETHOSTNAME 1
#define HAVE_IF_INDEXTONAME 1
#define HAVE_IF_NAMETOINDEX 1
#define HAVE_INTTYPES_H 1
#define HAVE_MEMORY_H 1
#define HAVE_SOCKET 1
#define HAVE_STDINT_H 1
#define HAVE_STDLIB_H 1
#define HAVE_STRDUP 1
#define HAVE_STRINGS_H 1
#define HAVE_STRING_H 1
#define HAVE_SYS_IOCTL_H 1
#define HAVE_SYS_STAT_H 1
#define HAVE_SYS_TIME_H 1
#define HAVE_SYS_TYPES_H 1
#define HAVE_UNAME 1
#define HAVE_UNISTD_H 1
#define PACKAGE_BUGREPORT ""
#define PACKAGE_NAME "bridge-utils"
#define PACKAGE_STRING "bridge-utils 1.5"
#define PACKAGE_TARNAME "bridge-utils"
#define PACKAGE_VERSION "1.5"
#define STDC_HEADERS 1
#define TIME_WITH_SYS_TIME 1

configure: exit 0
