This file contains any messages produced by compilers while
running configure, to aid debugging if configure makes a mistake.

It was created by netopeer-server configure 0.8.0, which was
generated by GNU Autoconf 2.69.  Invocation command line was

  $ ./configure --host=mips-linux --target=mips-buildroot-linux-uclibc --disable-configurator --with-lnctool=/proj/mtk69551/tony/Git/netconf/tclinux_phoenix/apps/opensource/libnetconf-master/dev-tools/lnctool/lnctool.in --prefix=/tmp/run_dir --with-libnetconf=/proj/mtk69551/tony/Git/netconf/tclinux_phoenix/apps/opensource/NETCONF_LIB

## --------- ##
## Platform. ##
## --------- ##

hostname = mbjsbblt31
uname -m = x86_64
uname -r = 3.11.0-15-generic
uname -s = Linux
uname -v = #25~precise1-Ubuntu SMP Thu Jan 30 17:39:31 UTC 2014

/usr/bin/uname -p = unknown
/bin/uname -X     = unknown

/bin/arch              = unknown
/usr/bin/arch -k       = unknown
/usr/convex/getsysinfo = unknown
/usr/bin/hostinfo      = unknown
/bin/machine           = unknown
/usr/bin/oslevel       = unknown
/bin/universe          = unknown

PATH: /opt/trendchip/mips-linux-uclibc-4.6.3-kernel3.18/usr/bin
PATH: /mtkoss/git/1.9.1-ubuntu-12.04/x86_64/bin
PATH: /mtkeda/ado/bin/ubuntu
PATH: /mtkoss/android_sdk/5.1/x86_64/platform-tools
PATH: /mtkeda/ado/bin/rhel-4.8-i686
PATH: /opt/trendchip/mips-linux-3.4.6/bin
PATH: /opt/trendchip/mips-linux-uclibc/usr/bin
PATH: /opt/CodeSourcery/mips-4.2/bin
PATH: /mtkeda/perforce/linux26x86_64_2014.1
PATH: /mtkeda/perforce/linux26x86_64_2014.1/p4v/bin
PATH: /mtkoss/arm-2010q1/bin
PATH: /mtkoss/ctags/5.9-ubuntu-12.04/x86_64/bin
PATH: /usr/bin
PATH: /bin
PATH: /usr/sbin
PATH: /mtkoss/android_sdk/android_sdk_4.0/tools
PATH: /mtkoss/wine/1.7.21-ubuntu-12.04/x86_64/bin
PATH: /mtkeda/LSF/9/9.1/linux2.6-glibc2.3-x86_64/etc
PATH: /mtkeda/LSF/9/9.1/linux2.6-glibc2.3-x86_64/bin
PATH: /mtkeda/ado/bin/ubuntu
PATH: /mtkeda/dsptk-md32/8.1.0.27
PATH: /mtkeda/dsptk-md32/8.1.0.27/System
PATH: /mtkeda/dsptk-md32/8.1.0.27/Md32
PATH: /mtkeda/IPDesigner/common/bin
PATH: /mtkeda/IPDesigner/12R1.35-64/retargetable-12R1/bin/LNa64bin
PATH: /mtkeda/IPDesigner/12R1.35-64/retargetable-12R1/bin
PATH: /mtkoss/android_sdk/5.1/x86_64/platform-tools
PATH: /mtkeda/ado/bin/rhel-4.8-i686
PATH: /opt/trendchip/mips-linux-3.4.6/bin
PATH: /opt/trendchip/mips-linux-uclibc/usr/bin
PATH: /opt/CodeSourcery/mips-4.2/bin
PATH: /mtkeda/perforce/linux26x86_64_2014.1
PATH: /mtkeda/perforce/linux26x86_64_2014.1/p4v/bin
PATH: /mtkoss/arm-2010q1/bin
PATH: /mtkoss/ctags/5.9-ubuntu-12.04/x86_64/bin
PATH: /usr/bin
PATH: /bin
PATH: /usr/sbin
PATH: /mtkoss/android_sdk/android_sdk_4.0/tools
PATH: /mtkoss/wine/1.7.21-ubuntu-12.04/x86_64/bin
PATH: /usr/local/sbin
PATH: /usr/local/bin
PATH: /usr/sbin
PATH: /usr/bin
PATH: /sbin
PATH: /bin
PATH: /usr/games
PATH: /mtkeda/IT/bin
PATH: /mtkeda/IT/sbin
PATH: /mtkeda/CI/MtkCheckStyle
PATH: /mtkeda/CI/MtkCheckStyle/MtkCheckStyle
PATH: /mtkeda/apb
PATH: /mtkeda/CI/MtkCheckStyle
PATH: /mtkeda/Utility/LM_daemon/Synopsys/11.6/Linux/amd64/bin
PATH: /mtkeda/IT/bin
PATH: /mtkeda/IT/sbin
PATH: /mtkeda/CI/MtkCheckStyle
PATH: /mtkeda/CI/MtkCheckStyle/MtkCheckStyle
PATH: /mtkeda/apb
PATH: /mtkeda/CI/MtkCheckStyle
PATH: /mtkeda/Utility/LM_daemon/Synopsys/11.6/Linux/amd64/bin
PATH: /proj/mtk69551/bin


## ----------- ##
## Core tests. ##
## ----------- ##

configure:2478: checking for pkg-config
configure:2496: found /opt/trendchip/mips-linux-uclibc-4.6.3-kernel3.18/usr/bin/pkg-config
configure:2509: result: /opt/trendchip/mips-linux-uclibc-4.6.3-kernel3.18/usr/bin/pkg-config
configure:2524: checking for roff2html
configure:2555: result: no
configure:2592: checking for distro
configure:2594: result: ubuntu
configure:2607: WARNING: Unsupported Linux distro "ubuntu", only RHEL and SUSE are fully supported.
configure:2693: checking for mips-linux-pkg-config
configure:2723: result: /opt/trendchip/mips-linux-uclibc-4.6.3-kernel3.18/usr/bin/pkg-config
configure:2791: checking pkg-config is at least version 0.9.0
configure:2794: result: yes
configure:2938: checking for uname
configure:2954: found /bin/uname
configure:2966: result: yes
configure:2979: checking for host architecture
configure:2988: result: x86_64
configure:3056: checking python module: os
configure:3061: result: yes
configure:3082: checking python module: copy
configure:3087: result: yes
configure:3108: checking python module: curses
configure:3113: result: yes
configure:3134: checking python module: libxml2
configure:3139: result: yes
configure:3160: checking python module: subprocess
configure:3165: result: yes
configure:3186: checking python module: re
configure:3191: result: yes
configure:3212: checking python module: string
configure:3217: result: yes
configure:3238: checking python module: argparse
configure:3243: result: yes
configure:3264: checking python module: xml
configure:3269: result: yes
configure:3290: checking for rpmbuild
configure:3320: result: no
configure:3337: checking for mips-linux-clang
configure:3364: result: mips-buildroot-linux-uclibc-gcc -mips32r2 -msoft-float
configure:3439: checking for C compiler version
configure:3448: mips-buildroot-linux-uclibc-gcc -mips32r2 -msoft-float --version >&5
mips-buildroot-linux-uclibc-gcc (Buildroot 2015.08.1) 4.6.3
Copyright (C) 2011 Free Software Foundation, Inc.
This is free software; see the source for copying conditions.  There is NO
warranty; not even for MERCHANTABILITY or FITNESS FOR A PARTICULAR PURPOSE.

ERROR: ld.so: object 'libfakeroot-sysv.so' from LD_PRELOAD cannot be preloaded: ignored.
configure:3459: $? = 0
configure:3448: mips-buildroot-linux-uclibc-gcc -mips32r2 -msoft-float -v >&5
ERROR: ld.so: object 'libfakeroot-sysv.so' from LD_PRELOAD cannot be preloaded: ignored.
Using built-in specs.
COLLECT_GCC=mips-buildroot-linux-uclibc-gcc
COLLECT_LTO_WRAPPER=/mtkeda/bbn/trendchip/mips-linux-uclibc-4.6.3-kernel3.18/usr/bin/../libexec/gcc/mips-buildroot-linux-uclibc/4.6.3/lto-wrapper
Target: mips-buildroot-linux-uclibc
Configured with: ./configure --prefix=/opt/trendchip/mips-linux-uclibc-4.6.3-kernel3.18/usr --sysconfdir=/opt/trendchip/mips-linux-uclibc-4.6.3-kernel3.18/etc --enable-static --target=mips-buildroot-linux-uclibc --with-sysroot=/opt/trendchip/mips-linux-uclibc-4.6.3-kernel3.18/usr/mips-buildroot-linux-uclibc/sysroot --disable-__cxa_atexit --with-gnu-ld --disable-libssp --disable-multilib --with-gmp=/opt/trendchip/mips-linux-uclibc-4.6.3-kernel3.18/usr --with-mpfr=/opt/trendchip/mips-linux-uclibc-4.6.3-kernel3.18/usr --with-pkgversion='Buildroot 2015.08.1' --with-bugurl=http://bugs.buildroot.net/ --disable-libsanitizer --enable-tls --disable-libmudflap --enable-threads --with-mpc=/opt/trendchip/mips-linux-uclibc-4.6.3-kernel3.18/usr --without-isl --without-cloog --with-float=soft --disable-decimal-float --with-arch=mips32r2 --with-abi=32 --enable-languages=c,c++ --enable-poison-system-directories --with-build-time-tools=/opt/trendchip/mips-linux-uclibc-4.6.3-kernel3.18/usr/mips-buildroot-linux-uclibc/bin --enable-shared --disable-libgomp
Thread model: posix
gcc version 4.6.3 (Buildroot 2015.08.1) 
configure:3459: $? = 0
configure:3448: mips-buildroot-linux-uclibc-gcc -mips32r2 -msoft-float -V >&5
ERROR: ld.so: object 'libfakeroot-sysv.so' from LD_PRELOAD cannot be preloaded: ignored.
mips-buildroot-linux-uclibc-gcc: error: unrecognized option '-V'
mips-buildroot-linux-uclibc-gcc: fatal error: no input files
compilation terminated.
configure:3459: $? = 1
configure:3448: mips-buildroot-linux-uclibc-gcc -mips32r2 -msoft-float -qversion >&5
ERROR: ld.so: object 'libfakeroot-sysv.so' from LD_PRELOAD cannot be preloaded: ignored.
mips-buildroot-linux-uclibc-gcc: error: unrecognized option '-qversion'
mips-buildroot-linux-uclibc-gcc: fatal error: no input files
compilation terminated.
configure:3459: $? = 1
configure:3479: checking whether the C compiler works
configure:3501: mips-buildroot-linux-uclibc-gcc -mips32r2 -msoft-float -Wall -Wextra -O3 -I/proj/mtk69551/tony/Git/netconf/tclinux_phoenix/apps/opensource/NETCONF_LIB/include/  -DRCSID=\"$(IDGIT)\"  conftest.c -L/proj/mtk69551/tony/Git/netconf/tclinux_phoenix/apps/opensource/NETCONF_LIB/lib/ -Wl,-rpath,/proj/mtk69551/tony/Git/netconf/tclinux_phoenix/apps/opensource/NETCONF_LIB/lib  >&5
ERROR: ld.so: object 'libfakeroot-sysv.so' from LD_PRELOAD cannot be preloaded: ignored.
ERROR: ld.so: object 'libfakeroot-sysv.so' from LD_PRELOAD cannot be preloaded: ignored.
<command-line>:0:8: warning: missing terminating " character [enabled by default]
ERROR: ld.so: object 'libfakeroot-sysv.so' from LD_PRELOAD cannot be preloaded: ignored.
ERROR: ld.so: object 'libfakeroot-sysv.so' from LD_PRELOAD cannot be preloaded: ignored.
ERROR: ld.so: object 'libfakeroot-sysv.so' from LD_PRELOAD cannot be preloaded: ignored.
configure:3505: $? = 0
configure:3553: result: yes
configure:3556: checking for C compiler default output file name
configure:3558: result: a.out
configure:3564: checking for suffix of executables
configure:3571: mips-buildroot-linux-uclibc-gcc -mips32r2 -msoft-float -o conftest -Wall -Wextra -O3 -I/proj/mtk69551/tony/Git/netconf/tclinux_phoenix/apps/opensource/NETCONF_LIB/include/  -DRCSID=\"$(IDGIT)\"  conftest.c -L/proj/mtk69551/tony/Git/netconf/tclinux_phoenix/apps/opensource/NETCONF_LIB/lib/ -Wl,-rpath,/proj/mtk69551/tony/Git/netconf/tclinux_phoenix/apps/opensource/NETCONF_LIB/lib  >&5
ERROR: ld.so: object 'libfakeroot-sysv.so' from LD_PRELOAD cannot be preloaded: ignored.
ERROR: ld.so: object 'libfakeroot-sysv.so' from LD_PRELOAD cannot be preloaded: ignored.
<command-line>:0:8: warning: missing terminating " character [enabled by default]
ERROR: ld.so: object 'libfakeroot-sysv.so' from LD_PRELOAD cannot be preloaded: ignored.
ERROR: ld.so: object 'libfakeroot-sysv.so' from LD_PRELOAD cannot be preloaded: ignored.
ERROR: ld.so: object 'libfakeroot-sysv.so' from LD_PRELOAD cannot be preloaded: ignored.
configure:3575: $? = 0
configure:3597: result: 
configure:3619: checking whether we are cross compiling
configure:3627: mips-buildroot-linux-uclibc-gcc -mips32r2 -msoft-float -o conftest -Wall -Wextra -O3 -I/proj/mtk69551/tony/Git/netconf/tclinux_phoenix/apps/opensource/NETCONF_LIB/include/  -DRCSID=\"$(IDGIT)\"  conftest.c -L/proj/mtk69551/tony/Git/netconf/tclinux_phoenix/apps/opensource/NETCONF_LIB/lib/ -Wl,-rpath,/proj/mtk69551/tony/Git/netconf/tclinux_phoenix/apps/opensource/NETCONF_LIB/lib  >&5
ERROR: ld.so: object 'libfakeroot-sysv.so' from LD_PRELOAD cannot be preloaded: ignored.
ERROR: ld.so: object 'libfakeroot-sysv.so' from LD_PRELOAD cannot be preloaded: ignored.
<command-line>:0:8: warning: missing terminating " character [enabled by default]
ERROR: ld.so: object 'libfakeroot-sysv.so' from LD_PRELOAD cannot be preloaded: ignored.
ERROR: ld.so: object 'libfakeroot-sysv.so' from LD_PRELOAD cannot be preloaded: ignored.
ERROR: ld.so: object 'libfakeroot-sysv.so' from LD_PRELOAD cannot be preloaded: ignored.
configure:3631: $? = 0
configure:3638: ./conftest
./configure: line 3640: ./conftest: cannot execute binary file
configure:3642: $? = 126
configure:3657: result: yes
configure:3662: checking for suffix of object files
configure:3684: mips-buildroot-linux-uclibc-gcc -mips32r2 -msoft-float -c -Wall -Wextra -O3 -I/proj/mtk69551/tony/Git/netconf/tclinux_phoenix/apps/opensource/NETCONF_LIB/include/  -DRCSID=\"$(IDGIT)\" conftest.c >&5
ERROR: ld.so: object 'libfakeroot-sysv.so' from LD_PRELOAD cannot be preloaded: ignored.
ERROR: ld.so: object 'libfakeroot-sysv.so' from LD_PRELOAD cannot be preloaded: ignored.
<command-line>:0:8: warning: missing terminating " character [enabled by default]
ERROR: ld.so: object 'libfakeroot-sysv.so' from LD_PRELOAD cannot be preloaded: ignored.
configure:3688: $? = 0
configure:3709: result: o
configure:3713: checking whether we are using the GNU C compiler
configure:3732: mips-buildroot-linux-uclibc-gcc -mips32r2 -msoft-float -c -Wall -Wextra -O3 -I/proj/mtk69551/tony/Git/netconf/tclinux_phoenix/apps/opensource/NETCONF_LIB/include/  -DRCSID=\"$(IDGIT)\" conftest.c >&5
ERROR: ld.so: object 'libfakeroot-sysv.so' from LD_PRELOAD cannot be preloaded: ignored.
ERROR: ld.so: object 'libfakeroot-sysv.so' from LD_PRELOAD cannot be preloaded: ignored.
<command-line>:0:8: warning: missing terminating " character [enabled by default]
ERROR: ld.so: object 'libfakeroot-sysv.so' from LD_PRELOAD cannot be preloaded: ignored.
configure:3732: $? = 0
configure:3741: result: yes
configure:3750: checking whether mips-buildroot-linux-uclibc-gcc -mips32r2 -msoft-float accepts -g
configure:3770: mips-buildroot-linux-uclibc-gcc -mips32r2 -msoft-float -c -g -I/proj/mtk69551/tony/Git/netconf/tclinux_phoenix/apps/opensource/NETCONF_LIB/include/  -DRCSID=\"$(IDGIT)\" conftest.c >&5
ERROR: ld.so: object 'libfakeroot-sysv.so' from LD_PRELOAD cannot be preloaded: ignored.
ERROR: ld.so: object 'libfakeroot-sysv.so' from LD_PRELOAD cannot be preloaded: ignored.
<command-line>:0:8: warning: missing terminating " character [enabled by default]
ERROR: ld.so: object 'libfakeroot-sysv.so' from LD_PRELOAD cannot be preloaded: ignored.
configure:3770: $? = 0
configure: failed program was:
| /* confdefs.h */
| #define PACKAGE_NAME "netopeer-server"
| #define PACKAGE_TARNAME "netopeer-server"
| #define PACKAGE_VERSION "0.8.0"
| #define PACKAGE_STRING "netopeer-server 0.8.0"
| #define PACKAGE_BUGREPORT ""
| #define PACKAGE_URL ""
| /* end confdefs.h.  */
| 
| int
| main ()
| {
| 
|   ;
|   return 0;
| }
configure:3785: mips-buildroot-linux-uclibc-gcc -mips32r2 -msoft-float -c  -I/proj/mtk69551/tony/Git/netconf/tclinux_phoenix/apps/opensource/NETCONF_LIB/include/  -DRCSID=\"$(IDGIT)\" conftest.c >&5
ERROR: ld.so: object 'libfakeroot-sysv.so' from LD_PRELOAD cannot be preloaded: ignored.
ERROR: ld.so: object 'libfakeroot-sysv.so' from LD_PRELOAD cannot be preloaded: ignored.
<command-line>:0:8: warning: missing terminating " character [enabled by default]
ERROR: ld.so: object 'libfakeroot-sysv.so' from LD_PRELOAD cannot be preloaded: ignored.
configure:3785: $? = 0
configure: failed program was:
| /* confdefs.h */
| #define PACKAGE_NAME "netopeer-server"
| #define PACKAGE_TARNAME "netopeer-server"
| #define PACKAGE_VERSION "0.8.0"
| #define PACKAGE_STRING "netopeer-server 0.8.0"
| #define PACKAGE_BUGREPORT ""
| #define PACKAGE_URL ""
| /* end confdefs.h.  */
| 
| int
| main ()
| {
| 
|   ;
|   return 0;
| }
configure:3801: mips-buildroot-linux-uclibc-gcc -mips32r2 -msoft-float -c -g -I/proj/mtk69551/tony/Git/netconf/tclinux_phoenix/apps/opensource/NETCONF_LIB/include/  -DRCSID=\"$(IDGIT)\" conftest.c >&5
ERROR: ld.so: object 'libfakeroot-sysv.so' from LD_PRELOAD cannot be preloaded: ignored.
ERROR: ld.so: object 'libfakeroot-sysv.so' from LD_PRELOAD cannot be preloaded: ignored.
<command-line>:0:8: warning: missing terminating " character [enabled by default]
ERROR: ld.so: object 'libfakeroot-sysv.so' from LD_PRELOAD cannot be preloaded: ignored.
configure:3801: $? = 0
configure:3811: result: yes
configure:3828: checking for mips-buildroot-linux-uclibc-gcc -mips32r2 -msoft-float option to accept ISO C89
configure:3891: mips-buildroot-linux-uclibc-gcc -mips32r2 -msoft-float  -c -Wall -Wextra -O3 -I/proj/mtk69551/tony/Git/netconf/tclinux_phoenix/apps/opensource/NETCONF_LIB/include/  -DRCSID=\"$(IDGIT)\" conftest.c >&5
ERROR: ld.so: object 'libfakeroot-sysv.so' from LD_PRELOAD cannot be preloaded: ignored.
ERROR: ld.so: object 'libfakeroot-sysv.so' from LD_PRELOAD cannot be preloaded: ignored.
<command-line>:0:8: warning: missing terminating " character [enabled by default]
ERROR: ld.so: object 'libfakeroot-sysv.so' from LD_PRELOAD cannot be preloaded: ignored.
configure:3891: $? = 0
configure:3904: result: none needed
configure:3967: checking for a BSD-compatible install
configure:4035: result: /usr/bin/install -c
configure:4057: checking for main in -lxml2
configure:4077: mips-buildroot-linux-uclibc-gcc -mips32r2 -msoft-float -o conftest -Wall -Wextra -O3 -I/proj/mtk69551/tony/Git/netconf/tclinux_phoenix/apps/opensource/NETCONF_LIB/include/  -DRCSID=\"$(IDGIT)\"  conftest.c -lxml2  -L/proj/mtk69551/tony/Git/netconf/tclinux_phoenix/apps/opensource/NETCONF_LIB/lib/ -Wl,-rpath,/proj/mtk69551/tony/Git/netconf/tclinux_phoenix/apps/opensource/NETCONF_LIB/lib  >&5
ERROR: ld.so: object 'libfakeroot-sysv.so' from LD_PRELOAD cannot be preloaded: ignored.
ERROR: ld.so: object 'libfakeroot-sysv.so' from LD_PRELOAD cannot be preloaded: ignored.
<command-line>:0:8: warning: missing terminating " character [enabled by default]
ERROR: ld.so: object 'libfakeroot-sysv.so' from LD_PRELOAD cannot be preloaded: ignored.
ERROR: ld.so: object 'libfakeroot-sysv.so' from LD_PRELOAD cannot be preloaded: ignored.
ERROR: ld.so: object 'libfakeroot-sysv.so' from LD_PRELOAD cannot be preloaded: ignored.
/proj/mtk69551/tony/Git/netconf/tclinux_phoenix/apps/opensource/NETCONF_LIB/lib//libxml2.so: warning: gethostbyname is obsolescent, use getnameinfo() instead.
configure:4077: $? = 0
configure:4086: result: yes
configure:4098: checking for xml2-config
configure:4114: found /usr/bin/xml2-config
configure:4126: result: yes
configure:4145: checking for library containing ncntf_dispatch_receive
configure:4176: mips-buildroot-linux-uclibc-gcc -mips32r2 -msoft-float -o conftest -Wall -Wextra -O3 -I/proj/mtk69551/tony/Git/netconf/tclinux_phoenix/apps/opensource/NETCONF_LIB/include/  -DRCSID=\"$(IDGIT)\" -I/usr/include/libxml2   conftest.c -L/proj/mtk69551/tony/Git/netconf/tclinux_phoenix/apps/opensource/NETCONF_LIB/lib/ -Wl,-rpath,/proj/mtk69551/tony/Git/netconf/tclinux_phoenix/apps/opensource/NETCONF_LIB/lib  -lxml2 >&5
ERROR: ld.so: object 'libfakeroot-sysv.so' from LD_PRELOAD cannot be preloaded: ignored.
ERROR: ld.so: object 'libfakeroot-sysv.so' from LD_PRELOAD cannot be preloaded: ignored.
<command-line>:0:8: warning: missing terminating " character [enabled by default]
ERROR: ld.so: object 'libfakeroot-sysv.so' from LD_PRELOAD cannot be preloaded: ignored.
ERROR: ld.so: object 'libfakeroot-sysv.so' from LD_PRELOAD cannot be preloaded: ignored.
ERROR: ld.so: object 'libfakeroot-sysv.so' from LD_PRELOAD cannot be preloaded: ignored.
/proj/mtk69551/tony/Git/netconf/tclinux_phoenix/apps/opensource/NETCONF_LIB/lib//libxml2.so: warning: gethostbyname is obsolescent, use getnameinfo() instead.
/tmp/cciHVG13.o: In function `main':
conftest.c:(.text.startup+0x8): undefined reference to `ncntf_dispatch_receive'
collect2: ld returned 1 exit status
configure:4176: $? = 1
configure: failed program was:
| /* confdefs.h */
| #define PACKAGE_NAME "netopeer-server"
| #define PACKAGE_TARNAME "netopeer-server"
| #define PACKAGE_VERSION "0.8.0"
| #define PACKAGE_STRING "netopeer-server 0.8.0"
| #define PACKAGE_BUGREPORT ""
| #define PACKAGE_URL ""
| /* end confdefs.h.  */
| 
| /* Override any GCC internal prototype to avoid an error.
|    Use char because int might match the return type of a GCC
|    builtin and then its argument prototype would still apply.  */
| #ifdef __cplusplus
| extern "C"
| #endif
| char ncntf_dispatch_receive ();
| int
| main ()
| {
| return ncntf_dispatch_receive ();
|   ;
|   return 0;
| }
configure:4176: mips-buildroot-linux-uclibc-gcc -mips32r2 -msoft-float -o conftest -Wall -Wextra -O3 -I/proj/mtk69551/tony/Git/netconf/tclinux_phoenix/apps/opensource/NETCONF_LIB/include/  -DRCSID=\"$(IDGIT)\" -I/usr/include/libxml2   conftest.c -lnetconf  -L/proj/mtk69551/tony/Git/netconf/tclinux_phoenix/apps/opensource/NETCONF_LIB/lib/ -Wl,-rpath,/proj/mtk69551/tony/Git/netconf/tclinux_phoenix/apps/opensource/NETCONF_LIB/lib  -lxml2 >&5
ERROR: ld.so: object 'libfakeroot-sysv.so' from LD_PRELOAD cannot be preloaded: ignored.
ERROR: ld.so: object 'libfakeroot-sysv.so' from LD_PRELOAD cannot be preloaded: ignored.
<command-line>:0:8: warning: missing terminating " character [enabled by default]
ERROR: ld.so: object 'libfakeroot-sysv.so' from LD_PRELOAD cannot be preloaded: ignored.
ERROR: ld.so: object 'libfakeroot-sysv.so' from LD_PRELOAD cannot be preloaded: ignored.
ERROR: ld.so: object 'libfakeroot-sysv.so' from LD_PRELOAD cannot be preloaded: ignored.
/proj/mtk69551/tony/Git/netconf/tclinux_phoenix/apps/opensource/NETCONF_LIB/lib//libxml2.so: warning: gethostbyname is obsolescent, use getnameinfo() instead.
configure:4176: $? = 0
configure:4193: result: -lnetconf
configure:4206: checking for nc_session_accept_libssh_channel in -lnetconf
configure:4233: mips-buildroot-linux-uclibc-gcc -mips32r2 -msoft-float -o conftest -Wall -Wextra -O3 -I/proj/mtk69551/tony/Git/netconf/tclinux_phoenix/apps/opensource/NETCONF_LIB/include/  -DRCSID=\"$(IDGIT)\" -I/usr/include/libxml2   conftest.c -lnetconf  -lnetconf -L/proj/mtk69551/tony/Git/netconf/tclinux_phoenix/apps/opensource/NETCONF_LIB/lib/ -Wl,-rpath,/proj/mtk69551/tony/Git/netconf/tclinux_phoenix/apps/opensource/NETCONF_LIB/lib  -lxml2 >&5
ERROR: ld.so: object 'libfakeroot-sysv.so' from LD_PRELOAD cannot be preloaded: ignored.
ERROR: ld.so: object 'libfakeroot-sysv.so' from LD_PRELOAD cannot be preloaded: ignored.
<command-line>:0:8: warning: missing terminating " character [enabled by default]
ERROR: ld.so: object 'libfakeroot-sysv.so' from LD_PRELOAD cannot be preloaded: ignored.
ERROR: ld.so: object 'libfakeroot-sysv.so' from LD_PRELOAD cannot be preloaded: ignored.
ERROR: ld.so: object 'libfakeroot-sysv.so' from LD_PRELOAD cannot be preloaded: ignored.
/proj/mtk69551/tony/Git/netconf/tclinux_phoenix/apps/opensource/NETCONF_LIB/lib//libxml2.so: warning: gethostbyname is obsolescent, use getnameinfo() instead.
/tmp/ccMaf4ac.o: In function `main':
conftest.c:(.text.startup+0x8): undefined reference to `nc_session_accept_libssh_channel'
collect2: ld returned 1 exit status
configure:4233: $? = 1
configure: failed program was:
| /* confdefs.h */
| #define PACKAGE_NAME "netopeer-server"
| #define PACKAGE_TARNAME "netopeer-server"
| #define PACKAGE_VERSION "0.8.0"
| #define PACKAGE_STRING "netopeer-server 0.8.0"
| #define PACKAGE_BUGREPORT ""
| #define PACKAGE_URL ""
| /* end confdefs.h.  */
| 
| /* Override any GCC internal prototype to avoid an error.
|    Use char because int might match the return type of a GCC
|    builtin and then its argument prototype would still apply.  */
| #ifdef __cplusplus
| extern "C"
| #endif
| char nc_session_accept_libssh_channel ();
| int
| main ()
| {
| return nc_session_accept_libssh_channel ();
|   ;
|   return 0;
| }
configure:4242: result: no
configure:4253: 
configure:4254: WARNING: libnetconf does not support SSH, disabling it!
configure:4255: 
configure:4595: checking build system type
configure:4609: result: x86_64-unknown-linux-gnu
configure:4629: checking host system type
configure:4642: result: mips-unknown-linux-gnu
configure:4830: checking for the pthreads library -lpthreads
configure:4868: mips-buildroot-linux-uclibc-gcc -mips32r2 -msoft-float -o conftest -Wall -Wextra -O3  -I/proj/mtk69551/tony/Git/netconf/tclinux_phoenix/apps/opensource/NETCONF_LIB/include/  -DRCSID=\"$(IDGIT)\" -I/usr/include/libxml2   conftest.c -lpthreads -lnetconf -L/proj/mtk69551/tony/Git/netconf/tclinux_phoenix/apps/opensource/NETCONF_LIB/lib/ -Wl,-rpath,/proj/mtk69551/tony/Git/netconf/tclinux_phoenix/apps/opensource/NETCONF_LIB/lib  -lxml2 >&5
ERROR: ld.so: object 'libfakeroot-sysv.so' from LD_PRELOAD cannot be preloaded: ignored.
ERROR: ld.so: object 'libfakeroot-sysv.so' from LD_PRELOAD cannot be preloaded: ignored.
<command-line>:0:8: warning: missing terminating " character [enabled by default]
conftest.c: In function 'routine':
conftest.c:10:51: warning: parameter 'a' set but not used [-Wunused-but-set-parameter]
ERROR: ld.so: object 'libfakeroot-sysv.so' from LD_PRELOAD cannot be preloaded: ignored.
ERROR: ld.so: object 'libfakeroot-sysv.so' from LD_PRELOAD cannot be preloaded: ignored.
ERROR: ld.so: object 'libfakeroot-sysv.so' from LD_PRELOAD cannot be preloaded: ignored.
/mtkeda/bbn/trendchip/mips-linux-uclibc-4.6.3-kernel3.18/usr/bin/../lib/gcc/mips-buildroot-linux-uclibc/4.6.3/../../../../mips-buildroot-linux-uclibc/bin/ld: cannot find -lpthreads
/proj/mtk69551/tony/Git/netconf/tclinux_phoenix/apps/opensource/NETCONF_LIB/lib//libxml2.so: warning: gethostbyname is obsolescent, use getnameinfo() instead.
collect2: ld returned 1 exit status
configure:4868: $? = 1
configure: failed program was:
| /* confdefs.h */
| #define PACKAGE_NAME "netopeer-server"
| #define PACKAGE_TARNAME "netopeer-server"
| #define PACKAGE_VERSION "0.8.0"
| #define PACKAGE_STRING "netopeer-server 0.8.0"
| #define PACKAGE_BUGREPORT ""
| #define PACKAGE_URL ""
| /* end confdefs.h.  */
| #include <pthread.h>
|                         static void routine(void *a) { a = 0; }
|                         static void *start_routine(void *a) { return a; }
| int
| main ()
| {
| pthread_t th; pthread_attr_t attr;
|                         pthread_create(&th, 0, start_routine, 0);
|                         pthread_join(th, 0);
|                         pthread_attr_init(&attr);
|                         pthread_cleanup_push(routine, 0);
|                         pthread_cleanup_pop(0) /* ; */
|   ;
|   return 0;
| }
configure:4877: result: no
configure:4775: checking whether pthreads work without any flags
configure:4868: mips-buildroot-linux-uclibc-gcc -mips32r2 -msoft-float -o conftest -Wall -Wextra -O3  -I/proj/mtk69551/tony/Git/netconf/tclinux_phoenix/apps/opensource/NETCONF_LIB/include/  -DRCSID=\"$(IDGIT)\" -I/usr/include/libxml2   conftest.c  -lnetconf -L/proj/mtk69551/tony/Git/netconf/tclinux_phoenix/apps/opensource/NETCONF_LIB/lib/ -Wl,-rpath,/proj/mtk69551/tony/Git/netconf/tclinux_phoenix/apps/opensource/NETCONF_LIB/lib  -lxml2 >&5
ERROR: ld.so: object 'libfakeroot-sysv.so' from LD_PRELOAD cannot be preloaded: ignored.
ERROR: ld.so: object 'libfakeroot-sysv.so' from LD_PRELOAD cannot be preloaded: ignored.
<command-line>:0:8: warning: missing terminating " character [enabled by default]
conftest.c: In function 'routine':
conftest.c:10:51: warning: parameter 'a' set but not used [-Wunused-but-set-parameter]
ERROR: ld.so: object 'libfakeroot-sysv.so' from LD_PRELOAD cannot be preloaded: ignored.
ERROR: ld.so: object 'libfakeroot-sysv.so' from LD_PRELOAD cannot be preloaded: ignored.
ERROR: ld.so: object 'libfakeroot-sysv.so' from LD_PRELOAD cannot be preloaded: ignored.
/proj/mtk69551/tony/Git/netconf/tclinux_phoenix/apps/opensource/NETCONF_LIB/lib//libxml2.so: warning: gethostbyname is obsolescent, use getnameinfo() instead.
/mtkeda/bbn/trendchip/mips-linux-uclibc-4.6.3-kernel3.18/usr/bin/../lib/gcc/mips-buildroot-linux-uclibc/4.6.3/../../../../mips-buildroot-linux-uclibc/bin/ld: /tmp/ccai12KW.o: undefined reference to symbol 'pthread_create'
/mtkeda/bbn/trendchip/mips-linux-uclibc-4.6.3-kernel3.18/usr/bin/../mips-buildroot-linux-uclibc/sysroot/lib/libpthread.so.0: error adding symbols: DSO missing from command line
collect2: ld returned 1 exit status
configure:4868: $? = 1
configure: failed program was:
| /* confdefs.h */
| #define PACKAGE_NAME "netopeer-server"
| #define PACKAGE_TARNAME "netopeer-server"
| #define PACKAGE_VERSION "0.8.0"
| #define PACKAGE_STRING "netopeer-server 0.8.0"
| #define PACKAGE_BUGREPORT ""
| #define PACKAGE_URL ""
| /* end confdefs.h.  */
| #include <pthread.h>
|                         static void routine(void *a) { a = 0; }
|                         static void *start_routine(void *a) { return a; }
| int
| main ()
| {
| pthread_t th; pthread_attr_t attr;
|                         pthread_create(&th, 0, start_routine, 0);
|                         pthread_join(th, 0);
|                         pthread_attr_init(&attr);
|                         pthread_cleanup_push(routine, 0);
|                         pthread_cleanup_pop(0) /* ; */
|   ;
|   return 0;
| }
configure:4877: result: no
configure:4780: checking whether pthreads work with -Kthread
configure:4868: mips-buildroot-linux-uclibc-gcc -mips32r2 -msoft-float -o conftest -Wall -Wextra -O3 -Kthread -I/proj/mtk69551/tony/Git/netconf/tclinux_phoenix/apps/opensource/NETCONF_LIB/include/  -DRCSID=\"$(IDGIT)\" -I/usr/include/libxml2   conftest.c  -lnetconf -L/proj/mtk69551/tony/Git/netconf/tclinux_phoenix/apps/opensource/NETCONF_LIB/lib/ -Wl,-rpath,/proj/mtk69551/tony/Git/netconf/tclinux_phoenix/apps/opensource/NETCONF_LIB/lib  -lxml2 >&5
ERROR: ld.so: object 'libfakeroot-sysv.so' from LD_PRELOAD cannot be preloaded: ignored.
mips-buildroot-linux-uclibc-gcc: error: unrecognized option '-Kthread'
configure:4868: $? = 1
configure: failed program was:
| /* confdefs.h */
| #define PACKAGE_NAME "netopeer-server"
| #define PACKAGE_TARNAME "netopeer-server"
| #define PACKAGE_VERSION "0.8.0"
| #define PACKAGE_STRING "netopeer-server 0.8.0"
| #define PACKAGE_BUGREPORT ""
| #define PACKAGE_URL ""
| /* end confdefs.h.  */
| #include <pthread.h>
|                         static void routine(void *a) { a = 0; }
|                         static void *start_routine(void *a) { return a; }
| int
| main ()
| {
| pthread_t th; pthread_attr_t attr;
|                         pthread_create(&th, 0, start_routine, 0);
|                         pthread_join(th, 0);
|                         pthread_attr_init(&attr);
|                         pthread_cleanup_push(routine, 0);
|                         pthread_cleanup_pop(0) /* ; */
|   ;
|   return 0;
| }
configure:4877: result: no
configure:4780: checking whether pthreads work with -kthread
configure:4868: mips-buildroot-linux-uclibc-gcc -mips32r2 -msoft-float -o conftest -Wall -Wextra -O3 -kthread -I/proj/mtk69551/tony/Git/netconf/tclinux_phoenix/apps/opensource/NETCONF_LIB/include/  -DRCSID=\"$(IDGIT)\" -I/usr/include/libxml2   conftest.c  -lnetconf -L/proj/mtk69551/tony/Git/netconf/tclinux_phoenix/apps/opensource/NETCONF_LIB/lib/ -Wl,-rpath,/proj/mtk69551/tony/Git/netconf/tclinux_phoenix/apps/opensource/NETCONF_LIB/lib  -lxml2 >&5
ERROR: ld.so: object 'libfakeroot-sysv.so' from LD_PRELOAD cannot be preloaded: ignored.
mips-buildroot-linux-uclibc-gcc: error: unrecognized option '-kthread'
configure:4868: $? = 1
configure: failed program was:
| /* confdefs.h */
| #define PACKAGE_NAME "netopeer-server"
| #define PACKAGE_TARNAME "netopeer-server"
| #define PACKAGE_VERSION "0.8.0"
| #define PACKAGE_STRING "netopeer-server 0.8.0"
| #define PACKAGE_BUGREPORT ""
| #define PACKAGE_URL ""
| /* end confdefs.h.  */
| #include <pthread.h>
|                         static void routine(void *a) { a = 0; }
|                         static void *start_routine(void *a) { return a; }
| int
| main ()
| {
| pthread_t th; pthread_attr_t attr;
|                         pthread_create(&th, 0, start_routine, 0);
|                         pthread_join(th, 0);
|                         pthread_attr_init(&attr);
|                         pthread_cleanup_push(routine, 0);
|                         pthread_cleanup_pop(0) /* ; */
|   ;
|   return 0;
| }
configure:4877: result: no
configure:4830: checking for the pthreads library -llthread
configure:4868: mips-buildroot-linux-uclibc-gcc -mips32r2 -msoft-float -o conftest -Wall -Wextra -O3  -I/proj/mtk69551/tony/Git/netconf/tclinux_phoenix/apps/opensource/NETCONF_LIB/include/  -DRCSID=\"$(IDGIT)\" -I/usr/include/libxml2   conftest.c -llthread -lnetconf -L/proj/mtk69551/tony/Git/netconf/tclinux_phoenix/apps/opensource/NETCONF_LIB/lib/ -Wl,-rpath,/proj/mtk69551/tony/Git/netconf/tclinux_phoenix/apps/opensource/NETCONF_LIB/lib  -lxml2 >&5
ERROR: ld.so: object 'libfakeroot-sysv.so' from LD_PRELOAD cannot be preloaded: ignored.
ERROR: ld.so: object 'libfakeroot-sysv.so' from LD_PRELOAD cannot be preloaded: ignored.
<command-line>:0:8: warning: missing terminating " character [enabled by default]
conftest.c: In function 'routine':
conftest.c:10:51: warning: parameter 'a' set but not used [-Wunused-but-set-parameter]
ERROR: ld.so: object 'libfakeroot-sysv.so' from LD_PRELOAD cannot be preloaded: ignored.
ERROR: ld.so: object 'libfakeroot-sysv.so' from LD_PRELOAD cannot be preloaded: ignored.
ERROR: ld.so: object 'libfakeroot-sysv.so' from LD_PRELOAD cannot be preloaded: ignored.
/mtkeda/bbn/trendchip/mips-linux-uclibc-4.6.3-kernel3.18/usr/bin/../lib/gcc/mips-buildroot-linux-uclibc/4.6.3/../../../../mips-buildroot-linux-uclibc/bin/ld: cannot find -llthread
/proj/mtk69551/tony/Git/netconf/tclinux_phoenix/apps/opensource/NETCONF_LIB/lib//libxml2.so: warning: gethostbyname is obsolescent, use getnameinfo() instead.
collect2: ld returned 1 exit status
configure:4868: $? = 1
configure: failed program was:
| /* confdefs.h */
| #define PACKAGE_NAME "netopeer-server"
| #define PACKAGE_TARNAME "netopeer-server"
| #define PACKAGE_VERSION "0.8.0"
| #define PACKAGE_STRING "netopeer-server 0.8.0"
| #define PACKAGE_BUGREPORT ""
| #define PACKAGE_URL ""
| /* end confdefs.h.  */
| #include <pthread.h>
|                         static void routine(void *a) { a = 0; }
|                         static void *start_routine(void *a) { return a; }
| int
| main ()
| {
| pthread_t th; pthread_attr_t attr;
|                         pthread_create(&th, 0, start_routine, 0);
|                         pthread_join(th, 0);
|                         pthread_attr_init(&attr);
|                         pthread_cleanup_push(routine, 0);
|                         pthread_cleanup_pop(0) /* ; */
|   ;
|   return 0;
| }
configure:4877: result: no
configure:4780: checking whether pthreads work with -pthread
configure:4868: mips-buildroot-linux-uclibc-gcc -mips32r2 -msoft-float -o conftest -Wall -Wextra -O3 -pthread -I/proj/mtk69551/tony/Git/netconf/tclinux_phoenix/apps/opensource/NETCONF_LIB/include/  -DRCSID=\"$(IDGIT)\" -I/usr/include/libxml2   conftest.c  -lnetconf -L/proj/mtk69551/tony/Git/netconf/tclinux_phoenix/apps/opensource/NETCONF_LIB/lib/ -Wl,-rpath,/proj/mtk69551/tony/Git/netconf/tclinux_phoenix/apps/opensource/NETCONF_LIB/lib  -lxml2 >&5
ERROR: ld.so: object 'libfakeroot-sysv.so' from LD_PRELOAD cannot be preloaded: ignored.
ERROR: ld.so: object 'libfakeroot-sysv.so' from LD_PRELOAD cannot be preloaded: ignored.
<command-line>:0:8: warning: missing terminating " character [enabled by default]
conftest.c: In function 'routine':
conftest.c:10:51: warning: parameter 'a' set but not used [-Wunused-but-set-parameter]
ERROR: ld.so: object 'libfakeroot-sysv.so' from LD_PRELOAD cannot be preloaded: ignored.
ERROR: ld.so: object 'libfakeroot-sysv.so' from LD_PRELOAD cannot be preloaded: ignored.
ERROR: ld.so: object 'libfakeroot-sysv.so' from LD_PRELOAD cannot be preloaded: ignored.
/proj/mtk69551/tony/Git/netconf/tclinux_phoenix/apps/opensource/NETCONF_LIB/lib//libxml2.so: warning: gethostbyname is obsolescent, use getnameinfo() instead.
configure:4868: $? = 0
configure:4877: result: yes
configure:4896: checking for joinable pthread attribute
configure:4911: mips-buildroot-linux-uclibc-gcc -mips32r2 -msoft-float -o conftest -Wall -Wextra -O3 -pthread -I/proj/mtk69551/tony/Git/netconf/tclinux_phoenix/apps/opensource/NETCONF_LIB/include/  -DRCSID=\"$(IDGIT)\" -I/usr/include/libxml2   conftest.c  -lnetconf -L/proj/mtk69551/tony/Git/netconf/tclinux_phoenix/apps/opensource/NETCONF_LIB/lib/ -Wl,-rpath,/proj/mtk69551/tony/Git/netconf/tclinux_phoenix/apps/opensource/NETCONF_LIB/lib  -lxml2 >&5
ERROR: ld.so: object 'libfakeroot-sysv.so' from LD_PRELOAD cannot be preloaded: ignored.
ERROR: ld.so: object 'libfakeroot-sysv.so' from LD_PRELOAD cannot be preloaded: ignored.
<command-line>:0:8: warning: missing terminating " character [enabled by default]
ERROR: ld.so: object 'libfakeroot-sysv.so' from LD_PRELOAD cannot be preloaded: ignored.
ERROR: ld.so: object 'libfakeroot-sysv.so' from LD_PRELOAD cannot be preloaded: ignored.
ERROR: ld.so: object 'libfakeroot-sysv.so' from LD_PRELOAD cannot be preloaded: ignored.
/proj/mtk69551/tony/Git/netconf/tclinux_phoenix/apps/opensource/NETCONF_LIB/lib//libxml2.so: warning: gethostbyname is obsolescent, use getnameinfo() instead.
configure:4911: $? = 0
configure:4917: result: PTHREAD_CREATE_JOINABLE
configure:4927: checking if more special flags are required for pthreads
configure:4941: result: no
configure:4947: checking for PTHREAD_PRIO_INHERIT
configure:4965: mips-buildroot-linux-uclibc-gcc -mips32r2 -msoft-float -o conftest -Wall -Wextra -O3 -pthread -I/proj/mtk69551/tony/Git/netconf/tclinux_phoenix/apps/opensource/NETCONF_LIB/include/  -DRCSID=\"$(IDGIT)\" -I/usr/include/libxml2   conftest.c  -lnetconf -L/proj/mtk69551/tony/Git/netconf/tclinux_phoenix/apps/opensource/NETCONF_LIB/lib/ -Wl,-rpath,/proj/mtk69551/tony/Git/netconf/tclinux_phoenix/apps/opensource/NETCONF_LIB/lib  -lxml2 >&5
ERROR: ld.so: object 'libfakeroot-sysv.so' from LD_PRELOAD cannot be preloaded: ignored.
ERROR: ld.so: object 'libfakeroot-sysv.so' from LD_PRELOAD cannot be preloaded: ignored.
<command-line>:0:8: warning: missing terminating " character [enabled by default]
conftest.c: In function 'main':
conftest.c:14:9: error: 'PTHREAD_PRIO_INHERIT' undeclared (first use in this function)
conftest.c:14:9: note: each undeclared identifier is reported only once for each function it appears in
conftest.c:14:5: warning: unused variable 'i' [-Wunused-variable]
configure:4965: $? = 1
configure: failed program was:
| /* confdefs.h */
| #define PACKAGE_NAME "netopeer-server"
| #define PACKAGE_TARNAME "netopeer-server"
| #define PACKAGE_VERSION "0.8.0"
| #define PACKAGE_STRING "netopeer-server 0.8.0"
| #define PACKAGE_BUGREPORT ""
| #define PACKAGE_URL ""
| /* end confdefs.h.  */
| 
|                     #include <pthread.h>
| int
| main ()
| {
| int i = PTHREAD_PRIO_INHERIT;
|   ;
|   return 0;
| }
configure:4974: result: no
configure:5137: generating validation files...
configure:5156: checking how to run the C preprocessor
configure:5187: mips-buildroot-linux-uclibc-gcc -mips32r2 -msoft-float -E -I/proj/mtk69551/tony/Git/netconf/tclinux_phoenix/apps/opensource/NETCONF_LIB/include/  -DRCSID=\"$(IDGIT)\" -I/usr/include/libxml2 conftest.c
ERROR: ld.so: object 'libfakeroot-sysv.so' from LD_PRELOAD cannot be preloaded: ignored.
ERROR: ld.so: object 'libfakeroot-sysv.so' from LD_PRELOAD cannot be preloaded: ignored.
<command-line>:0:8: warning: missing terminating " character [enabled by default]
configure:5187: $? = 0
configure:5201: mips-buildroot-linux-uclibc-gcc -mips32r2 -msoft-float -E -I/proj/mtk69551/tony/Git/netconf/tclinux_phoenix/apps/opensource/NETCONF_LIB/include/  -DRCSID=\"$(IDGIT)\" -I/usr/include/libxml2 conftest.c
ERROR: ld.so: object 'libfakeroot-sysv.so' from LD_PRELOAD cannot be preloaded: ignored.
ERROR: ld.so: object 'libfakeroot-sysv.so' from LD_PRELOAD cannot be preloaded: ignored.
<command-line>:0:8: warning: missing terminating " character [enabled by default]
conftest.c:9:28: fatal error: ac_nonexistent.h: No such file or directory
compilation terminated.
configure:5201: $? = 1
configure: failed program was:
| /* confdefs.h */
| #define PACKAGE_NAME "netopeer-server"
| #define PACKAGE_TARNAME "netopeer-server"
| #define PACKAGE_VERSION "0.8.0"
| #define PACKAGE_STRING "netopeer-server 0.8.0"
| #define PACKAGE_BUGREPORT ""
| #define PACKAGE_URL ""
| /* end confdefs.h.  */
| #include <ac_nonexistent.h>
configure:5226: result: mips-buildroot-linux-uclibc-gcc -mips32r2 -msoft-float -E
configure:5246: mips-buildroot-linux-uclibc-gcc -mips32r2 -msoft-float -E -I/proj/mtk69551/tony/Git/netconf/tclinux_phoenix/apps/opensource/NETCONF_LIB/include/  -DRCSID=\"$(IDGIT)\" -I/usr/include/libxml2 conftest.c
ERROR: ld.so: object 'libfakeroot-sysv.so' from LD_PRELOAD cannot be preloaded: ignored.
ERROR: ld.so: object 'libfakeroot-sysv.so' from LD_PRELOAD cannot be preloaded: ignored.
<command-line>:0:8: warning: missing terminating " character [enabled by default]
configure:5246: $? = 0
configure:5260: mips-buildroot-linux-uclibc-gcc -mips32r2 -msoft-float -E -I/proj/mtk69551/tony/Git/netconf/tclinux_phoenix/apps/opensource/NETCONF_LIB/include/  -DRCSID=\"$(IDGIT)\" -I/usr/include/libxml2 conftest.c
ERROR: ld.so: object 'libfakeroot-sysv.so' from LD_PRELOAD cannot be preloaded: ignored.
ERROR: ld.so: object 'libfakeroot-sysv.so' from LD_PRELOAD cannot be preloaded: ignored.
<command-line>:0:8: warning: missing terminating " character [enabled by default]
conftest.c:9:28: fatal error: ac_nonexistent.h: No such file or directory
compilation terminated.
configure:5260: $? = 1
configure: failed program was:
| /* confdefs.h */
| #define PACKAGE_NAME "netopeer-server"
| #define PACKAGE_TARNAME "netopeer-server"
| #define PACKAGE_VERSION "0.8.0"
| #define PACKAGE_STRING "netopeer-server 0.8.0"
| #define PACKAGE_BUGREPORT ""
| #define PACKAGE_URL ""
| /* end confdefs.h.  */
| #include <ac_nonexistent.h>
configure:5289: checking for grep that handles long lines and -e
configure:5347: result: /bin/grep
configure:5352: checking for egrep
configure:5414: result: /bin/grep -E
configure:5419: checking for ANSI C header files
configure:5439: mips-buildroot-linux-uclibc-gcc -mips32r2 -msoft-float -c -Wall -Wextra -O3 -pthread -I/proj/mtk69551/tony/Git/netconf/tclinux_phoenix/apps/opensource/NETCONF_LIB/include/  -DRCSID=\"$(IDGIT)\" -I/usr/include/libxml2 conftest.c >&5
ERROR: ld.so: object 'libfakeroot-sysv.so' from LD_PRELOAD cannot be preloaded: ignored.
ERROR: ld.so: object 'libfakeroot-sysv.so' from LD_PRELOAD cannot be preloaded: ignored.
<command-line>:0:8: warning: missing terminating " character [enabled by default]
ERROR: ld.so: object 'libfakeroot-sysv.so' from LD_PRELOAD cannot be preloaded: ignored.
configure:5439: $? = 0
ERROR: ld.so: object 'libfakeroot-sysv.so' from LD_PRELOAD cannot be preloaded: ignored.
ERROR: ld.so: object 'libfakeroot-sysv.so' from LD_PRELOAD cannot be preloaded: ignored.
<command-line>:0:8: warning: missing terminating " character [enabled by default]
ERROR: ld.so: object 'libfakeroot-sysv.so' from LD_PRELOAD cannot be preloaded: ignored.
ERROR: ld.so: object 'libfakeroot-sysv.so' from LD_PRELOAD cannot be preloaded: ignored.
<command-line>:0:8: warning: missing terminating " character [enabled by default]
configure:5523: result: yes
configure:5536: checking for sys/types.h
configure:5536: mips-buildroot-linux-uclibc-gcc -mips32r2 -msoft-float -c -Wall -Wextra -O3 -pthread -I/proj/mtk69551/tony/Git/netconf/tclinux_phoenix/apps/opensource/NETCONF_LIB/include/  -DRCSID=\"$(IDGIT)\" -I/usr/include/libxml2 conftest.c >&5
ERROR: ld.so: object 'libfakeroot-sysv.so' from LD_PRELOAD cannot be preloaded: ignored.
ERROR: ld.so: object 'libfakeroot-sysv.so' from LD_PRELOAD cannot be preloaded: ignored.
<command-line>:0:8: warning: missing terminating " character [enabled by default]
ERROR: ld.so: object 'libfakeroot-sysv.so' from LD_PRELOAD cannot be preloaded: ignored.
configure:5536: $? = 0
configure:5536: result: yes
configure:5536: checking for sys/stat.h
configure:5536: mips-buildroot-linux-uclibc-gcc -mips32r2 -msoft-float -c -Wall -Wextra -O3 -pthread -I/proj/mtk69551/tony/Git/netconf/tclinux_phoenix/apps/opensource/NETCONF_LIB/include/  -DRCSID=\"$(IDGIT)\" -I/usr/include/libxml2 conftest.c >&5
ERROR: ld.so: object 'libfakeroot-sysv.so' from LD_PRELOAD cannot be preloaded: ignored.
ERROR: ld.so: object 'libfakeroot-sysv.so' from LD_PRELOAD cannot be preloaded: ignored.
<command-line>:0:8: warning: missing terminating " character [enabled by default]
ERROR: ld.so: object 'libfakeroot-sysv.so' from LD_PRELOAD cannot be preloaded: ignored.
configure:5536: $? = 0
configure:5536: result: yes
configure:5536: checking for stdlib.h
configure:5536: mips-buildroot-linux-uclibc-gcc -mips32r2 -msoft-float -c -Wall -Wextra -O3 -pthread -I/proj/mtk69551/tony/Git/netconf/tclinux_phoenix/apps/opensource/NETCONF_LIB/include/  -DRCSID=\"$(IDGIT)\" -I/usr/include/libxml2 conftest.c >&5
ERROR: ld.so: object 'libfakeroot-sysv.so' from LD_PRELOAD cannot be preloaded: ignored.
ERROR: ld.so: object 'libfakeroot-sysv.so' from LD_PRELOAD cannot be preloaded: ignored.
<command-line>:0:8: warning: missing terminating " character [enabled by default]
ERROR: ld.so: object 'libfakeroot-sysv.so' from LD_PRELOAD cannot be preloaded: ignored.
configure:5536: $? = 0
configure:5536: result: yes
configure:5536: checking for string.h
configure:5536: mips-buildroot-linux-uclibc-gcc -mips32r2 -msoft-float -c -Wall -Wextra -O3 -pthread -I/proj/mtk69551/tony/Git/netconf/tclinux_phoenix/apps/opensource/NETCONF_LIB/include/  -DRCSID=\"$(IDGIT)\" -I/usr/include/libxml2 conftest.c >&5
ERROR: ld.so: object 'libfakeroot-sysv.so' from LD_PRELOAD cannot be preloaded: ignored.
ERROR: ld.so: object 'libfakeroot-sysv.so' from LD_PRELOAD cannot be preloaded: ignored.
<command-line>:0:8: warning: missing terminating " character [enabled by default]
ERROR: ld.so: object 'libfakeroot-sysv.so' from LD_PRELOAD cannot be preloaded: ignored.
configure:5536: $? = 0
configure:5536: result: yes
configure:5536: checking for memory.h
configure:5536: mips-buildroot-linux-uclibc-gcc -mips32r2 -msoft-float -c -Wall -Wextra -O3 -pthread -I/proj/mtk69551/tony/Git/netconf/tclinux_phoenix/apps/opensource/NETCONF_LIB/include/  -DRCSID=\"$(IDGIT)\" -I/usr/include/libxml2 conftest.c >&5
ERROR: ld.so: object 'libfakeroot-sysv.so' from LD_PRELOAD cannot be preloaded: ignored.
ERROR: ld.so: object 'libfakeroot-sysv.so' from LD_PRELOAD cannot be preloaded: ignored.
<command-line>:0:8: warning: missing terminating " character [enabled by default]
ERROR: ld.so: object 'libfakeroot-sysv.so' from LD_PRELOAD cannot be preloaded: ignored.
configure:5536: $? = 0
configure:5536: result: yes
configure:5536: checking for strings.h
configure:5536: mips-buildroot-linux-uclibc-gcc -mips32r2 -msoft-float -c -Wall -Wextra -O3 -pthread -I/proj/mtk69551/tony/Git/netconf/tclinux_phoenix/apps/opensource/NETCONF_LIB/include/  -DRCSID=\"$(IDGIT)\" -I/usr/include/libxml2 conftest.c >&5
ERROR: ld.so: object 'libfakeroot-sysv.so' from LD_PRELOAD cannot be preloaded: ignored.
ERROR: ld.so: object 'libfakeroot-sysv.so' from LD_PRELOAD cannot be preloaded: ignored.
<command-line>:0:8: warning: missing terminating " character [enabled by default]
ERROR: ld.so: object 'libfakeroot-sysv.so' from LD_PRELOAD cannot be preloaded: ignored.
configure:5536: $? = 0
configure:5536: result: yes
configure:5536: checking for inttypes.h
configure:5536: mips-buildroot-linux-uclibc-gcc -mips32r2 -msoft-float -c -Wall -Wextra -O3 -pthread -I/proj/mtk69551/tony/Git/netconf/tclinux_phoenix/apps/opensource/NETCONF_LIB/include/  -DRCSID=\"$(IDGIT)\" -I/usr/include/libxml2 conftest.c >&5
ERROR: ld.so: object 'libfakeroot-sysv.so' from LD_PRELOAD cannot be preloaded: ignored.
ERROR: ld.so: object 'libfakeroot-sysv.so' from LD_PRELOAD cannot be preloaded: ignored.
<command-line>:0:8: warning: missing terminating " character [enabled by default]
ERROR: ld.so: object 'libfakeroot-sysv.so' from LD_PRELOAD cannot be preloaded: ignored.
configure:5536: $? = 0
configure:5536: result: yes
configure:5536: checking for stdint.h
configure:5536: mips-buildroot-linux-uclibc-gcc -mips32r2 -msoft-float -c -Wall -Wextra -O3 -pthread -I/proj/mtk69551/tony/Git/netconf/tclinux_phoenix/apps/opensource/NETCONF_LIB/include/  -DRCSID=\"$(IDGIT)\" -I/usr/include/libxml2 conftest.c >&5
ERROR: ld.so: object 'libfakeroot-sysv.so' from LD_PRELOAD cannot be preloaded: ignored.
ERROR: ld.so: object 'libfakeroot-sysv.so' from LD_PRELOAD cannot be preloaded: ignored.
<command-line>:0:8: warning: missing terminating " character [enabled by default]
ERROR: ld.so: object 'libfakeroot-sysv.so' from LD_PRELOAD cannot be preloaded: ignored.
configure:5536: $? = 0
configure:5536: result: yes
configure:5536: checking for unistd.h
configure:5536: mips-buildroot-linux-uclibc-gcc -mips32r2 -msoft-float -c -Wall -Wextra -O3 -pthread -I/proj/mtk69551/tony/Git/netconf/tclinux_phoenix/apps/opensource/NETCONF_LIB/include/  -DRCSID=\"$(IDGIT)\" -I/usr/include/libxml2 conftest.c >&5
ERROR: ld.so: object 'libfakeroot-sysv.so' from LD_PRELOAD cannot be preloaded: ignored.
ERROR: ld.so: object 'libfakeroot-sysv.so' from LD_PRELOAD cannot be preloaded: ignored.
<command-line>:0:8: warning: missing terminating " character [enabled by default]
ERROR: ld.so: object 'libfakeroot-sysv.so' from LD_PRELOAD cannot be preloaded: ignored.
configure:5536: $? = 0
configure:5536: result: yes
configure:5551: checking for stdlib.h
configure:5551: result: yes
configure:5551: checking for string.h
configure:5551: result: yes
configure:5551: checking sys/time.h usability
configure:5551: mips-buildroot-linux-uclibc-gcc -mips32r2 -msoft-float -c -Wall -Wextra -O3 -pthread -I/proj/mtk69551/tony/Git/netconf/tclinux_phoenix/apps/opensource/NETCONF_LIB/include/  -DRCSID=\"$(IDGIT)\" -I/usr/include/libxml2 conftest.c >&5
ERROR: ld.so: object 'libfakeroot-sysv.so' from LD_PRELOAD cannot be preloaded: ignored.
ERROR: ld.so: object 'libfakeroot-sysv.so' from LD_PRELOAD cannot be preloaded: ignored.
<command-line>:0:8: warning: missing terminating " character [enabled by default]
ERROR: ld.so: object 'libfakeroot-sysv.so' from LD_PRELOAD cannot be preloaded: ignored.
configure:5551: $? = 0
configure:5551: result: yes
configure:5551: checking sys/time.h presence
configure:5551: mips-buildroot-linux-uclibc-gcc -mips32r2 -msoft-float -E -I/proj/mtk69551/tony/Git/netconf/tclinux_phoenix/apps/opensource/NETCONF_LIB/include/  -DRCSID=\"$(IDGIT)\" -I/usr/include/libxml2 conftest.c
ERROR: ld.so: object 'libfakeroot-sysv.so' from LD_PRELOAD cannot be preloaded: ignored.
ERROR: ld.so: object 'libfakeroot-sysv.so' from LD_PRELOAD cannot be preloaded: ignored.
<command-line>:0:8: warning: missing terminating " character [enabled by default]
configure:5551: $? = 0
configure:5551: result: yes
configure:5551: checking for sys/time.h
configure:5551: result: yes
configure:5551: checking for unistd.h
configure:5551: result: yes
configure:5564: checking libnetconf_xml.h usability
configure:5564: mips-buildroot-linux-uclibc-gcc -mips32r2 -msoft-float -c -Wall -Wextra -O3 -pthread -I/proj/mtk69551/tony/Git/netconf/tclinux_phoenix/apps/opensource/NETCONF_LIB/include/  -DRCSID=\"$(IDGIT)\" -I/usr/include/libxml2 conftest.c >&5
ERROR: ld.so: object 'libfakeroot-sysv.so' from LD_PRELOAD cannot be preloaded: ignored.
ERROR: ld.so: object 'libfakeroot-sysv.so' from LD_PRELOAD cannot be preloaded: ignored.
<command-line>:0:8: warning: missing terminating " character [enabled by default]
ERROR: ld.so: object 'libfakeroot-sysv.so' from LD_PRELOAD cannot be preloaded: ignored.
configure:5564: $? = 0
configure:5564: result: yes
configure:5564: checking libnetconf_xml.h presence
configure:5564: mips-buildroot-linux-uclibc-gcc -mips32r2 -msoft-float -E -I/proj/mtk69551/tony/Git/netconf/tclinux_phoenix/apps/opensource/NETCONF_LIB/include/  -DRCSID=\"$(IDGIT)\" -I/usr/include/libxml2 conftest.c
ERROR: ld.so: object 'libfakeroot-sysv.so' from LD_PRELOAD cannot be preloaded: ignored.
ERROR: ld.so: object 'libfakeroot-sysv.so' from LD_PRELOAD cannot be preloaded: ignored.
<command-line>:0:8: warning: missing terminating " character [enabled by default]
configure:5564: $? = 0
configure:5564: result: yes
configure:5564: checking for libnetconf_xml.h
configure:5564: result: yes
configure:5564: checking libxml/tree.h usability
configure:5564: mips-buildroot-linux-uclibc-gcc -mips32r2 -msoft-float -c -Wall -Wextra -O3 -pthread -I/proj/mtk69551/tony/Git/netconf/tclinux_phoenix/apps/opensource/NETCONF_LIB/include/  -DRCSID=\"$(IDGIT)\" -I/usr/include/libxml2 conftest.c >&5
ERROR: ld.so: object 'libfakeroot-sysv.so' from LD_PRELOAD cannot be preloaded: ignored.
ERROR: ld.so: object 'libfakeroot-sysv.so' from LD_PRELOAD cannot be preloaded: ignored.
<command-line>:0:8: warning: missing terminating " character [enabled by default]
ERROR: ld.so: object 'libfakeroot-sysv.so' from LD_PRELOAD cannot be preloaded: ignored.
configure:5564: $? = 0
configure:5564: result: yes
configure:5564: checking libxml/tree.h presence
configure:5564: mips-buildroot-linux-uclibc-gcc -mips32r2 -msoft-float -E -I/proj/mtk69551/tony/Git/netconf/tclinux_phoenix/apps/opensource/NETCONF_LIB/include/  -DRCSID=\"$(IDGIT)\" -I/usr/include/libxml2 conftest.c
ERROR: ld.so: object 'libfakeroot-sysv.so' from LD_PRELOAD cannot be preloaded: ignored.
ERROR: ld.so: object 'libfakeroot-sysv.so' from LD_PRELOAD cannot be preloaded: ignored.
<command-line>:0:8: warning: missing terminating " character [enabled by default]
configure:5564: $? = 0
configure:5564: result: yes
configure:5564: checking for libxml/tree.h
configure:5564: result: yes
configure:5576: checking for int32_t
configure:5576: mips-buildroot-linux-uclibc-gcc -mips32r2 -msoft-float -c -Wall -Wextra -O3 -pthread -I/proj/mtk69551/tony/Git/netconf/tclinux_phoenix/apps/opensource/NETCONF_LIB/include/  -DRCSID=\"$(IDGIT)\" -I/usr/include/libxml2 conftest.c >&5
ERROR: ld.so: object 'libfakeroot-sysv.so' from LD_PRELOAD cannot be preloaded: ignored.
ERROR: ld.so: object 'libfakeroot-sysv.so' from LD_PRELOAD cannot be preloaded: ignored.
<command-line>:0:8: warning: missing terminating " character [enabled by default]
ERROR: ld.so: object 'libfakeroot-sysv.so' from LD_PRELOAD cannot be preloaded: ignored.
configure:5576: $? = 0
configure:5576: mips-buildroot-linux-uclibc-gcc -mips32r2 -msoft-float -c -Wall -Wextra -O3 -pthread -I/proj/mtk69551/tony/Git/netconf/tclinux_phoenix/apps/opensource/NETCONF_LIB/include/  -DRCSID=\"$(IDGIT)\" -I/usr/include/libxml2 conftest.c >&5
ERROR: ld.so: object 'libfakeroot-sysv.so' from LD_PRELOAD cannot be preloaded: ignored.
ERROR: ld.so: object 'libfakeroot-sysv.so' from LD_PRELOAD cannot be preloaded: ignored.
<command-line>:0:8: warning: missing terminating " character [enabled by default]
conftest.c: In function 'main':
conftest.c:63:53: warning: integer overflow in expression [-Woverflow]
conftest.c:62:12: error: size of array 'test_array' is negative
conftest.c:62:12: error: storage size of 'test_array' isn't constant
conftest.c:62:12: warning: unused variable 'test_array' [-Wunused-variable]
configure:5576: $? = 1
configure: failed program was:
| /* confdefs.h */
| #define PACKAGE_NAME "netopeer-server"
| #define PACKAGE_TARNAME "netopeer-server"
| #define PACKAGE_VERSION "0.8.0"
| #define PACKAGE_STRING "netopeer-server 0.8.0"
| #define PACKAGE_BUGREPORT ""
| #define PACKAGE_URL ""
| #define STDC_HEADERS 1
| #define HAVE_SYS_TYPES_H 1
| #define HAVE_SYS_STAT_H 1
| #define HAVE_STDLIB_H 1
| #define HAVE_STRING_H 1
| #define HAVE_MEMORY_H 1
| #define HAVE_STRINGS_H 1
| #define HAVE_INTTYPES_H 1
| #define HAVE_STDINT_H 1
| #define HAVE_UNISTD_H 1
| #define HAVE_STDLIB_H 1
| #define HAVE_STRING_H 1
| #define HAVE_SYS_TIME_H 1
| #define HAVE_UNISTD_H 1
| #define HAVE_LIBNETCONF_XML_H 1
| #define HAVE_LIBXML_TREE_H 1
| /* end confdefs.h.  */
| #include <stdio.h>
| #ifdef HAVE_SYS_TYPES_H
| # include <sys/types.h>
| #endif
| #ifdef HAVE_SYS_STAT_H
| # include <sys/stat.h>
| #endif
| #ifdef STDC_HEADERS
| # include <stdlib.h>
| # include <stddef.h>
| #else
| # ifdef HAVE_STDLIB_H
| #  include <stdlib.h>
| # endif
| #endif
| #ifdef HAVE_STRING_H
| # if !defined STDC_HEADERS && defined HAVE_MEMORY_H
| #  include <memory.h>
| # endif
| # include <string.h>
| #endif
| #ifdef HAVE_STRINGS_H
| # include <strings.h>
| #endif
| #ifdef HAVE_INTTYPES_H
| # include <inttypes.h>
| #endif
| #ifdef HAVE_STDINT_H
| # include <stdint.h>
| #endif
| #ifdef HAVE_UNISTD_H
| # include <unistd.h>
| #endif
| 	        enum { N = 32 / 2 - 1 };
| int
| main ()
| {
| static int test_array [1 - 2 * !((int32_t) (((((int32_t) 1 << N) << N) - 1) * 2 + 1)
| 		 < (int32_t) (((((int32_t) 1 << N) << N) - 1) * 2 + 2))];
| test_array [0] = 0;
| return test_array [0];
| 
|   ;
|   return 0;
| }
configure:5576: result: yes
configure:5587: checking for uint32_t
configure:5587: mips-buildroot-linux-uclibc-gcc -mips32r2 -msoft-float -c -Wall -Wextra -O3 -pthread -I/proj/mtk69551/tony/Git/netconf/tclinux_phoenix/apps/opensource/NETCONF_LIB/include/  -DRCSID=\"$(IDGIT)\" -I/usr/include/libxml2 conftest.c >&5
ERROR: ld.so: object 'libfakeroot-sysv.so' from LD_PRELOAD cannot be preloaded: ignored.
ERROR: ld.so: object 'libfakeroot-sysv.so' from LD_PRELOAD cannot be preloaded: ignored.
<command-line>:0:8: warning: missing terminating " character [enabled by default]
ERROR: ld.so: object 'libfakeroot-sysv.so' from LD_PRELOAD cannot be preloaded: ignored.
configure:5587: $? = 0
configure:5587: result: yes
configure:5605: checking for stdlib.h
configure:5605: result: yes
configure:5615: checking for GNU libc compatible malloc
configure:5649: result: no
configure:5673: checking for select
configure:5673: mips-buildroot-linux-uclibc-gcc -mips32r2 -msoft-float -o conftest -Wall -Wextra -O3 -pthread -I/proj/mtk69551/tony/Git/netconf/tclinux_phoenix/apps/opensource/NETCONF_LIB/include/  -DRCSID=\"$(IDGIT)\" -I/usr/include/libxml2   conftest.c -lnetconf -L/proj/mtk69551/tony/Git/netconf/tclinux_phoenix/apps/opensource/NETCONF_LIB/lib/ -Wl,-rpath,/proj/mtk69551/tony/Git/netconf/tclinux_phoenix/apps/opensource/NETCONF_LIB/lib  -lxml2 -lnetconf >&5
ERROR: ld.so: object 'libfakeroot-sysv.so' from LD_PRELOAD cannot be preloaded: ignored.
ERROR: ld.so: object 'libfakeroot-sysv.so' from LD_PRELOAD cannot be preloaded: ignored.
<command-line>:0:8: warning: missing terminating " character [enabled by default]
ERROR: ld.so: object 'libfakeroot-sysv.so' from LD_PRELOAD cannot be preloaded: ignored.
ERROR: ld.so: object 'libfakeroot-sysv.so' from LD_PRELOAD cannot be preloaded: ignored.
ERROR: ld.so: object 'libfakeroot-sysv.so' from LD_PRELOAD cannot be preloaded: ignored.
/proj/mtk69551/tony/Git/netconf/tclinux_phoenix/apps/opensource/NETCONF_LIB/lib//libxml2.so: warning: gethostbyname is obsolescent, use getnameinfo() instead.
configure:5673: $? = 0
configure:5673: result: yes
configure:5673: checking for strdup
configure:5673: mips-buildroot-linux-uclibc-gcc -mips32r2 -msoft-float -o conftest -Wall -Wextra -O3 -pthread -I/proj/mtk69551/tony/Git/netconf/tclinux_phoenix/apps/opensource/NETCONF_LIB/include/  -DRCSID=\"$(IDGIT)\" -I/usr/include/libxml2   conftest.c -lnetconf -L/proj/mtk69551/tony/Git/netconf/tclinux_phoenix/apps/opensource/NETCONF_LIB/lib/ -Wl,-rpath,/proj/mtk69551/tony/Git/netconf/tclinux_phoenix/apps/opensource/NETCONF_LIB/lib  -lxml2 -lnetconf >&5
ERROR: ld.so: object 'libfakeroot-sysv.so' from LD_PRELOAD cannot be preloaded: ignored.
ERROR: ld.so: object 'libfakeroot-sysv.so' from LD_PRELOAD cannot be preloaded: ignored.
<command-line>:0:8: warning: missing terminating " character [enabled by default]
conftest.c:52:6: warning: conflicting types for built-in function 'strdup' [enabled by default]
ERROR: ld.so: object 'libfakeroot-sysv.so' from LD_PRELOAD cannot be preloaded: ignored.
ERROR: ld.so: object 'libfakeroot-sysv.so' from LD_PRELOAD cannot be preloaded: ignored.
ERROR: ld.so: object 'libfakeroot-sysv.so' from LD_PRELOAD cannot be preloaded: ignored.
/proj/mtk69551/tony/Git/netconf/tclinux_phoenix/apps/opensource/NETCONF_LIB/lib//libxml2.so: warning: gethostbyname is obsolescent, use getnameinfo() instead.
configure:5673: $? = 0
configure:5673: result: yes
configure:5673: checking for strerror
configure:5673: mips-buildroot-linux-uclibc-gcc -mips32r2 -msoft-float -o conftest -Wall -Wextra -O3 -pthread -I/proj/mtk69551/tony/Git/netconf/tclinux_phoenix/apps/opensource/NETCONF_LIB/include/  -DRCSID=\"$(IDGIT)\" -I/usr/include/libxml2   conftest.c -lnetconf -L/proj/mtk69551/tony/Git/netconf/tclinux_phoenix/apps/opensource/NETCONF_LIB/lib/ -Wl,-rpath,/proj/mtk69551/tony/Git/netconf/tclinux_phoenix/apps/opensource/NETCONF_LIB/lib  -lxml2 -lnetconf >&5
ERROR: ld.so: object 'libfakeroot-sysv.so' from LD_PRELOAD cannot be preloaded: ignored.
ERROR: ld.so: object 'libfakeroot-sysv.so' from LD_PRELOAD cannot be preloaded: ignored.
<command-line>:0:8: warning: missing terminating " character [enabled by default]
ERROR: ld.so: object 'libfakeroot-sysv.so' from LD_PRELOAD cannot be preloaded: ignored.
ERROR: ld.so: object 'libfakeroot-sysv.so' from LD_PRELOAD cannot be preloaded: ignored.
ERROR: ld.so: object 'libfakeroot-sysv.so' from LD_PRELOAD cannot be preloaded: ignored.
/proj/mtk69551/tony/Git/netconf/tclinux_phoenix/apps/opensource/NETCONF_LIB/lib//libxml2.so: warning: gethostbyname is obsolescent, use getnameinfo() instead.
configure:5673: $? = 0
configure:5673: result: yes
configure:5704: WARNING: Due to missing rpmbuild you will not be able to generate RPM package.
configure:5877: creating ./config.status

## ---------------------- ##
## Running config.status. ##
## ---------------------- ##

This file was extended by netopeer-server config.status 0.8.0, which was
generated by GNU Autoconf 2.69.  Invocation command line was

  CONFIG_FILES    = 
  CONFIG_HEADERS  = 
  CONFIG_LINKS    = 
  CONFIG_COMMANDS = 
  $ ./config.status 

on mbjsbblt31

config.status:780: creating Makefile
config.status:780: creating manager/netopeer-manager.tmp
config.status:780: creating config/Netopeer.xml.tmp
config.status:780: creating config/NETCONF-server.xml.tmp
config.status:780: creating src/config.h
config.status:780: creating netopeer-server.spec
config.status:780: creating netopeer.rc

## ---------------- ##
## Cache variables. ##
## ---------------- ##

ac_cv_build=x86_64-unknown-linux-gnu
ac_cv_c_compiler_gnu=yes
ac_cv_c_int32_t=yes
ac_cv_c_uint32_t=yes
ac_cv_env_CC_set=set
ac_cv_env_CC_value='mips-buildroot-linux-uclibc-gcc -mips32r2 -msoft-float'
ac_cv_env_CFLAGS_set=
ac_cv_env_CFLAGS_value=
ac_cv_env_CPPFLAGS_set=
ac_cv_env_CPPFLAGS_value=
ac_cv_env_CPP_set=
ac_cv_env_CPP_value=
ac_cv_env_LDFLAGS_set=
ac_cv_env_LDFLAGS_value=
ac_cv_env_LIBNETCONF_CFLAGS_set=
ac_cv_env_LIBNETCONF_CFLAGS_value=
ac_cv_env_LIBNETCONF_LIBS_set=
ac_cv_env_LIBNETCONF_LIBS_value=
ac_cv_env_LIBS_set=
ac_cv_env_LIBS_value=
ac_cv_env_PKG_CONFIG_LIBDIR_set=
ac_cv_env_PKG_CONFIG_LIBDIR_value=
ac_cv_env_PKG_CONFIG_PATH_set=
ac_cv_env_PKG_CONFIG_PATH_value=
ac_cv_env_PKG_CONFIG_set=
ac_cv_env_PKG_CONFIG_value=
ac_cv_env_build_alias_set=
ac_cv_env_build_alias_value=
ac_cv_env_host_alias_set=set
ac_cv_env_host_alias_value=mips-linux
ac_cv_env_target_alias_set=set
ac_cv_env_target_alias_value=mips-buildroot-linux-uclibc
ac_cv_func_malloc_0_nonnull=no
ac_cv_func_select=yes
ac_cv_func_strdup=yes
ac_cv_func_strerror=yes
ac_cv_header_inttypes_h=yes
ac_cv_header_libnetconf_xml_h=yes
ac_cv_header_libxml_tree_h=yes
ac_cv_header_memory_h=yes
ac_cv_header_stdc=yes
ac_cv_header_stdint_h=yes
ac_cv_header_stdlib_h=yes
ac_cv_header_string_h=yes
ac_cv_header_strings_h=yes
ac_cv_header_sys_stat_h=yes
ac_cv_header_sys_time_h=yes
ac_cv_header_sys_types_h=yes
ac_cv_header_unistd_h=yes
ac_cv_host=mips-unknown-linux-gnu
ac_cv_lib_netconf_nc_session_accept_libssh_channel=no
ac_cv_lib_xml2_main=yes
ac_cv_objext=o
ac_cv_path_EGREP='/bin/grep -E'
ac_cv_path_GREP=/bin/grep
ac_cv_path_PKG_CONFIG=/opt/trendchip/mips-linux-uclibc-4.6.3-kernel3.18/usr/bin/pkg-config
ac_cv_path_ROFF2HTML=no
ac_cv_path_install='/usr/bin/install -c'
ac_cv_prog_CC='mips-buildroot-linux-uclibc-gcc -mips32r2 -msoft-float'
ac_cv_prog_CPP='mips-buildroot-linux-uclibc-gcc -mips32r2 -msoft-float -E'
ac_cv_prog_UNAME=yes
ac_cv_prog_XML2_CONFIG=yes
ac_cv_prog_cc_c89=
ac_cv_prog_cc_g=yes
ac_cv_search_ncntf_dispatch_receive=-lnetconf
ax_cv_PTHREAD_PRIO_INHERIT=no

## ----------------- ##
## Output variables. ##
## ----------------- ##

BUILDREQS=' libnetconf-devel python libxml2-devel'
CC='mips-buildroot-linux-uclibc-gcc -mips32r2 -msoft-float'
CFLAGS='-Wall -Wextra -O3 -pthread'
CLIENT_STRUCT_SIZE=''
CONFIGURE_PARAMS=' --disable-configurator --with-libnetconf=/proj/mtk69551/tony/Git/netconf/tclinux_phoenix/apps/opensource/NETCONF_LIB'
CONFIGURE_PWD='/proj/mtk69551/tony/Git/netconf/tclinux_phoenix/apps/opensource/netopeer/server'
CPP='mips-buildroot-linux-uclibc-gcc -mips32r2 -msoft-float -E'
CPPFLAGS='-I/proj/mtk69551/tony/Git/netconf/tclinux_phoenix/apps/opensource/NETCONF_LIB/include/  -DRCSID=\"$(IDGIT)\" -I/usr/include/libxml2'
DEFS='-DPACKAGE_NAME=\"netopeer-server\" -DPACKAGE_TARNAME=\"netopeer-server\" -DPACKAGE_VERSION=\"0.8.0\" -DPACKAGE_STRING=\"netopeer-server\ 0.8.0\" -DPACKAGE_BUGREPORT=\"\" -DPACKAGE_URL=\"\" -DSTDC_HEADERS=1 -DHAVE_SYS_TYPES_H=1 -DHAVE_SYS_STAT_H=1 -DHAVE_STDLIB_H=1 -DHAVE_STRING_H=1 -DHAVE_MEMORY_H=1 -DHAVE_STRINGS_H=1 -DHAVE_INTTYPES_H=1 -DHAVE_STDINT_H=1 -DHAVE_UNISTD_H=1 -DHAVE_STDLIB_H=1 -DHAVE_STRING_H=1 -DHAVE_SYS_TIME_H=1 -DHAVE_UNISTD_H=1 -DHAVE_LIBNETCONF_XML_H=1 -DHAVE_LIBXML_TREE_H=1 -DHAVE_STDLIB_H=1 -DHAVE_MALLOC=0 -Dmalloc=rpl_malloc -DHAVE_SELECT=1 -DHAVE_STRDUP=1 -DHAVE_STRERROR=1'
DISTRO='ubuntu'
ECHO_C=''
ECHO_N='-n'
ECHO_T=''
EGREP='/bin/grep -E'
EXEEXT=''
GREP='/bin/grep'
INSTALL_DATA='${INSTALL} -m 644'
INSTALL_PROGRAM='${INSTALL}'
INSTALL_SCRIPT='${INSTALL}'
LDFLAGS=' '
LIBNETCONF_CFLAGS=''
LIBNETCONF_DATADIR='/proj/mtk69551/tony/Git/netconf/tclinux_phoenix/apps/opensource/NETCONF_LIB/share/'
LIBNETCONF_LIBS=''
LIBOBJS=' ${LIBOBJDIR}malloc$U.o'
LIBS='-lnetconf -L/proj/mtk69551/tony/Git/netconf/tclinux_phoenix/apps/opensource/NETCONF_LIB/lib/ -Wl,-rpath,/proj/mtk69551/tony/Git/netconf/tclinux_phoenix/apps/opensource/NETCONF_LIB/lib  -lxml2 -lnetconf'
LNCTOOL_EXISTS=''
LTLIBOBJS=' ${LIBOBJDIR}malloc$U.lo'
MODULESDIR='${prefix}/etc/netopeer/modules.conf.d/'
NCSERVER_FEATURES=''
NETOPEER_FEATURES='<feature>dynamic-modules</feature>'
NPCONF='no'
OBJEXT='o'
PACKAGE_BUGREPORT=''
PACKAGE_NAME='netopeer-server'
PACKAGE_STRING='netopeer-server 0.8.0'
PACKAGE_TARNAME='netopeer-server'
PACKAGE_URL=''
PACKAGE_VERSION='0.8.0'
PATH_SEPARATOR=':'
PKG_CONFIG='/opt/trendchip/mips-linux-uclibc-4.6.3-kernel3.18/usr/bin/pkg-config'
PKG_CONFIG_LIBDIR=''
PKG_CONFIG_PATH='/usr/local/lib64/pkgconfig:'
PTHREAD_CC='mips-buildroot-linux-uclibc-gcc -mips32r2 -msoft-float'
PTHREAD_CFLAGS='-pthread'
PTHREAD_LIBS=''
RELEASE='1'
REQS=' libnetconf python libxml2'
ROFF2HTML='no'
RPMBUILD=''
SERVER_LIBS='-lnetconf -L/proj/mtk69551/tony/Git/netconf/tclinux_phoenix/apps/opensource/NETCONF_LIB/lib/ -Wl,-rpath,/proj/mtk69551/tony/Git/netconf/tclinux_phoenix/apps/opensource/NETCONF_LIB/lib  -lxml2'
SERVER_TLS_CFGS=''
SERVER_TRANSPORT_HDRS=''
SERVER_TRANSPORT_SRCS=''
SHELL='/bin/sh'
SSH='no'
TLS='no'
UNAME='yes'
USERMAIL='Tony.Du@econet-inc.com'
USERNAME='Tony.Du'
XML2_CONFIG='yes'
ac_ct_CC=''
ax_pthread_config=''
bindir='${exec_prefix}/bin'
build='x86_64-unknown-linux-gnu'
build_alias=''
build_cpu='x86_64'
build_os='linux-gnu'
build_vendor='unknown'
datadir='${datarootdir}'
datarootdir='${prefix}/share'
docdir='${datarootdir}/doc/${PACKAGE_TARNAME}'
dvidir='${docdir}'
exec_prefix='${prefix}'
host='mips-unknown-linux-gnu'
host_alias='mips-linux'
host_cpu='mips'
host_os='linux-gnu'
host_vendor='unknown'
htmldir='${docdir}'
includedir='${prefix}/include'
infodir='${datarootdir}/info'
libdir='${prefix}/lib64'
libexecdir='${exec_prefix}/libexec'
localedir='${datarootdir}/locale'
localstatedir='${prefix}/var'
mandir='${datarootdir}/man'
oldincludedir='/usr/include'
pdfdir='${docdir}'
prefix='/tmp/run_dir'
program_transform_name='s,x,x,'
psdir='${docdir}'
sbindir='${exec_prefix}/sbin'
sharedstatedir='${prefix}/com'
sysconfdir='${prefix}/etc'
target_alias='mips-buildroot-linux-uclibc'

## ----------- ##
## confdefs.h. ##
## ----------- ##

/* confdefs.h */
#define PACKAGE_NAME "netopeer-server"
#define PACKAGE_TARNAME "netopeer-server"
#define PACKAGE_VERSION "0.8.0"
#define PACKAGE_STRING "netopeer-server 0.8.0"
#define PACKAGE_BUGREPORT ""
#define PACKAGE_URL ""
#define STDC_HEADERS 1
#define HAVE_SYS_TYPES_H 1
#define HAVE_SYS_STAT_H 1
#define HAVE_STDLIB_H 1
#define HAVE_STRING_H 1
#define HAVE_MEMORY_H 1
#define HAVE_STRINGS_H 1
#define HAVE_INTTYPES_H 1
#define HAVE_STDINT_H 1
#define HAVE_UNISTD_H 1
#define HAVE_STDLIB_H 1
#define HAVE_STRING_H 1
#define HAVE_SYS_TIME_H 1
#define HAVE_UNISTD_H 1
#define HAVE_LIBNETCONF_XML_H 1
#define HAVE_LIBXML_TREE_H 1
#define HAVE_STDLIB_H 1
#define HAVE_MALLOC 0
#define malloc rpl_malloc
#define HAVE_SELECT 1
#define HAVE_STRDUP 1
#define HAVE_STRERROR 1

configure: exit 0
