This file contains any messages produced by compilers while
running configure, to aid debugging if configure makes a mistake.

It was created by cfgsystem configure 1.0, which was
generated by GNU Autoconf 2.69.  Invocation command line was

  $ ./configure --host=mips-linux --target=mips-buildroot-linux-uclibc --with-lnctool=/proj/mtk69551/tony/ws_tony.du_AP31/BBN_Linux/DEV/main/tclinux_phoenix/apps/public/libnetconf-master/dev-tools/lnctool/lnctool.in --with-libnetconf=/tmp/netconf/build_install

## --------- ##
## Platform. ##
## --------- ##

hostname = mbjsbblt31
uname -m = x86_64
uname -r = 3.11.0-15-generic
uname -s = Linux
uname -v = #25~precise1-Ubuntu SMP Thu Jan 30 17:39:31 UTC 2014

/usr/bin/uname -p = unknown
/bin/uname -X     = unknown

/bin/arch              = unknown
/usr/bin/arch -k       = unknown
/usr/convex/getsysinfo = unknown
/usr/bin/hostinfo      = unknown
/bin/machine           = unknown
/usr/bin/oslevel       = unknown
/bin/universe          = unknown

PATH: /opt/trendchip/mips-linux-uclibc-4.6.3-kernel3.18/usr/bin
PATH: /mtkoss/git/1.9.1-ubuntu-12.04/x86_64/bin
PATH: /mtkeda/ado/bin/ubuntu
PATH: /mtkoss/android_sdk/5.1/x86_64/platform-tools
PATH: /mtkeda/ado/bin/rhel-4.8-i686
PATH: /opt/trendchip/mips-linux-3.4.6/bin
PATH: /opt/trendchip/mips-linux-uclibc/usr/bin
PATH: /opt/CodeSourcery/mips-4.2/bin
PATH: /mtkeda/perforce/linux26x86_64_2014.1
PATH: /mtkeda/perforce/linux26x86_64_2014.1/p4v/bin
PATH: /mtkoss/arm-2010q1/bin
PATH: /mtkoss/ctags/5.9-ubuntu-12.04/x86_64/bin
PATH: /usr/bin
PATH: /bin
PATH: /usr/sbin
PATH: /mtkoss/android_sdk/android_sdk_4.0/tools
PATH: /mtkoss/wine/1.7.21-ubuntu-12.04/x86_64/bin
PATH: /mtkeda/LSF/9/9.1/linux2.6-glibc2.3-x86_64/etc
PATH: /mtkeda/LSF/9/9.1/linux2.6-glibc2.3-x86_64/bin
PATH: /mtkeda/ado/bin/ubuntu
PATH: /mtkeda/dsptk-md32/8.1.0.27
PATH: /mtkeda/dsptk-md32/8.1.0.27/System
PATH: /mtkeda/dsptk-md32/8.1.0.27/Md32
PATH: /mtkeda/IPDesigner/common/bin
PATH: /mtkeda/IPDesigner/12R1.35-64/retargetable-12R1/bin/LNa64bin
PATH: /mtkeda/IPDesigner/12R1.35-64/retargetable-12R1/bin
PATH: /mtkoss/android_sdk/5.1/x86_64/platform-tools
PATH: /mtkeda/ado/bin/rhel-4.8-i686
PATH: /opt/trendchip/mips-linux-3.4.6/bin
PATH: /opt/trendchip/mips-linux-uclibc/usr/bin
PATH: /opt/CodeSourcery/mips-4.2/bin
PATH: /mtkeda/perforce/linux26x86_64_2014.1
PATH: /mtkeda/perforce/linux26x86_64_2014.1/p4v/bin
PATH: /mtkoss/arm-2010q1/bin
PATH: /mtkoss/ctags/5.9-ubuntu-12.04/x86_64/bin
PATH: /usr/bin
PATH: /bin
PATH: /usr/sbin
PATH: /mtkoss/android_sdk/android_sdk_4.0/tools
PATH: /mtkoss/wine/1.7.21-ubuntu-12.04/x86_64/bin
PATH: /usr/local/sbin
PATH: /usr/local/bin
PATH: /usr/sbin
PATH: /usr/bin
PATH: /sbin
PATH: /bin
PATH: /usr/games
PATH: /mtkeda/IT/bin
PATH: /mtkeda/IT/sbin
PATH: /mtkeda/CI/MtkCheckStyle
PATH: /mtkeda/CI/MtkCheckStyle/MtkCheckStyle
PATH: /mtkeda/apb
PATH: /mtkeda/CI/MtkCheckStyle
PATH: /mtkeda/Utility/LM_daemon/Synopsys/11.6/Linux/amd64/bin
PATH: /mtkeda/IT/bin
PATH: /mtkeda/IT/sbin
PATH: /mtkeda/CI/MtkCheckStyle
PATH: /mtkeda/CI/MtkCheckStyle/MtkCheckStyle
PATH: /mtkeda/apb
PATH: /mtkeda/CI/MtkCheckStyle
PATH: /mtkeda/Utility/LM_daemon/Synopsys/11.6/Linux/amd64/bin
PATH: /proj/mtk69551/bin
PATH: /proj/mtk69551/tony/ws_tony.du_AP31/BBN_Linux/DEV/main/tclinux_phoenix/apps/public/libnetconf-master/dev-tools/lnctool/


## ----------- ##
## Core tests. ##
## ----------- ##

configure:2291: checking for mips-linux-gcc
configure:2318: result: mips-buildroot-linux-uclibc-gcc -mips32r2 -msoft-float
configure:2587: checking for C compiler version
configure:2596: mips-buildroot-linux-uclibc-gcc -mips32r2 -msoft-float --version >&5
mips-buildroot-linux-uclibc-gcc (Buildroot 2015.08.1) 4.6.3
Copyright (C) 2011 Free Software Foundation, Inc.
This is free software; see the source for copying conditions.  There is NO
warranty; not even for MERCHANTABILITY or FITNESS FOR A PARTICULAR PURPOSE.

ERROR: ld.so: object 'libfakeroot-sysv.so' from LD_PRELOAD cannot be preloaded: ignored.
configure:2607: $? = 0
configure:2596: mips-buildroot-linux-uclibc-gcc -mips32r2 -msoft-float -v >&5
ERROR: ld.so: object 'libfakeroot-sysv.so' from LD_PRELOAD cannot be preloaded: ignored.
Using built-in specs.
COLLECT_GCC=mips-buildroot-linux-uclibc-gcc
COLLECT_LTO_WRAPPER=/mtkeda/bbn/trendchip/mips-linux-uclibc-4.6.3-kernel3.18/usr/bin/../libexec/gcc/mips-buildroot-linux-uclibc/4.6.3/lto-wrapper
Target: mips-buildroot-linux-uclibc
Configured with: ./configure --prefix=/opt/trendchip/mips-linux-uclibc-4.6.3-kernel3.18/usr --sysconfdir=/opt/trendchip/mips-linux-uclibc-4.6.3-kernel3.18/etc --enable-static --target=mips-buildroot-linux-uclibc --with-sysroot=/opt/trendchip/mips-linux-uclibc-4.6.3-kernel3.18/usr/mips-buildroot-linux-uclibc/sysroot --disable-__cxa_atexit --with-gnu-ld --disable-libssp --disable-multilib --with-gmp=/opt/trendchip/mips-linux-uclibc-4.6.3-kernel3.18/usr --with-mpfr=/opt/trendchip/mips-linux-uclibc-4.6.3-kernel3.18/usr --with-pkgversion='Buildroot 2015.08.1' --with-bugurl=http://bugs.buildroot.net/ --disable-libsanitizer --enable-tls --disable-libmudflap --enable-threads --with-mpc=/opt/trendchip/mips-linux-uclibc-4.6.3-kernel3.18/usr --without-isl --without-cloog --with-float=soft --disable-decimal-float --with-arch=mips32r2 --with-abi=32 --enable-languages=c,c++ --enable-poison-system-directories --with-build-time-tools=/opt/trendchip/mips-linux-uclibc-4.6.3-kernel3.18/usr/mips-buildroot-linux-uclibc/bin --enable-shared --disable-libgomp
Thread model: posix
gcc version 4.6.3 (Buildroot 2015.08.1) 
configure:2607: $? = 0
configure:2596: mips-buildroot-linux-uclibc-gcc -mips32r2 -msoft-float -V >&5
ERROR: ld.so: object 'libfakeroot-sysv.so' from LD_PRELOAD cannot be preloaded: ignored.
mips-buildroot-linux-uclibc-gcc: error: unrecognized option '-V'
mips-buildroot-linux-uclibc-gcc: fatal error: no input files
compilation terminated.
configure:2607: $? = 1
configure:2596: mips-buildroot-linux-uclibc-gcc -mips32r2 -msoft-float -qversion >&5
ERROR: ld.so: object 'libfakeroot-sysv.so' from LD_PRELOAD cannot be preloaded: ignored.
mips-buildroot-linux-uclibc-gcc: error: unrecognized option '-qversion'
mips-buildroot-linux-uclibc-gcc: fatal error: no input files
compilation terminated.
configure:2607: $? = 1
configure:2627: checking whether the C compiler works
configure:2649: mips-buildroot-linux-uclibc-gcc -mips32r2 -msoft-float  -O3 -DNDEBUG   conftest.c  >&5
ERROR: ld.so: object 'libfakeroot-sysv.so' from LD_PRELOAD cannot be preloaded: ignored.
ERROR: ld.so: object 'libfakeroot-sysv.so' from LD_PRELOAD cannot be preloaded: ignored.
ERROR: ld.so: object 'libfakeroot-sysv.so' from LD_PRELOAD cannot be preloaded: ignored.
ERROR: ld.so: object 'libfakeroot-sysv.so' from LD_PRELOAD cannot be preloaded: ignored.
ERROR: ld.so: object 'libfakeroot-sysv.so' from LD_PRELOAD cannot be preloaded: ignored.
configure:2653: $? = 0
configure:2701: result: yes
configure:2704: checking for C compiler default output file name
configure:2706: result: a.out
configure:2712: checking for suffix of executables
configure:2719: mips-buildroot-linux-uclibc-gcc -mips32r2 -msoft-float -o conftest  -O3 -DNDEBUG   conftest.c  >&5
ERROR: ld.so: object 'libfakeroot-sysv.so' from LD_PRELOAD cannot be preloaded: ignored.
ERROR: ld.so: object 'libfakeroot-sysv.so' from LD_PRELOAD cannot be preloaded: ignored.
ERROR: ld.so: object 'libfakeroot-sysv.so' from LD_PRELOAD cannot be preloaded: ignored.
ERROR: ld.so: object 'libfakeroot-sysv.so' from LD_PRELOAD cannot be preloaded: ignored.
ERROR: ld.so: object 'libfakeroot-sysv.so' from LD_PRELOAD cannot be preloaded: ignored.
configure:2723: $? = 0
configure:2745: result: 
configure:2767: checking whether we are cross compiling
configure:2775: mips-buildroot-linux-uclibc-gcc -mips32r2 -msoft-float -o conftest  -O3 -DNDEBUG   conftest.c  >&5
ERROR: ld.so: object 'libfakeroot-sysv.so' from LD_PRELOAD cannot be preloaded: ignored.
ERROR: ld.so: object 'libfakeroot-sysv.so' from LD_PRELOAD cannot be preloaded: ignored.
ERROR: ld.so: object 'libfakeroot-sysv.so' from LD_PRELOAD cannot be preloaded: ignored.
ERROR: ld.so: object 'libfakeroot-sysv.so' from LD_PRELOAD cannot be preloaded: ignored.
ERROR: ld.so: object 'libfakeroot-sysv.so' from LD_PRELOAD cannot be preloaded: ignored.
configure:2779: $? = 0
configure:2786: ./conftest
./configure: line 2788: ./conftest: cannot execute binary file
configure:2790: $? = 126
configure:2805: result: yes
configure:2810: checking for suffix of object files
configure:2832: mips-buildroot-linux-uclibc-gcc -mips32r2 -msoft-float -c  -O3 -DNDEBUG  conftest.c >&5
ERROR: ld.so: object 'libfakeroot-sysv.so' from LD_PRELOAD cannot be preloaded: ignored.
ERROR: ld.so: object 'libfakeroot-sysv.so' from LD_PRELOAD cannot be preloaded: ignored.
ERROR: ld.so: object 'libfakeroot-sysv.so' from LD_PRELOAD cannot be preloaded: ignored.
configure:2836: $? = 0
configure:2857: result: o
configure:2861: checking whether we are using the GNU C compiler
configure:2880: mips-buildroot-linux-uclibc-gcc -mips32r2 -msoft-float -c  -O3 -DNDEBUG  conftest.c >&5
ERROR: ld.so: object 'libfakeroot-sysv.so' from LD_PRELOAD cannot be preloaded: ignored.
ERROR: ld.so: object 'libfakeroot-sysv.so' from LD_PRELOAD cannot be preloaded: ignored.
ERROR: ld.so: object 'libfakeroot-sysv.so' from LD_PRELOAD cannot be preloaded: ignored.
configure:2880: $? = 0
configure:2889: result: yes
configure:2898: checking whether mips-buildroot-linux-uclibc-gcc -mips32r2 -msoft-float accepts -g
configure:2918: mips-buildroot-linux-uclibc-gcc -mips32r2 -msoft-float -c -g  conftest.c >&5
ERROR: ld.so: object 'libfakeroot-sysv.so' from LD_PRELOAD cannot be preloaded: ignored.
ERROR: ld.so: object 'libfakeroot-sysv.so' from LD_PRELOAD cannot be preloaded: ignored.
ERROR: ld.so: object 'libfakeroot-sysv.so' from LD_PRELOAD cannot be preloaded: ignored.
configure:2918: $? = 0
configure: failed program was:
| /* confdefs.h */
| #define PACKAGE_NAME "cfgsystem"
| #define PACKAGE_TARNAME "cfgsystem"
| #define PACKAGE_VERSION "1.0"
| #define PACKAGE_STRING "cfgsystem 1.0"
| #define PACKAGE_BUGREPORT ""
| #define PACKAGE_URL ""
| /* end confdefs.h.  */
| 
| int
| main ()
| {
| 
|   ;
|   return 0;
| }
configure:2933: mips-buildroot-linux-uclibc-gcc -mips32r2 -msoft-float -c   conftest.c >&5
ERROR: ld.so: object 'libfakeroot-sysv.so' from LD_PRELOAD cannot be preloaded: ignored.
ERROR: ld.so: object 'libfakeroot-sysv.so' from LD_PRELOAD cannot be preloaded: ignored.
ERROR: ld.so: object 'libfakeroot-sysv.so' from LD_PRELOAD cannot be preloaded: ignored.
configure:2933: $? = 0
configure: failed program was:
| /* confdefs.h */
| #define PACKAGE_NAME "cfgsystem"
| #define PACKAGE_TARNAME "cfgsystem"
| #define PACKAGE_VERSION "1.0"
| #define PACKAGE_STRING "cfgsystem 1.0"
| #define PACKAGE_BUGREPORT ""
| #define PACKAGE_URL ""
| /* end confdefs.h.  */
| 
| int
| main ()
| {
| 
|   ;
|   return 0;
| }
configure:2949: mips-buildroot-linux-uclibc-gcc -mips32r2 -msoft-float -c -g  conftest.c >&5
ERROR: ld.so: object 'libfakeroot-sysv.so' from LD_PRELOAD cannot be preloaded: ignored.
ERROR: ld.so: object 'libfakeroot-sysv.so' from LD_PRELOAD cannot be preloaded: ignored.
ERROR: ld.so: object 'libfakeroot-sysv.so' from LD_PRELOAD cannot be preloaded: ignored.
configure:2949: $? = 0
configure:2959: result: yes
configure:2976: checking for mips-buildroot-linux-uclibc-gcc -mips32r2 -msoft-float option to accept ISO C89
configure:3039: mips-buildroot-linux-uclibc-gcc -mips32r2 -msoft-float  -c  -O3 -DNDEBUG  conftest.c >&5
ERROR: ld.so: object 'libfakeroot-sysv.so' from LD_PRELOAD cannot be preloaded: ignored.
ERROR: ld.so: object 'libfakeroot-sysv.so' from LD_PRELOAD cannot be preloaded: ignored.
ERROR: ld.so: object 'libfakeroot-sysv.so' from LD_PRELOAD cannot be preloaded: ignored.
configure:3039: $? = 0
configure:3052: result: none needed
configure:3115: checking for a BSD-compatible install
configure:3183: result: /usr/bin/install -c
configure:3202: checking for useradd
configure:3221: found /usr/sbin/useradd
configure:3233: result: /usr/sbin/useradd
configure:3252: checking for userdel
configure:3271: found /usr/sbin/userdel
configure:3283: result: /usr/sbin/userdel
configure:3302: checking for shutdown
configure:3321: found /sbin/shutdown
configure:3333: result: /sbin/shutdown
configure:3369: checking for systemctl
configure:3399: result: no
configure:3429: generating validation files...
configure:3466: checking build system type
configure:3480: result: x86_64-unknown-linux-gnu
configure:3500: checking host system type
configure:3513: result: mips-unknown-linux-gnu
configure:3554: checking how to print strings
configure:3581: result: printf
configure:3602: checking for a sed that does not truncate output
configure:3666: result: /bin/sed
configure:3684: checking for grep that handles long lines and -e
configure:3742: result: /bin/grep
configure:3747: checking for egrep
configure:3809: result: /bin/grep -E
configure:3814: checking for fgrep
configure:3876: result: /bin/grep -F
configure:3911: checking for ld used by mips-buildroot-linux-uclibc-gcc -mips32r2 -msoft-float
ERROR: ld.so: object 'libfakeroot-sysv.so' from LD_PRELOAD cannot be preloaded: ignored.
configure:3978: result: mips-buildroot-linux-uclibc-ld
configure:3985: checking if the linker (mips-buildroot-linux-uclibc-ld) is GNU ld
configure:4000: result: yes
configure:4012: checking for BSD- or MS-compatible name lister (nm)
configure:4061: result: /opt/trendchip/mips-linux-uclibc-4.6.3-kernel3.18/usr/bin/mips-linux-nm
configure:4191: checking the name lister (/opt/trendchip/mips-linux-uclibc-4.6.3-kernel3.18/usr/bin/mips-linux-nm) interface
configure:4198: mips-buildroot-linux-uclibc-gcc -mips32r2 -msoft-float -c  -O3 -DNDEBUG  conftest.c >&5
ERROR: ld.so: object 'libfakeroot-sysv.so' from LD_PRELOAD cannot be preloaded: ignored.
ERROR: ld.so: object 'libfakeroot-sysv.so' from LD_PRELOAD cannot be preloaded: ignored.
ERROR: ld.so: object 'libfakeroot-sysv.so' from LD_PRELOAD cannot be preloaded: ignored.
configure:4201: /opt/trendchip/mips-linux-uclibc-4.6.3-kernel3.18/usr/bin/mips-linux-nm "conftest.o"
ERROR: ld.so: object 'libfakeroot-sysv.so' from LD_PRELOAD cannot be preloaded: ignored.
configure:4204: output
00000000 B some_variable
configure:4211: result: BSD nm
configure:4214: checking whether ln -s works
configure:4218: result: yes
configure:4226: checking the maximum length of command line arguments
configure:4356: result: 3458764513820540925
configure:4373: checking whether the shell understands some XSI constructs
configure:4383: result: yes
configure:4387: checking whether the shell understands "+="
configure:4393: result: yes
configure:4428: checking how to convert x86_64-unknown-linux-gnu file names to mips-unknown-linux-gnu format
configure:4468: result: func_convert_file_noop
configure:4475: checking how to convert x86_64-unknown-linux-gnu file names to toolchain format
configure:4495: result: func_convert_file_noop
configure:4502: checking for mips-buildroot-linux-uclibc-ld option to reload object files
configure:4509: result: -r
configure:4543: checking for mips-linux-objdump
configure:4559: found /opt/trendchip/mips-linux-uclibc-4.6.3-kernel3.18/usr/bin/mips-linux-objdump
configure:4570: result: mips-linux-objdump
configure:4642: checking how to recognize dependent libraries
configure:4844: result: pass_all
configure:4889: checking for mips-linux-dlltool
configure:4919: result: no
configure:4929: checking for dlltool
configure:4959: result: no
configure:4989: checking how to associate runtime and link libraries
configure:5016: result: printf %s\n
configure:5033: checking for mips-linux-ar
configure:5060: result: mips-buildroot-linux-uclibc-ar
configure:5141: checking for archiver @FILE support
configure:5158: mips-buildroot-linux-uclibc-gcc -mips32r2 -msoft-float -c  -O3 -DNDEBUG  conftest.c >&5
ERROR: ld.so: object 'libfakeroot-sysv.so' from LD_PRELOAD cannot be preloaded: ignored.
ERROR: ld.so: object 'libfakeroot-sysv.so' from LD_PRELOAD cannot be preloaded: ignored.
ERROR: ld.so: object 'libfakeroot-sysv.so' from LD_PRELOAD cannot be preloaded: ignored.
configure:5158: $? = 0
configure:5161: mips-buildroot-linux-uclibc-ar cru libconftest.a @conftest.lst >&5
ERROR: ld.so: object 'libfakeroot-sysv.so' from LD_PRELOAD cannot be preloaded: ignored.
configure:5164: $? = 0
configure:5169: mips-buildroot-linux-uclibc-ar cru libconftest.a @conftest.lst >&5
ERROR: ld.so: object 'libfakeroot-sysv.so' from LD_PRELOAD cannot be preloaded: ignored.
mips-buildroot-linux-uclibc-ar: conftest.o: No such file or directory
configure:5172: $? = 1
configure:5184: result: @
configure:5202: checking for mips-linux-strip
configure:5229: result: mips-buildroot-linux-uclibc-strip
configure:5301: checking for mips-linux-ranlib
configure:5317: found /opt/trendchip/mips-linux-uclibc-4.6.3-kernel3.18/usr/bin/mips-linux-ranlib
configure:5328: result: mips-linux-ranlib
configure:5445: checking for gawk
configure:5461: found /usr/bin/gawk
configure:5472: result: gawk
configure:5512: checking command to parse /opt/trendchip/mips-linux-uclibc-4.6.3-kernel3.18/usr/bin/mips-linux-nm output from mips-buildroot-linux-uclibc-gcc -mips32r2 -msoft-float object
configure:5632: mips-buildroot-linux-uclibc-gcc -mips32r2 -msoft-float -c  -O3 -DNDEBUG  conftest.c >&5
ERROR: ld.so: object 'libfakeroot-sysv.so' from LD_PRELOAD cannot be preloaded: ignored.
ERROR: ld.so: object 'libfakeroot-sysv.so' from LD_PRELOAD cannot be preloaded: ignored.
ERROR: ld.so: object 'libfakeroot-sysv.so' from LD_PRELOAD cannot be preloaded: ignored.
configure:5635: $? = 0
configure:5639: /opt/trendchip/mips-linux-uclibc-4.6.3-kernel3.18/usr/bin/mips-linux-nm conftest.o \| sed -n -e 's/^.*[ ]\([ABCDGIRSTW][ABCDGIRSTW]*\)[ ][ ]*\([_A-Za-z][_A-Za-z0-9]*\)$/\1 \2 \2/p' | sed '/ __gnu_lto/d' \> conftest.nm
ERROR: ld.so: object 'libfakeroot-sysv.so' from LD_PRELOAD cannot be preloaded: ignored.
configure:5642: $? = 0
configure:5708: mips-buildroot-linux-uclibc-gcc -mips32r2 -msoft-float -o conftest  -O3 -DNDEBUG   conftest.c conftstm.o >&5
ERROR: ld.so: object 'libfakeroot-sysv.so' from LD_PRELOAD cannot be preloaded: ignored.
ERROR: ld.so: object 'libfakeroot-sysv.so' from LD_PRELOAD cannot be preloaded: ignored.
ERROR: ld.so: object 'libfakeroot-sysv.so' from LD_PRELOAD cannot be preloaded: ignored.
ERROR: ld.so: object 'libfakeroot-sysv.so' from LD_PRELOAD cannot be preloaded: ignored.
ERROR: ld.so: object 'libfakeroot-sysv.so' from LD_PRELOAD cannot be preloaded: ignored.
configure:5711: $? = 0
configure:5749: result: ok
configure:5786: checking for sysroot
configure:5816: result: no
configure:6032: checking for mips-linux-mt
configure:6062: result: no
configure:6072: checking for mt
configure:6088: found /bin/mt
configure:6099: result: mt
configure:6111: WARNING: using cross tools not prefixed with host triplet
configure:6122: checking if mt is a manifest tool
configure:6128: mt '-?'
configure:6136: result: no
configure:6778: checking how to run the C preprocessor
configure:6809: mips-buildroot-linux-uclibc-gcc -mips32r2 -msoft-float -E  conftest.c
ERROR: ld.so: object 'libfakeroot-sysv.so' from LD_PRELOAD cannot be preloaded: ignored.
ERROR: ld.so: object 'libfakeroot-sysv.so' from LD_PRELOAD cannot be preloaded: ignored.
configure:6809: $? = 0
configure:6823: mips-buildroot-linux-uclibc-gcc -mips32r2 -msoft-float -E  conftest.c
ERROR: ld.so: object 'libfakeroot-sysv.so' from LD_PRELOAD cannot be preloaded: ignored.
ERROR: ld.so: object 'libfakeroot-sysv.so' from LD_PRELOAD cannot be preloaded: ignored.
conftest.c:9:28: fatal error: ac_nonexistent.h: No such file or directory
compilation terminated.
configure:6823: $? = 1
configure: failed program was:
| /* confdefs.h */
| #define PACKAGE_NAME "cfgsystem"
| #define PACKAGE_TARNAME "cfgsystem"
| #define PACKAGE_VERSION "1.0"
| #define PACKAGE_STRING "cfgsystem 1.0"
| #define PACKAGE_BUGREPORT ""
| #define PACKAGE_URL ""
| /* end confdefs.h.  */
| #include <ac_nonexistent.h>
configure:6848: result: mips-buildroot-linux-uclibc-gcc -mips32r2 -msoft-float -E
configure:6868: mips-buildroot-linux-uclibc-gcc -mips32r2 -msoft-float -E  conftest.c
ERROR: ld.so: object 'libfakeroot-sysv.so' from LD_PRELOAD cannot be preloaded: ignored.
ERROR: ld.so: object 'libfakeroot-sysv.so' from LD_PRELOAD cannot be preloaded: ignored.
configure:6868: $? = 0
configure:6882: mips-buildroot-linux-uclibc-gcc -mips32r2 -msoft-float -E  conftest.c
ERROR: ld.so: object 'libfakeroot-sysv.so' from LD_PRELOAD cannot be preloaded: ignored.
ERROR: ld.so: object 'libfakeroot-sysv.so' from LD_PRELOAD cannot be preloaded: ignored.
conftest.c:9:28: fatal error: ac_nonexistent.h: No such file or directory
compilation terminated.
configure:6882: $? = 1
configure: failed program was:
| /* confdefs.h */
| #define PACKAGE_NAME "cfgsystem"
| #define PACKAGE_TARNAME "cfgsystem"
| #define PACKAGE_VERSION "1.0"
| #define PACKAGE_STRING "cfgsystem 1.0"
| #define PACKAGE_BUGREPORT ""
| #define PACKAGE_URL ""
| /* end confdefs.h.  */
| #include <ac_nonexistent.h>
configure:6911: checking for ANSI C header files
configure:6931: mips-buildroot-linux-uclibc-gcc -mips32r2 -msoft-float -c  -O3 -DNDEBUG  conftest.c >&5
ERROR: ld.so: object 'libfakeroot-sysv.so' from LD_PRELOAD cannot be preloaded: ignored.
ERROR: ld.so: object 'libfakeroot-sysv.so' from LD_PRELOAD cannot be preloaded: ignored.
ERROR: ld.so: object 'libfakeroot-sysv.so' from LD_PRELOAD cannot be preloaded: ignored.
configure:6931: $? = 0
ERROR: ld.so: object 'libfakeroot-sysv.so' from LD_PRELOAD cannot be preloaded: ignored.
ERROR: ld.so: object 'libfakeroot-sysv.so' from LD_PRELOAD cannot be preloaded: ignored.
ERROR: ld.so: object 'libfakeroot-sysv.so' from LD_PRELOAD cannot be preloaded: ignored.
ERROR: ld.so: object 'libfakeroot-sysv.so' from LD_PRELOAD cannot be preloaded: ignored.
configure:7015: result: yes
configure:7028: checking for sys/types.h
configure:7028: mips-buildroot-linux-uclibc-gcc -mips32r2 -msoft-float -c  -O3 -DNDEBUG  conftest.c >&5
ERROR: ld.so: object 'libfakeroot-sysv.so' from LD_PRELOAD cannot be preloaded: ignored.
ERROR: ld.so: object 'libfakeroot-sysv.so' from LD_PRELOAD cannot be preloaded: ignored.
ERROR: ld.so: object 'libfakeroot-sysv.so' from LD_PRELOAD cannot be preloaded: ignored.
configure:7028: $? = 0
configure:7028: result: yes
configure:7028: checking for sys/stat.h
configure:7028: mips-buildroot-linux-uclibc-gcc -mips32r2 -msoft-float -c  -O3 -DNDEBUG  conftest.c >&5
ERROR: ld.so: object 'libfakeroot-sysv.so' from LD_PRELOAD cannot be preloaded: ignored.
ERROR: ld.so: object 'libfakeroot-sysv.so' from LD_PRELOAD cannot be preloaded: ignored.
ERROR: ld.so: object 'libfakeroot-sysv.so' from LD_PRELOAD cannot be preloaded: ignored.
configure:7028: $? = 0
configure:7028: result: yes
configure:7028: checking for stdlib.h
configure:7028: mips-buildroot-linux-uclibc-gcc -mips32r2 -msoft-float -c  -O3 -DNDEBUG  conftest.c >&5
ERROR: ld.so: object 'libfakeroot-sysv.so' from LD_PRELOAD cannot be preloaded: ignored.
ERROR: ld.so: object 'libfakeroot-sysv.so' from LD_PRELOAD cannot be preloaded: ignored.
ERROR: ld.so: object 'libfakeroot-sysv.so' from LD_PRELOAD cannot be preloaded: ignored.
configure:7028: $? = 0
configure:7028: result: yes
configure:7028: checking for string.h
configure:7028: mips-buildroot-linux-uclibc-gcc -mips32r2 -msoft-float -c  -O3 -DNDEBUG  conftest.c >&5
ERROR: ld.so: object 'libfakeroot-sysv.so' from LD_PRELOAD cannot be preloaded: ignored.
ERROR: ld.so: object 'libfakeroot-sysv.so' from LD_PRELOAD cannot be preloaded: ignored.
ERROR: ld.so: object 'libfakeroot-sysv.so' from LD_PRELOAD cannot be preloaded: ignored.
configure:7028: $? = 0
configure:7028: result: yes
configure:7028: checking for memory.h
configure:7028: mips-buildroot-linux-uclibc-gcc -mips32r2 -msoft-float -c  -O3 -DNDEBUG  conftest.c >&5
ERROR: ld.so: object 'libfakeroot-sysv.so' from LD_PRELOAD cannot be preloaded: ignored.
ERROR: ld.so: object 'libfakeroot-sysv.so' from LD_PRELOAD cannot be preloaded: ignored.
ERROR: ld.so: object 'libfakeroot-sysv.so' from LD_PRELOAD cannot be preloaded: ignored.
configure:7028: $? = 0
configure:7028: result: yes
configure:7028: checking for strings.h
configure:7028: mips-buildroot-linux-uclibc-gcc -mips32r2 -msoft-float -c  -O3 -DNDEBUG  conftest.c >&5
ERROR: ld.so: object 'libfakeroot-sysv.so' from LD_PRELOAD cannot be preloaded: ignored.
ERROR: ld.so: object 'libfakeroot-sysv.so' from LD_PRELOAD cannot be preloaded: ignored.
ERROR: ld.so: object 'libfakeroot-sysv.so' from LD_PRELOAD cannot be preloaded: ignored.
configure:7028: $? = 0
configure:7028: result: yes
configure:7028: checking for inttypes.h
configure:7028: mips-buildroot-linux-uclibc-gcc -mips32r2 -msoft-float -c  -O3 -DNDEBUG  conftest.c >&5
ERROR: ld.so: object 'libfakeroot-sysv.so' from LD_PRELOAD cannot be preloaded: ignored.
ERROR: ld.so: object 'libfakeroot-sysv.so' from LD_PRELOAD cannot be preloaded: ignored.
ERROR: ld.so: object 'libfakeroot-sysv.so' from LD_PRELOAD cannot be preloaded: ignored.
configure:7028: $? = 0
configure:7028: result: yes
configure:7028: checking for stdint.h
configure:7028: mips-buildroot-linux-uclibc-gcc -mips32r2 -msoft-float -c  -O3 -DNDEBUG  conftest.c >&5
ERROR: ld.so: object 'libfakeroot-sysv.so' from LD_PRELOAD cannot be preloaded: ignored.
ERROR: ld.so: object 'libfakeroot-sysv.so' from LD_PRELOAD cannot be preloaded: ignored.
ERROR: ld.so: object 'libfakeroot-sysv.so' from LD_PRELOAD cannot be preloaded: ignored.
configure:7028: $? = 0
configure:7028: result: yes
configure:7028: checking for unistd.h
configure:7028: mips-buildroot-linux-uclibc-gcc -mips32r2 -msoft-float -c  -O3 -DNDEBUG  conftest.c >&5
ERROR: ld.so: object 'libfakeroot-sysv.so' from LD_PRELOAD cannot be preloaded: ignored.
ERROR: ld.so: object 'libfakeroot-sysv.so' from LD_PRELOAD cannot be preloaded: ignored.
ERROR: ld.so: object 'libfakeroot-sysv.so' from LD_PRELOAD cannot be preloaded: ignored.
configure:7028: $? = 0
configure:7028: result: yes
configure:7042: checking for dlfcn.h
configure:7042: mips-buildroot-linux-uclibc-gcc -mips32r2 -msoft-float -c  -O3 -DNDEBUG  conftest.c >&5
ERROR: ld.so: object 'libfakeroot-sysv.so' from LD_PRELOAD cannot be preloaded: ignored.
ERROR: ld.so: object 'libfakeroot-sysv.so' from LD_PRELOAD cannot be preloaded: ignored.
ERROR: ld.so: object 'libfakeroot-sysv.so' from LD_PRELOAD cannot be preloaded: ignored.
configure:7042: $? = 0
configure:7042: result: yes
configure:7248: checking for objdir
configure:7263: result: .libs
configure:7530: checking if mips-buildroot-linux-uclibc-gcc -mips32r2 -msoft-float supports -fno-rtti -fno-exceptions
configure:7548: mips-buildroot-linux-uclibc-gcc -mips32r2 -msoft-float -c  -O3 -DNDEBUG  -fno-rtti -fno-exceptions conftest.c >&5
ERROR: ld.so: object 'libfakeroot-sysv.so' from LD_PRELOAD cannot be preloaded: ignored.
ERROR: ld.so: object 'libfakeroot-sysv.so' from LD_PRELOAD cannot be preloaded: ignored.
cc1: warning: command line option '-fno-rtti' is valid for C++/ObjC++ but not for C [enabled by default]
ERROR: ld.so: object 'libfakeroot-sysv.so' from LD_PRELOAD cannot be preloaded: ignored.
configure:7552: $? = 0
configure:7565: result: no
configure:7892: checking for mips-buildroot-linux-uclibc-gcc -mips32r2 -msoft-float option to produce PIC
configure:7899: result: -fPIC -DPIC
configure:7907: checking if mips-buildroot-linux-uclibc-gcc -mips32r2 -msoft-float PIC flag -fPIC -DPIC works
configure:7925: mips-buildroot-linux-uclibc-gcc -mips32r2 -msoft-float -c  -O3 -DNDEBUG  -fPIC -DPIC -DPIC conftest.c >&5
ERROR: ld.so: object 'libfakeroot-sysv.so' from LD_PRELOAD cannot be preloaded: ignored.
ERROR: ld.so: object 'libfakeroot-sysv.so' from LD_PRELOAD cannot be preloaded: ignored.
ERROR: ld.so: object 'libfakeroot-sysv.so' from LD_PRELOAD cannot be preloaded: ignored.
configure:7929: $? = 0
configure:7942: result: yes
configure:7971: checking if mips-buildroot-linux-uclibc-gcc -mips32r2 -msoft-float static flag -static works
ERROR: ld.so: object 'libfakeroot-sysv.so' from LD_PRELOAD cannot be preloaded: ignored.
ERROR: ld.so: object 'libfakeroot-sysv.so' from LD_PRELOAD cannot be preloaded: ignored.
ERROR: ld.so: object 'libfakeroot-sysv.so' from LD_PRELOAD cannot be preloaded: ignored.
ERROR: ld.so: object 'libfakeroot-sysv.so' from LD_PRELOAD cannot be preloaded: ignored.
ERROR: ld.so: object 'libfakeroot-sysv.so' from LD_PRELOAD cannot be preloaded: ignored.
configure:7999: result: yes
configure:8014: checking if mips-buildroot-linux-uclibc-gcc -mips32r2 -msoft-float supports -c -o file.o
configure:8035: mips-buildroot-linux-uclibc-gcc -mips32r2 -msoft-float -c  -O3 -DNDEBUG  -o out/conftest2.o conftest.c >&5
ERROR: ld.so: object 'libfakeroot-sysv.so' from LD_PRELOAD cannot be preloaded: ignored.
ERROR: ld.so: object 'libfakeroot-sysv.so' from LD_PRELOAD cannot be preloaded: ignored.
ERROR: ld.so: object 'libfakeroot-sysv.so' from LD_PRELOAD cannot be preloaded: ignored.
configure:8039: $? = 0
configure:8061: result: yes
configure:8069: checking if mips-buildroot-linux-uclibc-gcc -mips32r2 -msoft-float supports -c -o file.o
configure:8116: result: yes
configure:8149: checking whether the mips-buildroot-linux-uclibc-gcc -mips32r2 -msoft-float linker (mips-buildroot-linux-uclibc-ld) supports shared libraries
configure:9302: result: yes
configure:9339: checking whether -lc should be explicitly linked in
configure:9347: mips-buildroot-linux-uclibc-gcc -mips32r2 -msoft-float -c  -O3 -DNDEBUG  conftest.c >&5
ERROR: ld.so: object 'libfakeroot-sysv.so' from LD_PRELOAD cannot be preloaded: ignored.
ERROR: ld.so: object 'libfakeroot-sysv.so' from LD_PRELOAD cannot be preloaded: ignored.
ERROR: ld.so: object 'libfakeroot-sysv.so' from LD_PRELOAD cannot be preloaded: ignored.
configure:9350: $? = 0
configure:9365: mips-buildroot-linux-uclibc-gcc -mips32r2 -msoft-float -shared  -fPIC -DPIC conftest.o  -v -Wl,-soname -Wl,conftest -o conftest 2\>\&1 \| /bin/grep  -lc  \>/dev/null 2\>\&1
configure:9368: $? = 0
configure:9382: result: no
configure:9542: checking dynamic linker characteristics
configure:10053: mips-buildroot-linux-uclibc-gcc -mips32r2 -msoft-float -o conftest  -O3 -DNDEBUG   -Wl,-rpath -Wl,/foo conftest.c  >&5
ERROR: ld.so: object 'libfakeroot-sysv.so' from LD_PRELOAD cannot be preloaded: ignored.
ERROR: ld.so: object 'libfakeroot-sysv.so' from LD_PRELOAD cannot be preloaded: ignored.
ERROR: ld.so: object 'libfakeroot-sysv.so' from LD_PRELOAD cannot be preloaded: ignored.
ERROR: ld.so: object 'libfakeroot-sysv.so' from LD_PRELOAD cannot be preloaded: ignored.
ERROR: ld.so: object 'libfakeroot-sysv.so' from LD_PRELOAD cannot be preloaded: ignored.
configure:10053: $? = 0
configure:10275: result: GNU/Linux ld.so
configure:10382: checking how to hardcode library paths into programs
configure:10407: result: immediate
configure:10947: checking whether stripping libraries is possible
configure:10952: result: yes
configure:10987: checking if libtool supports shared libraries
configure:10989: result: yes
configure:10992: checking whether to build shared libraries
configure:11013: result: yes
configure:11016: checking whether to build static libraries
configure:11020: result: yes
configure:11066: checking for ELF visibility
configure:11085: mips-buildroot-linux-uclibc-gcc -mips32r2 -msoft-float -c  -O3 -DNDEBUG -fvisibility=hidden  conftest.c >&5
ERROR: ld.so: object 'libfakeroot-sysv.so' from LD_PRELOAD cannot be preloaded: ignored.
ERROR: ld.so: object 'libfakeroot-sysv.so' from LD_PRELOAD cannot be preloaded: ignored.
ERROR: ld.so: object 'libfakeroot-sysv.so' from LD_PRELOAD cannot be preloaded: ignored.
configure:11085: $? = 0
configure:11087: result: yes
configure:11103: checking for netopeer-manager
configure:11136: result: no
configure:11157: checking for mips-linux-pkg-config
configure:11190: result: no
configure:11200: checking for pkg-config
configure:11218: found /opt/trendchip/mips-linux-uclibc-4.6.3-kernel3.18/usr/bin/pkg-config
configure:11230: result: /opt/trendchip/mips-linux-uclibc-4.6.3-kernel3.18/usr/bin/pkg-config
configure:11255: checking pkg-config is at least version 0.9.0
configure:11258: result: yes
configure:11268: checking for LIBNETCONF
configure:11275: $PKG_CONFIG --exists --print-errors "libnetconf"
ERROR: ld.so: object 'libfakeroot-sysv.so' from LD_PRELOAD cannot be preloaded: ignored.
configure:11278: $? = 0
configure:11292: $PKG_CONFIG --exists --print-errors "libnetconf"
ERROR: ld.so: object 'libfakeroot-sysv.so' from LD_PRELOAD cannot be preloaded: ignored.
configure:11295: $? = 0
configure:11353: result: yes
configure:11364: checking for AUGEAS
configure:11371: $PKG_CONFIG --exists --print-errors "augeas >= 1.0.0"
ERROR: ld.so: object 'libfakeroot-sysv.so' from LD_PRELOAD cannot be preloaded: ignored.
configure:11374: $? = 0
configure:11388: $PKG_CONFIG --exists --print-errors "augeas >= 1.0.0"
ERROR: ld.so: object 'libfakeroot-sysv.so' from LD_PRELOAD cannot be preloaded: ignored.
configure:11391: $? = 0
configure:11405: result: no
ERROR: ld.so: object 'libfakeroot-sysv.so' from LD_PRELOAD cannot be preloaded: ignored.
Package libxml-2.0 was not found in the pkg-config search path.
Perhaps you should add the directory containing `libxml-2.0.pc'
to the PKG_CONFIG_PATH environment variable
No package 'libxml-2.0' found
 
configure:11421: error: Package requirements (augeas >= 1.0.0) were not met:

ERROR: ld.so: object 'libfakeroot-sysv.so' from LD_PRELOAD cannot be preloaded: ignored.
Package libxml-2.0 was not found in the pkg-config search path.
Perhaps you should add the directory containing `libxml-2.0.pc'
to the PKG_CONFIG_PATH environment variable
No package 'libxml-2.0' found
 

Consider adjusting the PKG_CONFIG_PATH environment variable if you
installed software in a non-standard prefix.

Alternatively, you may set the environment variables AUGEAS_CFLAGS
and AUGEAS_LIBS to avoid the need to call pkg-config.
See the pkg-config man page for more details.

## ---------------- ##
## Cache variables. ##
## ---------------- ##

ac_cv_build=x86_64-unknown-linux-gnu
ac_cv_c_compiler_gnu=yes
ac_cv_env_AUGEAS_CFLAGS_set=
ac_cv_env_AUGEAS_CFLAGS_value=
ac_cv_env_AUGEAS_LIBS_set=
ac_cv_env_AUGEAS_LIBS_value=
ac_cv_env_CC_set=set
ac_cv_env_CC_value='mips-buildroot-linux-uclibc-gcc -mips32r2 -msoft-float'
ac_cv_env_CFLAGS_set=
ac_cv_env_CFLAGS_value=
ac_cv_env_CPPFLAGS_set=
ac_cv_env_CPPFLAGS_value=
ac_cv_env_CPP_set=
ac_cv_env_CPP_value=
ac_cv_env_LDFLAGS_set=
ac_cv_env_LDFLAGS_value=
ac_cv_env_LIBNETCONF_CFLAGS_set=
ac_cv_env_LIBNETCONF_CFLAGS_value=
ac_cv_env_LIBNETCONF_LIBS_set=
ac_cv_env_LIBNETCONF_LIBS_value=
ac_cv_env_LIBS_set=
ac_cv_env_LIBS_value=
ac_cv_env_PKG_CONFIG_LIBDIR_set=
ac_cv_env_PKG_CONFIG_LIBDIR_value=
ac_cv_env_PKG_CONFIG_PATH_set=
ac_cv_env_PKG_CONFIG_PATH_value=
ac_cv_env_PKG_CONFIG_set=
ac_cv_env_PKG_CONFIG_value=
ac_cv_env_build_alias_set=
ac_cv_env_build_alias_value=
ac_cv_env_host_alias_set=set
ac_cv_env_host_alias_value=mips-linux
ac_cv_env_target_alias_set=set
ac_cv_env_target_alias_value=mips-buildroot-linux-uclibc
ac_cv_header_dlfcn_h=yes
ac_cv_header_inttypes_h=yes
ac_cv_header_memory_h=yes
ac_cv_header_stdc=yes
ac_cv_header_stdint_h=yes
ac_cv_header_stdlib_h=yes
ac_cv_header_string_h=yes
ac_cv_header_strings_h=yes
ac_cv_header_sys_stat_h=yes
ac_cv_header_sys_types_h=yes
ac_cv_header_unistd_h=yes
ac_cv_host=mips-unknown-linux-gnu
ac_cv_objext=o
ac_cv_path_EGREP='/bin/grep -E'
ac_cv_path_FGREP='/bin/grep -F'
ac_cv_path_GREP=/bin/grep
ac_cv_path_SED=/bin/sed
ac_cv_path_SHUTDOWN=/sbin/shutdown
ac_cv_path_USERADD=/usr/sbin/useradd
ac_cv_path_USERDEL=/usr/sbin/userdel
ac_cv_path_ac_pt_PKG_CONFIG=/opt/trendchip/mips-linux-uclibc-4.6.3-kernel3.18/usr/bin/pkg-config
ac_cv_path_install='/usr/bin/install -c'
ac_cv_prog_AR=mips-buildroot-linux-uclibc-ar
ac_cv_prog_AWK=gawk
ac_cv_prog_CC='mips-buildroot-linux-uclibc-gcc -mips32r2 -msoft-float'
ac_cv_prog_CPP='mips-buildroot-linux-uclibc-gcc -mips32r2 -msoft-float -E'
ac_cv_prog_OBJDUMP=mips-linux-objdump
ac_cv_prog_RANLIB=mips-linux-ranlib
ac_cv_prog_STRIP=mips-buildroot-linux-uclibc-strip
ac_cv_prog_ac_ct_MANIFEST_TOOL=mt
ac_cv_prog_cc_c89=
ac_cv_prog_cc_g=yes
lt_cv_ar_at_file=@
lt_cv_archive_cmds_need_lc=no
lt_cv_deplibs_check_method=pass_all
lt_cv_file_magic_cmd='$MAGIC_CMD'
lt_cv_file_magic_test_file=
lt_cv_ld_reload_flag=-r
lt_cv_nm_interface='BSD nm'
lt_cv_objdir=.libs
lt_cv_path_LD=mips-buildroot-linux-uclibc-ld
lt_cv_path_NM=/opt/trendchip/mips-linux-uclibc-4.6.3-kernel3.18/usr/bin/mips-linux-nm
lt_cv_path_mainfest_tool=no
lt_cv_prog_compiler_c_o=yes
lt_cv_prog_compiler_pic='-fPIC -DPIC'
lt_cv_prog_compiler_pic_works=yes
lt_cv_prog_compiler_rtti_exceptions=no
lt_cv_prog_compiler_static_works=yes
lt_cv_prog_gnu_ld=yes
lt_cv_sharedlib_from_linklib_cmd='printf %s\n'
lt_cv_shlibpath_overrides_runpath=no
lt_cv_sys_global_symbol_pipe='sed -n -e '\''s/^.*[	 ]\([ABCDGIRSTW][ABCDGIRSTW]*\)[	 ][	 ]*\([_A-Za-z][_A-Za-z0-9]*\)$/\1 \2 \2/p'\'' | sed '\''/ __gnu_lto/d'\'''
lt_cv_sys_global_symbol_to_c_name_address='sed -n -e '\''s/^: \([^ ]*\)[ ]*$/  {\"\1\", (void *) 0},/p'\'' -e '\''s/^[ABCDGIRSTW]* \([^ ]*\) \([^ ]*\)$/  {"\2", (void *) \&\2},/p'\'''
lt_cv_sys_global_symbol_to_c_name_address_lib_prefix='sed -n -e '\''s/^: \([^ ]*\)[ ]*$/  {\"\1\", (void *) 0},/p'\'' -e '\''s/^[ABCDGIRSTW]* \([^ ]*\) \(lib[^ ]*\)$/  {"\2", (void *) \&\2},/p'\'' -e '\''s/^[ABCDGIRSTW]* \([^ ]*\) \([^ ]*\)$/  {"lib\2", (void *) \&\2},/p'\'''
lt_cv_sys_global_symbol_to_cdecl='sed -n -e '\''s/^T .* \(.*\)$/extern int \1();/p'\'' -e '\''s/^[ABCDGIRSTW]* .* \(.*\)$/extern char \1;/p'\'''
lt_cv_sys_max_cmd_len=3458764513820540925
lt_cv_to_host_file_cmd=func_convert_file_noop
lt_cv_to_tool_file_cmd=func_convert_file_noop
pkg_cv_AUGEAS_CFLAGS=' '
pkg_cv_AUGEAS_LIBS='-L/opt/trendchip/mips-linux-uclibc-4.6.3-kernel3.18/usr/mips-buildroot-linux-uclibc/sysroot/usr/local/lib -laugeas  '
pkg_cv_LIBNETCONF_CFLAGS='-I/opt/trendchip/mips-linux-uclibc-4.6.3-kernel3.18/usr/mips-buildroot-linux-uclibc/sysroot/proj/mtk69551/tony/ws_tony.du_AP31/BBN_Linux/DEV/main/tclinux_phoenix/apps/public/libnetconf-master/build_install/include  '
pkg_cv_LIBNETCONF_LIBS='-L/opt/trendchip/mips-linux-uclibc-4.6.3-kernel3.18/usr/mips-buildroot-linux-uclibc/sysroot/proj/mtk69551/tony/ws_tony.du_AP31/BBN_Linux/DEV/main/tclinux_phoenix/apps/public/libnetconf-master/build_install/lib -lnetconf  '

## ----------------- ##
## Output variables. ##
## ----------------- ##

AR='mips-buildroot-linux-uclibc-ar'
AUGEAS_CFLAGS=''
AUGEAS_LIBS=''
AWK='gawk'
CC='mips-buildroot-linux-uclibc-gcc -mips32r2 -msoft-float'
CFLAGS=' -O3 -DNDEBUG -fvisibility=hidden'
CPP='mips-buildroot-linux-uclibc-gcc -mips32r2 -msoft-float -E'
CPPFLAGS=' -DPUBLIC=__attribute__\(\(visibility\(\"default\"\)\)\) -I/opt/trendchip/mips-linux-uclibc-4.6.3-kernel3.18/usr/mips-buildroot-linux-uclibc/sysroot/proj/mtk69551/tony/ws_tony.du_AP31/BBN_Linux/DEV/main/tclinux_phoenix/apps/public/libnetconf-master/build_install/include  '
DEFS=''
DLLTOOL='false'
DSYMUTIL=''
DUMPBIN=''
ECHO_C=''
ECHO_N='-n'
ECHO_T=''
EGREP='/bin/grep -E'
EXEEXT=''
FEATURES='timezone-name authentication local-users'
FGREP='/bin/grep -F'
GREP='/bin/grep'
INSTALL_DATA='${INSTALL} -m 644'
INSTALL_PROGRAM='${INSTALL}'
INSTALL_SCRIPT='${INSTALL}'
LD='mips-buildroot-linux-uclibc-ld'
LDFLAGS=''
LIBNETCONF_CFLAGS='-I/opt/trendchip/mips-linux-uclibc-4.6.3-kernel3.18/usr/mips-buildroot-linux-uclibc/sysroot/proj/mtk69551/tony/ws_tony.du_AP31/BBN_Linux/DEV/main/tclinux_phoenix/apps/public/libnetconf-master/build_install/include  '
LIBNETCONF_DATADIR='/proj/mtk69551/tony/ws_tony.du_AP31/BBN_Linux/DEV/main/tclinux_phoenix/apps/public/libnetconf-master/build_install/share'
LIBNETCONF_LIBS='-L/opt/trendchip/mips-linux-uclibc-4.6.3-kernel3.18/usr/mips-buildroot-linux-uclibc/sysroot/proj/mtk69551/tony/ws_tony.du_AP31/BBN_Linux/DEV/main/tclinux_phoenix/apps/public/libnetconf-master/build_install/lib -lnetconf  '
LIBOBJS=''
LIBS=' -L/opt/trendchip/mips-linux-uclibc-4.6.3-kernel3.18/usr/mips-buildroot-linux-uclibc/sysroot/proj/mtk69551/tony/ws_tony.du_AP31/BBN_Linux/DEV/main/tclinux_phoenix/apps/public/libnetconf-master/build_install/lib -lnetconf  '
LIBTOOL='$(SHELL) $(top_builddir)/libtool'
LIPO=''
LN_S='ln -s'
LTLIBOBJS=''
MANIFEST_TOOL=':'
NETOPEER_DIR='${prefix}/etc/netopeer/'
NETOPEER_MANAGER=''
NM='/opt/trendchip/mips-linux-uclibc-4.6.3-kernel3.18/usr/bin/mips-linux-nm'
NMEDIT=''
OBJDUMP='mips-linux-objdump'
OBJEXT='o'
OTOOL64=''
OTOOL=''
PACKAGE_BUGREPORT=''
PACKAGE_NAME='cfgsystem'
PACKAGE_STRING='cfgsystem 1.0'
PACKAGE_TARNAME='cfgsystem'
PACKAGE_URL=''
PACKAGE_VERSION='1.0'
PATH_SEPARATOR=':'
PKG_CONFIG='/opt/trendchip/mips-linux-uclibc-4.6.3-kernel3.18/usr/bin/pkg-config'
PKG_CONFIG_LIBDIR=''
PKG_CONFIG_PATH='/usr/local/lib/pkgconfig:'
PROJECTNAME='cfgsystem'
RANLIB='mips-linux-ranlib'
SED='/bin/sed'
SHELL='/bin/sh'
SHUTDOWN='/sbin/shutdown'
STRIP='mips-buildroot-linux-uclibc-strip'
SYSTEMCTL=''
USERADD='/usr/sbin/useradd'
USERDEL='/usr/sbin/userdel'
XML2_CONFIG=''
ac_ct_AR=''
ac_ct_CC=''
ac_ct_DUMPBIN=''
bindir='${exec_prefix}/bin'
build='x86_64-unknown-linux-gnu'
build_alias=''
build_cpu='x86_64'
build_os='linux-gnu'
build_vendor='unknown'
datadir='${datarootdir}'
datarootdir='${prefix}/share'
docdir='${datarootdir}/doc/${PACKAGE_TARNAME}'
dvidir='${docdir}'
exec_prefix='NONE'
host='mips-unknown-linux-gnu'
host_alias='mips-linux'
host_cpu='mips'
host_os='linux-gnu'
host_vendor='unknown'
htmldir='${docdir}'
includedir='${prefix}/include'
infodir='${datarootdir}/info'
libdir='${exec_prefix}/lib'
libexecdir='${exec_prefix}/libexec'
libtool='./libtool'
localedir='${datarootdir}/locale'
localstatedir='${prefix}/var'
mandir='${datarootdir}/man'
oldincludedir='/usr/include'
pdfdir='${docdir}'
prefix='NONE'
program_transform_name='s,x,x,'
psdir='${docdir}'
sbindir='${exec_prefix}/sbin'
sharedstatedir='${prefix}/com'
sysconfdir='${prefix}/etc'
target_alias='mips-buildroot-linux-uclibc'

## ----------- ##
## confdefs.h. ##
## ----------- ##

/* confdefs.h */
#define PACKAGE_NAME "cfgsystem"
#define PACKAGE_TARNAME "cfgsystem"
#define PACKAGE_VERSION "1.0"
#define PACKAGE_STRING "cfgsystem 1.0"
#define PACKAGE_BUGREPORT ""
#define PACKAGE_URL ""
#define STDC_HEADERS 1
#define HAVE_SYS_TYPES_H 1
#define HAVE_SYS_STAT_H 1
#define HAVE_STDLIB_H 1
#define HAVE_STRING_H 1
#define HAVE_MEMORY_H 1
#define HAVE_STRINGS_H 1
#define HAVE_INTTYPES_H 1
#define HAVE_STDINT_H 1
#define HAVE_UNISTD_H 1
#define HAVE_DLFCN_H 1
#define LT_OBJDIR ".libs/"

configure: exit 1
