This file contains any messages produced by compilers while
running configure, to aid debugging if configure makes a mistake.

It was created by the fast lexical analyser generator configure 2.5.35, which was
generated by GNU Autoconf 2.59.  Invocation command line was

  $ ./configure --host=mips-linux --prefix=/opt/trendchip/mips-linux26/mips-linux

## --------- ##
## Platform. ##
## --------- ##

hostname = sswlinux1_nj
uname -m = i686
uname -r = 2.6.9-67.ELsmp
uname -s = Linux
uname -v = #1 SMP Wed Nov 7 13:58:04 EST 2007

/usr/bin/uname -p = unknown
/bin/uname -X     = unknown

/bin/arch              = i686
/usr/bin/arch -k       = unknown
/usr/convex/getsysinfo = unknown
hostinfo               = unknown
/bin/machine           = unknown
/usr/bin/oslevel       = unknown
/bin/universe          = unknown

PATH: /home/user/socsw/jlliu_nj/bin
PATH: /usr/kerberos/bin
PATH: /usr/local/bin
PATH: /usr/java/jdk1.6.0_11/bin
PATH: /opt/trendchip/mips-linux26/bin
PATH: /opt/CodeSourcery/mips-4.2/bin
PATH: /home/user/socsw/svn/toolchain/tools
PATH: /home/user/socsw/svn/toolchain/tools/trx
PATH: /usr/local/bin
PATH: /bin
PATH: /usr/bin
PATH: /usr/X11R6/bin


## ----------- ##
## Core tests. ##
## ----------- ##

configure:1378: checking for a BSD-compatible install
configure:1433: result: /usr/bin/install -c
configure:1444: checking whether build environment is sane
configure:1487: result: yes
configure:1552: checking for gawk
configure:1568: found /bin/gawk
configure:1578: result: gawk
configure:1588: checking whether make sets $(MAKE)
configure:1608: result: yes
configure:1684: checking for mips-linux-strip
configure:1700: found /opt/trendchip/mips-linux26/bin/mips-linux-strip
configure:1710: result: mips-linux-strip
configure:1795: checking whether NLS is requested
configure:1804: result: yes
configure:1842: checking for msgfmt
configure:1873: result: /usr/bin/msgfmt
configure:1882: checking for gmsgfmt
configure:1913: result: /usr/bin/msgfmt
configure:1952: checking for xgettext
configure:1983: result: /usr/bin/xgettext
configure:2023: checking for msgmerge
configure:2053: result: /usr/bin/msgmerge
configure:2116: checking for style of include used by make
configure:2144: result: GNU
configure:2177: checking for mips-linux-gcc
configure:2193: found /opt/trendchip/mips-linux26/bin/mips-linux-gcc
configure:2203: result: mips-linux-gcc
configure:2485: checking for C compiler version
configure:2488: mips-linux-gcc --version </dev/null >&5
mips-linux-gcc (GCC) 3.3.2
Copyright (C) 2003 Free Software Foundation, Inc.
This is free software; see the source for copying conditions.  There is NO
warranty; not even for MERCHANTABILITY or FITNESS FOR A PARTICULAR PURPOSE.

configure:2491: $? = 0
configure:2493: mips-linux-gcc -v </dev/null >&5
Reading specs from /opt/trendchip/mips-linux26/lib/gcc-lib/mips-linux/3.3.2/specs
Configured with: ../../src/gcc-3.3.2/configure --prefix=/opt/trendchip/mips-linux26 --target=mips-linux --enable-shared --enable-languages=c,c++ --nfp --without-fp --with-gnu-as --with-gnu-ld
Thread model: posix
gcc version 3.3.2
configure:2496: $? = 0
configure:2498: mips-linux-gcc -V </dev/null >&5
mips-linux-gcc: `-V' option must have argument
configure:2501: $? = 1
configure:2524: checking for C compiler default output file name
configure:2527: mips-linux-gcc    conftest.c  >&5
configure:2530: $? = 0
configure:2576: result: a.out
configure:2581: checking whether the C compiler works
configure:2587: ./a.out
./configure: line 2588: ./a.out: cannot execute binary file
configure:2590: $? = 126
configure:2607: result: yes
configure:2614: checking whether we are cross compiling
configure:2616: result: yes
configure:2619: checking for suffix of executables
configure:2621: mips-linux-gcc -o conftest    conftest.c  >&5
configure:2624: $? = 0
configure:2649: result: 
configure:2655: checking for suffix of object files
configure:2676: mips-linux-gcc -c   conftest.c >&5
configure:2679: $? = 0
configure:2701: result: o
configure:2705: checking whether we are using the GNU C compiler
configure:2729: mips-linux-gcc -c   conftest.c >&5
configure:2735: $? = 0
configure:2739: test -z 
			 || test ! -s conftest.err
configure:2742: $? = 0
configure:2745: test -s conftest.o
configure:2748: $? = 0
configure:2761: result: yes
configure:2767: checking whether mips-linux-gcc accepts -g
configure:2788: mips-linux-gcc -c -g  conftest.c >&5
configure:2794: $? = 0
configure:2798: test -z 
			 || test ! -s conftest.err
configure:2801: $? = 0
configure:2804: test -s conftest.o
configure:2807: $? = 0
configure:2818: result: yes
configure:2835: checking for mips-linux-gcc option to accept ANSI C
configure:2905: mips-linux-gcc  -c -g -O2  conftest.c >&5
configure:2911: $? = 0
configure:2915: test -z 
			 || test ! -s conftest.err
configure:2918: $? = 0
configure:2921: test -s conftest.o
configure:2924: $? = 0
configure:2942: result: none needed
configure:2960: mips-linux-gcc -c -g -O2  conftest.c >&5
conftest.c:2: error: parse error before "me"
configure:2966: $? = 1
configure: failed program was:
| #ifndef __cplusplus
|   choke me
| #endif
configure:3101: checking dependency style of mips-linux-gcc
configure:3191: result: gcc3
configure:3214: checking build system type
configure:3232: result: i686-pc-linux-gnu
configure:3240: checking host system type
configure:3254: result: mips-unknown-linux-gnu
configure:3286: checking for ld used by GCC
configure:3349: result: /opt/trendchip/mips-linux26/mips-linux/bin/ld
configure:3358: checking if the linker (/opt/trendchip/mips-linux26/mips-linux/bin/ld) is GNU ld
GNU ld version 2.14 20030612
configure:3370: result: yes
configure:3376: checking for shared library run path origin
configure:3389: result: done
configure:3806: checking whether NLS is requested
configure:3815: result: yes
configure:3833: checking for GNU gettext in libc
configure:3857: mips-linux-gcc -o conftest -g -O2   conftest.c  >&5
conftest.c:11:21: libintl.h: No such file or directory
configure:3863: $? = 1
configure: failed program was:
| /* confdefs.h.  */
| 
| #define PACKAGE_NAME "the fast lexical analyser generator"
| #define PACKAGE_TARNAME "flex"
| #define PACKAGE_VERSION "2.5.35"
| #define PACKAGE_STRING "the fast lexical analyser generator 2.5.35"
| #define PACKAGE_BUGREPORT "flex-help@lists.sourceforge.net"
| #define PACKAGE "flex"
| #define VERSION "2.5.35"
| /* end confdefs.h.  */
| #include <libintl.h>
| extern int _nl_msg_cat_cntr;
| extern int *_nl_domain_bindings;
| int
| main ()
| {
| bindtextdomain ("", "");
| return (int) gettext ("") + _nl_msg_cat_cntr + *_nl_domain_bindings
|   ;
|   return 0;
| }
configure:3888: result: no
configure:3922: checking for iconv
configure:3949: mips-linux-gcc -o conftest -g -O2   conftest.c  >&5
configure:3955: $? = 0
configure:3959: test -z 
			 || test ! -s conftest.err
configure:3962: $? = 0
configure:3965: test -s conftest
configure:3968: $? = 0
configure:4034: result: yes
configure:4435: checking for GNU gettext in libintl
configure:4467: mips-linux-gcc -o conftest -g -O2    conftest.c  -lintl >&5
conftest.c:12:21: libintl.h: No such file or directory
configure:4473: $? = 1
configure: failed program was:
| /* confdefs.h.  */
| 
| #define PACKAGE_NAME "the fast lexical analyser generator"
| #define PACKAGE_TARNAME "flex"
| #define PACKAGE_VERSION "2.5.35"
| #define PACKAGE_STRING "the fast lexical analyser generator 2.5.35"
| #define PACKAGE_BUGREPORT "flex-help@lists.sourceforge.net"
| #define PACKAGE "flex"
| #define VERSION "2.5.35"
| #define HAVE_ICONV 1
| /* end confdefs.h.  */
| #include <libintl.h>
| extern int _nl_msg_cat_cntr;
| extern
| #ifdef __cplusplus
| "C"
| #endif
| const char *_nl_expand_alias ();
| int
| main ()
| {
| bindtextdomain ("", "");
| return (int) gettext ("") + _nl_msg_cat_cntr + *_nl_expand_alias (0)
|   ;
|   return 0;
| }
configure:4558: result: no
configure:4587: checking whether to use NLS
configure:4589: result: no
configure:4670: checking for bison
configure:4686: found /usr/bin/bison
configure:4696: result: bison -y
configure:4711: checking for flex
configure:4727: found /usr/bin/flex
configure:4737: result: flex
configure:4750: checking for yywrap in -lfl
configure:4780: mips-linux-gcc -o conftest -g -O2   conftest.c -lfl   >&5
/opt/trendchip/mips-linux26/lib/gcc-lib/mips-linux/3.3.2/../../../../mips-linux/bin/ld: skipping incompatible /opt/trendchip/mips-linux26/lib/gcc-lib/mips-linux/3.3.2/../../../../mips-linux/lib/libfl.so when searching for -lfl
configure:4786: $? = 0
configure:4790: test -z 
			 || test ! -s conftest.err
configure:4793: $? = 0
configure:4796: test -s conftest
configure:4799: $? = 0
configure:4812: result: yes
configure:4890: checking lex output file root
configure:4901: flex conftest.l
configure:4904: $? = 0
configure:4916: result: lex.yy
configure:4921: checking whether yytext is a pointer
configure:4937: mips-linux-gcc -o conftest -g -O2   conftest.c  -lfl >&5
/opt/trendchip/mips-linux26/lib/gcc-lib/mips-linux/3.3.2/../../../../mips-linux/bin/ld: skipping incompatible /opt/trendchip/mips-linux26/lib/gcc-lib/mips-linux/3.3.2/../../../../mips-linux/lib/libfl.so when searching for -lfl
configure:4943: $? = 0
configure:4947: test -z 
			 || test ! -s conftest.err
configure:4950: $? = 0
configure:4953: test -s conftest
configure:4956: $? = 0
configure:4970: result: yes
configure:4992: checking for mips-linux-gcc
configure:5018: result: mips-linux-gcc
configure:5300: checking for C compiler version
configure:5303: mips-linux-gcc --version </dev/null >&5
mips-linux-gcc (GCC) 3.3.2
Copyright (C) 2003 Free Software Foundation, Inc.
This is free software; see the source for copying conditions.  There is NO
warranty; not even for MERCHANTABILITY or FITNESS FOR A PARTICULAR PURPOSE.

configure:5306: $? = 0
configure:5308: mips-linux-gcc -v </dev/null >&5
Reading specs from /opt/trendchip/mips-linux26/lib/gcc-lib/mips-linux/3.3.2/specs
Configured with: ../../src/gcc-3.3.2/configure --prefix=/opt/trendchip/mips-linux26 --target=mips-linux --enable-shared --enable-languages=c,c++ --nfp --without-fp --with-gnu-as --with-gnu-ld
Thread model: posix
gcc version 3.3.2
configure:5311: $? = 0
configure:5313: mips-linux-gcc -V </dev/null >&5
mips-linux-gcc: `-V' option must have argument
configure:5316: $? = 1
configure:5319: checking whether we are using the GNU C compiler
configure:5375: result: yes
configure:5381: checking whether mips-linux-gcc accepts -g
configure:5432: result: yes
configure:5449: checking for mips-linux-gcc option to accept ANSI C
configure:5556: result: none needed
configure:5574: mips-linux-gcc -c -g -O2  conftest.c >&5
conftest.c:2: error: parse error before "me"
configure:5580: $? = 1
configure: failed program was:
| #ifndef __cplusplus
|   choke me
| #endif
configure:5715: checking dependency style of mips-linux-gcc
configure:5805: result: gcc3
configure:5832: checking for mips-linux-g++
configure:5848: found /opt/trendchip/mips-linux26/bin/mips-linux-g++
configure:5858: result: mips-linux-g++
configure:5916: checking for C++ compiler version
configure:5919: mips-linux-g++ --version </dev/null >&5
mips-linux-g++ (GCC) 3.3.2
Copyright (C) 2003 Free Software Foundation, Inc.
This is free software; see the source for copying conditions.  There is NO
warranty; not even for MERCHANTABILITY or FITNESS FOR A PARTICULAR PURPOSE.

configure:5922: $? = 0
configure:5924: mips-linux-g++ -v </dev/null >&5
Reading specs from /opt/trendchip/mips-linux26/lib/gcc-lib/mips-linux/3.3.2/specs
Configured with: ../../src/gcc-3.3.2/configure --prefix=/opt/trendchip/mips-linux26 --target=mips-linux --enable-shared --enable-languages=c,c++ --nfp --without-fp --with-gnu-as --with-gnu-ld
Thread model: posix
gcc version 3.3.2
configure:5927: $? = 0
configure:5929: mips-linux-g++ -V </dev/null >&5
mips-linux-g++: `-V' option must have argument
configure:5932: $? = 1
configure:5935: checking whether we are using the GNU C++ compiler
configure:5959: mips-linux-g++ -c   conftest.cc >&5
configure:5965: $? = 0
configure:5969: test -z 
			 || test ! -s conftest.err
configure:5972: $? = 0
configure:5975: test -s conftest.o
configure:5978: $? = 0
configure:5991: result: yes
configure:5997: checking whether mips-linux-g++ accepts -g
configure:6018: mips-linux-g++ -c -g  conftest.cc >&5
configure:6024: $? = 0
configure:6028: test -z 
			 || test ! -s conftest.err
configure:6031: $? = 0
configure:6034: test -s conftest.o
configure:6037: $? = 0
configure:6048: result: yes
configure:6090: mips-linux-g++ -c -g -O2  conftest.cc >&5
configure:6096: $? = 0
configure:6100: test -z 
			 || test ! -s conftest.err
configure:6103: $? = 0
configure:6106: test -s conftest.o
configure:6109: $? = 0
configure:6135: mips-linux-g++ -c -g -O2  conftest.cc >&5
conftest.cc: In function `int main()':
conftest.cc:17: error: `exit' undeclared (first use this function)
conftest.cc:17: error: (Each undeclared identifier is reported only once for 
   each function it appears in.)
configure:6141: $? = 1
configure: failed program was:
| /* confdefs.h.  */
| 
| #define PACKAGE_NAME "the fast lexical analyser generator"
| #define PACKAGE_TARNAME "flex"
| #define PACKAGE_VERSION "2.5.35"
| #define PACKAGE_STRING "the fast lexical analyser generator 2.5.35"
| #define PACKAGE_BUGREPORT "flex-help@lists.sourceforge.net"
| #define PACKAGE "flex"
| #define VERSION "2.5.35"
| #define HAVE_ICONV 1
| #define YYTEXT_POINTER 1
| /* end confdefs.h.  */
| 
| int
| main ()
| {
| exit (42);
|   ;
|   return 0;
| }
configure:6090: mips-linux-g++ -c -g -O2  conftest.cc >&5
configure:6096: $? = 0
configure:6100: test -z 
			 || test ! -s conftest.err
configure:6103: $? = 0
configure:6106: test -s conftest.o
configure:6109: $? = 0
configure:6135: mips-linux-g++ -c -g -O2  conftest.cc >&5
configure:6141: $? = 0
configure:6145: test -z 
			 || test ! -s conftest.err
configure:6148: $? = 0
configure:6151: test -s conftest.o
configure:6154: $? = 0
configure:6179: checking dependency style of mips-linux-g++
configure:6269: result: gcc3
configure:6286: checking whether ln -s works
configure:6290: result: yes
configure:6300: checking for mips-linux-ranlib
configure:6316: found /opt/trendchip/mips-linux26/bin/mips-linux-ranlib
configure:6326: result: mips-linux-ranlib
configure:6381: checking for gawk
configure:6407: result: gawk
configure:6430: checking for a BSD-compatible install
configure:6485: result: /usr/bin/install -c
configure:6499: checking for bison
configure:6517: found /usr/bin/bison
configure:6530: result: /usr/bin/bison
configure:6539: checking for help2man
configure:6570: result: help2man
configure:6584: checking for gm4
configure:6617: result: no
configure:6584: checking for gnum4
configure:6617: result: no
configure:6584: checking for m4
configure:6602: found /usr/bin/m4
configure:6614: result: /usr/bin/m4
configure:6627: checking for GNU m4
configure:6630: result: yes
configure:6652: checking for indent
configure:6670: found /usr/bin/indent
configure:6683: result: /usr/bin/indent
configure:6692: checking if /usr/bin/indent is GNU indent
configure:6695: result: yes
configure:6715: checking how to run the C preprocessor
configure:6750: mips-linux-gcc -E  conftest.c
configure:6756: $? = 0
configure:6788: mips-linux-gcc -E  conftest.c
conftest.c:17:28: ac_nonexistent.h: No such file or directory
configure:6794: $? = 1
configure: failed program was:
| /* confdefs.h.  */
| 
| #define PACKAGE_NAME "the fast lexical analyser generator"
| #define PACKAGE_TARNAME "flex"
| #define PACKAGE_VERSION "2.5.35"
| #define PACKAGE_STRING "the fast lexical analyser generator 2.5.35"
| #define PACKAGE_BUGREPORT "flex-help@lists.sourceforge.net"
| #define PACKAGE "flex"
| #define VERSION "2.5.35"
| #define HAVE_ICONV 1
| #define YYTEXT_POINTER 1
| #ifdef __cplusplus
| extern "C" void std::exit (int) throw (); using std::exit;
| #endif
| #define M4 "/usr/bin/m4"
| /* end confdefs.h.  */
| #include <ac_nonexistent.h>
configure:6833: result: mips-linux-gcc -E
configure:6857: mips-linux-gcc -E  conftest.c
configure:6863: $? = 0
configure:6895: mips-linux-gcc -E  conftest.c
conftest.c:17:28: ac_nonexistent.h: No such file or directory
configure:6901: $? = 1
configure: failed program was:
| /* confdefs.h.  */
| 
| #define PACKAGE_NAME "the fast lexical analyser generator"
| #define PACKAGE_TARNAME "flex"
| #define PACKAGE_VERSION "2.5.35"
| #define PACKAGE_STRING "the fast lexical analyser generator 2.5.35"
| #define PACKAGE_BUGREPORT "flex-help@lists.sourceforge.net"
| #define PACKAGE "flex"
| #define VERSION "2.5.35"
| #define HAVE_ICONV 1
| #define YYTEXT_POINTER 1
| #ifdef __cplusplus
| extern "C" void std::exit (int) throw (); using std::exit;
| #endif
| #define M4 "/usr/bin/m4"
| /* end confdefs.h.  */
| #include <ac_nonexistent.h>
configure:6945: checking for egrep
configure:6955: result: grep -E
configure:6962: checking for working alloca.h
configure:6983: mips-linux-gcc -o conftest -g -O2   conftest.c  >&5
configure:6989: $? = 0
configure:6993: test -z 
			 || test ! -s conftest.err
configure:6996: $? = 0
configure:6999: test -s conftest
configure:7002: $? = 0
configure:7014: result: yes
configure:7024: checking for alloca
configure:7065: mips-linux-gcc -o conftest -g -O2   conftest.c  >&5
configure:7071: $? = 0
configure:7075: test -z 
			 || test ! -s conftest.err
configure:7078: $? = 0
configure:7081: test -s conftest
configure:7084: $? = 0
configure:7096: result: yes
configure:7319: checking for ANSI C header files
configure:7344: mips-linux-gcc -c -g -O2  conftest.c >&5
configure:7350: $? = 0
configure:7354: test -z 
			 || test ! -s conftest.err
configure:7357: $? = 0
configure:7360: test -s conftest.o
configure:7363: $? = 0
configure:7475: result: yes
configure:7485: checking for sys/wait.h that is POSIX.1 compatible
configure:7516: mips-linux-gcc -c -g -O2  conftest.c >&5
configure:7522: $? = 0
configure:7526: test -z 
			 || test ! -s conftest.err
configure:7529: $? = 0
configure:7532: test -s conftest.o
configure:7535: $? = 0
configure:7546: result: yes
configure:7570: checking for sys/types.h
configure:7586: mips-linux-gcc -c -g -O2  conftest.c >&5
configure:7592: $? = 0
configure:7596: test -z 
			 || test ! -s conftest.err
configure:7599: $? = 0
configure:7602: test -s conftest.o
configure:7605: $? = 0
configure:7616: result: yes
configure:7570: checking for sys/stat.h
configure:7586: mips-linux-gcc -c -g -O2  conftest.c >&5
configure:7592: $? = 0
configure:7596: test -z 
			 || test ! -s conftest.err
configure:7599: $? = 0
configure:7602: test -s conftest.o
configure:7605: $? = 0
configure:7616: result: yes
configure:7570: checking for stdlib.h
configure:7586: mips-linux-gcc -c -g -O2  conftest.c >&5
configure:7592: $? = 0
configure:7596: test -z 
			 || test ! -s conftest.err
configure:7599: $? = 0
configure:7602: test -s conftest.o
configure:7605: $? = 0
configure:7616: result: yes
configure:7570: checking for string.h
configure:7586: mips-linux-gcc -c -g -O2  conftest.c >&5
configure:7592: $? = 0
configure:7596: test -z 
			 || test ! -s conftest.err
configure:7599: $? = 0
configure:7602: test -s conftest.o
configure:7605: $? = 0
configure:7616: result: yes
configure:7570: checking for memory.h
configure:7586: mips-linux-gcc -c -g -O2  conftest.c >&5
configure:7592: $? = 0
configure:7596: test -z 
			 || test ! -s conftest.err
configure:7599: $? = 0
configure:7602: test -s conftest.o
configure:7605: $? = 0
configure:7616: result: yes
configure:7570: checking for strings.h
configure:7586: mips-linux-gcc -c -g -O2  conftest.c >&5
configure:7592: $? = 0
configure:7596: test -z 
			 || test ! -s conftest.err
configure:7599: $? = 0
configure:7602: test -s conftest.o
configure:7605: $? = 0
configure:7616: result: yes
configure:7570: checking for inttypes.h
configure:7586: mips-linux-gcc -c -g -O2  conftest.c >&5
configure:7592: $? = 0
configure:7596: test -z 
			 || test ! -s conftest.err
configure:7599: $? = 0
configure:7602: test -s conftest.o
configure:7605: $? = 0
configure:7616: result: yes
configure:7570: checking for stdint.h
configure:7586: mips-linux-gcc -c -g -O2  conftest.c >&5
configure:7592: $? = 0
configure:7596: test -z 
			 || test ! -s conftest.err
configure:7599: $? = 0
configure:7602: test -s conftest.o
configure:7605: $? = 0
configure:7616: result: yes
configure:7570: checking for unistd.h
configure:7586: mips-linux-gcc -c -g -O2  conftest.c >&5
configure:7592: $? = 0
configure:7596: test -z 
			 || test ! -s conftest.err
configure:7599: $? = 0
configure:7602: test -s conftest.o
configure:7605: $? = 0
configure:7616: result: yes
configure:7643: checking for inttypes.h
configure:7648: result: yes
configure:7652: checking libintl.h usability
configure:7664: mips-linux-gcc -c -g -O2  conftest.c >&5
conftest.c:65:21: libintl.h: No such file or directory
configure:7670: $? = 1
configure: failed program was:
| /* confdefs.h.  */
| 
| #define PACKAGE_NAME "the fast lexical analyser generator"
| #define PACKAGE_TARNAME "flex"
| #define PACKAGE_VERSION "2.5.35"
| #define PACKAGE_STRING "the fast lexical analyser generator 2.5.35"
| #define PACKAGE_BUGREPORT "flex-help@lists.sourceforge.net"
| #define PACKAGE "flex"
| #define VERSION "2.5.35"
| #define HAVE_ICONV 1
| #define YYTEXT_POINTER 1
| #ifdef __cplusplus
| extern "C" void std::exit (int) throw (); using std::exit;
| #endif
| #define M4 "/usr/bin/m4"
| #define HAVE_ALLOCA_H 1
| #define HAVE_ALLOCA 1
| #define STDC_HEADERS 1
| #define HAVE_SYS_WAIT_H 1
| #define HAVE_SYS_TYPES_H 1
| #define HAVE_SYS_STAT_H 1
| #define HAVE_STDLIB_H 1
| #define HAVE_STRING_H 1
| #define HAVE_MEMORY_H 1
| #define HAVE_STRINGS_H 1
| #define HAVE_INTTYPES_H 1
| #define HAVE_STDINT_H 1
| #define HAVE_UNISTD_H 1
| #define HAVE_INTTYPES_H 1
| /* end confdefs.h.  */
| #include <stdio.h>
| #if HAVE_SYS_TYPES_H
| # include <sys/types.h>
| #endif
| #if HAVE_SYS_STAT_H
| # include <sys/stat.h>
| #endif
| #if STDC_HEADERS
| # include <stdlib.h>
| # include <stddef.h>
| #else
| # if HAVE_STDLIB_H
| #  include <stdlib.h>
| # endif
| #endif
| #if HAVE_STRING_H
| # if !STDC_HEADERS && HAVE_MEMORY_H
| #  include <memory.h>
| # endif
| # include <string.h>
| #endif
| #if HAVE_STRINGS_H
| # include <strings.h>
| #endif
| #if HAVE_INTTYPES_H
| # include <inttypes.h>
| #else
| # if HAVE_STDINT_H
| #  include <stdint.h>
| # endif
| #endif
| #if HAVE_UNISTD_H
| # include <unistd.h>
| #endif
| #include <libintl.h>
configure:7693: result: no
configure:7697: checking libintl.h presence
configure:7707: mips-linux-gcc -E  conftest.c
conftest.c:31:21: libintl.h: No such file or directory
configure:7713: $? = 1
configure: failed program was:
| /* confdefs.h.  */
| 
| #define PACKAGE_NAME "the fast lexical analyser generator"
| #define PACKAGE_TARNAME "flex"
| #define PACKAGE_VERSION "2.5.35"
| #define PACKAGE_STRING "the fast lexical analyser generator 2.5.35"
| #define PACKAGE_BUGREPORT "flex-help@lists.sourceforge.net"
| #define PACKAGE "flex"
| #define VERSION "2.5.35"
| #define HAVE_ICONV 1
| #define YYTEXT_POINTER 1
| #ifdef __cplusplus
| extern "C" void std::exit (int) throw (); using std::exit;
| #endif
| #define M4 "/usr/bin/m4"
| #define HAVE_ALLOCA_H 1
| #define HAVE_ALLOCA 1
| #define STDC_HEADERS 1
| #define HAVE_SYS_WAIT_H 1
| #define HAVE_SYS_TYPES_H 1
| #define HAVE_SYS_STAT_H 1
| #define HAVE_STDLIB_H 1
| #define HAVE_STRING_H 1
| #define HAVE_MEMORY_H 1
| #define HAVE_STRINGS_H 1
| #define HAVE_INTTYPES_H 1
| #define HAVE_STDINT_H 1
| #define HAVE_UNISTD_H 1
| #define HAVE_INTTYPES_H 1
| /* end confdefs.h.  */
| #include <libintl.h>
configure:7733: result: no
configure:7768: checking for libintl.h
configure:7775: result: no
configure:7652: checking limits.h usability
configure:7664: mips-linux-gcc -c -g -O2  conftest.c >&5
configure:7670: $? = 0
configure:7674: test -z 
			 || test ! -s conftest.err
configure:7677: $? = 0
configure:7680: test -s conftest.o
configure:7683: $? = 0
configure:7693: result: yes
configure:7697: checking limits.h presence
configure:7707: mips-linux-gcc -E  conftest.c
configure:7713: $? = 0
configure:7733: result: yes
configure:7768: checking for limits.h
configure:7775: result: yes
configure:7652: checking locale.h usability
configure:7664: mips-linux-gcc -c -g -O2  conftest.c >&5
configure:7670: $? = 0
configure:7674: test -z 
			 || test ! -s conftest.err
configure:7677: $? = 0
configure:7680: test -s conftest.o
configure:7683: $? = 0
configure:7693: result: yes
configure:7697: checking locale.h presence
configure:7707: mips-linux-gcc -E  conftest.c
configure:7713: $? = 0
configure:7733: result: yes
configure:7768: checking for locale.h
configure:7775: result: yes
configure:7652: checking malloc.h usability
configure:7664: mips-linux-gcc -c -g -O2  conftest.c >&5
configure:7670: $? = 0
configure:7674: test -z 
			 || test ! -s conftest.err
configure:7677: $? = 0
configure:7680: test -s conftest.o
configure:7683: $? = 0
configure:7693: result: yes
configure:7697: checking malloc.h presence
configure:7707: mips-linux-gcc -E  conftest.c
configure:7713: $? = 0
configure:7733: result: yes
configure:7768: checking for malloc.h
configure:7775: result: yes
configure:7652: checking netinet/in.h usability
configure:7664: mips-linux-gcc -c -g -O2  conftest.c >&5
configure:7670: $? = 0
configure:7674: test -z 
			 || test ! -s conftest.err
configure:7677: $? = 0
configure:7680: test -s conftest.o
configure:7683: $? = 0
configure:7693: result: yes
configure:7697: checking netinet/in.h presence
configure:7707: mips-linux-gcc -E  conftest.c
configure:7713: $? = 0
configure:7733: result: yes
configure:7768: checking for netinet/in.h
configure:7775: result: yes
configure:7652: checking stddef.h usability
configure:7664: mips-linux-gcc -c -g -O2  conftest.c >&5
configure:7670: $? = 0
configure:7674: test -z 
			 || test ! -s conftest.err
configure:7677: $? = 0
configure:7680: test -s conftest.o
configure:7683: $? = 0
configure:7693: result: yes
configure:7697: checking stddef.h presence
configure:7707: mips-linux-gcc -E  conftest.c
configure:7713: $? = 0
configure:7733: result: yes
configure:7768: checking for stddef.h
configure:7775: result: yes
configure:7643: checking for stdlib.h
configure:7648: result: yes
configure:7643: checking for string.h
configure:7648: result: yes
configure:7643: checking for strings.h
configure:7648: result: yes
configure:7643: checking for unistd.h
configure:7648: result: yes
configure:7789: checking for log10 in -lm
configure:7819: mips-linux-gcc -o conftest -g -O2   conftest.c -lm   >&5
configure:7825: $? = 0
configure:7829: test -z 
			 || test ! -s conftest.err
configure:7832: $? = 0
configure:7835: test -s conftest
configure:7838: $? = 0
configure:7851: result: yes
configure:7867: checking for pthread_mutex_lock in -lpthread
configure:7897: mips-linux-gcc -o conftest -g -O2   conftest.c -lpthread  -lm  >&5
configure:7903: $? = 0
configure:7907: test -z 
			 || test ! -s conftest.err
configure:7910: $? = 0
configure:7913: test -s conftest
configure:7916: $? = 0
configure:7929: result: yes
configure:7960: checking pthread.h usability
configure:7972: mips-linux-gcc -c -g -O2  conftest.c >&5
configure:7978: $? = 0
configure:7982: test -z 
			 || test ! -s conftest.err
configure:7985: $? = 0
configure:7988: test -s conftest.o
configure:7991: $? = 0
configure:8001: result: yes
configure:8005: checking pthread.h presence
configure:8015: mips-linux-gcc -E  conftest.c
configure:8021: $? = 0
configure:8041: result: yes
configure:8076: checking for pthread.h
configure:8083: result: yes
configure:8099: checking for stdbool.h that conforms to C99
configure:8152: mips-linux-gcc -c -g -O2  conftest.c >&5
configure:8158: $? = 0
configure:8162: test -z 
			 || test ! -s conftest.err
configure:8165: $? = 0
configure:8168: test -s conftest.o
configure:8171: $? = 0
configure:8182: result: yes
configure:8184: checking for _Bool
configure:8208: mips-linux-gcc -c -g -O2  conftest.c >&5
configure:8214: $? = 0
configure:8218: test -z 
			 || test ! -s conftest.err
configure:8221: $? = 0
configure:8224: test -s conftest.o
configure:8227: $? = 0
configure:8238: result: yes
configure:8257: checking for an ANSI C-conforming const
configure:8324: mips-linux-gcc -c -g -O2  conftest.c >&5
configure:8330: $? = 0
configure:8334: test -z 
			 || test ! -s conftest.err
configure:8337: $? = 0
configure:8340: test -s conftest.o
configure:8343: $? = 0
configure:8354: result: yes
configure:8364: checking for size_t
configure:8388: mips-linux-gcc -c -g -O2  conftest.c >&5
configure:8394: $? = 0
configure:8398: test -z 
			 || test ! -s conftest.err
configure:8401: $? = 0
configure:8404: test -s conftest.o
configure:8407: $? = 0
configure:8418: result: yes
configure:8433: checking for pid_t
configure:8457: mips-linux-gcc -c -g -O2  conftest.c >&5
configure:8463: $? = 0
configure:8467: test -z 
			 || test ! -s conftest.err
configure:8470: $? = 0
configure:8473: test -s conftest.o
configure:8476: $? = 0
configure:8487: result: yes
configure:8505: checking for unistd.h
configure:8510: result: yes
configure:8514: checking vfork.h usability
configure:8526: mips-linux-gcc -c -g -O2  conftest.c >&5
conftest.c:80:19: vfork.h: No such file or directory
configure:8532: $? = 1
configure: failed program was:
| /* confdefs.h.  */
| 
| #define PACKAGE_NAME "the fast lexical analyser generator"
| #define PACKAGE_TARNAME "flex"
| #define PACKAGE_VERSION "2.5.35"
| #define PACKAGE_STRING "the fast lexical analyser generator 2.5.35"
| #define PACKAGE_BUGREPORT "flex-help@lists.sourceforge.net"
| #define PACKAGE "flex"
| #define VERSION "2.5.35"
| #define HAVE_ICONV 1
| #define YYTEXT_POINTER 1
| #ifdef __cplusplus
| extern "C" void std::exit (int) throw (); using std::exit;
| #endif
| #define M4 "/usr/bin/m4"
| #define HAVE_ALLOCA_H 1
| #define HAVE_ALLOCA 1
| #define STDC_HEADERS 1
| #define HAVE_SYS_WAIT_H 1
| #define HAVE_SYS_TYPES_H 1
| #define HAVE_SYS_STAT_H 1
| #define HAVE_STDLIB_H 1
| #define HAVE_STRING_H 1
| #define HAVE_MEMORY_H 1
| #define HAVE_STRINGS_H 1
| #define HAVE_INTTYPES_H 1
| #define HAVE_STDINT_H 1
| #define HAVE_UNISTD_H 1
| #define HAVE_INTTYPES_H 1
| #define HAVE_LIMITS_H 1
| #define HAVE_LOCALE_H 1
| #define HAVE_MALLOC_H 1
| #define HAVE_NETINET_IN_H 1
| #define HAVE_STDDEF_H 1
| #define HAVE_STDLIB_H 1
| #define HAVE_STRING_H 1
| #define HAVE_STRINGS_H 1
| #define HAVE_UNISTD_H 1
| #define HAVE_LIBM 1
| #define HAVE_LIBPTHREAD 1
| #define HAVE_PTHREAD_H 1
| #define HAVE__BOOL 1
| #define HAVE_STDBOOL_H 1
| #define HAVE_UNISTD_H 1
| /* end confdefs.h.  */
| #include <stdio.h>
| #if HAVE_SYS_TYPES_H
| # include <sys/types.h>
| #endif
| #if HAVE_SYS_STAT_H
| # include <sys/stat.h>
| #endif
| #if STDC_HEADERS
| # include <stdlib.h>
| # include <stddef.h>
| #else
| # if HAVE_STDLIB_H
| #  include <stdlib.h>
| # endif
| #endif
| #if HAVE_STRING_H
| # if !STDC_HEADERS && HAVE_MEMORY_H
| #  include <memory.h>
| # endif
| # include <string.h>
| #endif
| #if HAVE_STRINGS_H
| # include <strings.h>
| #endif
| #if HAVE_INTTYPES_H
| # include <inttypes.h>
| #else
| # if HAVE_STDINT_H
| #  include <stdint.h>
| # endif
| #endif
| #if HAVE_UNISTD_H
| # include <unistd.h>
| #endif
| #include <vfork.h>
configure:8555: result: no
configure:8559: checking vfork.h presence
configure:8569: mips-linux-gcc -E  conftest.c
conftest.c:46:19: vfork.h: No such file or directory
configure:8575: $? = 1
configure: failed program was:
| /* confdefs.h.  */
| 
| #define PACKAGE_NAME "the fast lexical analyser generator"
| #define PACKAGE_TARNAME "flex"
| #define PACKAGE_VERSION "2.5.35"
| #define PACKAGE_STRING "the fast lexical analyser generator 2.5.35"
| #define PACKAGE_BUGREPORT "flex-help@lists.sourceforge.net"
| #define PACKAGE "flex"
| #define VERSION "2.5.35"
| #define HAVE_ICONV 1
| #define YYTEXT_POINTER 1
| #ifdef __cplusplus
| extern "C" void std::exit (int) throw (); using std::exit;
| #endif
| #define M4 "/usr/bin/m4"
| #define HAVE_ALLOCA_H 1
| #define HAVE_ALLOCA 1
| #define STDC_HEADERS 1
| #define HAVE_SYS_WAIT_H 1
| #define HAVE_SYS_TYPES_H 1
| #define HAVE_SYS_STAT_H 1
| #define HAVE_STDLIB_H 1
| #define HAVE_STRING_H 1
| #define HAVE_MEMORY_H 1
| #define HAVE_STRINGS_H 1
| #define HAVE_INTTYPES_H 1
| #define HAVE_STDINT_H 1
| #define HAVE_UNISTD_H 1
| #define HAVE_INTTYPES_H 1
| #define HAVE_LIMITS_H 1
| #define HAVE_LOCALE_H 1
| #define HAVE_MALLOC_H 1
| #define HAVE_NETINET_IN_H 1
| #define HAVE_STDDEF_H 1
| #define HAVE_STDLIB_H 1
| #define HAVE_STRING_H 1
| #define HAVE_STRINGS_H 1
| #define HAVE_UNISTD_H 1
| #define HAVE_LIBM 1
| #define HAVE_LIBPTHREAD 1
| #define HAVE_PTHREAD_H 1
| #define HAVE__BOOL 1
| #define HAVE_STDBOOL_H 1
| #define HAVE_UNISTD_H 1
| /* end confdefs.h.  */
| #include <vfork.h>
configure:8595: result: no
configure:8630: checking for vfork.h
configure:8637: result: no
configure:8655: checking for fork
configure:8712: mips-linux-gcc -o conftest -g -O2   conftest.c -lm  >&5
configure:8718: $? = 0
configure:8722: test -z 
			 || test ! -s conftest.err
configure:8725: $? = 0
configure:8728: test -s conftest
configure:8731: $? = 0
configure:8743: result: yes
configure:8655: checking for vfork
configure:8712: mips-linux-gcc -o conftest -g -O2   conftest.c -lm  >&5
configure:8718: $? = 0
configure:8722: test -z 
			 || test ! -s conftest.err
configure:8725: $? = 0
configure:8728: test -s conftest
configure:8731: $? = 0
configure:8743: result: yes
configure:8754: checking for working fork
configure:8799: result: cross
configure:8815: WARNING: result yes guessed because of cross compilation
configure:8820: checking for working vfork
configure:8953: result: yes
configure:8989: checking for stdlib.h
configure:8994: result: yes
configure:9134: checking for GNU libc compatible malloc
configure:9185: result: no
configure:9220: checking for stdlib.h
configure:9225: result: yes
configure:9365: checking for GNU libc compatible realloc
configure:9416: result: no
configure:9457: checking for dup2
configure:9514: mips-linux-gcc -o conftest -g -O2   conftest.c -lm  >&5
configure:9520: $? = 0
configure:9524: test -z 
			 || test ! -s conftest.err
configure:9527: $? = 0
configure:9530: test -s conftest
configure:9533: $? = 0
configure:9545: result: yes
configure:9457: checking for isascii
configure:9514: mips-linux-gcc -o conftest -g -O2   conftest.c -lm  >&5
configure:9520: $? = 0
configure:9524: test -z 
			 || test ! -s conftest.err
configure:9527: $? = 0
configure:9530: test -s conftest
configure:9533: $? = 0
configure:9545: result: yes
configure:9457: checking for memset
configure:9514: mips-linux-gcc -o conftest -g -O2   conftest.c -lm  >&5
conftest.c:82: warning: conflicting types for built-in function `memset'
configure:9520: $? = 0
configure:9524: test -z 
			 || test ! -s conftest.err
configure:9527: $? = 0
configure:9530: test -s conftest
configure:9533: $? = 0
configure:9545: result: yes
configure:9457: checking for pow
configure:9514: mips-linux-gcc -o conftest -g -O2   conftest.c -lm  >&5
configure:9520: $? = 0
configure:9524: test -z 
			 || test ! -s conftest.err
configure:9527: $? = 0
configure:9530: test -s conftest
configure:9533: $? = 0
configure:9545: result: yes
configure:9457: checking for regcomp
configure:9514: mips-linux-gcc -o conftest -g -O2   conftest.c -lm  >&5
configure:9520: $? = 0
configure:9524: test -z 
			 || test ! -s conftest.err
configure:9527: $? = 0
configure:9530: test -s conftest
configure:9533: $? = 0
configure:9545: result: yes
configure:9457: checking for setlocale
configure:9514: mips-linux-gcc -o conftest -g -O2   conftest.c -lm  >&5
configure:9520: $? = 0
configure:9524: test -z 
			 || test ! -s conftest.err
configure:9527: $? = 0
configure:9530: test -s conftest
configure:9533: $? = 0
configure:9545: result: yes
configure:9457: checking for strchr
configure:9514: mips-linux-gcc -o conftest -g -O2   conftest.c -lm  >&5
conftest.c:86: warning: conflicting types for built-in function `strchr'
configure:9520: $? = 0
configure:9524: test -z 
			 || test ! -s conftest.err
configure:9527: $? = 0
configure:9530: test -s conftest
configure:9533: $? = 0
configure:9545: result: yes
configure:9457: checking for strtol
configure:9514: mips-linux-gcc -o conftest -g -O2   conftest.c -lm  >&5
configure:9520: $? = 0
configure:9524: test -z 
			 || test ! -s conftest.err
configure:9527: $? = 0
configure:9530: test -s conftest
configure:9533: $? = 0
configure:9545: result: yes
configure:9682: creating ./config.status

## ---------------------- ##
## Running config.status. ##
## ---------------------- ##

This file was extended by the fast lexical analyser generator config.status 2.5.35, which was
generated by GNU Autoconf 2.59.  Invocation command line was

  CONFIG_FILES    = 
  CONFIG_HEADERS  = 
  CONFIG_LINKS    = 
  CONFIG_COMMANDS = 
  $ ./config.status 

on sswlinux1_nj

config.status:790: creating Makefile
config.status:790: creating doc/Makefile
config.status:790: creating examples/Makefile
config.status:790: creating examples/fastwc/Makefile
config.status:790: creating examples/manual/Makefile
config.status:790: creating m4/Makefile
config.status:790: creating po/Makefile.in
config.status:790: creating tools/Makefile
config.status:790: creating tests/Makefile
config.status:790: creating tests/TEMPLATE/Makefile
config.status:790: creating tests/test-array-nr/Makefile
config.status:790: creating tests/test-array-r/Makefile
config.status:790: creating tests/test-basic-nr/Makefile
config.status:790: creating tests/test-basic-r/Makefile
config.status:790: creating tests/test-bison-yylloc/Makefile
config.status:790: creating tests/test-bison-yylval/Makefile
config.status:790: creating tests/test-c-cpp-nr/Makefile
config.status:790: creating tests/test-c-cpp-r/Makefile
config.status:790: creating tests/test-header-nr/Makefile
config.status:790: creating tests/test-header-r/Makefile
config.status:790: creating tests/test-include-by-buffer/Makefile
config.status:790: creating tests/test-include-by-push/Makefile
config.status:790: creating tests/test-include-by-reentrant/Makefile
config.status:790: creating tests/test-multiple-scanners-nr/Makefile
config.status:790: creating tests/test-multiple-scanners-r/Makefile
config.status:790: creating tests/test-noansi-nr/Makefile
config.status:790: creating tests/test-noansi-r/Makefile
config.status:790: creating tests/test-prefix-nr/Makefile
config.status:790: creating tests/test-prefix-r/Makefile
config.status:790: creating tests/test-pthread/Makefile
config.status:790: creating tests/test-string-nr/Makefile
config.status:790: creating tests/test-string-r/Makefile
config.status:790: creating tests/test-yyextra/Makefile
config.status:790: creating tests/test-alloc-extra/Makefile
config.status:790: creating tests/test-lineno-nr/Makefile
config.status:790: creating tests/test-lineno-r/Makefile
config.status:790: creating tests/test-linedir-r/Makefile
config.status:790: creating tests/test-debug-r/Makefile
config.status:790: creating tests/test-debug-nr/Makefile
config.status:790: creating tests/test-mem-nr/Makefile
config.status:790: creating tests/test-mem-r/Makefile
config.status:790: creating tests/test-posix/Makefile
config.status:790: creating tests/test-posixly-correct/Makefile
config.status:790: creating tests/test-table-opts/Makefile
config.status:790: creating tests/test-c++-basic/Makefile
config.status:790: creating tests/test-bison-nr/Makefile
config.status:790: creating tests/test-reject/Makefile
config.status:790: creating tests/test-c++-multiple-scanners/Makefile
config.status:790: creating tests/test-top/Makefile
config.status:790: creating tests/test-rescan-nr/Makefile
config.status:790: creating tests/test-rescan-r/Makefile
config.status:790: creating tests/test-quotes/Makefile
config.status:790: creating tests/test-ccl/Makefile
config.status:790: creating tests/test-extended/Makefile
config.status:790: creating tests/test-c++-yywrap/Makefile
config.status:790: creating tests/test-concatenated-options/Makefile
config.status:894: creating config.h
config.status:1274: executing default-1 commands
config.status:1274: executing depfiles commands

## ---------------- ##
## Cache variables. ##
## ---------------- ##

ac_cv_build=i686-pc-linux-gnu
ac_cv_build_alias=i686-pc-linux-gnu
ac_cv_c_compiler_gnu=yes
ac_cv_c_const=yes
ac_cv_cxx_compiler_gnu=yes
ac_cv_env_CC_set=
ac_cv_env_CC_value=
ac_cv_env_CFLAGS_set=
ac_cv_env_CFLAGS_value=
ac_cv_env_CPPFLAGS_set=
ac_cv_env_CPPFLAGS_value=
ac_cv_env_CPP_set=
ac_cv_env_CPP_value=
ac_cv_env_CXXFLAGS_set=
ac_cv_env_CXXFLAGS_value=
ac_cv_env_CXX_set=
ac_cv_env_CXX_value=
ac_cv_env_LDFLAGS_set=
ac_cv_env_LDFLAGS_value=
ac_cv_env_build_alias_set=
ac_cv_env_build_alias_value=
ac_cv_env_host_alias_set=set
ac_cv_env_host_alias_value=mips-linux
ac_cv_env_target_alias_set=
ac_cv_env_target_alias_value=
ac_cv_exeext=
ac_cv_func_alloca_works=yes
ac_cv_func_dup2=yes
ac_cv_func_fork=yes
ac_cv_func_fork_works=yes
ac_cv_func_isascii=yes
ac_cv_func_malloc_0_nonnull=no
ac_cv_func_memset=yes
ac_cv_func_pow=yes
ac_cv_func_realloc_0_nonnull=no
ac_cv_func_regcomp=yes
ac_cv_func_setlocale=yes
ac_cv_func_strchr=yes
ac_cv_func_strtol=yes
ac_cv_func_vfork=yes
ac_cv_func_vfork_works=yes
ac_cv_header_inttypes_h=yes
ac_cv_header_libintl_h=no
ac_cv_header_limits_h=yes
ac_cv_header_locale_h=yes
ac_cv_header_malloc_h=yes
ac_cv_header_memory_h=yes
ac_cv_header_netinet_in_h=yes
ac_cv_header_pthread_h=yes
ac_cv_header_stdbool_h=yes
ac_cv_header_stdc=yes
ac_cv_header_stddef_h=yes
ac_cv_header_stdint_h=yes
ac_cv_header_stdlib_h=yes
ac_cv_header_string_h=yes
ac_cv_header_strings_h=yes
ac_cv_header_sys_stat_h=yes
ac_cv_header_sys_types_h=yes
ac_cv_header_sys_wait_h=yes
ac_cv_header_unistd_h=yes
ac_cv_header_vfork_h=no
ac_cv_host=mips-unknown-linux-gnu
ac_cv_host_alias=mips-linux
ac_cv_lib_fl_yywrap=yes
ac_cv_lib_m_log10=yes
ac_cv_lib_pthread_pthread_mutex_lock=yes
ac_cv_objext=o
ac_cv_path_BISON=/usr/bin/bison
ac_cv_path_GMSGFMT=/usr/bin/msgfmt
ac_cv_path_HELP2MAN=help2man
ac_cv_path_INDENT=/usr/bin/indent
ac_cv_path_M4=/usr/bin/m4
ac_cv_path_MSGFMT=/usr/bin/msgfmt
ac_cv_path_MSGMERGE=/usr/bin/msgmerge
ac_cv_path_XGETTEXT=/usr/bin/xgettext
ac_cv_path_install='/usr/bin/install -c'
ac_cv_prog_AWK=gawk
ac_cv_prog_CC=mips-linux-gcc
ac_cv_prog_CPP='mips-linux-gcc -E'
ac_cv_prog_CXX=mips-linux-g++
ac_cv_prog_LEX=flex
ac_cv_prog_RANLIB=mips-linux-ranlib
ac_cv_prog_STRIP=mips-linux-strip
ac_cv_prog_YACC='bison -y'
ac_cv_prog_cc_g=yes
ac_cv_prog_cc_stdc=
ac_cv_prog_cxx_g=yes
ac_cv_prog_egrep='grep -E'
ac_cv_prog_lex_root=lex.yy
ac_cv_prog_lex_yytext_pointer=yes
ac_cv_prog_make_make_set=yes
ac_cv_type__Bool=yes
ac_cv_type_pid_t=yes
ac_cv_type_size_t=yes
ac_cv_working_alloca_h=yes
acl_cv_hardcode_direct=no
acl_cv_hardcode_libdir_flag_spec='${wl}-rpath ${wl}$libdir'
acl_cv_hardcode_libdir_separator=
acl_cv_hardcode_minus_L=no
acl_cv_libext=a
acl_cv_path_LD=/opt/trendchip/mips-linux26/mips-linux/bin/ld
acl_cv_prog_gnu_ld=yes
acl_cv_rpath=done
acl_cv_shlibext=so
acl_cv_wl=-Wl,
am_cv_CC_dependencies_compiler_type=gcc3
am_cv_CXX_dependencies_compiler_type=gcc3
am_cv_func_iconv=yes
am_cv_lib_iconv=no
gt_cv_func_gnugettext1_libc=no
gt_cv_func_gnugettext1_libintl=no

## ----------------- ##
## Output variables. ##
## ----------------- ##

ACLOCAL='${SHELL} /home/user/socsw/jlliu_nj/Projects/IPv6/flex-2.5.35/missing --run aclocal-1.9'
ALLOCA=''
AMDEPBACKSLASH='\'
AMDEP_FALSE='#'
AMDEP_TRUE=''
AMTAR='${SHELL} /home/user/socsw/jlliu_nj/Projects/IPv6/flex-2.5.35/missing --run tar'
AUTOCONF='${SHELL} /home/user/socsw/jlliu_nj/Projects/IPv6/flex-2.5.35/missing --run autoconf'
AUTOHEADER='${SHELL} /home/user/socsw/jlliu_nj/Projects/IPv6/flex-2.5.35/missing --run autoheader'
AUTOMAKE='${SHELL} /home/user/socsw/jlliu_nj/Projects/IPv6/flex-2.5.35/missing --run automake-1.9'
AWK='gawk'
BISON='/usr/bin/bison'
CC='mips-linux-gcc'
CCDEPMODE='depmode=gcc3'
CFLAGS='-g -O2'
CPP='mips-linux-gcc -E'
CPPFLAGS=''
CXX='mips-linux-g++'
CXXDEPMODE='depmode=gcc3'
CXXFLAGS='-g -O2'
CYGPATH_W='echo'
DEFS='-DHAVE_CONFIG_H'
DEPDIR='.deps'
ECHO_C=''
ECHO_N='-n'
ECHO_T=''
EGREP='grep -E'
EXEEXT=''
GMSGFMT='/usr/bin/msgfmt'
HELP2MAN='help2man'
INDENT='/usr/bin/indent'
INSTALL_DATA='${INSTALL} -m 644'
INSTALL_PROGRAM='${INSTALL}'
INSTALL_SCRIPT='${INSTALL}'
INSTALL_STRIP_PROGRAM='${SHELL} $(install_sh) -c -s'
INTLLIBS=''
LDFLAGS=''
LEX='flex'
LEXLIB='-lfl'
LEX_OUTPUT_ROOT='lex.yy'
LIBICONV=''
LIBINTL=''
LIBOBJS=' malloc$U.o realloc$U.o'
LIBS='-lm '
LN_S='ln -s'
LTLIBICONV=''
LTLIBINTL=''
LTLIBOBJS=' malloc$U.lo realloc$U.lo'
M4='/usr/bin/m4'
MAKEINFO='${SHELL} /home/user/socsw/jlliu_nj/Projects/IPv6/flex-2.5.35/missing --run makeinfo'
MKINSTALLDIRS='$(top_builddir)/./mkinstalldirs'
MSGFMT='/usr/bin/msgfmt'
MSGMERGE='/usr/bin/msgmerge'
OBJEXT='o'
PACKAGE='flex'
PACKAGE_BUGREPORT='flex-help@lists.sourceforge.net'
PACKAGE_NAME='the fast lexical analyser generator'
PACKAGE_STRING='the fast lexical analyser generator 2.5.35'
PACKAGE_TARNAME='flex'
PACKAGE_VERSION='2.5.35'
PATH_SEPARATOR=':'
POSUB=''
RANLIB='mips-linux-ranlib'
SET_MAKE=''
SHELL='/bin/sh'
STRIP='mips-linux-strip'
USE_NLS='no'
VERSION='2.5.35'
XGETTEXT='/usr/bin/xgettext'
YACC='bison -y'
ac_ct_CC=''
ac_ct_CXX=''
ac_ct_RANLIB=''
ac_ct_STRIP=''
am__fastdepCC_FALSE='#'
am__fastdepCC_TRUE=''
am__fastdepCXX_FALSE='#'
am__fastdepCXX_TRUE=''
am__include='include'
am__leading_dot='.'
am__quote=''
am__tar='${AMTAR} chof - "$$tardir"'
am__untar='${AMTAR} xf -'
bindir='${exec_prefix}/bin'
build='i686-pc-linux-gnu'
build_alias=''
build_cpu='i686'
build_os='linux-gnu'
build_vendor='pc'
datadir='${prefix}/share'
exec_prefix='${prefix}'
host='mips-unknown-linux-gnu'
host_alias='mips-linux'
host_cpu='mips'
host_os='linux-gnu'
host_vendor='unknown'
includedir='${prefix}/include'
infodir='${prefix}/info'
install_sh='/home/user/socsw/jlliu_nj/Projects/IPv6/flex-2.5.35/install-sh'
libdir='${exec_prefix}/lib'
libexecdir='${exec_prefix}/libexec'
localstatedir='${prefix}/var'
mandir='${prefix}/man'
mkdir_p='mkdir -p --'
oldincludedir='/usr/include'
prefix='/opt/trendchip/mips-linux26/mips-linux'
program_transform_name='s,x,x,'
sbindir='${exec_prefix}/sbin'
sharedstatedir='${prefix}/com'
sysconfdir='${prefix}/etc'
target_alias=''

## ----------- ##
## confdefs.h. ##
## ----------- ##

#define HAVE_ALLOCA 1
#define HAVE_ALLOCA_H 1
#define HAVE_DUP2 1
#define HAVE_FORK 1
#define HAVE_ICONV 1
#define HAVE_INTTYPES_H 1
#define HAVE_INTTYPES_H 1
#define HAVE_ISASCII 1
#define HAVE_LIBM 1
#define HAVE_LIBPTHREAD 1
#define HAVE_LIMITS_H 1
#define HAVE_LOCALE_H 1
#define HAVE_MALLOC 0
#define HAVE_MALLOC_H 1
#define HAVE_MEMORY_H 1
#define HAVE_MEMSET 1
#define HAVE_NETINET_IN_H 1
#define HAVE_POW 1
#define HAVE_PTHREAD_H 1
#define HAVE_REALLOC 0
#define HAVE_REGCOMP 1
#define HAVE_SETLOCALE 1
#define HAVE_STDBOOL_H 1
#define HAVE_STDDEF_H 1
#define HAVE_STDINT_H 1
#define HAVE_STDLIB_H 1
#define HAVE_STDLIB_H 1
#define HAVE_STDLIB_H 1
#define HAVE_STDLIB_H 1
#define HAVE_STRCHR 1
#define HAVE_STRINGS_H 1
#define HAVE_STRINGS_H 1
#define HAVE_STRING_H 1
#define HAVE_STRING_H 1
#define HAVE_STRTOL 1
#define HAVE_SYS_STAT_H 1
#define HAVE_SYS_TYPES_H 1
#define HAVE_SYS_WAIT_H 1
#define HAVE_UNISTD_H 1
#define HAVE_UNISTD_H 1
#define HAVE_UNISTD_H 1
#define HAVE_VFORK 1
#define HAVE_WORKING_FORK 1
#define HAVE_WORKING_VFORK 1
#define HAVE__BOOL 1
#define M4 "/usr/bin/m4"
#define PACKAGE "flex"
#define PACKAGE_BUGREPORT "flex-help@lists.sourceforge.net"
#define PACKAGE_NAME "the fast lexical analyser generator"
#define PACKAGE_STRING "the fast lexical analyser generator 2.5.35"
#define PACKAGE_TARNAME "flex"
#define PACKAGE_VERSION "2.5.35"
#define STDC_HEADERS 1
#define VERSION "2.5.35"
#define YYTEXT_POINTER 1
#endif
#ifdef __cplusplus
/*#define malloc rpl_malloc*/
/*#define realloc rpl_realloc*/
extern "C" void std::exit (int) throw (); using std::exit;

configure: exit 0
