This file contains any messages produced by compilers while
running configure, to aid debugging if configure makes a mistake.

It was created by iptables configure 1.6.1, which was
generated by GNU Autoconf 2.59.  Invocation command line was

  $ ./configure --host=mips-linux --target=mips-buildroot-linux-uclibc --with-kernel=/proj/mtk13196/Perforce/mbjspf01_3035/ws_chrispp.chen_rel_shct/BBN_Linux/DEV/main/tclinux_phoenix/linux-3.18.21/usr --prefix=/proj/mtk13196/Perforce/mbjspf01_3035/ws_chrispp.chen_rel_shct/BBN_Linux/DEV/main/tclinux_phoenix/app_bsp/bsp_exclusive/public/iptables-1.6.1/install --enable-static --disable-nftables --disable-shared CFLAGS=-msoft-float -fomit-frame-pointer -O2

## --------- ##
## Platform. ##
## --------- ##

hostname = mbjsbbcf02
uname -m = i686
uname -r = 2.6.9-89.ELsmp
uname -s = Linux
uname -v = #1 SMP Mon Apr 20 10:34:33 EDT 2009

/usr/bin/uname -p = unknown
/bin/uname -X     = unknown

/bin/arch              = i686
/usr/bin/arch -k       = unknown
/usr/convex/getsysinfo = unknown
hostinfo               = unknown
/bin/machine           = unknown
/usr/bin/oslevel       = unknown
/bin/universe          = unknown

PATH: /opt/trendchip/mips-linux-uclibc-4.6.3-kernel3.18/usr/bin
PATH: /mtktools/LSF/8/8.0/linux2.6-glibc2.3-x86/bin
PATH: /mtktools/LSF/8/8.0/linux2.6-glibc2.3-x86/etc
PATH: /mtkoss/android_sdk/5.1/x86_64/platform-tools
PATH: /mtkeda/ado/bin/rhel-4.8-i686
PATH: /opt/trendchip/mips-linux-3.4.6/bin
PATH: /opt/trendchip/mips-linux-uclibc/usr/bin
PATH: /opt/CodeSourcery/mips-4.2/bin
PATH: /mtkeda/perforce/linux26x86_2010.2
PATH: /mtkeda/perforce/linux26x86_2010.2/p4v/bin
PATH: /mtkeda/perforce/linux26x86_2014.1
PATH: /mtkeda/perforce/linux26x86_2014.1/p4v/bin
PATH: /mtkoss/lzop/1.03-rhel-4.8/i686
PATH: /mtkoss/cmake/2.8.3-linux/i686/bin
PATH: /mtkoss/ccache/3.1.4-rhel-4.8/i686/bin
PATH: /mtkoss/gcc/3.4.6/i686/bin
PATH: /mtkoss/python/2.6/i686/bin
PATH: /mtkoss/jdk/1.6.0_02/bin
PATH: /mtkeda/perforce/linux26x86_2010.2
PATH: /mtkeda/perforce/linux26x86_2010.2/p4v/bin
PATH: /mtkeda/perforce/linux26x86_2014.1
PATH: /mtkeda/perforce/linux26x86_2014.1/p4v/bin
PATH: /mtkeda/LSF/7.04/7.0/linux2.6-glibc2.3-x86/etc
PATH: /mtkeda/LSF/7.04/7.0/linux2.6-glibc2.3-x86/bin
PATH: /usr/lib/qt-3.3/bin
PATH: /usr/kerberos/bin
PATH: /usr/local/bin
PATH: /bin
PATH: /usr/bin
PATH: /usr/X11R6/bin
PATH: /mtkeda/ado/bin/rhel-4.8-i686
PATH: /mtkeda/IT/bin
PATH: /mtkeda/IT/sbin
PATH: /mtkeda/CI/MtkCheckStyle
PATH: /mtkeda/CI/MtkCheckStyle/MtkCheckStyle
PATH: /mtkeda/apb
PATH: /mtkeda/CI/MtkCheckStyle
PATH: /mtkeda/Utility/LM_daemon/Synopsys/11.6/Linux/amd64/bin
PATH: /proj/mtk13196/bin


## ----------- ##
## Core tests. ##
## ----------- ##

configure:1403: checking for a BSD-compatible install
configure:1458: result: /usr/bin/install -c
configure:1470: checking whether build environment is sane
configure:1513: result: yes
configure:1578: checking for gawk
configure:1594: found /bin/gawk
configure:1604: result: gawk
configure:1614: checking whether make sets $(MAKE)
configure:1634: result: yes
configure:1710: checking for mips-linux-strip
configure:1736: result: mips-buildroot-linux-uclibc-strip
configure:1810: checking for mips-linux-gcc
configure:1836: result: mips-buildroot-linux-uclibc-gcc -mips32r2 -msoft-float
configure:2118: checking for C compiler version
configure:2121: mips-buildroot-linux-uclibc-gcc -mips32r2 -msoft-float --version </dev/null >&5
mips-buildroot-linux-uclibc-gcc (Buildroot 2015.08.1) 4.6.3
Copyright (C) 2011 Free Software Foundation, Inc.
This is free software; see the source for copying conditions.  There is NO
warranty; not even for MERCHANTABILITY or FITNESS FOR A PARTICULAR PURPOSE.

configure:2124: $? = 0
configure:2126: mips-buildroot-linux-uclibc-gcc -mips32r2 -msoft-float -v </dev/null >&5
Using built-in specs.
COLLECT_GCC=mips-buildroot-linux-uclibc-gcc
COLLECT_LTO_WRAPPER=/mtkeda/bbn/trendchip/mips-linux-uclibc-4.6.3-kernel3.18/usr/bin/../libexec/gcc/mips-buildroot-linux-uclibc/4.6.3/lto-wrapper
Target: mips-buildroot-linux-uclibc
Configured with: ./configure --prefix=/opt/trendchip/mips-linux-uclibc-4.6.3-kernel3.18/usr --sysconfdir=/opt/trendchip/mips-linux-uclibc-4.6.3-kernel3.18/etc --enable-static --target=mips-buildroot-linux-uclibc --with-sysroot=/opt/trendchip/mips-linux-uclibc-4.6.3-kernel3.18/usr/mips-buildroot-linux-uclibc/sysroot --disable-__cxa_atexit --with-gnu-ld --disable-libssp --disable-multilib --with-gmp=/opt/trendchip/mips-linux-uclibc-4.6.3-kernel3.18/usr --with-mpfr=/opt/trendchip/mips-linux-uclibc-4.6.3-kernel3.18/usr --with-pkgversion='Buildroot 2015.08.1' --with-bugurl=http://bugs.buildroot.net/ --disable-libsanitizer --enable-tls --disable-libmudflap --enable-threads --with-mpc=/opt/trendchip/mips-linux-uclibc-4.6.3-kernel3.18/usr --without-isl --without-cloog --with-float=soft --disable-decimal-float --with-arch=mips32r2 --with-abi=32 --enable-languages=c,c++ --enable-poison-system-directories --with-build-time-tools=/opt/trendchip/mips-linux-uclibc-4.6.3-kernel3.18/usr/mips-buildroot-linux-uclibc/bin --enable-shared --disable-libgomp
Thread model: posix
gcc version 4.6.3 (Buildroot 2015.08.1) 
configure:2129: $? = 0
configure:2131: mips-buildroot-linux-uclibc-gcc -mips32r2 -msoft-float -V </dev/null >&5
mips-buildroot-linux-uclibc-gcc: error: unrecognized option '-V'
mips-buildroot-linux-uclibc-gcc: fatal error: no input files
compilation terminated.
configure:2134: $? = 1
configure:2157: checking for C compiler default output file name
configure:2160: mips-buildroot-linux-uclibc-gcc -mips32r2 -msoft-float -msoft-float -fomit-frame-pointer -O2   conftest.c  >&5
configure:2163: $? = 0
configure:2209: result: a.out
configure:2214: checking whether the C compiler works
configure:2220: ./a.out
./configure: line 2221: ./a.out: cannot execute binary file
configure:2223: $? = 126
configure:2240: result: yes
configure:2247: checking whether we are cross compiling
configure:2249: result: yes
configure:2252: checking for suffix of executables
configure:2254: mips-buildroot-linux-uclibc-gcc -mips32r2 -msoft-float -o conftest -msoft-float -fomit-frame-pointer -O2   conftest.c  >&5
configure:2257: $? = 0
configure:2282: result: 
configure:2288: checking for suffix of object files
configure:2309: mips-buildroot-linux-uclibc-gcc -mips32r2 -msoft-float -c -msoft-float -fomit-frame-pointer -O2  conftest.c >&5
configure:2312: $? = 0
configure:2334: result: o
configure:2338: checking whether we are using the GNU C compiler
configure:2362: mips-buildroot-linux-uclibc-gcc -mips32r2 -msoft-float -c -msoft-float -fomit-frame-pointer -O2  conftest.c >&5
configure:2368: $? = 0
configure:2372: test -z 
			 || test ! -s conftest.err
configure:2375: $? = 0
configure:2378: test -s conftest.o
configure:2381: $? = 0
configure:2394: result: yes
configure:2400: checking whether mips-buildroot-linux-uclibc-gcc -mips32r2 -msoft-float accepts -g
configure:2421: mips-buildroot-linux-uclibc-gcc -mips32r2 -msoft-float -c -g  conftest.c >&5
configure:2427: $? = 0
configure:2431: test -z 
			 || test ! -s conftest.err
configure:2434: $? = 0
configure:2437: test -s conftest.o
configure:2440: $? = 0
configure:2451: result: yes
configure:2468: checking for mips-buildroot-linux-uclibc-gcc -mips32r2 -msoft-float option to accept ANSI C
configure:2538: mips-buildroot-linux-uclibc-gcc -mips32r2 -msoft-float  -c -msoft-float -fomit-frame-pointer -O2  conftest.c >&5
configure:2544: $? = 0
configure:2548: test -z 
			 || test ! -s conftest.err
configure:2551: $? = 0
configure:2554: test -s conftest.o
configure:2557: $? = 0
configure:2575: result: none needed
configure:2593: mips-buildroot-linux-uclibc-gcc -mips32r2 -msoft-float -c -msoft-float -fomit-frame-pointer -O2  conftest.c >&5
conftest.c:2:3: error: unknown type name 'choke'
conftest.c:2:3: error: expected '=', ',', ';', 'asm' or '__attribute__' at end of input
configure:2599: $? = 1
configure: failed program was:
| #ifndef __cplusplus
|   choke me
| #endif
configure:2743: checking for style of include used by make
configure:2771: result: GNU
configure:2799: checking dependency style of mips-buildroot-linux-uclibc-gcc -mips32r2 -msoft-float
configure:2889: result: gcc3
configure:2907: checking whether mips-buildroot-linux-uclibc-gcc -mips32r2 -msoft-float and cc understand -c and -o together
configure:2937: mips-buildroot-linux-uclibc-gcc -mips32r2 -msoft-float -c conftest.c -o conftest.o >&5
configure:2940: $? = 0
configure:2942: mips-buildroot-linux-uclibc-gcc -mips32r2 -msoft-float -c conftest.c -o conftest.o >&5
configure:2945: $? = 0
configure:2952: cc -c conftest.c >&5
configure:2955: $? = 0
configure:2958: cc -c conftest.c -o conftest.o >&5
configure:2961: $? = 0
configure:2963: cc -c conftest.c -o conftest.o >&5
configure:2966: $? = 0
configure:2984: result: yes
configure:3072: checking build system type
configure:3090: result: i686-pc-linux-gnu
configure:3098: checking host system type
configure:3112: result: mips-unknown-linux-gnu
configure:3141: checking how to print strings
configure:3168: result: printf
configure:3189: checking for a sed that does not truncate output
configure:3245: result: /bin/sed
configure:3261: checking for egrep
configure:3271: result: grep -E
configure:3276: checking for fgrep
configure:3286: result: grep -F
configure:3321: checking for ld used by mips-buildroot-linux-uclibc-gcc -mips32r2 -msoft-float
configure:3388: result: mips-buildroot-linux-uclibc-ld
configure:3397: checking if the linker (mips-buildroot-linux-uclibc-ld) is GNU ld
configure:3412: result: yes
configure:3424: checking for BSD- or MS-compatible name lister (nm)
configure:3473: result: /opt/trendchip/mips-linux-uclibc-4.6.3-kernel3.18/usr/bin/mips-linux-nm -B
configure:3590: checking the name lister (/opt/trendchip/mips-linux-uclibc-4.6.3-kernel3.18/usr/bin/mips-linux-nm -B) interface
configure:3597: mips-buildroot-linux-uclibc-gcc -mips32r2 -msoft-float -c -msoft-float -fomit-frame-pointer -O2  conftest.c >&5
configure:3600: /opt/trendchip/mips-linux-uclibc-4.6.3-kernel3.18/usr/bin/mips-linux-nm -B "conftest.o"
configure:3603: output
00000000 B some_variable
configure:3610: result: BSD nm
configure:3613: checking whether ln -s works
configure:3617: result: yes
configure:3625: checking the maximum length of command line arguments
configure:3750: result: 98304
configure:3767: checking whether the shell understands some XSI constructs
configure:3777: result: yes
configure:3781: checking whether the shell understands "+="
configure:3787: result: no
configure:3822: checking for mips-buildroot-linux-uclibc-ld option to reload object files
configure:3829: result: -r
configure:3858: checking for mips-linux-objdump
configure:3874: found /opt/trendchip/mips-linux-uclibc-4.6.3-kernel3.18/usr/bin/mips-linux-objdump
configure:3884: result: mips-linux-objdump
configure:3945: checking how to recognize dependent libraries
configure:4147: result: pass_all
configure:4167: checking for mips-linux-ar
configure:4193: result: mips-buildroot-linux-uclibc-ar
configure:4260: checking for mips-linux-strip
configure:4286: result: mips-buildroot-linux-uclibc-strip
configure:4347: checking for mips-linux-ranlib
configure:4363: found /opt/trendchip/mips-linux-uclibc-4.6.3-kernel3.18/usr/bin/mips-linux-ranlib
configure:4373: result: mips-linux-ranlib
configure:4504: checking command to parse /opt/trendchip/mips-linux-uclibc-4.6.3-kernel3.18/usr/bin/mips-linux-nm -B output from mips-buildroot-linux-uclibc-gcc -mips32r2 -msoft-float object
configure:4622: mips-buildroot-linux-uclibc-gcc -mips32r2 -msoft-float -c -msoft-float -fomit-frame-pointer -O2  conftest.c >&5
configure:4625: $? = 0
configure:4629: /opt/trendchip/mips-linux-uclibc-4.6.3-kernel3.18/usr/bin/mips-linux-nm -B conftest.o \| sed -n -e 's/^.*[ ]\([ABCDGIRSTW][ABCDGIRSTW]*\)[ ][ ]*\([_A-Za-z][_A-Za-z0-9]*\)$/\1 \2 \2/p' \> conftest.nm
configure:4632: $? = 0
configure:4686: mips-buildroot-linux-uclibc-gcc -mips32r2 -msoft-float -o conftest -msoft-float -fomit-frame-pointer -O2   conftest.c conftstm.o >&5
configure:4689: $? = 0
configure:4727: result: ok
configure:5564: checking how to run the C preprocessor
configure:5599: mips-buildroot-linux-uclibc-gcc -mips32r2 -msoft-float -E  conftest.c
configure:5605: $? = 0
configure:5637: mips-buildroot-linux-uclibc-gcc -mips32r2 -msoft-float -E  conftest.c
conftest.c:11:28: fatal error: ac_nonexistent.h: No such file or directory
compilation terminated.
configure:5643: $? = 1
configure: failed program was:
| /* confdefs.h.  */
| 
| #define PACKAGE_NAME "iptables"
| #define PACKAGE_TARNAME "iptables"
| #define PACKAGE_VERSION "1.6.1"
| #define PACKAGE_STRING "iptables 1.6.1"
| #define PACKAGE_BUGREPORT ""
| #define PACKAGE "iptables"
| #define VERSION "1.6.1"
| /* end confdefs.h.  */
| #include <ac_nonexistent.h>
configure:5682: result: mips-buildroot-linux-uclibc-gcc -mips32r2 -msoft-float -E
configure:5706: mips-buildroot-linux-uclibc-gcc -mips32r2 -msoft-float -E  conftest.c
configure:5712: $? = 0
configure:5744: mips-buildroot-linux-uclibc-gcc -mips32r2 -msoft-float -E  conftest.c
conftest.c:11:28: fatal error: ac_nonexistent.h: No such file or directory
compilation terminated.
configure:5750: $? = 1
configure: failed program was:
| /* confdefs.h.  */
| 
| #define PACKAGE_NAME "iptables"
| #define PACKAGE_TARNAME "iptables"
| #define PACKAGE_VERSION "1.6.1"
| #define PACKAGE_STRING "iptables 1.6.1"
| #define PACKAGE_BUGREPORT ""
| #define PACKAGE "iptables"
| #define VERSION "1.6.1"
| /* end confdefs.h.  */
| #include <ac_nonexistent.h>
configure:5794: checking for ANSI C header files
configure:5819: mips-buildroot-linux-uclibc-gcc -mips32r2 -msoft-float -c -msoft-float -fomit-frame-pointer -O2  conftest.c >&5
configure:5825: $? = 0
configure:5829: test -z 
			 || test ! -s conftest.err
configure:5832: $? = 0
configure:5835: test -s conftest.o
configure:5838: $? = 0
configure:5950: result: yes
configure:5974: checking for sys/types.h
configure:5990: mips-buildroot-linux-uclibc-gcc -mips32r2 -msoft-float -c -msoft-float -fomit-frame-pointer -O2  conftest.c >&5
configure:5996: $? = 0
configure:6000: test -z 
			 || test ! -s conftest.err
configure:6003: $? = 0
configure:6006: test -s conftest.o
configure:6009: $? = 0
configure:6020: result: yes
configure:5974: checking for sys/stat.h
configure:5990: mips-buildroot-linux-uclibc-gcc -mips32r2 -msoft-float -c -msoft-float -fomit-frame-pointer -O2  conftest.c >&5
configure:5996: $? = 0
configure:6000: test -z 
			 || test ! -s conftest.err
configure:6003: $? = 0
configure:6006: test -s conftest.o
configure:6009: $? = 0
configure:6020: result: yes
configure:5974: checking for stdlib.h
configure:5990: mips-buildroot-linux-uclibc-gcc -mips32r2 -msoft-float -c -msoft-float -fomit-frame-pointer -O2  conftest.c >&5
configure:5996: $? = 0
configure:6000: test -z 
			 || test ! -s conftest.err
configure:6003: $? = 0
configure:6006: test -s conftest.o
configure:6009: $? = 0
configure:6020: result: yes
configure:5974: checking for string.h
configure:5990: mips-buildroot-linux-uclibc-gcc -mips32r2 -msoft-float -c -msoft-float -fomit-frame-pointer -O2  conftest.c >&5
configure:5996: $? = 0
configure:6000: test -z 
			 || test ! -s conftest.err
configure:6003: $? = 0
configure:6006: test -s conftest.o
configure:6009: $? = 0
configure:6020: result: yes
configure:5974: checking for memory.h
configure:5990: mips-buildroot-linux-uclibc-gcc -mips32r2 -msoft-float -c -msoft-float -fomit-frame-pointer -O2  conftest.c >&5
configure:5996: $? = 0
configure:6000: test -z 
			 || test ! -s conftest.err
configure:6003: $? = 0
configure:6006: test -s conftest.o
configure:6009: $? = 0
configure:6020: result: yes
configure:5974: checking for strings.h
configure:5990: mips-buildroot-linux-uclibc-gcc -mips32r2 -msoft-float -c -msoft-float -fomit-frame-pointer -O2  conftest.c >&5
configure:5996: $? = 0
configure:6000: test -z 
			 || test ! -s conftest.err
configure:6003: $? = 0
configure:6006: test -s conftest.o
configure:6009: $? = 0
configure:6020: result: yes
configure:5974: checking for inttypes.h
configure:5990: mips-buildroot-linux-uclibc-gcc -mips32r2 -msoft-float -c -msoft-float -fomit-frame-pointer -O2  conftest.c >&5
configure:5996: $? = 0
configure:6000: test -z 
			 || test ! -s conftest.err
configure:6003: $? = 0
configure:6006: test -s conftest.o
configure:6009: $? = 0
configure:6020: result: yes
configure:5974: checking for stdint.h
configure:5990: mips-buildroot-linux-uclibc-gcc -mips32r2 -msoft-float -c -msoft-float -fomit-frame-pointer -O2  conftest.c >&5
configure:5996: $? = 0
configure:6000: test -z 
			 || test ! -s conftest.err
configure:6003: $? = 0
configure:6006: test -s conftest.o
configure:6009: $? = 0
configure:6020: result: yes
configure:5974: checking for unistd.h
configure:5990: mips-buildroot-linux-uclibc-gcc -mips32r2 -msoft-float -c -msoft-float -fomit-frame-pointer -O2  conftest.c >&5
configure:5996: $? = 0
configure:6000: test -z 
			 || test ! -s conftest.err
configure:6003: $? = 0
configure:6006: test -s conftest.o
configure:6009: $? = 0
configure:6020: result: yes
configure:6036: checking for dlfcn.h
configure:6052: mips-buildroot-linux-uclibc-gcc -mips32r2 -msoft-float -c -msoft-float -fomit-frame-pointer -O2  conftest.c >&5
configure:6058: $? = 0
configure:6062: test -z 
			 || test ! -s conftest.err
configure:6065: $? = 0
configure:6068: test -s conftest.o
configure:6071: $? = 0
configure:6082: result: yes
configure:6239: checking for objdir
configure:6254: result: .libs
configure:6525: checking if mips-buildroot-linux-uclibc-gcc -mips32r2 -msoft-float supports -fno-rtti -fno-exceptions
configure:6543: mips-buildroot-linux-uclibc-gcc -mips32r2 -msoft-float -c -msoft-float -fomit-frame-pointer -O2  -fno-rtti -fno-exceptions conftest.c >&5
cc1: warning: command line option '-fno-rtti' is valid for C++/ObjC++ but not for C [enabled by default]
configure:6547: $? = 0
configure:6560: result: no
configure:6580: checking for mips-buildroot-linux-uclibc-gcc -mips32r2 -msoft-float option to produce PIC
configure:6865: result: -fPIC -DPIC
configure:6877: checking if mips-buildroot-linux-uclibc-gcc -mips32r2 -msoft-float PIC flag -fPIC -DPIC works
configure:6895: mips-buildroot-linux-uclibc-gcc -mips32r2 -msoft-float -c -msoft-float -fomit-frame-pointer -O2  -fPIC -DPIC -DPIC conftest.c >&5
configure:6899: $? = 0
configure:6912: result: yes
configure:6936: checking if mips-buildroot-linux-uclibc-gcc -mips32r2 -msoft-float static flag -static works
configure:6964: result: yes
configure:6979: checking if mips-buildroot-linux-uclibc-gcc -mips32r2 -msoft-float supports -c -o file.o
configure:7000: mips-buildroot-linux-uclibc-gcc -mips32r2 -msoft-float -c -msoft-float -fomit-frame-pointer -O2  -o out/conftest2.o conftest.c >&5
configure:7004: $? = 0
configure:7026: result: yes
configure:7034: checking if mips-buildroot-linux-uclibc-gcc -mips32r2 -msoft-float supports -c -o file.o
configure:7081: result: yes
configure:7114: checking whether the mips-buildroot-linux-uclibc-gcc -mips32r2 -msoft-float linker (mips-buildroot-linux-uclibc-ld) supports shared libraries
configure:8271: result: yes
configure:8516: checking dynamic linker characteristics
configure:8976: mips-buildroot-linux-uclibc-gcc -mips32r2 -msoft-float -o conftest -msoft-float -fomit-frame-pointer -O2   -Wl,-rpath -Wl,/foo conftest.c  >&5
configure:8982: $? = 0
configure:8986: test -z 
			 || test ! -s conftest.err
configure:8989: $? = 0
configure:8992: test -s conftest
configure:8995: $? = 0
configure:9223: result: GNU/Linux ld.so
configure:9330: checking how to hardcode library paths into programs
configure:9355: result: immediate
configure:10213: checking whether stripping libraries is possible
configure:10218: result: yes
configure:10253: checking if libtool supports shared libraries
configure:10255: result: yes
configure:10258: checking whether to build shared libraries
configure:10279: result: no
configure:10282: checking whether to build static libraries
configure:10286: result: yes
configure:10422: checking whether the linker accepts -Wl,--no-as-needed
configure:10446: mips-buildroot-linux-uclibc-gcc -mips32r2 -msoft-float -o conftest -msoft-float -fomit-frame-pointer -O2  -Wl,--no-as-needed conftest.c  >&5
configure:10452: $? = 0
configure:10456: test -z 
			 || test ! -s conftest.err
configure:10459: $? = 0
configure:10462: test -s conftest
configure:10465: $? = 0
configure:10480: result: yes
configure:10490: checking whether mips-buildroot-linux-uclibc-ld knows -Wl,--no-undefined
configure:10503: mips-buildroot-linux-uclibc-gcc -mips32r2 -msoft-float -o conftest -msoft-float -fomit-frame-pointer -O2  -Wl,--no-undefined conftest.c  >&5
configure:10509: $? = 0
configure:10513: test -z 
			 || test ! -s conftest.err
configure:10516: $? = 0
configure:10519: test -s conftest
configure:10522: $? = 0
configure:10524: result: yes
configure:10563: checking linux/dccp.h usability
configure:10575: mips-buildroot-linux-uclibc-gcc -mips32r2 -msoft-float -c -msoft-float -fomit-frame-pointer -O2  conftest.c >&5
configure:10581: $? = 0
configure:10585: test -z 
			 || test ! -s conftest.err
configure:10588: $? = 0
configure:10591: test -s conftest.o
configure:10594: $? = 0
configure:10604: result: yes
configure:10608: checking linux/dccp.h presence
configure:10618: mips-buildroot-linux-uclibc-gcc -mips32r2 -msoft-float -E  conftest.c
configure:10624: $? = 0
configure:10644: result: yes
configure:10679: checking for linux/dccp.h
configure:10686: result: yes
configure:10563: checking linux/ip_vs.h usability
configure:10575: mips-buildroot-linux-uclibc-gcc -mips32r2 -msoft-float -c -msoft-float -fomit-frame-pointer -O2  conftest.c >&5
configure:10581: $? = 0
configure:10585: test -z 
			 || test ! -s conftest.err
configure:10588: $? = 0
configure:10591: test -s conftest.o
configure:10594: $? = 0
configure:10604: result: yes
configure:10608: checking linux/ip_vs.h presence
configure:10618: mips-buildroot-linux-uclibc-gcc -mips32r2 -msoft-float -E  conftest.c
configure:10624: $? = 0
configure:10644: result: yes
configure:10679: checking for linux/ip_vs.h
configure:10686: result: yes
configure:10563: checking linux/magic.h usability
configure:10575: mips-buildroot-linux-uclibc-gcc -mips32r2 -msoft-float -c -msoft-float -fomit-frame-pointer -O2  conftest.c >&5
configure:10581: $? = 0
configure:10585: test -z 
			 || test ! -s conftest.err
configure:10588: $? = 0
configure:10591: test -s conftest.o
configure:10594: $? = 0
configure:10604: result: yes
configure:10608: checking linux/magic.h presence
configure:10618: mips-buildroot-linux-uclibc-gcc -mips32r2 -msoft-float -E  conftest.c
configure:10624: $? = 0
configure:10644: result: yes
configure:10679: checking for linux/magic.h
configure:10686: result: yes
configure:10563: checking linux/proc_fs.h usability
configure:10575: mips-buildroot-linux-uclibc-gcc -mips32r2 -msoft-float -c -msoft-float -fomit-frame-pointer -O2  conftest.c >&5
conftest.c:60:27: fatal error: linux/proc_fs.h: No such file or directory
compilation terminated.
configure:10581: $? = 1
configure: failed program was:
| /* confdefs.h.  */
| 
| #define PACKAGE_NAME "iptables"
| #define PACKAGE_TARNAME "iptables"
| #define PACKAGE_VERSION "1.6.1"
| #define PACKAGE_STRING "iptables 1.6.1"
| #define PACKAGE_BUGREPORT ""
| #define PACKAGE "iptables"
| #define VERSION "1.6.1"
| #define STDC_HEADERS 1
| #define HAVE_SYS_TYPES_H 1
| #define HAVE_SYS_STAT_H 1
| #define HAVE_STDLIB_H 1
| #define HAVE_STRING_H 1
| #define HAVE_MEMORY_H 1
| #define HAVE_STRINGS_H 1
| #define HAVE_INTTYPES_H 1
| #define HAVE_STDINT_H 1
| #define HAVE_UNISTD_H 1
| #define HAVE_DLFCN_H 1
| #define LT_OBJDIR ".libs/"
| #define HAVE_LINUX_DCCP_H 1
| #define HAVE_LINUX_IP_VS_H 1
| #define HAVE_LINUX_MAGIC_H 1
| /* end confdefs.h.  */
| #include <stdio.h>
| #if HAVE_SYS_TYPES_H
| # include <sys/types.h>
| #endif
| #if HAVE_SYS_STAT_H
| # include <sys/stat.h>
| #endif
| #if STDC_HEADERS
| # include <stdlib.h>
| # include <stddef.h>
| #else
| # if HAVE_STDLIB_H
| #  include <stdlib.h>
| # endif
| #endif
| #if HAVE_STRING_H
| # if !STDC_HEADERS && HAVE_MEMORY_H
| #  include <memory.h>
| # endif
| # include <string.h>
| #endif
| #if HAVE_STRINGS_H
| # include <strings.h>
| #endif
| #if HAVE_INTTYPES_H
| # include <inttypes.h>
| #else
| # if HAVE_STDINT_H
| #  include <stdint.h>
| # endif
| #endif
| #if HAVE_UNISTD_H
| # include <unistd.h>
| #endif
| #include <linux/proc_fs.h>
configure:10604: result: no
configure:10608: checking linux/proc_fs.h presence
configure:10618: mips-buildroot-linux-uclibc-gcc -mips32r2 -msoft-float -E  conftest.c
conftest.c:26:27: fatal error: linux/proc_fs.h: No such file or directory
compilation terminated.
configure:10624: $? = 1
configure: failed program was:
| /* confdefs.h.  */
| 
| #define PACKAGE_NAME "iptables"
| #define PACKAGE_TARNAME "iptables"
| #define PACKAGE_VERSION "1.6.1"
| #define PACKAGE_STRING "iptables 1.6.1"
| #define PACKAGE_BUGREPORT ""
| #define PACKAGE "iptables"
| #define VERSION "1.6.1"
| #define STDC_HEADERS 1
| #define HAVE_SYS_TYPES_H 1
| #define HAVE_SYS_STAT_H 1
| #define HAVE_STDLIB_H 1
| #define HAVE_STRING_H 1
| #define HAVE_MEMORY_H 1
| #define HAVE_STRINGS_H 1
| #define HAVE_INTTYPES_H 1
| #define HAVE_STDINT_H 1
| #define HAVE_UNISTD_H 1
| #define HAVE_DLFCN_H 1
| #define LT_OBJDIR ".libs/"
| #define HAVE_LINUX_DCCP_H 1
| #define HAVE_LINUX_IP_VS_H 1
| #define HAVE_LINUX_MAGIC_H 1
| /* end confdefs.h.  */
| #include <linux/proc_fs.h>
configure:10644: result: no
configure:10679: checking for linux/proc_fs.h
configure:10686: result: no
configure:10563: checking linux/bpf.h usability
configure:10575: mips-buildroot-linux-uclibc-gcc -mips32r2 -msoft-float -c -msoft-float -fomit-frame-pointer -O2  conftest.c >&5
configure:10581: $? = 0
configure:10585: test -z 
			 || test ! -s conftest.err
configure:10588: $? = 0
configure:10591: test -s conftest.o
configure:10594: $? = 0
configure:10604: result: yes
configure:10608: checking linux/bpf.h presence
configure:10618: mips-buildroot-linux-uclibc-gcc -mips32r2 -msoft-float -E  conftest.c
configure:10624: $? = 0
configure:10644: result: yes
configure:10679: checking for linux/bpf.h
configure:10686: result: yes
configure:10706: checking for struct ip6_hdr
configure:10731: mips-buildroot-linux-uclibc-gcc -mips32r2 -msoft-float -c -msoft-float -fomit-frame-pointer -O2  conftest.c >&5
configure:10737: $? = 0
configure:10741: test -z 
			 || test ! -s conftest.err
configure:10744: $? = 0
configure:10747: test -s conftest.o
configure:10750: $? = 0
configure:10761: result: yes
configure:10764: checking size of struct ip6_hdr
configure:10795: mips-buildroot-linux-uclibc-gcc -mips32r2 -msoft-float -c -msoft-float -fomit-frame-pointer -O2  conftest.c >&5
configure:10801: $? = 0
configure:10805: test -z 
			 || test ! -s conftest.err
configure:10808: $? = 0
configure:10811: test -s conftest.o
configure:10814: $? = 0
configure:10837: mips-buildroot-linux-uclibc-gcc -mips32r2 -msoft-float -c -msoft-float -fomit-frame-pointer -O2  conftest.c >&5
conftest.c: In function 'main':
conftest.c:32:12: error: size of array 'test_array' is negative
configure:10843: $? = 1
configure: failed program was:
| /* confdefs.h.  */
| 
| #define PACKAGE_NAME "iptables"
| #define PACKAGE_TARNAME "iptables"
| #define PACKAGE_VERSION "1.6.1"
| #define PACKAGE_STRING "iptables 1.6.1"
| #define PACKAGE_BUGREPORT ""
| #define PACKAGE "iptables"
| #define VERSION "1.6.1"
| #define STDC_HEADERS 1
| #define HAVE_SYS_TYPES_H 1
| #define HAVE_SYS_STAT_H 1
| #define HAVE_STDLIB_H 1
| #define HAVE_STRING_H 1
| #define HAVE_MEMORY_H 1
| #define HAVE_STRINGS_H 1
| #define HAVE_INTTYPES_H 1
| #define HAVE_STDINT_H 1
| #define HAVE_UNISTD_H 1
| #define HAVE_DLFCN_H 1
| #define LT_OBJDIR ".libs/"
| #define HAVE_LINUX_DCCP_H 1
| #define HAVE_LINUX_IP_VS_H 1
| #define HAVE_LINUX_MAGIC_H 1
| #define HAVE_LINUX_BPF_H 1
| /* end confdefs.h.  */
| #include <netinet/ip6.h>
| 
| int
| main ()
| {
| static int test_array [1 - 2 * !(((long) (sizeof (struct ip6_hdr))) <= 0)];
| test_array [0] = 0
| 
|   ;
|   return 0;
| }
configure:10837: mips-buildroot-linux-uclibc-gcc -mips32r2 -msoft-float -c -msoft-float -fomit-frame-pointer -O2  conftest.c >&5
conftest.c: In function 'main':
conftest.c:32:12: error: size of array 'test_array' is negative
configure:10843: $? = 1
configure: failed program was:
| /* confdefs.h.  */
| 
| #define PACKAGE_NAME "iptables"
| #define PACKAGE_TARNAME "iptables"
| #define PACKAGE_VERSION "1.6.1"
| #define PACKAGE_STRING "iptables 1.6.1"
| #define PACKAGE_BUGREPORT ""
| #define PACKAGE "iptables"
| #define VERSION "1.6.1"
| #define STDC_HEADERS 1
| #define HAVE_SYS_TYPES_H 1
| #define HAVE_SYS_STAT_H 1
| #define HAVE_STDLIB_H 1
| #define HAVE_STRING_H 1
| #define HAVE_MEMORY_H 1
| #define HAVE_STRINGS_H 1
| #define HAVE_INTTYPES_H 1
| #define HAVE_STDINT_H 1
| #define HAVE_UNISTD_H 1
| #define HAVE_DLFCN_H 1
| #define LT_OBJDIR ".libs/"
| #define HAVE_LINUX_DCCP_H 1
| #define HAVE_LINUX_IP_VS_H 1
| #define HAVE_LINUX_MAGIC_H 1
| #define HAVE_LINUX_BPF_H 1
| /* end confdefs.h.  */
| #include <netinet/ip6.h>
| 
| int
| main ()
| {
| static int test_array [1 - 2 * !(((long) (sizeof (struct ip6_hdr))) <= 1)];
| test_array [0] = 0
| 
|   ;
|   return 0;
| }
configure:10837: mips-buildroot-linux-uclibc-gcc -mips32r2 -msoft-float -c -msoft-float -fomit-frame-pointer -O2  conftest.c >&5
conftest.c: In function 'main':
conftest.c:32:12: error: size of array 'test_array' is negative
configure:10843: $? = 1
configure: failed program was:
| /* confdefs.h.  */
| 
| #define PACKAGE_NAME "iptables"
| #define PACKAGE_TARNAME "iptables"
| #define PACKAGE_VERSION "1.6.1"
| #define PACKAGE_STRING "iptables 1.6.1"
| #define PACKAGE_BUGREPORT ""
| #define PACKAGE "iptables"
| #define VERSION "1.6.1"
| #define STDC_HEADERS 1
| #define HAVE_SYS_TYPES_H 1
| #define HAVE_SYS_STAT_H 1
| #define HAVE_STDLIB_H 1
| #define HAVE_STRING_H 1
| #define HAVE_MEMORY_H 1
| #define HAVE_STRINGS_H 1
| #define HAVE_INTTYPES_H 1
| #define HAVE_STDINT_H 1
| #define HAVE_UNISTD_H 1
| #define HAVE_DLFCN_H 1
| #define LT_OBJDIR ".libs/"
| #define HAVE_LINUX_DCCP_H 1
| #define HAVE_LINUX_IP_VS_H 1
| #define HAVE_LINUX_MAGIC_H 1
| #define HAVE_LINUX_BPF_H 1
| /* end confdefs.h.  */
| #include <netinet/ip6.h>
| 
| int
| main ()
| {
| static int test_array [1 - 2 * !(((long) (sizeof (struct ip6_hdr))) <= 3)];
| test_array [0] = 0
| 
|   ;
|   return 0;
| }
configure:10837: mips-buildroot-linux-uclibc-gcc -mips32r2 -msoft-float -c -msoft-float -fomit-frame-pointer -O2  conftest.c >&5
conftest.c: In function 'main':
conftest.c:32:12: error: size of array 'test_array' is negative
configure:10843: $? = 1
configure: failed program was:
| /* confdefs.h.  */
| 
| #define PACKAGE_NAME "iptables"
| #define PACKAGE_TARNAME "iptables"
| #define PACKAGE_VERSION "1.6.1"
| #define PACKAGE_STRING "iptables 1.6.1"
| #define PACKAGE_BUGREPORT ""
| #define PACKAGE "iptables"
| #define VERSION "1.6.1"
| #define STDC_HEADERS 1
| #define HAVE_SYS_TYPES_H 1
| #define HAVE_SYS_STAT_H 1
| #define HAVE_STDLIB_H 1
| #define HAVE_STRING_H 1
| #define HAVE_MEMORY_H 1
| #define HAVE_STRINGS_H 1
| #define HAVE_INTTYPES_H 1
| #define HAVE_STDINT_H 1
| #define HAVE_UNISTD_H 1
| #define HAVE_DLFCN_H 1
| #define LT_OBJDIR ".libs/"
| #define HAVE_LINUX_DCCP_H 1
| #define HAVE_LINUX_IP_VS_H 1
| #define HAVE_LINUX_MAGIC_H 1
| #define HAVE_LINUX_BPF_H 1
| /* end confdefs.h.  */
| #include <netinet/ip6.h>
| 
| int
| main ()
| {
| static int test_array [1 - 2 * !(((long) (sizeof (struct ip6_hdr))) <= 7)];
| test_array [0] = 0
| 
|   ;
|   return 0;
| }
configure:10837: mips-buildroot-linux-uclibc-gcc -mips32r2 -msoft-float -c -msoft-float -fomit-frame-pointer -O2  conftest.c >&5
conftest.c: In function 'main':
conftest.c:32:12: error: size of array 'test_array' is negative
configure:10843: $? = 1
configure: failed program was:
| /* confdefs.h.  */
| 
| #define PACKAGE_NAME "iptables"
| #define PACKAGE_TARNAME "iptables"
| #define PACKAGE_VERSION "1.6.1"
| #define PACKAGE_STRING "iptables 1.6.1"
| #define PACKAGE_BUGREPORT ""
| #define PACKAGE "iptables"
| #define VERSION "1.6.1"
| #define STDC_HEADERS 1
| #define HAVE_SYS_TYPES_H 1
| #define HAVE_SYS_STAT_H 1
| #define HAVE_STDLIB_H 1
| #define HAVE_STRING_H 1
| #define HAVE_MEMORY_H 1
| #define HAVE_STRINGS_H 1
| #define HAVE_INTTYPES_H 1
| #define HAVE_STDINT_H 1
| #define HAVE_UNISTD_H 1
| #define HAVE_DLFCN_H 1
| #define LT_OBJDIR ".libs/"
| #define HAVE_LINUX_DCCP_H 1
| #define HAVE_LINUX_IP_VS_H 1
| #define HAVE_LINUX_MAGIC_H 1
| #define HAVE_LINUX_BPF_H 1
| /* end confdefs.h.  */
| #include <netinet/ip6.h>
| 
| int
| main ()
| {
| static int test_array [1 - 2 * !(((long) (sizeof (struct ip6_hdr))) <= 15)];
| test_array [0] = 0
| 
|   ;
|   return 0;
| }
configure:10837: mips-buildroot-linux-uclibc-gcc -mips32r2 -msoft-float -c -msoft-float -fomit-frame-pointer -O2  conftest.c >&5
conftest.c: In function 'main':
conftest.c:32:12: error: size of array 'test_array' is negative
configure:10843: $? = 1
configure: failed program was:
| /* confdefs.h.  */
| 
| #define PACKAGE_NAME "iptables"
| #define PACKAGE_TARNAME "iptables"
| #define PACKAGE_VERSION "1.6.1"
| #define PACKAGE_STRING "iptables 1.6.1"
| #define PACKAGE_BUGREPORT ""
| #define PACKAGE "iptables"
| #define VERSION "1.6.1"
| #define STDC_HEADERS 1
| #define HAVE_SYS_TYPES_H 1
| #define HAVE_SYS_STAT_H 1
| #define HAVE_STDLIB_H 1
| #define HAVE_STRING_H 1
| #define HAVE_MEMORY_H 1
| #define HAVE_STRINGS_H 1
| #define HAVE_INTTYPES_H 1
| #define HAVE_STDINT_H 1
| #define HAVE_UNISTD_H 1
| #define HAVE_DLFCN_H 1
| #define LT_OBJDIR ".libs/"
| #define HAVE_LINUX_DCCP_H 1
| #define HAVE_LINUX_IP_VS_H 1
| #define HAVE_LINUX_MAGIC_H 1
| #define HAVE_LINUX_BPF_H 1
| /* end confdefs.h.  */
| #include <netinet/ip6.h>
| 
| int
| main ()
| {
| static int test_array [1 - 2 * !(((long) (sizeof (struct ip6_hdr))) <= 31)];
| test_array [0] = 0
| 
|   ;
|   return 0;
| }
configure:10837: mips-buildroot-linux-uclibc-gcc -mips32r2 -msoft-float -c -msoft-float -fomit-frame-pointer -O2  conftest.c >&5
configure:10843: $? = 0
configure:10847: test -z 
			 || test ! -s conftest.err
configure:10850: $? = 0
configure:10853: test -s conftest.o
configure:10856: $? = 0
configure:11003: mips-buildroot-linux-uclibc-gcc -mips32r2 -msoft-float -c -msoft-float -fomit-frame-pointer -O2  conftest.c >&5
configure:11009: $? = 0
configure:11013: test -z 
			 || test ! -s conftest.err
configure:11016: $? = 0
configure:11019: test -s conftest.o
configure:11022: $? = 0
configure:11003: mips-buildroot-linux-uclibc-gcc -mips32r2 -msoft-float -c -msoft-float -fomit-frame-pointer -O2  conftest.c >&5
conftest.c: In function 'main':
conftest.c:32:12: error: size of array 'test_array' is negative
configure:11009: $? = 1
configure: failed program was:
| /* confdefs.h.  */
| 
| #define PACKAGE_NAME "iptables"
| #define PACKAGE_TARNAME "iptables"
| #define PACKAGE_VERSION "1.6.1"
| #define PACKAGE_STRING "iptables 1.6.1"
| #define PACKAGE_BUGREPORT ""
| #define PACKAGE "iptables"
| #define VERSION "1.6.1"
| #define STDC_HEADERS 1
| #define HAVE_SYS_TYPES_H 1
| #define HAVE_SYS_STAT_H 1
| #define HAVE_STDLIB_H 1
| #define HAVE_STRING_H 1
| #define HAVE_MEMORY_H 1
| #define HAVE_STRINGS_H 1
| #define HAVE_INTTYPES_H 1
| #define HAVE_STDINT_H 1
| #define HAVE_UNISTD_H 1
| #define HAVE_DLFCN_H 1
| #define LT_OBJDIR ".libs/"
| #define HAVE_LINUX_DCCP_H 1
| #define HAVE_LINUX_IP_VS_H 1
| #define HAVE_LINUX_MAGIC_H 1
| #define HAVE_LINUX_BPF_H 1
| /* end confdefs.h.  */
| #include <netinet/ip6.h>
| 
| int
| main ()
| {
| static int test_array [1 - 2 * !(((long) (sizeof (struct ip6_hdr))) <= 39)];
| test_array [0] = 0
| 
|   ;
|   return 0;
| }
configure:11003: mips-buildroot-linux-uclibc-gcc -mips32r2 -msoft-float -c -msoft-float -fomit-frame-pointer -O2  conftest.c >&5
configure:11009: $? = 0
configure:11013: test -z 
			 || test ! -s conftest.err
configure:11016: $? = 0
configure:11019: test -s conftest.o
configure:11022: $? = 0
configure:11003: mips-buildroot-linux-uclibc-gcc -mips32r2 -msoft-float -c -msoft-float -fomit-frame-pointer -O2  conftest.c >&5
configure:11009: $? = 0
configure:11013: test -z 
			 || test ! -s conftest.err
configure:11016: $? = 0
configure:11019: test -s conftest.o
configure:11022: $? = 0
configure:11003: mips-buildroot-linux-uclibc-gcc -mips32r2 -msoft-float -c -msoft-float -fomit-frame-pointer -O2  conftest.c >&5
configure:11009: $? = 0
configure:11013: test -z 
			 || test ! -s conftest.err
configure:11016: $? = 0
configure:11019: test -s conftest.o
configure:11022: $? = 0
configure:11120: result: 40
configure:11326: checking for pkg-config
configure:11344: found /opt/trendchip/mips-linux-uclibc-4.6.3-kernel3.18/usr/bin/pkg-config
configure:11357: result: /opt/trendchip/mips-linux-uclibc-4.6.3-kernel3.18/usr/bin/pkg-config
configure:11374: checking for libnfnetlink >= 1.0
configure:12054: checking for libnetfilter_conntrack >= 1.0.6
configure:12369: creating ./config.status

## ---------------------- ##
## Running config.status. ##
## ---------------------- ##

This file was extended by iptables config.status 1.6.1, which was
generated by GNU Autoconf 2.59.  Invocation command line was

  CONFIG_FILES    = 
  CONFIG_HEADERS  = 
  CONFIG_LINKS    = 
  CONFIG_COMMANDS = 
  $ ./config.status 

on mbjsbbcf02

config.status:993: creating Makefile
config.status:993: creating extensions/GNUmakefile
config.status:993: creating include/Makefile
config.status:993: creating iptables/Makefile
config.status:993: creating iptables/xtables.pc
config.status:993: creating iptables/iptables.8
config.status:993: creating iptables/iptables-extensions.8.tmpl
config.status:993: creating iptables/iptables-save.8
config.status:993: creating iptables/iptables-restore.8
config.status:993: creating iptables/iptables-apply.8
config.status:993: creating iptables/iptables-xml.1
config.status:993: creating libipq/Makefile
config.status:993: creating libipq/libipq.pc
config.status:993: creating libiptc/Makefile
config.status:993: creating libiptc/libiptc.pc
config.status:993: creating libiptc/libip4tc.pc
config.status:993: creating libiptc/libip6tc.pc
config.status:993: creating libxtables/Makefile
config.status:993: creating utils/Makefile
config.status:993: creating include/xtables-version.h
config.status:993: creating include/iptables/internal.h
config.status:1097: creating config.h
config.status:1217: config.h is unchanged
config.status:1397: executing depfiles commands
config.status:1397: executing libtool commands

## ---------------- ##
## Cache variables. ##
## ---------------- ##

ac_cv_build=i686-pc-linux-gnu
ac_cv_build_alias=i686-pc-linux-gnu
ac_cv_c_compiler_gnu=yes
ac_cv_env_CC_set=set
ac_cv_env_CC_value='mips-buildroot-linux-uclibc-gcc -mips32r2 -msoft-float'
ac_cv_env_CFLAGS_set=set
ac_cv_env_CFLAGS_value='-msoft-float -fomit-frame-pointer -O2'
ac_cv_env_CPPFLAGS_set=
ac_cv_env_CPPFLAGS_value=
ac_cv_env_CPP_set=
ac_cv_env_CPP_value=
ac_cv_env_LDFLAGS_set=
ac_cv_env_LDFLAGS_value=
ac_cv_env_build_alias_set=
ac_cv_env_build_alias_value=
ac_cv_env_host_alias_set=set
ac_cv_env_host_alias_value=mips-linux
ac_cv_env_target_alias_set=set
ac_cv_env_target_alias_value=mips-buildroot-linux-uclibc
ac_cv_exeext=
ac_cv_header_dlfcn_h=yes
ac_cv_header_inttypes_h=yes
ac_cv_header_linux_bpf_h=yes
ac_cv_header_linux_dccp_h=yes
ac_cv_header_linux_ip_vs_h=yes
ac_cv_header_linux_magic_h=yes
ac_cv_header_linux_proc_fs_h=no
ac_cv_header_memory_h=yes
ac_cv_header_stdc=yes
ac_cv_header_stdint_h=yes
ac_cv_header_stdlib_h=yes
ac_cv_header_string_h=yes
ac_cv_header_strings_h=yes
ac_cv_header_sys_stat_h=yes
ac_cv_header_sys_types_h=yes
ac_cv_header_unistd_h=yes
ac_cv_host=mips-unknown-linux-gnu
ac_cv_host_alias=mips-linux
ac_cv_objext=o
ac_cv_path_PKG_CONFIG=/opt/trendchip/mips-linux-uclibc-4.6.3-kernel3.18/usr/bin/pkg-config
ac_cv_path_install='/usr/bin/install -c'
ac_cv_prog_AR=mips-buildroot-linux-uclibc-ar
ac_cv_prog_AWK=gawk
ac_cv_prog_CC='mips-buildroot-linux-uclibc-gcc -mips32r2 -msoft-float'
ac_cv_prog_CPP='mips-buildroot-linux-uclibc-gcc -mips32r2 -msoft-float -E'
ac_cv_prog_OBJDUMP=mips-linux-objdump
ac_cv_prog_RANLIB=mips-linux-ranlib
ac_cv_prog_STRIP=mips-buildroot-linux-uclibc-strip
ac_cv_prog_cc_g=yes
ac_cv_prog_cc_mips_buildroot_linux_uclibc_gcc_c_o=yes
ac_cv_prog_cc_stdc=
ac_cv_prog_egrep='grep -E'
ac_cv_prog_fgrep='grep -F'
ac_cv_prog_make_make_set=yes
ac_cv_sizeof_struct_ip6_hdr=40
ac_cv_type_struct_ip6_hdr=yes
am_cv_CC_dependencies_compiler_type=gcc3
ax_cv_linker_flags__Wl___no_as_needed=yes
lt_cv_deplibs_check_method=pass_all
lt_cv_file_magic_cmd='$MAGIC_CMD'
lt_cv_file_magic_test_file=
lt_cv_ld_reload_flag=-r
lt_cv_nm_interface='BSD nm'
lt_cv_objdir=.libs
lt_cv_path_LD=mips-buildroot-linux-uclibc-ld
lt_cv_path_NM='/opt/trendchip/mips-linux-uclibc-4.6.3-kernel3.18/usr/bin/mips-linux-nm -B'
lt_cv_path_SED=/bin/sed
lt_cv_prog_compiler_c_o=yes
lt_cv_prog_compiler_pic_works=yes
lt_cv_prog_compiler_rtti_exceptions=no
lt_cv_prog_compiler_static_works=yes
lt_cv_prog_gnu_ld=yes
lt_cv_shlibpath_overrides_runpath=no
lt_cv_sys_global_symbol_pipe='sed -n -e '\''s/^.*[	 ]\([ABCDGIRSTW][ABCDGIRSTW]*\)[	 ][	 ]*\([_A-Za-z][_A-Za-z0-9]*\)$/\1 \2 \2/p'\'''
lt_cv_sys_global_symbol_to_c_name_address='sed -n -e '\''s/^: \([^ ]*\) $/  {\"\1\", (void *) 0},/p'\'' -e '\''s/^[ABCDGIRSTW]* \([^ ]*\) \([^ ]*\)$/  {"\2", (void *) \&\2},/p'\'''
lt_cv_sys_global_symbol_to_c_name_address_lib_prefix='sed -n -e '\''s/^: \([^ ]*\) $/  {\"\1\", (void *) 0},/p'\'' -e '\''s/^[ABCDGIRSTW]* \([^ ]*\) \(lib[^ ]*\)$/  {"\2", (void *) \&\2},/p'\'' -e '\''s/^[ABCDGIRSTW]* \([^ ]*\) \([^ ]*\)$/  {"lib\2", (void *) \&\2},/p'\'''
lt_cv_sys_global_symbol_to_cdecl='sed -n -e '\''s/^T .* \(.*\)$/extern int \1();/p'\'' -e '\''s/^[ABCDGIRSTW]* .* \(.*\)$/extern char \1;/p'\'''
lt_cv_sys_max_cmd_len=98304

## ----------------- ##
## Output variables. ##
## ----------------- ##

ACLOCAL='${SHELL} /proj/mtk13196/Perforce/mbjspf01_3035/ws_chrispp.chen_rel_shct/BBN_Linux/DEV/main/tclinux_phoenix/app_bsp/bsp_exclusive/public/iptables-1.6.1/build-aux/missing --run aclocal-1.9'
AMDEPBACKSLASH='\'
AMDEP_FALSE='#'
AMDEP_TRUE=''
AMTAR='${SHELL} /proj/mtk13196/Perforce/mbjspf01_3035/ws_chrispp.chen_rel_shct/BBN_Linux/DEV/main/tclinux_phoenix/app_bsp/bsp_exclusive/public/iptables-1.6.1/build-aux/missing --run tar'
AR='mips-buildroot-linux-uclibc-ar'
AUTOCONF='${SHELL} /proj/mtk13196/Perforce/mbjspf01_3035/ws_chrispp.chen_rel_shct/BBN_Linux/DEV/main/tclinux_phoenix/app_bsp/bsp_exclusive/public/iptables-1.6.1/build-aux/missing --run autoconf'
AUTOHEADER='${SHELL} /proj/mtk13196/Perforce/mbjspf01_3035/ws_chrispp.chen_rel_shct/BBN_Linux/DEV/main/tclinux_phoenix/app_bsp/bsp_exclusive/public/iptables-1.6.1/build-aux/missing --run autoheader'
AUTOMAKE='${SHELL} /proj/mtk13196/Perforce/mbjspf01_3035/ws_chrispp.chen_rel_shct/BBN_Linux/DEV/main/tclinux_phoenix/app_bsp/bsp_exclusive/public/iptables-1.6.1/build-aux/missing --run automake-1.9'
AWK='gawk'
CC='mips-buildroot-linux-uclibc-gcc -mips32r2 -msoft-float'
CCDEPMODE='depmode=gcc3'
CFLAGS='-msoft-float -fomit-frame-pointer -O2'
CPP='mips-buildroot-linux-uclibc-gcc -mips32r2 -msoft-float -E'
CPPFLAGS=''
CYGPATH_W='echo'
DEFS='-DHAVE_CONFIG_H'
DEPDIR='.deps'
DSYMUTIL=''
DUMPBIN=''
ECHO_C=''
ECHO_N='-n'
ECHO_T=''
EGREP='grep -E'
ENABLE_BPFC_FALSE=''
ENABLE_BPFC_TRUE='#'
ENABLE_CONNLABEL_FALSE='#'
ENABLE_CONNLABEL_TRUE=''
ENABLE_DEVEL_FALSE='#'
ENABLE_DEVEL_TRUE=''
ENABLE_IPV4_FALSE='#'
ENABLE_IPV4_TRUE=''
ENABLE_IPV6_FALSE='#'
ENABLE_IPV6_TRUE=''
ENABLE_LARGEFILE_FALSE='#'
ENABLE_LARGEFILE_TRUE=''
ENABLE_LIBIPQ_FALSE=''
ENABLE_LIBIPQ_TRUE='#'
ENABLE_NFTABLES_FALSE=''
ENABLE_NFTABLES_TRUE='#'
ENABLE_SHARED_FALSE=''
ENABLE_SHARED_TRUE='#'
ENABLE_STATIC_FALSE='#'
ENABLE_STATIC_TRUE=''
ENABLE_SYNCONF_FALSE=''
ENABLE_SYNCONF_TRUE='#'
EXEEXT=''
FGREP='grep -F'
GREP='grep'
HAVE_LIBMNL_FALSE=''
HAVE_LIBMNL_TRUE='#'
HAVE_LIBNETFILTER_CONNTRACK_FALSE=''
HAVE_LIBNETFILTER_CONNTRACK_TRUE='#'
HAVE_LIBNFNETLINK_FALSE=''
HAVE_LIBNFNETLINK_TRUE='#'
HAVE_LIBNFTNL_FALSE=''
HAVE_LIBNFTNL_TRUE='#'
INSTALL_DATA='${INSTALL} -m 644'
INSTALL_PROGRAM='${INSTALL}'
INSTALL_SCRIPT='${INSTALL}'
INSTALL_STRIP_PROGRAM='${SHELL} $(install_sh) -c -s'
LD='mips-buildroot-linux-uclibc-ld'
LDFLAGS=''
LEX=''
LEXLIB=''
LEX_OUTPUT_ROOT=''
LIBOBJS=''
LIBS=''
LIBTOOL='$(SHELL) $(top_builddir)/libtool'
LIPO=''
LN_S='ln -s'
LTLIBOBJS=''
MAKEINFO='${SHELL} /proj/mtk13196/Perforce/mbjspf01_3035/ws_chrispp.chen_rel_shct/BBN_Linux/DEV/main/tclinux_phoenix/app_bsp/bsp_exclusive/public/iptables-1.6.1/build-aux/missing --run makeinfo'
NM='/opt/trendchip/mips-linux-uclibc-4.6.3-kernel3.18/usr/bin/mips-linux-nm -B'
NMEDIT=''
OBJDUMP='mips-linux-objdump'
OBJEXT='o'
OTOOL64=''
OTOOL=''
PACKAGE='iptables'
PACKAGE_BUGREPORT=''
PACKAGE_NAME='iptables'
PACKAGE_STRING='iptables 1.6.1'
PACKAGE_TARNAME='iptables'
PACKAGE_VERSION='1.6.1'
PATH_SEPARATOR=':'
PKG_CONFIG='/opt/trendchip/mips-linux-uclibc-4.6.3-kernel3.18/usr/bin/pkg-config'
RANLIB='mips-linux-ranlib'
SED='/bin/sed'
SET_MAKE=''
SHELL='/bin/sh'
STRIP='mips-buildroot-linux-uclibc-strip'
VERSION='1.6.1'
YACC=''
ac_ct_AR=''
ac_ct_CC=''
ac_ct_DSYMUTIL=''
ac_ct_DUMPBIN=''
ac_ct_LIPO=''
ac_ct_NMEDIT=''
ac_ct_OBJDUMP=''
ac_ct_OTOOL64=''
ac_ct_OTOOL=''
ac_ct_RANLIB=''
ac_ct_STRIP=''
am__fastdepCC_FALSE='#'
am__fastdepCC_TRUE=''
am__include='include'
am__leading_dot='.'
am__quote=''
am__tar='${AMTAR} chof - "$$tardir"'
am__untar='${AMTAR} xf -'
bindir='${exec_prefix}/bin'
blacklist_4_modules=''
blacklist_6_modules=''
blacklist_a_modules=' mangle'
blacklist_b_modules=' limit mark nflog mangle'
blacklist_modules=' connlabel'
blacklist_x_modules=''
build='i686-pc-linux-gnu'
build_alias=''
build_cpu='i686'
build_os='linux-gnu'
build_vendor='pc'
datadir='${prefix}/share'
exec_prefix='${prefix}'
host='mips-unknown-linux-gnu'
host_alias='mips-linux'
host_cpu='mips'
host_os='linux-gnu'
host_vendor='unknown'
includedir='${prefix}/include'
infodir='${prefix}/info'
install_sh='/proj/mtk13196/Perforce/mbjspf01_3035/ws_chrispp.chen_rel_shct/BBN_Linux/DEV/main/tclinux_phoenix/app_bsp/bsp_exclusive/public/iptables-1.6.1/build-aux/install-sh'
kbuilddir='/proj/mtk13196/Perforce/mbjspf01_3035/ws_chrispp.chen_rel_shct/BBN_Linux/DEV/main/tclinux_phoenix/linux-3.18.21/usr'
kinclude_CPPFLAGS=' -I/proj/mtk13196/Perforce/mbjspf01_3035/ws_chrispp.chen_rel_shct/BBN_Linux/DEV/main/tclinux_phoenix/linux-3.18.21/usr/include/uapi -I/proj/mtk13196/Perforce/mbjspf01_3035/ws_chrispp.chen_rel_shct/BBN_Linux/DEV/main/tclinux_phoenix/linux-3.18.21/usr/include -I/proj/mtk13196/Perforce/mbjspf01_3035/ws_chrispp.chen_rel_shct/BBN_Linux/DEV/main/tclinux_phoenix/linux-3.18.21/usr/include/uapi -I/proj/mtk13196/Perforce/mbjspf01_3035/ws_chrispp.chen_rel_shct/BBN_Linux/DEV/main/tclinux_phoenix/linux-3.18.21/usr/include'
ksourcedir='/proj/mtk13196/Perforce/mbjspf01_3035/ws_chrispp.chen_rel_shct/BBN_Linux/DEV/main/tclinux_phoenix/linux-3.18.21/usr'
libdir='${exec_prefix}/lib'
libexecdir='${exec_prefix}/libexec'
libiptc_LDFLAGS2='-Wl,--no-as-needed'
libmnl_CFLAGS=''
libmnl_LIBS=''
libnetfilter_conntrack_CFLAGS=''
libnetfilter_conntrack_LIBS=''
libnfnetlink_CFLAGS=''
libnfnetlink_LIBS=''
libnftnl_CFLAGS=''
libnftnl_LIBS=''
libxtables_vage='0'
libxtables_vcurrent='12'
libxtables_vmajor='12'
localstatedir='${prefix}/var'
mandir='${prefix}/man'
mkdir_p='mkdir -p --'
noundef_LDFLAGS='-Wl,--no-undefined'
oldincludedir='/usr/include'
pkgconfigdir='${libdir}/pkgconfig'
pkgdatadir='${datadir}/xtables'
prefix='/proj/mtk13196/Perforce/mbjspf01_3035/ws_chrispp.chen_rel_shct/BBN_Linux/DEV/main/tclinux_phoenix/app_bsp/bsp_exclusive/public/iptables-1.6.1/install'
program_transform_name='s,x,x,'
regular_CFLAGS='-Wall -Waggregate-return -Wmissing-declarations 	-Wmissing-prototypes -Wredundant-decls -Wshadow -Wstrict-prototypes 	-Winline -pipe'
regular_CPPFLAGS='-D_LARGEFILE_SOURCE=1 -D_LARGE_FILES -D_FILE_OFFSET_BITS=64 -D_REENTRANT 	-DXTABLES_LIBDIR=\"${xtlibdir}\" -DXTABLES_INTERNAL'
sbindir='${exec_prefix}/sbin'
sharedstatedir='${prefix}/com'
sysconfdir='${prefix}/etc'
target_alias='mips-buildroot-linux-uclibc'
xtlibdir='${exec_prefix}/lib/xtables'

## ----------- ##
## confdefs.h. ##
## ----------- ##

#define HAVE_DLFCN_H 1
#define HAVE_INTTYPES_H 1
#define HAVE_LINUX_BPF_H 1
#define HAVE_LINUX_DCCP_H 1
#define HAVE_LINUX_IP_VS_H 1
#define HAVE_LINUX_MAGIC_H 1
#define HAVE_MEMORY_H 1
#define HAVE_STDINT_H 1
#define HAVE_STDLIB_H 1
#define HAVE_STRINGS_H 1
#define HAVE_STRING_H 1
#define HAVE_SYS_STAT_H 1
#define HAVE_SYS_TYPES_H 1
#define HAVE_UNISTD_H 1
#define LT_OBJDIR ".libs/"
#define PACKAGE "iptables"
#define PACKAGE_BUGREPORT ""
#define PACKAGE_NAME "iptables"
#define PACKAGE_STRING "iptables 1.6.1"
#define PACKAGE_TARNAME "iptables"
#define PACKAGE_VERSION "1.6.1"
#define SIZEOF_STRUCT_IP6_HDR 40
#define STDC_HEADERS 1
#define VERSION "1.6.1"

configure: exit 0
